Build started 3/23/2026 12:11:07 PM.
Test run for C:\Users\logan\cambrian-push-temp\tests\Cambrian.Api.Tests\bin\Debug\net8.0\Cambrian.Api.Tests.dll (.NETCoreApp,Version=v8.0)
VSTest version 18.0.1 (x64)

Starting test execution, please wait...
A total of 1 test files matched the specified pattern.
[xUnit.net 00:00:00.00] xUnit.net VSTest Adapter v3.1.4+50e68bbb8b (64-bit .NET 8.0.25)
[xUnit.net 00:00:00.22]   Discovering: Cambrian.Api.Tests
[xUnit.net 00:00:00.27]   Discovered:  Cambrian.Api.Tests
[xUnit.net 00:00:00.30]   Starting:    Cambrian.Api.Tests
[Startup] DB connection source: ADO.NET
[Startup] Environment: Testing
[Startup] JWT key present: True (len=43)
[INFO] Stripe:SecretKey not set - payment endpoints will return mock responses.
[Startup] Governance contract version: 2.1.0 - see policy/POLICY.md, contracts/API_CONTRACTS.md
[Startup] CORS origins: 
[Startup] Storage provider: local
[Startup] DB connection source: ADO.NET
[Startup] Environment: Testing
[Startup] JWT key present: True (len=43)
[INFO] Stripe:SecretKey not set - payment endpoints will return mock responses.
[Startup] Governance contract version: 2.1.0 - see policy/POLICY.md, contracts/API_CONTRACTS.md
[Startup] CORS origins: 
[Startup] Storage provider: local
[Startup] DB connection source: ADO.NET
[Startup] Environment: Testing
[Startup] JWT key present: True (len=43)
[INFO] Stripe:SecretKey not set - payment endpoints will return mock responses.
[Startup] Governance contract version: 2.1.0 - see policy/POLICY.md, contracts/API_CONTRACTS.md
[Startup] CORS origins: 
[Startup] Storage provider: local
[Startup] DB connection source: ADO.NET
[Startup] Environment: Testing
[Startup] JWT key present: True (len=43)
[INFO] Stripe:SecretKey not set - payment endpoints will return mock responses.
[Startup] Governance contract version: 2.1.0 - see policy/POLICY.md, contracts/API_CONTRACTS.md
[Startup] CORS origins: 
[Startup] Storage provider: local
  Passed Cambrian.Api.Tests.AuthTests.LoginAsync_ThrowsUnauthorized_WhenUserNotFound [89 ms]
  Passed Cambrian.Api.Tests.LibraryControllerTests.PurchasedIds_ReturnsOk [89 ms]
  Passed Cambrian.Api.Tests.CheckoutControllerTests.Checkout_PropagatesFormatException_WhenTrackIdInvalid [89 ms]
  Passed Cambrian.Api.Tests.CheckoutControllerTests.Checkout_ReturnsOk_WithUrlAndStatus [1 ms]
  Passed Cambrian.Api.Tests.LibraryTests.GetLibraryAsync_FallsBackToItemTitle_WhenTrackIsNull [94 ms]
  Passed Cambrian.Api.Tests.Phase2PaymentTests.BillingService_CreateCheckout_UsesCorrectAmount(tier: "pro", expectedCents: 999) [95 ms]
  Passed Cambrian.Api.Tests.Phase1SecurityTests.ForgotPassword_StoresCodeAndSendsEmail [97 ms]
  Passed Cambrian.Api.Tests.CheckoutControllerTests.Checkout_PassesUserPrincipalToService [3 ms]
  Passed Cambrian.Api.Tests.Phase2PaymentTests.BillingService_CreateCheckout_UsesCorrectAmount(tier: "paid", expectedCents: 499) [6 ms]
  Passed Cambrian.Api.Tests.CheckoutControllerTests.Checkout_PropagatesKeyNotFound_WhenTrackMissing [6 ms]
  Passed Cambrian.Api.Tests.LibraryTests.GetLibraryAsync_ReturnsEmptyList_WhenNoItems [9 ms]
  Passed Cambrian.Api.Tests.PurchaseServiceTests.CreateAsync_DefaultsLicenseToNonExclusive [104 ms]
  Passed Cambrian.Api.Tests.Phase1SecurityTests.ChangePassword_CallsIdentityWithCorrectArgs [8 ms]
  Passed Cambrian.Api.Tests.LibraryControllerTests.GetLibrary_AudioUrl_UsesStreamProxy [14 ms]
  Passed Cambrian.Api.Tests.LibraryTests.SaveAsync_ThrowsKeyNotFound_WhenTrackDoesNotExist [2 ms]
  Passed Cambrian.Api.Tests.LibraryTests.RemoveAsync_DoesNothing_WhenItemNotFound [1 ms]
  Passed Cambrian.Api.Tests.PurchaseServiceTests.CreateAsync_DoesNotMarkExclusiveSold_WhenNonExclusive [3 ms]
  Passed Cambrian.Api.Tests.Phase2PaymentTests.WalletService_WithdrawAsync_ThrowsOnInsufficientBalance [4 ms]
  Passed Cambrian.Api.Tests.LibraryTests.SaveAsync_DoesNotDuplicate_WhenAlreadySaved [< 1 ms]
  Passed Cambrian.Api.Tests.Phase1SecurityTests.ChangeEmail_Throws_WhenPasswordWrong [4 ms]
  Passed Cambrian.Api.Tests.LibraryTests.GetUserId_ThrowsUnauthorized_WhenNoClaims [< 1 ms]
  Passed Cambrian.Api.Tests.Phase2PaymentTests.PurchaseService_UsesExclusivePrice_WhenLicenseTypeIsExclusive [1 ms]
  Passed Cambrian.Api.Tests.LibraryControllerTests.AddById_Returns201_WhenValid [4 ms]
  Passed Cambrian.Api.Tests.PurchaseServiceTests.CreateAsync_ThrowsInvalidOperation_WhenDuplicatePurchase [2 ms]
  Passed Cambrian.Api.Tests.Phase2PaymentTests.WalletService_WithdrawAsync_ThrowsOnNegativeAmount [1 ms]
  Passed Cambrian.Api.Tests.LibraryControllerTests.Save_PropagatesKeyNotFound_WhenTrackMissing [1 ms]
  Passed Cambrian.Api.Tests.LibraryControllerTests.GetLibrary_ReturnsOk [< 1 ms]
  Passed Cambrian.Api.Tests.PurchaseServiceTests.GetByBuyerAsync_ReturnsEmptyList_WhenNoPurchases [1 ms]
  Passed Cambrian.Api.Tests.Phase1SecurityTests.VerifyCode_Throws_WhenCodeIsWrong [2 ms]
  Passed Cambrian.Api.Tests.Phase2PaymentTests.PurchaseService_StoresAmountInCents [1 ms]
  Passed Cambrian.Api.Tests.LibraryControllerTests.Save_Returns201 [< 1 ms]
  Passed Cambrian.Api.Tests.Phase1SecurityTests.VerifyCode_Succeeds_WithValidCode [< 1 ms]
  Passed Cambrian.Api.Tests.PurchaseServiceTests.CreateAsync_ThrowsInvalidOperation_WhenTrackExclusiveSold [1 ms]
  Passed Cambrian.Api.Tests.LibraryControllerTests.Remove_Returns400_WhenTrackIdNotGuid [< 1 ms]
  Passed Cambrian.Api.Tests.Phase2PaymentTests.SubscriptionService_Cancel_ThrowsWhenNoActiveSubscription [1 ms]
  Passed Cambrian.Api.Tests.LibraryControllerTests.Remove_ReturnsOk_WhenValid [< 1 ms]
  Passed Cambrian.Api.Tests.LibraryTests.SaveAsync_AddsItem_WhenNewAndTrackExists [4 ms]
  Passed Cambrian.Api.Tests.PurchaseServiceTests.GetByBuyerAsync_MapsAmountToAmountCents [1 ms]
  Passed Cambrian.Api.Tests.LibraryControllerTests.PurchasedIds_ReturnsEmptyList_WhenNoPurchases [< 1 ms]
  Passed Cambrian.Api.Tests.Phase1SecurityTests.ChangeEmail_Succeeds_WithValidPassword [1 ms]
  Passed Cambrian.Api.Tests.PurchaseServiceTests.CreateAsync_ThrowsArgumentException_WhenTrackIdInvalid [< 1 ms]
  Passed Cambrian.Api.Tests.LibraryControllerTests.AddById_Returns400_WhenTrackIdNotGuid [< 1 ms]
  Passed Cambrian.Api.Tests.LibraryTests.GetLibraryAsync_AcceptsSubClaim [1 ms]
  Passed Cambrian.Api.Tests.PurchaseServiceTests.CreateAsync_Throws_WhenStripeSessionNotFound [1 ms]
  Passed Cambrian.Api.Tests.Phase1SecurityTests.ResetPassword_Succeeds_WithValidCode_ThenInvalidatesCode [2 ms]
  Passed Cambrian.Api.Tests.Phase1SecurityTests.ChangeEmail_Throws_WhenEmailAlreadyTaken [1 ms]
  Passed Cambrian.Api.Tests.Phase2PaymentTests.SubscriptionService_Update_CreatesNewSubscription [5 ms]
  Passed Cambrian.Api.Tests.LibraryTests.GetPurchasedTrackIdsAsync_OnlyReturnsCompleted [4 ms]
  Passed Cambrian.Api.Tests.Phase1SecurityTests.ChangePassword_Throws_WhenCurrentPasswordWrong [1 ms]
  Passed Cambrian.Api.Tests.PurchaseServiceTests.CreateAsync_CreatesPurchaseAndLibraryItemAndInvoice [4 ms]
  Passed Cambrian.Api.Tests.Phase2PaymentTests.BillingService_CreateCheckout_ThrowsOnInvalidTier [1 ms]
  Passed Cambrian.Api.Tests.StripeWebhookServiceTests.HandleStripeAsync_Dev_ParsesJsonWithoutSignature [121 ms]
  Passed Cambrian.Api.Tests.Phase1SecurityTests.VerifyCode_Throws_WhenCodeIsExpired [< 1 ms]
  Passed Cambrian.Api.Tests.LibraryTests.GetPurchasedTrackIdsAsync_DeduplicatesTrackIds [1 ms]
  Passed Cambrian.Api.Tests.PurchaseServiceTests.CreateAsync_MarksExclusiveSold_WhenLicenseIsExclusive [1 ms]
[Startup] DB connection source: ADO.NET
[Startup] Environment: Testing
[Startup] JWT key present: True (len=43)
[INFO] Stripe:SecretKey not set - payment endpoints will return mock responses.
[Startup] Governance contract version: 2.1.0 - see policy/POLICY.md, contracts/API_CONTRACTS.md
[Startup] CORS origins: 
[Startup] Storage provider: local
  Passed Cambrian.Api.Tests.Phase1SecurityTests.ResetPassword_RequiresValidCode [< 1 ms]
  Passed Cambrian.Api.Tests.Phase2PaymentTests.WalletService_WithdrawAsync_CreatesNegativeTransaction [1 ms]
  Passed Cambrian.Api.Tests.StripeWebhookServiceTests.HandleStripeAsync_Dev_InvoicePaymentFailed_NoCustomerId_DoesNotThrow [1 ms]
  Passed Cambrian.Api.Tests.LibraryTests.GetLibraryAsync_MapsTitleFromTrack_WhenAvailable [< 1 ms]
  Passed Cambrian.Api.Tests.Phase1SecurityTests.ForgotPassword_SilentlySucceeds_WhenEmailNotFound [< 1 ms]
  Passed Cambrian.Api.Tests.PurchaseServiceTests.CreateAsync_Throws_WhenNoStripeSessionId [< 1 ms]
  Passed Cambrian.Api.Tests.LibraryTests.RemoveAsync_CallsRepository [< 1 ms]
  Passed Cambrian.Api.Tests.CatalogServiceTests.GetTrackAsync_FallsBackToUnknown_WhenDisplayNameIsNull [6 ms]
  Passed Cambrian.Api.Tests.PurchaseServiceTests.CreateAsync_Throws_WhenStripeSessionNotPaid [1 ms]
  Passed Cambrian.Api.Tests.PurchaseServiceTests.CreateAsync_ThrowsKeyNotFound_WhenTrackMissing [1 ms]
  Passed Cambrian.Api.Tests.AuthTests.RegisterAsync_SetsDisplayName_WhenProvided [34 ms]
  Passed Cambrian.Api.Tests.CatalogServiceTests.GetTrackAsync_MapsAllPricingFields [10 ms]
  Passed Cambrian.Api.Tests.CatalogServiceTests.GetTrackAsync_ReturnsNull_WhenTrackNotFound [< 1 ms]
  Passed Cambrian.Api.Tests.CatalogServiceTests.GetTrackAsync_ReturnsNull_WhenIdIsNotGuid [< 1 ms]
  Passed Cambrian.Api.Tests.CatalogServiceTests.GetCatalogAsync_ReturnsMappedTracks [2 ms]
  Passed Cambrian.Api.Tests.CatalogControllerTests.Discover_ClampsPageToMinimumOne [15 ms]
  Passed Cambrian.Api.Tests.CatalogServiceTests.GetTrackAsync_ZeroPriceCents_MapsToZeroDecimal [< 1 ms]
  Passed Cambrian.Api.Tests.CatalogControllerTests.GetTrack_Returns400_WhenTrackIdNotGuid [1 ms]
  Passed Cambrian.Api.Tests.CatalogControllerTests.Catalog_PassesSortParameter [3 ms]
  Passed Cambrian.Api.Tests.UploadValidationTests.Upload_Rejects_NonAudioFileExtensions(fileName: "archive.zip", contentType: "application/zip") [19 ms]
  Passed Cambrian.Api.Tests.UploadValidationTests.Upload_Rejects_NonAudioFileExtensions(fileName: "page.html", contentType: "text/html") [< 1 ms]
  Passed Cambrian.Api.Tests.UploadValidationTests.Upload_Rejects_NonAudioFileExtensions(fileName: "doc.pdf", contentType: "application/pdf") [< 1 ms]
  Passed Cambrian.Api.Tests.UploadServiceTests.Upload_ParsesTags_WithDeduplication [24 ms]
  Passed Cambrian.Api.Tests.UploadValidationTests.Upload_Rejects_NonAudioFileExtensions(fileName: "script.js", contentType: "application/javascript") [< 1 ms]
  Passed Cambrian.Api.Tests.CatalogControllerTests.ListTracks_ReturnsOk [3 ms]
  Passed Cambrian.Api.Tests.UploadValidationTests.Upload_Rejects_NonAudioFileExtensions(fileName: "image.png", contentType: "image/png") [< 1 ms]
  Passed Cambrian.Api.Tests.UploadServiceTests.Upload_ReturnsNewTrackId [< 1 ms]
  Passed Cambrian.Api.Tests.UploadValidationTests.Upload_Rejects_NonAudioFileExtensions(fileName: "malware.exe", contentType: "application/x-msdownload") [< 1 ms]
  Passed Cambrian.Api.Tests.CatalogControllerTests.Discover_ReturnsOk_WithTracks [< 1 ms]
  Passed Cambrian.Api.Tests.UploadServiceTests.Upload_ThrowsArgumentException_WhenCreatorIdMissing [< 1 ms]
  Passed Cambrian.Api.Tests.UploadServiceTests.Upload_ThrowsArgumentException_WhenAudioIsEmpty [< 1 ms]
  Passed Cambrian.Api.Tests.UploadValidationTests.Upload_Accepts_AllowedAudioFormats(fileName: "vibe.aac", contentType: "audio/aac") [1 ms]
  Passed Cambrian.Api.Tests.UploadServiceTests.Upload_ThrowsArgumentException_WhenAudioIsNull [11 ms]
  Passed Cambrian.Api.Tests.CatalogControllerTests.Discover_ClampsPageSizeTo20_WhenOutOfRange [12 ms]
  Passed Cambrian.Api.Tests.UploadValidationTests.Upload_Accepts_AllowedAudioFormats(fileName: "song.flac", contentType: "audio/flac") [11 ms]
  Passed Cambrian.Api.Tests.UploadServiceTests.Upload_DefaultsPriceCentsToZero_WhenNotProvided [1 ms]
  Passed Cambrian.Api.Tests.UploadValidationTests.Upload_Accepts_AllowedAudioFormats(fileName: "clip.m4a", contentType: "audio/m4a") [1 ms]
  Passed Cambrian.Api.Tests.CatalogControllerTests.Trending_DelegatesCorrectly [1 ms]
  Passed Cambrian.Api.Tests.UploadValidationTests.Upload_Accepts_AllowedAudioFormats(fileName: "track.wav", contentType: "audio/wav") [< 1 ms]
  Passed Cambrian.Api.Tests.UploadValidationTests.Upload_Accepts_AllowedAudioFormats(fileName: "beat.mp3", contentType: "audio/mpeg") [< 1 ms]
  Passed Cambrian.Api.Tests.CatalogControllerTests.Catalog_ClampsPageSizeTo50_WhenZero [< 1 ms]
  Passed Cambrian.Api.Tests.UploadValidationTests.Upload_Accepts_AllowedAudioFormats(fileName: "loop.ogg", contentType: "audio/ogg") [< 1 ms]
  Passed Cambrian.Api.Tests.UploadServiceTests.Upload_ConvertsPricesToCents [1 ms]
  Passed Cambrian.Api.Tests.CatalogControllerTests.Discover_PassesGenreAndSearch [< 1 ms]
  Passed Cambrian.Api.Tests.UploadValidationTests.Upload_Accepts_FileAtSizeLimit [< 1 ms]
  Passed Cambrian.Api.Tests.UploadServiceTests.Upload_EmptyTags_DefaultsToEmptyList [1 ms]
  Passed Cambrian.Api.Tests.CatalogControllerTests.GetTrack_Returns200_WhenFound [< 1 ms]
  Passed Cambrian.Api.Tests.UploadValidationTests.Upload_Rejects_InvalidMimeType_WithAudioExtension [1 ms]
  Passed Cambrian.Api.Tests.CatalogControllerTests.GetTrack_Returns404_WhenTrackNotFound [< 1 ms]
  Passed Cambrian.Api.Tests.UploadServiceTests.Upload_SetsAudioUrlFromStorage [6 ms]
  Passed Cambrian.Api.Tests.UploadValidationTests.Upload_Rejects_OversizedFile [5 ms]
  Passed Cambrian.Api.Tests.AuthTests.LoginAsync_JwtContainsCorrectClaims [56 ms]
  Passed Cambrian.Api.Tests.AuthTests.LoginAsync_DefaultsTierToFree_WhenNull [1 ms]
  Passed Cambrian.Api.Tests.PayoutServiceTests.RequestAsync_AcceptsAnyPositiveAmount_NoMinimum [12 ms]
  Passed Cambrian.Api.Tests.AuthTests.RegisterAsync_ReturnsFreeTier_ForNewUser [1 ms]
  Passed Cambrian.Api.Tests.PayoutServiceTests.RequestAsync_Throws_WhenAmountNotPositive(amount: -100) [< 1 ms]
  Passed Cambrian.Api.Tests.AuthTests.RegisterAsync_ThrowsInvalidOperation_WhenRegistrationFails [< 1 ms]
  Passed Cambrian.Api.Tests.PayoutServiceTests.RequestAsync_Throws_WhenAmountNotPositive(amount: 0) [1 ms]
  Passed Cambrian.Api.Tests.PayoutServiceTests.RequestAsync_Throws_WhenAmountNotPositive(amount: -1) [< 1 ms]
  Passed Cambrian.Api.Tests.AuthTests.GetCurrentUserAsync_ThrowsUnauthorized_WhenNoIdentityClaim [1 ms]
  Passed Cambrian.Api.Tests.AuthTests.RegisterAsync_DerivesDisplayName_WhenNotProvided [6 ms]
  Passed Cambrian.Api.Tests.AuthTests.LoginAsync_ReturnsActualUserTier [1 ms]
  Passed Cambrian.Api.Tests.AuthTests.GetCurrentUserAsync_ReturnsProfile [1 ms]
  Passed Cambrian.Api.Tests.PayoutServiceTests.GetEarningsAsync_ComputesFromPurchasesAndPayouts [9 ms]
  Passed Cambrian.Api.Tests.PayoutServiceTests.RequestAsync_Throws_WhenCreatorIdEmpty [< 1 ms]
  Passed Cambrian.Api.Tests.AuthTests.LoginAsync_NormalizesTierToLowerCase [1 ms]
  Passed Cambrian.Api.Tests.PayoutServiceTests.RequestAsync_Throws_WhenNoStripeAccount [< 1 ms]
  Passed Cambrian.Api.Tests.AuthTests.LoginAsync_ThrowsUnauthorized_WhenPasswordWrong [< 1 ms]
  Passed Cambrian.Api.Tests.AuthTests.GetCurrentUserAsync_ThrowsUnauthorized_WhenUserNotFound [< 1 ms]
  Passed Cambrian.Api.Tests.PayoutServiceTests.RequestAsync_RefundsWallet_WhenStripeTransferFails [7 ms]
  Passed Cambrian.Api.Tests.StripeWebhookServiceTests.HandleStripeAsync_Dev_InvoicePaymentFailed_LogsWarning [84 ms]
  Passed Cambrian.Api.Tests.PayoutServiceTests.RequestAsync_TransfersViaStripe_AndDebitsWallet [1 ms]
  Passed Cambrian.Api.Tests.StripeWebhookServiceTests.HandleStripeAsync_NonDev_ThrowsWhenSecretPresentButSignatureEmpty [1 ms]
  Passed Cambrian.Api.Tests.PaymentServiceTests.GetState_ReturnsReadyStatus [2 ms]
  Passed Cambrian.Api.Tests.PayoutServiceTests.RequestAsync_Throws_WhenInsufficientBalance [1 ms]
  Passed Cambrian.Api.Tests.PaymentServiceTests.ProcessAsync_ThrowsUnauthorized_WhenUserDoesNotOwnPurchase [2 ms]
  Passed Cambrian.Api.Tests.PayoutServiceTests.GetHistoryAsync_ReturnsFormattedPayouts [6 ms]
  Passed Cambrian.Api.Tests.PaymentServiceTests.ProcessAsync_ThrowsKeyNotFound_WhenPurchaseMissing [5 ms]
  Passed Cambrian.Api.Tests.BillingTierTests.ValidTiers_MapToCorrectPricing(tier: "PAID", expectedCents: 499, expectedName: "Paid Listener") [< 1 ms]
  Passed Cambrian.Api.Tests.BillingTierTests.ValidTiers_MapToCorrectPricing(tier: "paid", expectedCents: 499, expectedName: "Paid Listener") [< 1 ms]
  Passed Cambrian.Api.Tests.BillingTierTests.ValidTiers_MapToCorrectPricing(tier: "creator", expectedCents: 1499, expectedName: "Pro Creator") [< 1 ms]
  Passed Cambrian.Api.Tests.BillingTierTests.ValidTiers_MapToCorrectPricing(tier: "Paid", expectedCents: 499, expectedName: "Paid Listener") [< 1 ms]
  Passed Cambrian.Api.Tests.BillingTierTests.ValidTiers_MapToCorrectPricing(tier: "Creator", expectedCents: 1499, expectedName: "Pro Creator") [< 1 ms]
  Passed Cambrian.Api.Tests.BillingTierTests.ValidTiers_MapToCorrectPricing(tier: "CREATOR", expectedCents: 1499, expectedName: "Pro Creator") [< 1 ms]
  Passed Cambrian.Api.Tests.PaymentServiceTests.GetResult_ReturnsLatestPurchaseStatus [1 ms]
  Passed Cambrian.Api.Tests.BillingTierTests.BillingService_CreateCheckout_ThrowsForInvalidTier [< 1 ms]
  Passed Cambrian.Api.Tests.BillingTierTests.InvalidTiers_MapToZero(tier: "premium") [< 1 ms]
  Passed Cambrian.Api.Tests.BillingTierTests.InvalidTiers_MapToZero(tier: "") [< 1 ms]
  Passed Cambrian.Api.Tests.BillingTierTests.InvalidTiers_MapToZero(tier: "enterprise") [< 1 ms]
  Passed Cambrian.Api.Tests.BillingTierTests.InvalidTiers_MapToZero(tier: "free") [< 1 ms]
  Passed Cambrian.Api.Tests.BillingTierTests.InvalidTiers_MapToZero(tier: null) [< 1 ms]
  Passed Cambrian.Api.Tests.PaymentServiceTests.CreateCheckout_ThrowsKeyNotFound_WhenTrackMissing [1 ms]
  Passed Cambrian.Api.Tests.PaymentServiceTests.GetResult_DoesNotExposeDuplicate_WhenMultiplePurchases [< 1 ms]
  Passed Cambrian.Api.Tests.BillingTierTests.BillingService_GetStatus_ReturnsFreeWhenNoSubscription [1 ms]
[Startup] Skipping migrations (Testing environment uses in-memory DB)
[Startup] Skipping migrations (Testing environment uses in-memory DB)
[Startup] Skipping migrations (Testing environment uses in-memory DB)
[Startup] Skipping migrations (Testing environment uses in-memory DB)
[Startup] Skipping migrations (Testing environment uses in-memory DB)
  Passed Cambrian.Api.Tests.PaymentServiceTests.GetResult_ReturnsPassedStatus_WhenNoTrackId [< 1 ms]
  Passed Cambrian.Api.Tests.PaymentServiceTests.CreateCheckout_BuildsStandardizedClientReferenceId [13 ms]
  Passed Cambrian.Api.Tests.PaymentServiceTests.CreateCheckout_ThrowsArgumentException_WhenUserIdEmpty [1 ms]
  Passed Cambrian.Api.Tests.PaymentsControllerTests.CreatePurchase_Returns201_WithPurchaseResponse [16 ms]
  Passed Cambrian.Api.Tests.PaymentsControllerTests.Result_ReturnsOk_WithStatus [1 ms]
  Passed Cambrian.Api.Tests.PaymentServiceTests.ProcessAsync_DefaultsPaymentMethodToStripe [6 ms]
  Passed Cambrian.Api.Tests.PaymentServiceTests.GetResult_ReturnsUnknown_WhenTrackIdMissing [< 1 ms]
  Passed Cambrian.Api.Tests.PaymentServiceTests.CreateCheckout_DefaultsLicenseAndUsageType [< 1 ms]
  Passed Cambrian.Api.Tests.PaymentServiceTests.CreateCheckout_ThrowsArgumentException_WhenTrackIdNull [< 1 ms]
  Passed Cambrian.Api.Tests.PaymentServiceTests.CreateCheckout_ConvertsTrackPriceToCents [< 1 ms]
  Passed Cambrian.Api.Tests.PaymentServiceTests.ProcessAsync_UpdatesStatusToCompleted [< 1 ms]
  Passed Cambrian.Api.Tests.PaymentServiceTests.CreateCheckout_ThrowsArgumentException_WhenTrackIdEmpty [< 1 ms]
  Passed Cambrian.Api.Tests.CheckoutServiceTests.CreateCheckout_UsesBasePrice_WhenLicenseIsStandard [4 ms]
  Passed Cambrian.Api.Tests.CheckoutServiceTests.CreateCheckout_IncludesUserIdInClientRef [1 ms]
  Passed Cambrian.Api.Tests.CheckoutServiceTests.CreateCheckout_ThrowsKeyNotFound_WhenTrackMissing [< 1 ms]
  Passed Cambrian.Api.Tests.CheckoutServiceTests.CreateCheckout_ReturnsUrlAndCreatedStatus [< 1 ms]
  Passed Cambrian.Api.Tests.CheckoutServiceTests.CreateCheckout_UsesExclusivePrice_WhenLicenseIsExclusive [< 1 ms]
  Passed Cambrian.Api.Tests.PaymentsControllerTests.Process_PropagatesKeyNotFoundException [17 ms]
  Passed Cambrian.Api.Tests.CheckoutServiceTests.CreateCheckout_FallsBackToBasePrice_WhenExclusivePriceIsZero [1 ms]
  Passed Cambrian.Api.Tests.PaymentsControllerTests.Process_ReturnsOk_WhenPaymentProcessed [< 1 ms]
  Passed Cambrian.Api.Tests.CheckoutServiceTests.CreateCheckout_UsesNonExclusivePrice_WhenLicenseIsNonExclusive [5 ms]
  Passed Cambrian.Api.Tests.PaymentsControllerTests.Checkout_ReturnsOk_WithCheckoutUrl [6 ms]
  Passed Cambrian.Api.Tests.CheckoutServiceTests.CreateCheckout_ThrowsInvalidOperation_WhenExclusiveAlreadySold [< 1 ms]
  Passed Cambrian.Api.Tests.PaymentsControllerTests.CreatePurchase_PropagatesInvalidOperation_ForDuplicate [< 1 ms]
  Passed Cambrian.Api.Tests.PaymentsControllerTests.Checkout_PropagatesArgumentException_ForEmptyTrackId [1 ms]
[Startup] DB connection source: ADO.NET
[Startup] Environment: Testing
[Startup] JWT key present: True (len=43)
[INFO] Stripe:SecretKey not set - payment endpoints will return mock responses.
[Startup] Governance contract version: 2.1.0 - see policy/POLICY.md, contracts/API_CONTRACTS.md
[Startup] CORS origins: 
[Startup] Storage provider: local
  Passed Cambrian.Api.Tests.PaymentsControllerTests.State_ReturnsOk [1 ms]
  Passed Cambrian.Api.Tests.PaymentsControllerTests.CreditCreator_ReturnsOk [< 1 ms]
  Passed Cambrian.Api.Tests.CreatorConnectServiceTests.Disconnect_ClearsStripeAccountId [3 ms]
  Passed Cambrian.Api.Tests.CreatorConnectServiceTests.GetDashboardLink_ReturnsNull_WhenNoAccount [1 ms]
  Passed Cambrian.Api.Tests.CreatorConnectServiceTests.StartOnboarding_ReusesExistingAccount [7 ms]
  Passed Cambrian.Api.Tests.CreatorConnectServiceTests.GetStatus_ReturnsPending_WhenStripeApiErrors [1 ms]
  Passed Cambrian.Api.Tests.CreatorConnectServiceTests.GetDashboardLink_ReturnsUrl_WhenAccountActive [< 1 ms]
  Passed Cambrian.Api.Tests.CreatorConnectServiceTests.Disconnect_ClearsLocalRef_EvenWhenStripeFails [< 1 ms]
  Passed Cambrian.Api.Tests.CreatorConnectServiceTests.Disconnect_IsIdempotent_WhenAlreadyDisconnected [< 1 ms]
  Passed Cambrian.Api.Tests.CreatorConnectServiceTests.StartOnboarding_Throws_WhenUserNotFound [< 1 ms]
  Passed Cambrian.Api.Tests.CreatorConnectServiceTests.GetStatus_ReturnsNotConnected_WhenNoStripeAccount [< 1 ms]
  Passed Cambrian.Api.Tests.CreatorConnectServiceTests.GetDashboardLink_ReturnsNull_WhenAccountNotActive [< 1 ms]
  Passed Cambrian.Api.Tests.CreatorConnectServiceTests.GetStatus_ReturnsActive_WhenAccountFullyOnboarded [< 1 ms]
  Passed Cambrian.Api.Tests.CreatorConnectServiceTests.StartOnboarding_CreatesAccount_WhenNoExistingAccount [1 ms]
  Passed Cambrian.Api.Tests.CopyrightBuyoutTests.NonExclusive_AllowsMultipleBuyers [1 ms]
  Passed Cambrian.Api.Tests.CopyrightBuyoutTests.CopyrightBuyout_UsesExclusivePrice [< 1 ms]
  Passed Cambrian.Api.Tests.CopyrightBuyoutTests.Exclusive_PreventsDuplicatePurchase [6 ms]
  Passed Cambrian.Api.Tests.CopyrightBuyoutTests.LicenseService_CopyrightBuyout_SetsBuyerAsCopyrightOwner [2 ms]
[Startup] Skipping migrations (Testing environment uses in-memory DB)
  Passed Cambrian.Api.Tests.CopyrightBuyoutTests.LicenseService_NonExclusive_SetsCreatorAsCopyrightOwner [< 1 ms]
  Passed Cambrian.Api.Tests.CopyrightBuyoutTests.CopyrightBuyout_BlockedWhenExclusiveSold [< 1 ms]
  Passed Cambrian.Api.Tests.CopyrightBuyoutTests.LicenseService_Exclusive_SetsCreatorAsCopyrightOwner [< 1 ms]
  Passed Cambrian.Api.Tests.CopyrightBuyoutTests.CopyrightBuyout_AllowedWhenTrackAvailable [< 1 ms]
  Passed Cambrian.Api.Tests.CopyrightBuyoutTests.CopyrightBuyout_BlockedWhenCopyrightAlreadyTransferred [< 1 ms]
  Passed Cambrian.Api.Tests.CheckoutTests.CreateCheckout_FallsBackToBasePrice_WhenNonExclusivePriceIsZero [1 ms]
  Passed Cambrian.Api.Tests.CheckoutTests.CreateCheckout_ThrowsArgumentException_WhenTrackIdNotGuid [< 1 ms]
  Passed Cambrian.Api.Tests.CheckoutTests.CreateCheckout_ClientRefFormat_ContainsLicenseType [1 ms]
  Passed Cambrian.Api.Tests.CoverArtUploadTests.Upload_Rejects_NonAllowedImageExtensions(fileName: "cover.exe", contentType: "application/x-msdownload") [1 ms]
  Passed Cambrian.Api.Tests.CoverArtUploadTests.Upload_Rejects_NonAllowedImageExtensions(fileName: "cover.html", contentType: "text/html") [< 1 ms]
  Passed Cambrian.Api.Tests.CoverArtUploadTests.Upload_Rejects_NonAllowedImageExtensions(fileName: "cover.gif", contentType: "image/gif") [< 1 ms]
  Passed Cambrian.Api.Tests.CoverArtUploadTests.Upload_Rejects_NonAllowedImageExtensions(fileName: "cover.svg", contentType: "image/svg+xml") [4 ms]
  Passed Cambrian.Api.Tests.CoverArtUploadTests.Upload_Rejects_NonAllowedImageExtensions(fileName: "cover.bmp", contentType: "image/bmp") [< 1 ms]
  Passed Cambrian.Api.Tests.CoverArtUploadTests.Upload_Accepts_AllowedImageFormats(fileName: "cover.webp", contentType: "image/webp") [< 1 ms]
  Passed Cambrian.Api.Tests.CoverArtUploadTests.Upload_Accepts_AllowedImageFormats(fileName: "cover.png", contentType: "image/png") [< 1 ms]
  Passed Cambrian.Api.Tests.CoverArtUploadTests.Upload_Accepts_AllowedImageFormats(fileName: "cover.jpeg", contentType: "image/jpeg") [< 1 ms]
  Passed Cambrian.Api.Tests.CoverArtUploadTests.Upload_Accepts_AllowedImageFormats(fileName: "cover.jpg", contentType: "image/jpeg") [< 1 ms]
  Passed Cambrian.Api.Tests.CoverArtUploadTests.Upload_EmptyCoverArt_TreatedAsNull [< 1 ms]
  Passed Cambrian.Api.Tests.CoverArtUploadTests.Upload_Rejects_InvalidImageMimeType [< 1 ms]
  Passed Cambrian.Api.Tests.CoverArtUploadTests.Upload_Accepts_CoverArtAtSizeLimit [< 1 ms]
  Passed Cambrian.Api.Tests.CoverArtUploadTests.Upload_Rejects_OversizedCoverArt [< 1 ms]
  Passed Cambrian.Api.Tests.CoverArtUploadTests.Upload_WithoutCoverArt_SetsCoverArtUrlNull [1 ms]
  Passed Cambrian.Api.Tests.CoverArtUploadTests.Upload_WithCoverArt_StoresCoverArtUrl [1 ms]
  Passed Cambrian.Api.Tests.CoverArtUploadTests.Upload_WithCoverArt_UploadsToCoversPrefix [< 1 ms]
  Passed Cambrian.Api.Tests.CoverArtUploadTests.Upload_CoverArt_UsesCorrectMimeType [< 1 ms]
  Passed Cambrian.Api.Tests.WebhookControllerTests.Stripe_PassesEmptyString_WhenSignatureHeaderMissing [4 ms]
  Passed Cambrian.Api.Tests.WebhookControllerTests.Stripe_ReturnsOk_WhenServiceSucceeds [< 1 ms]
info: Microsoft.EntityFrameworkCore.Database.Command[20101]
      Executed DbCommand (2ms) [Parameters=[], CommandType='Text', CommandTimeout='30']
      SELECT COUNT(*) FROM "sqlite_master" WHERE "type" = 'table' AND "rootpage" IS NOT NULL;
info: Microsoft.EntityFrameworkCore.Database.Command[20101]
      Executed DbCommand (2ms) [Parameters=[], CommandType='Text', CommandTimeout='30']
      SELECT COUNT(*) FROM "sqlite_master" WHERE "type" = 'table' AND "rootpage" IS NOT NULL;
info: Microsoft.EntityFrameworkCore.Database.Command[20101]
      Executed DbCommand (2ms) [Parameters=[], CommandType='Text', CommandTimeout='30']
      SELECT COUNT(*) FROM "sqlite_master" WHERE "type" = 'table' AND "rootpage" IS NOT NULL;
info: Microsoft.EntityFrameworkCore.Database.Command[20101]
      Executed DbCommand (2ms) [Parameters=[], CommandType='Text', CommandTimeout='30']
      SELECT COUNT(*) FROM "sqlite_master" WHERE "type" = 'table' AND "rootpage" IS NOT NULL;
info: Microsoft.EntityFrameworkCore.Database.Command[20101]
      Executed DbCommand (2ms) [Parameters=[], CommandType='Text', CommandTimeout='30']
      SELECT COUNT(*) FROM "sqlite_master" WHERE "type" = 'table' AND "rootpage" IS NOT NULL;
info: Microsoft.EntityFrameworkCore.Database.Command[20101]
      Executed DbCommand (2ms) [Parameters=[], CommandType='Text', CommandTimeout='30']
      SELECT COUNT(*) FROM "sqlite_master" WHERE "type" = 'table' AND "rootpage" IS NOT NULL;
info: Microsoft.EntityFrameworkCore.Database.Command[20101]
      Executed DbCommand (1ms) [Parameters=[], CommandType='Text', CommandTimeout='30']
      CREATE TABLE "AnalyticsEvents" (
          "Id" TEXT NOT NULL CONSTRAINT "PK_AnalyticsEvents" PRIMARY KEY,
          "EventType" TEXT NOT NULL,
          "UserId" TEXT NULL,
          "TrackId" TEXT NULL,
          "Metadata" TEXT NULL,
          "CreatedAt" TEXT NOT NULL
      );
info: Microsoft.EntityFrameworkCore.Database.Command[20101]
      Executed DbCommand (1ms) [Parameters=[], CommandType='Text', CommandTimeout='30']
      CREATE TABLE "AnalyticsEvents" (
          "Id" TEXT NOT NULL CONSTRAINT "PK_AnalyticsEvents" PRIMARY KEY,
          "EventType" TEXT NOT NULL,
          "UserId" TEXT NULL,
          "TrackId" TEXT NULL,
          "Metadata" TEXT NULL,
          "CreatedAt" TEXT NOT NULL
      );
info: Microsoft.EntityFrameworkCore.Database.Command[20101]
      Executed DbCommand (1ms) [Parameters=[], CommandType='Text', CommandTimeout='30']
      CREATE TABLE "AnalyticsEvents" (
          "Id" TEXT NOT NULL CONSTRAINT "PK_AnalyticsEvents" PRIMARY KEY,
          "EventType" TEXT NOT NULL,
          "UserId" TEXT NULL,
          "TrackId" TEXT NULL,
          "Metadata" TEXT NULL,
          "CreatedAt" TEXT NOT NULL
      );
info: Microsoft.EntityFrameworkCore.Database.Command[20101]
      Executed DbCommand (0ms) [Parameters=[], CommandType='Text', CommandTimeout='30']
      CREATE TABLE "AnalyticsEvents" (
          "Id" TEXT NOT NULL CONSTRAINT "PK_AnalyticsEvents" PRIMARY KEY,
          "EventType" TEXT NOT NULL,
          "UserId" TEXT NULL,
          "TrackId" TEXT NULL,
          "Metadata" TEXT NULL,
          "CreatedAt" TEXT NOT NULL
      );
info: Microsoft.EntityFrameworkCore.Database.Command[20101]
      Executed DbCommand (0ms) [Parameters=[], CommandType='Text', CommandTimeout='30']
      CREATE TABLE "AnalyticsEvents" (
          "Id" TEXT NOT NULL CONSTRAINT "PK_AnalyticsEvents" PRIMARY KEY,
          "EventType" TEXT NOT NULL,
          "UserId" TEXT NULL,
          "TrackId" TEXT NULL,
          "Metadata" TEXT NULL,
          "CreatedAt" TEXT NOT NULL
      );
info: Microsoft.EntityFrameworkCore.Database.Command[20101]
      Executed DbCommand (1ms) [Parameters=[], CommandType='Text', CommandTimeout='30']
      CREATE TABLE "AnalyticsEvents" (
          "Id" TEXT NOT NULL CONSTRAINT "PK_AnalyticsEvents" PRIMARY KEY,
          "EventType" TEXT NOT NULL,
          "UserId" TEXT NULL,
          "TrackId" TEXT NULL,
          "Metadata" TEXT NULL,
          "CreatedAt" TEXT NOT NULL
      );
info: Microsoft.EntityFrameworkCore.Database.Command[20101]
      Executed DbCommand (0ms) [Parameters=[], CommandType='Text', CommandTimeout='30']
      CREATE TABLE "AspNetRoles" (
          "Id" TEXT NOT NULL CONSTRAINT "PK_AspNetRoles" PRIMARY KEY,
          "Name" TEXT NULL,
          "NormalizedName" TEXT NULL,
          "ConcurrencyStamp" TEXT NULL
      );
info: Microsoft.EntityFrameworkCore.Database.Command[20101]
      Executed DbCommand (0ms) [Parameters=[], CommandType='Text', CommandTimeout='30']
      CREATE TABLE "AspNetRoles" (
          "Id" TEXT NOT NULL CONSTRAINT "PK_AspNetRoles" PRIMARY KEY,
          "Name" TEXT NULL,
          "NormalizedName" TEXT NULL,
          "ConcurrencyStamp" TEXT NULL
      );
info: Microsoft.EntityFrameworkCore.Database.Command[20101]
      Executed DbCommand (0ms) [Parameters=[], CommandType='Text', CommandTimeout='30']
      CREATE TABLE "AspNetRoles" (
          "Id" TEXT NOT NULL CONSTRAINT "PK_AspNetRoles" PRIMARY KEY,
          "Name" TEXT NULL,
          "NormalizedName" TEXT NULL,
          "ConcurrencyStamp" TEXT NULL
      );
info: Microsoft.EntityFrameworkCore.Database.Command[20101]
      Executed DbCommand (1ms) [Parameters=[], CommandType='Text', CommandTimeout='30']
      CREATE TABLE "AspNetRoles" (
          "Id" TEXT NOT NULL CONSTRAINT "PK_AspNetRoles" PRIMARY KEY,
          "Name" TEXT NULL,
          "NormalizedName" TEXT NULL,
          "ConcurrencyStamp" TEXT NULL
      );
info: Microsoft.EntityFrameworkCore.Database.Command[20101]
      Executed DbCommand (0ms) [Parameters=[], CommandType='Text', CommandTimeout='30']
      CREATE TABLE "AspNetRoles" (
          "Id" TEXT NOT NULL CONSTRAINT "PK_AspNetRoles" PRIMARY KEY,
          "Name" TEXT NULL,
          "NormalizedName" TEXT NULL,
          "ConcurrencyStamp" TEXT NULL
      );
info: Microsoft.EntityFrameworkCore.Database.Command[20101]
      Executed DbCommand (1ms) [Parameters=[], CommandType='Text', CommandTimeout='30']
      CREATE TABLE "AspNetRoles" (
          "Id" TEXT NOT NULL CONSTRAINT "PK_AspNetRoles" PRIMARY KEY,
          "Name" TEXT NULL,
          "NormalizedName" TEXT NULL,
          "ConcurrencyStamp" TEXT NULL
      );
info: Microsoft.EntityFrameworkCore.Database.Command[20101]
      Executed DbCommand (0ms) [Parameters=[], CommandType='Text', CommandTimeout='30']
      CREATE TABLE "AspNetUsers" (
          "Id" TEXT NOT NULL CONSTRAINT "PK_AspNetUsers" PRIMARY KEY,
          "DisplayName" TEXT NULL,
          "Role" TEXT NOT NULL,
          "Status" TEXT NOT NULL,
          "Tier" TEXT NOT NULL,
          "VerifiedCreator" INTEGER NOT NULL,
          "Plan" TEXT NULL,
          "CreatorTier" INTEGER NOT NULL,
          "UploadCount" INTEGER NOT NULL,
          "SubscriptionStatus" TEXT NOT NULL,
          "SubscriptionEndDate" TEXT NULL,
          "StripeAccountId" TEXT NULL,
          "WalletBalanceCents" INTEGER NOT NULL,
          "PasswordResetCode" TEXT NULL,
          "PasswordResetCodeExpiry" TEXT NULL,
          "ProfileImageUrl" TEXT NULL,
          "CoverImageUrl" TEXT NULL,
          "Bio" TEXT NULL,
          "CreatedAt" TEXT NOT NULL,
          "UserName" TEXT NULL,
          "NormalizedUserName" TEXT NULL,
          "Email" TEXT NULL,
          "NormalizedEmail" TEXT NULL,
          "EmailConfirmed" INTEGER NOT NULL,
          "PasswordHash" TEXT NULL,
          "SecurityStamp" TEXT NULL,
          "ConcurrencyStamp" TEXT NULL,
          "PhoneNumber" TEXT NULL,
          "PhoneNumberConfirmed" INTEGER NOT NULL,
          "TwoFactorEnabled" INTEGER NOT NULL,
          "LockoutEnd" TEXT NULL,
          "LockoutEnabled" INTEGER NOT NULL,
          "AccessFailedCount" INTEGER NOT NULL
      );
info: Microsoft.EntityFrameworkCore.Database.Command[20101]
      Executed DbCommand (0ms) [Parameters=[], CommandType='Text', CommandTimeout='30']
      CREATE TABLE "AspNetUsers" (
          "Id" TEXT NOT NULL CONSTRAINT "PK_AspNetUsers" PRIMARY KEY,
          "DisplayName" TEXT NULL,
          "Role" TEXT NOT NULL,
          "Status" TEXT NOT NULL,
          "Tier" TEXT NOT NULL,
          "VerifiedCreator" INTEGER NOT NULL,
          "Plan" TEXT NULL,
          "CreatorTier" INTEGER NOT NULL,
          "UploadCount" INTEGER NOT NULL,
          "SubscriptionStatus" TEXT NOT NULL,
          "SubscriptionEndDate" TEXT NULL,
          "StripeAccountId" TEXT NULL,
          "WalletBalanceCents" INTEGER NOT NULL,
          "PasswordResetCode" TEXT NULL,
          "PasswordResetCodeExpiry" TEXT NULL,
          "ProfileImageUrl" TEXT NULL,
          "CoverImageUrl" TEXT NULL,
          "Bio" TEXT NULL,
          "CreatedAt" TEXT NOT NULL,
          "UserName" TEXT NULL,
          "NormalizedUserName" TEXT NULL,
          "Email" TEXT NULL,
          "NormalizedEmail" TEXT NULL,
          "EmailConfirmed" INTEGER NOT NULL,
          "PasswordHash" TEXT NULL,
          "SecurityStamp" TEXT NULL,
          "ConcurrencyStamp" TEXT NULL,
          "PhoneNumber" TEXT NULL,
          "PhoneNumberConfirmed" INTEGER NOT NULL,
          "TwoFactorEnabled" INTEGER NOT NULL,
          "LockoutEnd" TEXT NULL,
          "LockoutEnabled" INTEGER NOT NULL,
          "AccessFailedCount" INTEGER NOT NULL
      );
info: Microsoft.EntityFrameworkCore.Database.Command[20101]
      Executed DbCommand (0ms) [Parameters=[], CommandType='Text', CommandTimeout='30']
      CREATE TABLE "AuditLogs" (
          "Id" TEXT NOT NULL CONSTRAINT "PK_AuditLogs" PRIMARY KEY,
          "Action" TEXT NOT NULL,
          "Admin" TEXT NOT NULL,
          "Timestamp" TEXT NOT NULL,
          "Details" TEXT NULL
      );
info: Microsoft.EntityFrameworkCore.Database.Command[20101]
      Executed DbCommand (1ms) [Parameters=[], CommandType='Text', CommandTimeout='30']
      CREATE TABLE "AspNetUsers" (
          "Id" TEXT NOT NULL CONSTRAINT "PK_AspNetUsers" PRIMARY KEY,
          "DisplayName" TEXT NULL,
          "Role" TEXT NOT NULL,
          "Status" TEXT NOT NULL,
          "Tier" TEXT NOT NULL,
          "VerifiedCreator" INTEGER NOT NULL,
          "Plan" TEXT NULL,
          "CreatorTier" INTEGER NOT NULL,
          "UploadCount" INTEGER NOT NULL,
          "SubscriptionStatus" TEXT NOT NULL,
          "SubscriptionEndDate" TEXT NULL,
          "StripeAccountId" TEXT NULL,
          "WalletBalanceCents" INTEGER NOT NULL,
          "PasswordResetCode" TEXT NULL,
          "PasswordResetCodeExpiry" TEXT NULL,
          "ProfileImageUrl" TEXT NULL,
          "CoverImageUrl" TEXT NULL,
          "Bio" TEXT NULL,
          "CreatedAt" TEXT NOT NULL,
          "UserName" TEXT NULL,
          "NormalizedUserName" TEXT NULL,
          "Email" TEXT NULL,
          "NormalizedEmail" TEXT NULL,
          "EmailConfirmed" INTEGER NOT NULL,
          "PasswordHash" TEXT NULL,
          "SecurityStamp" TEXT NULL,
          "ConcurrencyStamp" TEXT NULL,
          "PhoneNumber" TEXT NULL,
          "PhoneNumberConfirmed" INTEGER NOT NULL,
          "TwoFactorEnabled" INTEGER NOT NULL,
          "LockoutEnd" TEXT NULL,
          "LockoutEnabled" INTEGER NOT NULL,
          "AccessFailedCount" INTEGER NOT NULL
      );
info: Microsoft.EntityFrameworkCore.Database.Command[20101]
      Executed DbCommand (0ms) [Parameters=[], CommandType='Text', CommandTimeout='30']
      CREATE TABLE "AuditLogs" (
          "Id" TEXT NOT NULL CONSTRAINT "PK_AuditLogs" PRIMARY KEY,
          "Action" TEXT NOT NULL,
          "Admin" TEXT NOT NULL,
          "Timestamp" TEXT NOT NULL,
          "Details" TEXT NULL
      );
info: Microsoft.EntityFrameworkCore.Database.Command[20101]
      Executed DbCommand (1ms) [Parameters=[], CommandType='Text', CommandTimeout='30']
      CREATE TABLE "AspNetUsers" (
          "Id" TEXT NOT NULL CONSTRAINT "PK_AspNetUsers" PRIMARY KEY,
          "DisplayName" TEXT NULL,
          "Role" TEXT NOT NULL,
          "Status" TEXT NOT NULL,
          "Tier" TEXT NOT NULL,
          "VerifiedCreator" INTEGER NOT NULL,
          "Plan" TEXT NULL,
          "CreatorTier" INTEGER NOT NULL,
          "UploadCount" INTEGER NOT NULL,
          "SubscriptionStatus" TEXT NOT NULL,
          "SubscriptionEndDate" TEXT NULL,
          "StripeAccountId" TEXT NULL,
          "WalletBalanceCents" INTEGER NOT NULL,
          "PasswordResetCode" TEXT NULL,
          "PasswordResetCodeExpiry" TEXT NULL,
          "ProfileImageUrl" TEXT NULL,
          "CoverImageUrl" TEXT NULL,
          "Bio" TEXT NULL,
          "CreatedAt" TEXT NOT NULL,
          "UserName" TEXT NULL,
          "NormalizedUserName" TEXT NULL,
          "Email" TEXT NULL,
          "NormalizedEmail" TEXT NULL,
          "EmailConfirmed" INTEGER NOT NULL,
          "PasswordHash" TEXT NULL,
          "SecurityStamp" TEXT NULL,
          "ConcurrencyStamp" TEXT NULL,
          "PhoneNumber" TEXT NULL,
          "PhoneNumberConfirmed" INTEGER NOT NULL,
          "TwoFactorEnabled" INTEGER NOT NULL,
          "LockoutEnd" TEXT NULL,
          "LockoutEnabled" INTEGER NOT NULL,
          "AccessFailedCount" INTEGER NOT NULL
      );
info: Microsoft.EntityFrameworkCore.Database.Command[20101]
      Executed DbCommand (0ms) [Parameters=[], CommandType='Text', CommandTimeout='30']
      CREATE TABLE "AuditLogs" (
          "Id" TEXT NOT NULL CONSTRAINT "PK_AuditLogs" PRIMARY KEY,
          "Action" TEXT NOT NULL,
          "Admin" TEXT NOT NULL,
          "Timestamp" TEXT NOT NULL,
          "Details" TEXT NULL
      );
info: Microsoft.EntityFrameworkCore.Database.Command[20101]
      Executed DbCommand (0ms) [Parameters=[], CommandType='Text', CommandTimeout='30']
      CREATE TABLE "CreatorProfiles" (
          "Id" TEXT NOT NULL CONSTRAINT "PK_CreatorProfiles" PRIMARY KEY,
          "UserId" TEXT NOT NULL,
          "Slug" TEXT NOT NULL,
          "BannerImageUrl" TEXT NULL,
          "ProfileImageUrl" TEXT NULL,
          "Bio" TEXT NOT NULL,
          "Niche" TEXT NULL,
          "SocialLinks" TEXT NULL,
          "ShowEarnings" INTEGER NOT NULL,
          "ShowDownloadStats" INTEGER NOT NULL,
          "PinnedTrackIds" TEXT NULL,
          "CreatedAt" TEXT NOT NULL,
          "UpdatedAt" TEXT NOT NULL
      );
info: Microsoft.EntityFrameworkCore.Database.Command[20101]
      Executed DbCommand (0ms) [Parameters=[], CommandType='Text', CommandTimeout='30']
      CREATE TABLE "FeatureFlags" (
          "Id" TEXT NOT NULL CONSTRAINT "PK_FeatureFlags" PRIMARY KEY,
          "Name" TEXT NOT NULL,
          "Enabled" INTEGER NOT NULL,
          "RolloutPercentage" INTEGER NOT NULL,
          "CreatedAt" TEXT NOT NULL,
          "UpdatedAt" TEXT NOT NULL
      );
info: Microsoft.EntityFrameworkCore.Database.Command[20101]
      Executed DbCommand (0ms) [Parameters=[], CommandType='Text', CommandTimeout='30']
      CREATE TABLE "CreatorProfiles" (
          "Id" TEXT NOT NULL CONSTRAINT "PK_CreatorProfiles" PRIMARY KEY,
          "UserId" TEXT NOT NULL,
          "Slug" TEXT NOT NULL,
          "BannerImageUrl" TEXT NULL,
          "ProfileImageUrl" TEXT NULL,
          "Bio" TEXT NOT NULL,
          "Niche" TEXT NULL,
          "SocialLinks" TEXT NULL,
          "ShowEarnings" INTEGER NOT NULL,
          "ShowDownloadStats" INTEGER NOT NULL,
          "PinnedTrackIds" TEXT NULL,
          "CreatedAt" TEXT NOT NULL,
          "UpdatedAt" TEXT NOT NULL
      );
info: Microsoft.EntityFrameworkCore.Database.Command[20101]
      Executed DbCommand (0ms) [Parameters=[], CommandType='Text', CommandTimeout='30']
      CREATE TABLE "CreatorProfiles" (
          "Id" TEXT NOT NULL CONSTRAINT "PK_CreatorProfiles" PRIMARY KEY,
          "UserId" TEXT NOT NULL,
          "Slug" TEXT NOT NULL,
          "BannerImageUrl" TEXT NULL,
          "ProfileImageUrl" TEXT NULL,
          "Bio" TEXT NOT NULL,
          "Niche" TEXT NULL,
          "SocialLinks" TEXT NULL,
          "ShowEarnings" INTEGER NOT NULL,
          "ShowDownloadStats" INTEGER NOT NULL,
          "PinnedTrackIds" TEXT NULL,
          "CreatedAt" TEXT NOT NULL,
          "UpdatedAt" TEXT NOT NULL
      );
info: Microsoft.EntityFrameworkCore.Database.Command[20101]
      Executed DbCommand (0ms) [Parameters=[], CommandType='Text', CommandTimeout='30']
      CREATE TABLE "StripeWebhookEvents" (
          "Id" TEXT NOT NULL CONSTRAINT "PK_StripeWebhookEvents" PRIMARY KEY,
          "EventId" TEXT NOT NULL,
          "EventType" TEXT NOT NULL,
          "Processed" INTEGER NOT NULL,
          "Payload" text NULL,
          "ProcessedAt" TEXT NOT NULL
      );
info: Microsoft.EntityFrameworkCore.Database.Command[20101]
      Executed DbCommand (0ms) [Parameters=[], CommandType='Text', CommandTimeout='30']
      CREATE TABLE "FeatureFlags" (
          "Id" TEXT NOT NULL CONSTRAINT "PK_FeatureFlags" PRIMARY KEY,
          "Name" TEXT NOT NULL,
          "Enabled" INTEGER NOT NULL,
          "RolloutPercentage" INTEGER NOT NULL,
          "CreatedAt" TEXT NOT NULL,
          "UpdatedAt" TEXT NOT NULL
      );
info: Microsoft.EntityFrameworkCore.Database.Command[20101]
      Executed DbCommand (1ms) [Parameters=[], CommandType='Text', CommandTimeout='30']
      CREATE TABLE "AspNetUsers" (
          "Id" TEXT NOT NULL CONSTRAINT "PK_AspNetUsers" PRIMARY KEY,
          "DisplayName" TEXT NULL,
          "Role" TEXT NOT NULL,
          "Status" TEXT NOT NULL,
          "Tier" TEXT NOT NULL,
          "VerifiedCreator" INTEGER NOT NULL,
          "Plan" TEXT NULL,
          "CreatorTier" INTEGER NOT NULL,
          "UploadCount" INTEGER NOT NULL,
          "SubscriptionStatus" TEXT NOT NULL,
          "SubscriptionEndDate" TEXT NULL,
          "StripeAccountId" TEXT NULL,
          "WalletBalanceCents" INTEGER NOT NULL,
          "PasswordResetCode" TEXT NULL,
          "PasswordResetCodeExpiry" TEXT NULL,
          "ProfileImageUrl" TEXT NULL,
          "CoverImageUrl" TEXT NULL,
          "Bio" TEXT NULL,
          "CreatedAt" TEXT NOT NULL,
          "UserName" TEXT NULL,
          "NormalizedUserName" TEXT NULL,
          "Email" TEXT NULL,
          "NormalizedEmail" TEXT NULL,
          "EmailConfirmed" INTEGER NOT NULL,
          "PasswordHash" TEXT NULL,
          "SecurityStamp" TEXT NULL,
          "ConcurrencyStamp" TEXT NULL,
          "PhoneNumber" TEXT NULL,
          "PhoneNumberConfirmed" INTEGER NOT NULL,
          "TwoFactorEnabled" INTEGER NOT NULL,
          "LockoutEnd" TEXT NULL,
          "LockoutEnabled" INTEGER NOT NULL,
          "AccessFailedCount" INTEGER NOT NULL
      );
info: Microsoft.EntityFrameworkCore.Database.Command[20101]
      Executed DbCommand (1ms) [Parameters=[], CommandType='Text', CommandTimeout='30']
      CREATE TABLE "AuditLogs" (
          "Id" TEXT NOT NULL CONSTRAINT "PK_AuditLogs" PRIMARY KEY,
          "Action" TEXT NOT NULL,
          "Admin" TEXT NOT NULL,
          "Timestamp" TEXT NOT NULL,
          "Details" TEXT NULL
      );
info: Microsoft.EntityFrameworkCore.Database.Command[20101]
      Executed DbCommand (1ms) [Parameters=[], CommandType='Text', CommandTimeout='30']
      CREATE TABLE "AspNetUsers" (
          "Id" TEXT NOT NULL CONSTRAINT "PK_AspNetUsers" PRIMARY KEY,
          "DisplayName" TEXT NULL,
          "Role" TEXT NOT NULL,
          "Status" TEXT NOT NULL,
          "Tier" TEXT NOT NULL,
          "VerifiedCreator" INTEGER NOT NULL,
          "Plan" TEXT NULL,
          "CreatorTier" INTEGER NOT NULL,
          "UploadCount" INTEGER NOT NULL,
          "SubscriptionStatus" TEXT NOT NULL,
          "SubscriptionEndDate" TEXT NULL,
          "StripeAccountId" TEXT NULL,
          "WalletBalanceCents" INTEGER NOT NULL,
          "PasswordResetCode" TEXT NULL,
          "PasswordResetCodeExpiry" TEXT NULL,
          "ProfileImageUrl" TEXT NULL,
          "CoverImageUrl" TEXT NULL,
          "Bio" TEXT NULL,
          "CreatedAt" TEXT NOT NULL,
          "UserName" TEXT NULL,
          "NormalizedUserName" TEXT NULL,
          "Email" TEXT NULL,
          "NormalizedEmail" TEXT NULL,
          "EmailConfirmed" INTEGER NOT NULL,
          "PasswordHash" TEXT NULL,
          "SecurityStamp" TEXT NULL,
          "ConcurrencyStamp" TEXT NULL,
          "PhoneNumber" TEXT NULL,
          "PhoneNumberConfirmed" INTEGER NOT NULL,
          "TwoFactorEnabled" INTEGER NOT NULL,
          "LockoutEnd" TEXT NULL,
          "LockoutEnabled" INTEGER NOT NULL,
          "AccessFailedCount" INTEGER NOT NULL
      );
info: Microsoft.EntityFrameworkCore.Database.Command[20101]
      Executed DbCommand (0ms) [Parameters=[], CommandType='Text', CommandTimeout='30']
      CREATE TABLE "FeatureFlags" (
          "Id" TEXT NOT NULL CONSTRAINT "PK_FeatureFlags" PRIMARY KEY,
          "Name" TEXT NOT NULL,
          "Enabled" INTEGER NOT NULL,
          "RolloutPercentage" INTEGER NOT NULL,
          "CreatedAt" TEXT NOT NULL,
          "UpdatedAt" TEXT NOT NULL
      );
info: Microsoft.EntityFrameworkCore.Database.Command[20101]
      Executed DbCommand (0ms) [Parameters=[], CommandType='Text', CommandTimeout='30']
      CREATE TABLE "TrackCollections" (
          "Id" TEXT NOT NULL CONSTRAINT "PK_TrackCollections" PRIMARY KEY,
          "CreatorId" TEXT NOT NULL,
          "Title" TEXT NOT NULL,
          "Description" TEXT NULL,
          "CoverImageUrl" TEXT NULL,
          "TrackIds" TEXT NOT NULL,
          "CreatedAt" TEXT NOT NULL,
          "UpdatedAt" TEXT NOT NULL
      );
info: Microsoft.EntityFrameworkCore.Database.Command[20101]
      Executed DbCommand (0ms) [Parameters=[], CommandType='Text', CommandTimeout='30']
      CREATE TABLE "StripeWebhookEvents" (
          "Id" TEXT NOT NULL CONSTRAINT "PK_StripeWebhookEvents" PRIMARY KEY,
          "EventId" TEXT NOT NULL,
          "EventType" TEXT NOT NULL,
          "Processed" INTEGER NOT NULL,
          "Payload" text NULL,
          "ProcessedAt" TEXT NOT NULL
      );
info: Microsoft.EntityFrameworkCore.Database.Command[20101]
      Executed DbCommand (0ms) [Parameters=[], CommandType='Text', CommandTimeout='30']
      CREATE TABLE "StripeWebhookEvents" (
          "Id" TEXT NOT NULL CONSTRAINT "PK_StripeWebhookEvents" PRIMARY KEY,
          "EventId" TEXT NOT NULL,
          "EventType" TEXT NOT NULL,
          "Processed" INTEGER NOT NULL,
          "Payload" text NULL,
          "ProcessedAt" TEXT NOT NULL
      );
info: Microsoft.EntityFrameworkCore.Database.Command[20101]
      Executed DbCommand (0ms) [Parameters=[], CommandType='Text', CommandTimeout='30']
      CREATE TABLE "AspNetRoleClaims" (
          "Id" INTEGER NOT NULL CONSTRAINT "PK_AspNetRoleClaims" PRIMARY KEY AUTOINCREMENT,
          "RoleId" TEXT NOT NULL,
          "ClaimType" TEXT NULL,
          "ClaimValue" TEXT NULL,
          CONSTRAINT "FK_AspNetRoleClaims_AspNetRoles_RoleId" FOREIGN KEY ("RoleId") REFERENCES "AspNetRoles" ("Id") ON DELETE CASCADE
      );
info: Microsoft.EntityFrameworkCore.Database.Command[20101]
      Executed DbCommand (0ms) [Parameters=[], CommandType='Text', CommandTimeout='30']
      CREATE TABLE "TrackCollections" (
          "Id" TEXT NOT NULL CONSTRAINT "PK_TrackCollections" PRIMARY KEY,
          "CreatorId" TEXT NOT NULL,
          "Title" TEXT NOT NULL,
          "Description" TEXT NULL,
          "CoverImageUrl" TEXT NULL,
          "TrackIds" TEXT NOT NULL,
          "CreatedAt" TEXT NOT NULL,
          "UpdatedAt" TEXT NOT NULL
      );
info: Microsoft.EntityFrameworkCore.Database.Command[20101]
      Executed DbCommand (0ms) [Parameters=[], CommandType='Text', CommandTimeout='30']
      CREATE TABLE "TrackCollections" (
          "Id" TEXT NOT NULL CONSTRAINT "PK_TrackCollections" PRIMARY KEY,
          "CreatorId" TEXT NOT NULL,
          "Title" TEXT NOT NULL,
          "Description" TEXT NULL,
          "CoverImageUrl" TEXT NULL,
          "TrackIds" TEXT NOT NULL,
          "CreatedAt" TEXT NOT NULL,
          "UpdatedAt" TEXT NOT NULL
      );
info: Microsoft.EntityFrameworkCore.Database.Command[20101]
      Executed DbCommand (1ms) [Parameters=[], CommandType='Text', CommandTimeout='30']
      CREATE TABLE "AuditLogs" (
          "Id" TEXT NOT NULL CONSTRAINT "PK_AuditLogs" PRIMARY KEY,
          "Action" TEXT NOT NULL,
          "Admin" TEXT NOT NULL,
          "Timestamp" TEXT NOT NULL,
          "Details" TEXT NULL
      );
info: Microsoft.EntityFrameworkCore.Database.Command[20101]
      Executed DbCommand (1ms) [Parameters=[], CommandType='Text', CommandTimeout='30']
      CREATE TABLE "AuditLogs" (
          "Id" TEXT NOT NULL CONSTRAINT "PK_AuditLogs" PRIMARY KEY,
          "Action" TEXT NOT NULL,
          "Admin" TEXT NOT NULL,
          "Timestamp" TEXT NOT NULL,
          "Details" TEXT NULL
      );
info: Microsoft.EntityFrameworkCore.Database.Command[20101]
      Executed DbCommand (0ms) [Parameters=[], CommandType='Text', CommandTimeout='30']
      CREATE TABLE "AspNetUserClaims" (
          "Id" INTEGER NOT NULL CONSTRAINT "PK_AspNetUserClaims" PRIMARY KEY AUTOINCREMENT,
          "UserId" TEXT NOT NULL,
          "ClaimType" TEXT NULL,
          "ClaimValue" TEXT NULL,
          CONSTRAINT "FK_AspNetUserClaims_AspNetUsers_UserId" FOREIGN KEY ("UserId") REFERENCES "AspNetUsers" ("Id") ON DELETE CASCADE
      );
info: Microsoft.EntityFrameworkCore.Database.Command[20101]
      Executed DbCommand (0ms) [Parameters=[], CommandType='Text', CommandTimeout='30']
      CREATE TABLE "AspNetRoleClaims" (
          "Id" INTEGER NOT NULL CONSTRAINT "PK_AspNetRoleClaims" PRIMARY KEY AUTOINCREMENT,
          "RoleId" TEXT NOT NULL,
          "ClaimType" TEXT NULL,
          "ClaimValue" TEXT NULL,
          CONSTRAINT "FK_AspNetRoleClaims_AspNetRoles_RoleId" FOREIGN KEY ("RoleId") REFERENCES "AspNetRoles" ("Id") ON DELETE CASCADE
      );
info: Microsoft.EntityFrameworkCore.Database.Command[20101]
      Executed DbCommand (0ms) [Parameters=[], CommandType='Text', CommandTimeout='30']
      CREATE TABLE "CreatorProfiles" (
          "Id" TEXT NOT NULL CONSTRAINT "PK_CreatorProfiles" PRIMARY KEY,
          "UserId" TEXT NOT NULL,
          "Slug" TEXT NOT NULL,
          "BannerImageUrl" TEXT NULL,
          "ProfileImageUrl" TEXT NULL,
          "Bio" TEXT NOT NULL,
          "Niche" TEXT NULL,
          "SocialLinks" TEXT NULL,
          "ShowEarnings" INTEGER NOT NULL,
          "ShowDownloadStats" INTEGER NOT NULL,
          "PinnedTrackIds" TEXT NULL,
          "CreatedAt" TEXT NOT NULL,
          "UpdatedAt" TEXT NOT NULL
      );
info: Microsoft.EntityFrameworkCore.Database.Command[20101]
      Executed DbCommand (0ms) [Parameters=[], CommandType='Text', CommandTimeout='30']
      CREATE TABLE "AspNetRoleClaims" (
          "Id" INTEGER NOT NULL CONSTRAINT "PK_AspNetRoleClaims" PRIMARY KEY AUTOINCREMENT,
          "RoleId" TEXT NOT NULL,
          "ClaimType" TEXT NULL,
          "ClaimValue" TEXT NULL,
          CONSTRAINT "FK_AspNetRoleClaims_AspNetRoles_RoleId" FOREIGN KEY ("RoleId") REFERENCES "AspNetRoles" ("Id") ON DELETE CASCADE
      );
info: Microsoft.EntityFrameworkCore.Database.Command[20101]
      Executed DbCommand (0ms) [Parameters=[], CommandType='Text', CommandTimeout='30']
      CREATE TABLE "AspNetUserLogins" (
          "LoginProvider" TEXT NOT NULL,
          "ProviderKey" TEXT NOT NULL,
          "ProviderDisplayName" TEXT NULL,
          "UserId" TEXT NOT NULL,
          CONSTRAINT "PK_AspNetUserLogins" PRIMARY KEY ("LoginProvider", "ProviderKey"),
          CONSTRAINT "FK_AspNetUserLogins_AspNetUsers_UserId" FOREIGN KEY ("UserId") REFERENCES "AspNetUsers" ("Id") ON DELETE CASCADE
      );
info: Microsoft.EntityFrameworkCore.Database.Command[20101]
      Executed DbCommand (1ms) [Parameters=[], CommandType='Text', CommandTimeout='30']
      CREATE TABLE "CreatorProfiles" (
          "Id" TEXT NOT NULL CONSTRAINT "PK_CreatorProfiles" PRIMARY KEY,
          "UserId" TEXT NOT NULL,
          "Slug" TEXT NOT NULL,
          "BannerImageUrl" TEXT NULL,
          "ProfileImageUrl" TEXT NULL,
          "Bio" TEXT NOT NULL,
          "Niche" TEXT NULL,
          "SocialLinks" TEXT NULL,
          "ShowEarnings" INTEGER NOT NULL,
          "ShowDownloadStats" INTEGER NOT NULL,
          "PinnedTrackIds" TEXT NULL,
          "CreatedAt" TEXT NOT NULL,
          "UpdatedAt" TEXT NOT NULL
      );
info: Microsoft.EntityFrameworkCore.Database.Command[20101]
      Executed DbCommand (0ms) [Parameters=[], CommandType='Text', CommandTimeout='30']
      CREATE TABLE "FeatureFlags" (
          "Id" TEXT NOT NULL CONSTRAINT "PK_FeatureFlags" PRIMARY KEY,
          "Name" TEXT NOT NULL,
          "Enabled" INTEGER NOT NULL,
          "RolloutPercentage" INTEGER NOT NULL,
          "CreatedAt" TEXT NOT NULL,
          "UpdatedAt" TEXT NOT NULL
      );
info: Microsoft.EntityFrameworkCore.Database.Command[20101]
      Executed DbCommand (0ms) [Parameters=[], CommandType='Text', CommandTimeout='30']
      CREATE TABLE "AspNetUserRoles" (
          "UserId" TEXT NOT NULL,
          "RoleId" TEXT NOT NULL,
          CONSTRAINT "PK_AspNetUserRoles" PRIMARY KEY ("UserId", "RoleId"),
          CONSTRAINT "FK_AspNetUserRoles_AspNetRoles_RoleId" FOREIGN KEY ("RoleId") REFERENCES "AspNetRoles" ("Id") ON DELETE CASCADE,
          CONSTRAINT "FK_AspNetUserRoles_AspNetUsers_UserId" FOREIGN KEY ("UserId") REFERENCES "AspNetUsers" ("Id") ON DELETE CASCADE
      );
info: Microsoft.EntityFrameworkCore.Database.Command[20101]
      Executed DbCommand (0ms) [Parameters=[], CommandType='Text', CommandTimeout='30']
      CREATE TABLE "StripeWebhookEvents" (
          "Id" TEXT NOT NULL CONSTRAINT "PK_StripeWebhookEvents" PRIMARY KEY,
          "EventId" TEXT NOT NULL,
          "EventType" TEXT NOT NULL,
          "Processed" INTEGER NOT NULL,
          "Payload" text NULL,
          "ProcessedAt" TEXT NOT NULL
      );
info: Microsoft.EntityFrameworkCore.Database.Command[20101]
      Executed DbCommand (1ms) [Parameters=[], CommandType='Text', CommandTimeout='30']
      CREATE TABLE "CreatorProfiles" (
          "Id" TEXT NOT NULL CONSTRAINT "PK_CreatorProfiles" PRIMARY KEY,
          "UserId" TEXT NOT NULL,
          "Slug" TEXT NOT NULL,
          "BannerImageUrl" TEXT NULL,
          "ProfileImageUrl" TEXT NULL,
          "Bio" TEXT NOT NULL,
          "Niche" TEXT NULL,
          "SocialLinks" TEXT NULL,
          "ShowEarnings" INTEGER NOT NULL,
          "ShowDownloadStats" INTEGER NOT NULL,
          "PinnedTrackIds" TEXT NULL,
          "CreatedAt" TEXT NOT NULL,
          "UpdatedAt" TEXT NOT NULL
      );
info: Microsoft.EntityFrameworkCore.Database.Command[20101]
      Executed DbCommand (0ms) [Parameters=[], CommandType='Text', CommandTimeout='30']
      CREATE TABLE "AspNetUserClaims" (
          "Id" INTEGER NOT NULL CONSTRAINT "PK_AspNetUserClaims" PRIMARY KEY AUTOINCREMENT,
          "UserId" TEXT NOT NULL,
          "ClaimType" TEXT NULL,
          "ClaimValue" TEXT NULL,
          CONSTRAINT "FK_AspNetUserClaims_AspNetUsers_UserId" FOREIGN KEY ("UserId") REFERENCES "AspNetUsers" ("Id") ON DELETE CASCADE
      );
info: Microsoft.EntityFrameworkCore.Database.Command[20101]
      Executed DbCommand (0ms) [Parameters=[], CommandType='Text', CommandTimeout='30']
      CREATE TABLE "AspNetUserLogins" (
          "LoginProvider" TEXT NOT NULL,
          "ProviderKey" TEXT NOT NULL,
          "ProviderDisplayName" TEXT NULL,
          "UserId" TEXT NOT NULL,
          CONSTRAINT "PK_AspNetUserLogins" PRIMARY KEY ("LoginProvider", "ProviderKey"),
          CONSTRAINT "FK_AspNetUserLogins_AspNetUsers_UserId" FOREIGN KEY ("UserId") REFERENCES "AspNetUsers" ("Id") ON DELETE CASCADE
      );
info: Microsoft.EntityFrameworkCore.Database.Command[20101]
      Executed DbCommand (0ms) [Parameters=[], CommandType='Text', CommandTimeout='30']
      CREATE TABLE "AspNetUserRoles" (
          "UserId" TEXT NOT NULL,
          "RoleId" TEXT NOT NULL,
          CONSTRAINT "PK_AspNetUserRoles" PRIMARY KEY ("UserId", "RoleId"),
          CONSTRAINT "FK_AspNetUserRoles_AspNetRoles_RoleId" FOREIGN KEY ("RoleId") REFERENCES "AspNetRoles" ("Id") ON DELETE CASCADE,
          CONSTRAINT "FK_AspNetUserRoles_AspNetUsers_UserId" FOREIGN KEY ("UserId") REFERENCES "AspNetUsers" ("Id") ON DELETE CASCADE
      );
info: Microsoft.EntityFrameworkCore.Database.Command[20101]
      Executed DbCommand (0ms) [Parameters=[], CommandType='Text', CommandTimeout='30']
      CREATE TABLE "AspNetUserTokens" (
          "UserId" TEXT NOT NULL,
          "LoginProvider" TEXT NOT NULL,
          "Name" TEXT NOT NULL,
          "Value" TEXT NULL,
          CONSTRAINT "PK_AspNetUserTokens" PRIMARY KEY ("UserId", "LoginProvider", "Name"),
          CONSTRAINT "FK_AspNetUserTokens_AspNetUsers_UserId" FOREIGN KEY ("UserId") REFERENCES "AspNetUsers" ("Id") ON DELETE CASCADE
      );
info: Microsoft.EntityFrameworkCore.Database.Command[20101]
      Executed DbCommand (0ms) [Parameters=[], CommandType='Text', CommandTimeout='30']
      CREATE TABLE "Creators" (
          "Id" TEXT NOT NULL CONSTRAINT "PK_Creators" PRIMARY KEY,
          "UserId" TEXT NOT NULL,
          "Username" TEXT NOT NULL,
          "DisplayName" TEXT NULL,
          "Bio" TEXT NOT NULL,
          "ProfileImageUrl" TEXT NULL,
          "CoverImageUrl" TEXT NULL,
          "SocialLinks" TEXT NULL,
          "CreatedAt" TEXT NOT NULL,
          "UpdatedAt" TEXT NOT NULL,
          CONSTRAINT "FK_Creators_AspNetUsers_UserId" FOREIGN KEY ("UserId") REFERENCES "AspNetUsers" ("Id") ON DELETE RESTRICT
      );
info: Microsoft.EntityFrameworkCore.Database.Command[20101]
      Executed DbCommand (0ms) [Parameters=[], CommandType='Text', CommandTimeout='30']
      CREATE TABLE "Payouts" (
          "Id" TEXT NOT NULL CONSTRAINT "PK_Payouts" PRIMARY KEY,
          "CreatorId" TEXT NOT NULL,
          "AmountCents" INTEGER NOT NULL,
          "Status" TEXT NOT NULL,
          "RequestedAt" TEXT NOT NULL,
          "CompletedAt" TEXT NULL,
          CONSTRAINT "FK_Payouts_AspNetUsers_CreatorId" FOREIGN KEY ("CreatorId") REFERENCES "AspNetUsers" ("Id") ON DELETE RESTRICT
      );
info: Microsoft.EntityFrameworkCore.Database.Command[20101]
      Executed DbCommand (0ms) [Parameters=[], CommandType='Text', CommandTimeout='30']
      CREATE TABLE "Subscriptions" (
          "Id" TEXT NOT NULL CONSTRAINT "PK_Subscriptions" PRIMARY KEY,
          "UserId" TEXT NOT NULL,
          "Plan" TEXT NOT NULL,
          "Status" TEXT NOT NULL,
          "StartedAt" TEXT NOT NULL,
          "ExpiresAt" TEXT NULL,
          CONSTRAINT "FK_Subscriptions_AspNetUsers_UserId" FOREIGN KEY ("UserId") REFERENCES "AspNetUsers" ("Id") ON DELETE CASCADE
      );
info: Microsoft.EntityFrameworkCore.Database.Command[20101]
      Executed DbCommand (1ms) [Parameters=[], CommandType='Text', CommandTimeout='30']
      CREATE TABLE "WalletTransactions" (
          "Id" TEXT NOT NULL CONSTRAINT "PK_WalletTransactions" PRIMARY KEY,
          "UserId" TEXT NOT NULL,
          "AmountCents" INTEGER NOT NULL,
          "Type" TEXT NOT NULL,
          "Description" TEXT NULL,
          "RelatedPurchaseId" TEXT NULL,
          "CreatedAt" TEXT NOT NULL,
          CONSTRAINT "FK_WalletTransactions_AspNetUsers_UserId" FOREIGN KEY ("UserId") REFERENCES "AspNetUsers" ("Id") ON DELETE CASCADE
      );
info: Microsoft.EntityFrameworkCore.Database.Command[20101]
      Executed DbCommand (1ms) [Parameters=[], CommandType='Text', CommandTimeout='30']
      CREATE TABLE "TrackCollections" (
          "Id" TEXT NOT NULL CONSTRAINT "PK_TrackCollections" PRIMARY KEY,
          "CreatorId" TEXT NOT NULL,
          "Title" TEXT NOT NULL,
          "Description" TEXT NULL,
          "CoverImageUrl" TEXT NULL,
          "TrackIds" TEXT NOT NULL,
          "CreatedAt" TEXT NOT NULL,
          "UpdatedAt" TEXT NOT NULL
      );
info: Microsoft.EntityFrameworkCore.Database.Command[20101]
      Executed DbCommand (1ms) [Parameters=[], CommandType='Text', CommandTimeout='30']
      CREATE TABLE "AspNetRoleClaims" (
          "Id" INTEGER NOT NULL CONSTRAINT "PK_AspNetRoleClaims" PRIMARY KEY AUTOINCREMENT,
          "RoleId" TEXT NOT NULL,
          "ClaimType" TEXT NULL,
          "ClaimValue" TEXT NULL,
          CONSTRAINT "FK_AspNetRoleClaims_AspNetRoles_RoleId" FOREIGN KEY ("RoleId") REFERENCES "AspNetRoles" ("Id") ON DELETE CASCADE
      );
info: Microsoft.EntityFrameworkCore.Database.Command[20101]
      Executed DbCommand (0ms) [Parameters=[], CommandType='Text', CommandTimeout='30']
      CREATE TABLE "AspNetUserClaims" (
          "Id" INTEGER NOT NULL CONSTRAINT "PK_AspNetUserClaims" PRIMARY KEY AUTOINCREMENT,
          "UserId" TEXT NOT NULL,
          "ClaimType" TEXT NULL,
          "ClaimValue" TEXT NULL,
          CONSTRAINT "FK_AspNetUserClaims_AspNetUsers_UserId" FOREIGN KEY ("UserId") REFERENCES "AspNetUsers" ("Id") ON DELETE CASCADE
      );
info: Microsoft.EntityFrameworkCore.Database.Command[20101]
      Executed DbCommand (0ms) [Parameters=[], CommandType='Text', CommandTimeout='30']
      CREATE TABLE "AspNetUserLogins" (
          "LoginProvider" TEXT NOT NULL,
          "ProviderKey" TEXT NOT NULL,
          "ProviderDisplayName" TEXT NULL,
          "UserId" TEXT NOT NULL,
          CONSTRAINT "PK_AspNetUserLogins" PRIMARY KEY ("LoginProvider", "ProviderKey"),
          CONSTRAINT "FK_AspNetUserLogins_AspNetUsers_UserId" FOREIGN KEY ("UserId") REFERENCES "AspNetUsers" ("Id") ON DELETE CASCADE
      );
info: Microsoft.EntityFrameworkCore.Database.Command[20101]
      Executed DbCommand (0ms) [Parameters=[], CommandType='Text', CommandTimeout='30']
      CREATE TABLE "AspNetUserRoles" (
          "UserId" TEXT NOT NULL,
          "RoleId" TEXT NOT NULL,
          CONSTRAINT "PK_AspNetUserRoles" PRIMARY KEY ("UserId", "RoleId"),
          CONSTRAINT "FK_AspNetUserRoles_AspNetRoles_RoleId" FOREIGN KEY ("RoleId") REFERENCES "AspNetRoles" ("Id") ON DELETE CASCADE,
          CONSTRAINT "FK_AspNetUserRoles_AspNetUsers_UserId" FOREIGN KEY ("UserId") REFERENCES "AspNetUsers" ("Id") ON DELETE CASCADE
      );
info: Microsoft.EntityFrameworkCore.Database.Command[20101]
      Executed DbCommand (0ms) [Parameters=[], CommandType='Text', CommandTimeout='30']
      CREATE TABLE "AspNetUserTokens" (
          "UserId" TEXT NOT NULL,
          "LoginProvider" TEXT NOT NULL,
          "Name" TEXT NOT NULL,
          "Value" TEXT NULL,
          CONSTRAINT "PK_AspNetUserTokens" PRIMARY KEY ("UserId", "LoginProvider", "Name"),
          CONSTRAINT "FK_AspNetUserTokens_AspNetUsers_UserId" FOREIGN KEY ("UserId") REFERENCES "AspNetUsers" ("Id") ON DELETE CASCADE
      );
info: Microsoft.EntityFrameworkCore.Database.Command[20101]
      Executed DbCommand (1ms) [Parameters=[], CommandType='Text', CommandTimeout='30']
      CREATE TABLE "Creators" (
          "Id" TEXT NOT NULL CONSTRAINT "PK_Creators" PRIMARY KEY,
          "UserId" TEXT NOT NULL,
          "Username" TEXT NOT NULL,
          "DisplayName" TEXT NULL,
          "Bio" TEXT NOT NULL,
          "ProfileImageUrl" TEXT NULL,
          "CoverImageUrl" TEXT NULL,
          "SocialLinks" TEXT NULL,
          "CreatedAt" TEXT NOT NULL,
          "UpdatedAt" TEXT NOT NULL,
          CONSTRAINT "FK_Creators_AspNetUsers_UserId" FOREIGN KEY ("UserId") REFERENCES "AspNetUsers" ("Id") ON DELETE RESTRICT
      );
info: Microsoft.EntityFrameworkCore.Database.Command[20101]
      Executed DbCommand (0ms) [Parameters=[], CommandType='Text', CommandTimeout='30']
      CREATE TABLE "FeatureFlags" (
          "Id" TEXT NOT NULL CONSTRAINT "PK_FeatureFlags" PRIMARY KEY,
          "Name" TEXT NOT NULL,
          "Enabled" INTEGER NOT NULL,
          "RolloutPercentage" INTEGER NOT NULL,
          "CreatedAt" TEXT NOT NULL,
          "UpdatedAt" TEXT NOT NULL
      );
info: Microsoft.EntityFrameworkCore.Database.Command[20101]
      Executed DbCommand (0ms) [Parameters=[], CommandType='Text', CommandTimeout='30']
      CREATE TABLE "StripeWebhookEvents" (
          "Id" TEXT NOT NULL CONSTRAINT "PK_StripeWebhookEvents" PRIMARY KEY,
          "EventId" TEXT NOT NULL,
          "EventType" TEXT NOT NULL,
          "Processed" INTEGER NOT NULL,
          "Payload" text NULL,
          "ProcessedAt" TEXT NOT NULL
      );
info: Microsoft.EntityFrameworkCore.Database.Command[20101]
      Executed DbCommand (0ms) [Parameters=[], CommandType='Text', CommandTimeout='30']
      CREATE TABLE "TrackCollections" (
          "Id" TEXT NOT NULL CONSTRAINT "PK_TrackCollections" PRIMARY KEY,
          "CreatorId" TEXT NOT NULL,
          "Title" TEXT NOT NULL,
          "Description" TEXT NULL,
          "CoverImageUrl" TEXT NULL,
          "TrackIds" TEXT NOT NULL,
          "CreatedAt" TEXT NOT NULL,
          "UpdatedAt" TEXT NOT NULL
      );
info: Microsoft.EntityFrameworkCore.Database.Command[20101]
      Executed DbCommand (0ms) [Parameters=[], CommandType='Text', CommandTimeout='30']
      CREATE TABLE "AspNetRoleClaims" (
          "Id" INTEGER NOT NULL CONSTRAINT "PK_AspNetRoleClaims" PRIMARY KEY AUTOINCREMENT,
          "RoleId" TEXT NOT NULL,
          "ClaimType" TEXT NULL,
          "ClaimValue" TEXT NULL,
          CONSTRAINT "FK_AspNetRoleClaims_AspNetRoles_RoleId" FOREIGN KEY ("RoleId") REFERENCES "AspNetRoles" ("Id") ON DELETE CASCADE
      );
info: Microsoft.EntityFrameworkCore.Database.Command[20101]
      Executed DbCommand (0ms) [Parameters=[], CommandType='Text', CommandTimeout='30']
      CREATE TABLE "AspNetUserClaims" (
          "Id" INTEGER NOT NULL CONSTRAINT "PK_AspNetUserClaims" PRIMARY KEY AUTOINCREMENT,
          "UserId" TEXT NOT NULL,
          "ClaimType" TEXT NULL,
          "ClaimValue" TEXT NULL,
          CONSTRAINT "FK_AspNetUserClaims_AspNetUsers_UserId" FOREIGN KEY ("UserId") REFERENCES "AspNetUsers" ("Id") ON DELETE CASCADE
      );
info: Microsoft.EntityFrameworkCore.Database.Command[20101]
      Executed DbCommand (0ms) [Parameters=[], CommandType='Text', CommandTimeout='30']
      CREATE TABLE "AspNetUserLogins" (
          "LoginProvider" TEXT NOT NULL,
          "ProviderKey" TEXT NOT NULL,
          "ProviderDisplayName" TEXT NULL,
          "UserId" TEXT NOT NULL,
          CONSTRAINT "PK_AspNetUserLogins" PRIMARY KEY ("LoginProvider", "ProviderKey"),
          CONSTRAINT "FK_AspNetUserLogins_AspNetUsers_UserId" FOREIGN KEY ("UserId") REFERENCES "AspNetUsers" ("Id") ON DELETE CASCADE
      );
info: Microsoft.EntityFrameworkCore.Database.Command[20101]
      Executed DbCommand (0ms) [Parameters=[], CommandType='Text', CommandTimeout='30']
      CREATE TABLE "AspNetUserRoles" (
          "UserId" TEXT NOT NULL,
          "RoleId" TEXT NOT NULL,
          CONSTRAINT "PK_AspNetUserRoles" PRIMARY KEY ("UserId", "RoleId"),
          CONSTRAINT "FK_AspNetUserRoles_AspNetRoles_RoleId" FOREIGN KEY ("RoleId") REFERENCES "AspNetRoles" ("Id") ON DELETE CASCADE,
          CONSTRAINT "FK_AspNetUserRoles_AspNetUsers_UserId" FOREIGN KEY ("UserId") REFERENCES "AspNetUsers" ("Id") ON DELETE CASCADE
      );
info: Microsoft.EntityFrameworkCore.Database.Command[20101]
      Executed DbCommand (0ms) [Parameters=[], CommandType='Text', CommandTimeout='30']
      CREATE TABLE "AspNetUserTokens" (
          "UserId" TEXT NOT NULL,
          "LoginProvider" TEXT NOT NULL,
          "Name" TEXT NOT NULL,
          "Value" TEXT NULL,
          CONSTRAINT "PK_AspNetUserTokens" PRIMARY KEY ("UserId", "LoginProvider", "Name"),
          CONSTRAINT "FK_AspNetUserTokens_AspNetUsers_UserId" FOREIGN KEY ("UserId") REFERENCES "AspNetUsers" ("Id") ON DELETE CASCADE
      );
info: Microsoft.EntityFrameworkCore.Database.Command[20101]
      Executed DbCommand (0ms) [Parameters=[], CommandType='Text', CommandTimeout='30']
      CREATE TABLE "Creators" (
          "Id" TEXT NOT NULL CONSTRAINT "PK_Creators" PRIMARY KEY,
          "UserId" TEXT NOT NULL,
          "Username" TEXT NOT NULL,
          "DisplayName" TEXT NULL,
          "Bio" TEXT NOT NULL,
          "ProfileImageUrl" TEXT NULL,
          "CoverImageUrl" TEXT NULL,
          "SocialLinks" TEXT NULL,
          "CreatedAt" TEXT NOT NULL,
          "UpdatedAt" TEXT NOT NULL,
          CONSTRAINT "FK_Creators_AspNetUsers_UserId" FOREIGN KEY ("UserId") REFERENCES "AspNetUsers" ("Id") ON DELETE RESTRICT
      );
info: Microsoft.EntityFrameworkCore.Database.Command[20101]
      Executed DbCommand (0ms) [Parameters=[], CommandType='Text', CommandTimeout='30']
      CREATE TABLE "Payouts" (
          "Id" TEXT NOT NULL CONSTRAINT "PK_Payouts" PRIMARY KEY,
          "CreatorId" TEXT NOT NULL,
          "AmountCents" INTEGER NOT NULL,
          "Status" TEXT NOT NULL,
          "RequestedAt" TEXT NOT NULL,
          "CompletedAt" TEXT NULL,
          CONSTRAINT "FK_Payouts_AspNetUsers_CreatorId" FOREIGN KEY ("CreatorId") REFERENCES "AspNetUsers" ("Id") ON DELETE RESTRICT
      );
info: Microsoft.EntityFrameworkCore.Database.Command[20101]
      Executed DbCommand (1ms) [Parameters=[], CommandType='Text', CommandTimeout='30']
      CREATE TABLE "Subscriptions" (
          "Id" TEXT NOT NULL CONSTRAINT "PK_Subscriptions" PRIMARY KEY,
          "UserId" TEXT NOT NULL,
          "Plan" TEXT NOT NULL,
          "Status" TEXT NOT NULL,
          "StartedAt" TEXT NOT NULL,
          "ExpiresAt" TEXT NULL,
          CONSTRAINT "FK_Subscriptions_AspNetUsers_UserId" FOREIGN KEY ("UserId") REFERENCES "AspNetUsers" ("Id") ON DELETE CASCADE
      );
info: Microsoft.EntityFrameworkCore.Database.Command[20101]
      Executed DbCommand (1ms) [Parameters=[], CommandType='Text', CommandTimeout='30']
      CREATE TABLE "WalletTransactions" (
          "Id" TEXT NOT NULL CONSTRAINT "PK_WalletTransactions" PRIMARY KEY,
          "UserId" TEXT NOT NULL,
          "AmountCents" INTEGER NOT NULL,
          "Type" TEXT NOT NULL,
          "Description" TEXT NULL,
          "RelatedPurchaseId" TEXT NULL,
          "CreatedAt" TEXT NOT NULL,
          CONSTRAINT "FK_WalletTransactions_AspNetUsers_UserId" FOREIGN KEY ("UserId") REFERENCES "AspNetUsers" ("Id") ON DELETE CASCADE
      );
info: Microsoft.EntityFrameworkCore.Database.Command[20101]
      Executed DbCommand (1ms) [Parameters=[], CommandType='Text', CommandTimeout='30']
      CREATE TABLE "Tracks" (
          "Id" TEXT NOT NULL CONSTRAINT "PK_Tracks" PRIMARY KEY,
          "CambrianTrackId" TEXT NOT NULL,
          "Title" TEXT NOT NULL,
          "Description" TEXT NULL,
          "Genre" TEXT NULL,
          "Mood" TEXT NULL,
          "Tempo" TEXT NULL,
          "Instrumental" INTEGER NOT NULL,
          "Price" TEXT NOT NULL,
          "Duration" TEXT NULL,
          "LicenseType" TEXT NULL,
          "AudioUrl" TEXT NULL,
          "CoverArtUrl" TEXT NULL,
          "NonExclusivePriceCents" INTEGER NOT NULL,
          "ExclusivePriceCents" INTEGER NOT NULL,
          "CopyrightBuyoutPriceCents" INTEGER NOT NULL,
          "ExclusiveSold" INTEGER NOT NULL,
          "Status" TEXT NOT NULL DEFAULT 'available',
          "CopyrightOwnerId" TEXT NULL,
          "CopyrightTransferredAt" TEXT NULL,
          "OriginalCreatorId" TEXT NULL,
          "Visibility" TEXT NOT NULL DEFAULT 'public',
          "CreatedAt" TEXT NOT NULL,
          "CreatorId" TEXT NOT NULL,
          "CreatorUuid" TEXT NULL,
          "Tags" TEXT NOT NULL,
          CONSTRAINT "FK_Tracks_AspNetUsers_CreatorId" FOREIGN KEY ("CreatorId") REFERENCES "AspNetUsers" ("Id") ON DELETE RESTRICT,
          CONSTRAINT "FK_Tracks_Creators_CreatorUuid" FOREIGN KEY ("CreatorUuid") REFERENCES "Creators" ("Id") ON DELETE RESTRICT
      );
info: Microsoft.EntityFrameworkCore.Database.Command[20101]
      Executed DbCommand (0ms) [Parameters=[], CommandType='Text', CommandTimeout='30']
      CREATE TABLE "FeatureFlags" (
          "Id" TEXT NOT NULL CONSTRAINT "PK_FeatureFlags" PRIMARY KEY,
          "Name" TEXT NOT NULL,
          "Enabled" INTEGER NOT NULL,
          "RolloutPercentage" INTEGER NOT NULL,
          "CreatedAt" TEXT NOT NULL,
          "UpdatedAt" TEXT NOT NULL
      );
info: Microsoft.EntityFrameworkCore.Database.Command[20101]
      Executed DbCommand (0ms) [Parameters=[], CommandType='Text', CommandTimeout='30']
      CREATE TABLE "StripeWebhookEvents" (
          "Id" TEXT NOT NULL CONSTRAINT "PK_StripeWebhookEvents" PRIMARY KEY,
          "EventId" TEXT NOT NULL,
          "EventType" TEXT NOT NULL,
          "Processed" INTEGER NOT NULL,
          "Payload" text NULL,
          "ProcessedAt" TEXT NOT NULL
      );
info: Microsoft.EntityFrameworkCore.Database.Command[20101]
      Executed DbCommand (0ms) [Parameters=[], CommandType='Text', CommandTimeout='30']
      CREATE TABLE "AspNetUserTokens" (
          "UserId" TEXT NOT NULL,
          "LoginProvider" TEXT NOT NULL,
          "Name" TEXT NOT NULL,
          "Value" TEXT NULL,
          CONSTRAINT "PK_AspNetUserTokens" PRIMARY KEY ("UserId", "LoginProvider", "Name"),
          CONSTRAINT "FK_AspNetUserTokens_AspNetUsers_UserId" FOREIGN KEY ("UserId") REFERENCES "AspNetUsers" ("Id") ON DELETE CASCADE
      );
info: Microsoft.EntityFrameworkCore.Database.Command[20101]
      Executed DbCommand (0ms) [Parameters=[], CommandType='Text', CommandTimeout='30']
      CREATE TABLE "Payouts" (
          "Id" TEXT NOT NULL CONSTRAINT "PK_Payouts" PRIMARY KEY,
          "CreatorId" TEXT NOT NULL,
          "AmountCents" INTEGER NOT NULL,
          "Status" TEXT NOT NULL,
          "RequestedAt" TEXT NOT NULL,
          "CompletedAt" TEXT NULL,
          CONSTRAINT "FK_Payouts_AspNetUsers_CreatorId" FOREIGN KEY ("CreatorId") REFERENCES "AspNetUsers" ("Id") ON DELETE RESTRICT
      );
info: Microsoft.EntityFrameworkCore.Database.Command[20101]
      Executed DbCommand (0ms) [Parameters=[], CommandType='Text', CommandTimeout='30']
      CREATE TABLE "Creators" (
          "Id" TEXT NOT NULL CONSTRAINT "PK_Creators" PRIMARY KEY,
          "UserId" TEXT NOT NULL,
          "Username" TEXT NOT NULL,
          "DisplayName" TEXT NULL,
          "Bio" TEXT NOT NULL,
          "ProfileImageUrl" TEXT NULL,
          "CoverImageUrl" TEXT NULL,
          "SocialLinks" TEXT NULL,
          "CreatedAt" TEXT NOT NULL,
          "UpdatedAt" TEXT NOT NULL,
          CONSTRAINT "FK_Creators_AspNetUsers_UserId" FOREIGN KEY ("UserId") REFERENCES "AspNetUsers" ("Id") ON DELETE RESTRICT
      );
info: Microsoft.EntityFrameworkCore.Database.Command[20101]
      Executed DbCommand (1ms) [Parameters=[], CommandType='Text', CommandTimeout='30']
      CREATE TABLE "Tracks" (
          "Id" TEXT NOT NULL CONSTRAINT "PK_Tracks" PRIMARY KEY,
          "CambrianTrackId" TEXT NOT NULL,
          "Title" TEXT NOT NULL,
          "Description" TEXT NULL,
          "Genre" TEXT NULL,
          "Mood" TEXT NULL,
          "Tempo" TEXT NULL,
          "Instrumental" INTEGER NOT NULL,
          "Price" TEXT NOT NULL,
          "Duration" TEXT NULL,
          "LicenseType" TEXT NULL,
          "AudioUrl" TEXT NULL,
          "CoverArtUrl" TEXT NULL,
          "NonExclusivePriceCents" INTEGER NOT NULL,
          "ExclusivePriceCents" INTEGER NOT NULL,
          "CopyrightBuyoutPriceCents" INTEGER NOT NULL,
          "ExclusiveSold" INTEGER NOT NULL,
          "Status" TEXT NOT NULL DEFAULT 'available',
          "CopyrightOwnerId" TEXT NULL,
          "CopyrightTransferredAt" TEXT NULL,
          "OriginalCreatorId" TEXT NULL,
          "Visibility" TEXT NOT NULL DEFAULT 'public',
          "CreatedAt" TEXT NOT NULL,
          "CreatorId" TEXT NOT NULL,
  Passed Cambrian.Api.Tests.WebhookControllerTests.Stripe_ReturnsBadRequest_WhenSignatureVerificationFails [1 ms]
          "CreatorUuid" TEXT NULL,
  Passed Cambrian.Api.Tests.WebhookControllerTests.Stripe_ReturnsBadRequest_WhenStripeExceptionThrown [< 1 ms]
          "Tags" TEXT NOT NULL,
  Passed Cambrian.Api.Tests.DatabaseConsistencyTests.ExclusivePurchase_MarksTrackAsSold [527 ms]
  Passed Cambrian.Api.Tests.DatabaseConsistencyTests.NonExclusive_AllowsMultipleBuyers [62 ms]
  Passed Cambrian.Api.Tests.PurchaseJourneyTests.ExclusivePurchase_TransfersCopyright [771 ms]
  Passed Cambrian.Api.Tests.DatabaseConsistencyTests.SubscriptionUpgrade_CancelsOldAndCreatesNew [29 ms]
  Passed Cambrian.Api.Tests.DatabaseConsistencyTests.WalletTransactions_NetBalance_IsCorrect [17 ms]
  Passed Cambrian.Api.Tests.StripeWebhookServiceTests.HandleStripeAsync_Dev_ProcessesCheckoutSession [612 ms]
          CONSTRAINT "FK_Tracks_AspNetUsers_CreatorId" FOREIGN KEY ("CreatorId") REFERENCES "AspNetUsers" ("Id") ON DELETE RESTRICT,
          CONSTRAINT "FK_Tracks_Creators_CreatorUuid" FOREIGN KEY ("CreatorUuid") REFERENCES "Creators" ("Id") ON DELETE RESTRICT
      );
info: Microsoft.EntityFrameworkCore.Database.Command[20101]
      Executed DbCommand (0ms) [Parameters=[], CommandType='Text', CommandTimeout='30']
      CREATE TABLE "AbuseReports" (
          "Id" TEXT NOT NULL CONSTRAINT "PK_AbuseReports" PRIMARY KEY,
          "TrackId" TEXT NOT NULL,
          "Reason" TEXT NOT NULL,
          "Status" TEXT NOT NULL,
          "ReportedAt" TEXT NOT NULL,
          "ReportedByUserId" TEXT NULL,
          CONSTRAINT "FK_AbuseReports_Tracks_TrackId" FOREIGN KEY ("TrackId") REFERENCES "Tracks" ("Id") ON DELETE CASCADE
      );
info: Microsoft.EntityFrameworkCore.Database.Command[20101]
      Executed DbCommand (0ms) [Parameters=[], CommandType='Text', CommandTimeout='30']
      CREATE TABLE "StreamSessions" (
          "Id" TEXT NOT NULL CONSTRAINT "PK_StreamSessions" PRIMARY KEY,
          "TrackId" TEXT NOT NULL,
          "UserId" TEXT NULL,
          "Title" TEXT NULL,
          "StartedAt" TEXT NOT NULL,
          "StoppedAt" TEXT NULL,
          CONSTRAINT "FK_StreamSessions_Tracks_TrackId" FOREIGN KEY ("TrackId") REFERENCES "Tracks" ("Id") ON DELETE CASCADE
      );
info: Microsoft.EntityFrameworkCore.Database.Command[20101]
      Executed DbCommand (0ms) [Parameters=[], CommandType='Text', CommandTimeout='30']
      CREATE TABLE "Invoices" (
          "Id" TEXT NOT NULL CONSTRAINT "PK_Invoices" PRIMARY KEY,
          "UserId" TEXT NOT NULL,
          "PurchaseId" TEXT NOT NULL,
          "AmountCents" INTEGER NOT NULL,
          "Currency" TEXT NOT NULL,
          "Status" TEXT NOT NULL,
          "IssuedAt" TEXT NOT NULL,
          "PaidAt" TEXT NULL,
          CONSTRAINT "FK_Invoices_AspNetUsers_UserId" FOREIGN KEY ("UserId") REFERENCES "AspNetUsers" ("Id") ON DELETE CASCADE,
          CONSTRAINT "FK_Invoices_Purchases_PurchaseId" FOREIGN KEY ("PurchaseId") REFERENCES "Purchases" ("Id") ON DELETE RESTRICT
      );
info: Microsoft.EntityFrameworkCore.Database.Command[20101]
      Executed DbCommand (1ms) [Parameters=[], CommandType='Text', CommandTimeout='30']
      CREATE TABLE "Library" (
          "Id" TEXT NOT NULL CONSTRAINT "PK_Library" PRIMARY KEY,
          "UserId" TEXT NOT NULL,
          "TrackId" TEXT NOT NULL,
          "PurchaseId" TEXT NULL,
          "Title" TEXT NULL,
          "Artist" TEXT NULL,
          "AudioUrl" TEXT NULL,
          "SavedAt" TEXT NOT NULL,
          CONSTRAINT "FK_Library_AspNetUsers_UserId" FOREIGN KEY ("UserId") REFERENCES "AspNetUsers" ("Id") ON DELETE CASCADE,
          CONSTRAINT "FK_Library_Tracks_TrackId" FOREIGN KEY ("TrackId") REFERENCES "Tracks" ("Id") ON DELETE RESTRICT,
          CONSTRAINT "FK_Library_Purchases_PurchaseId" FOREIGN KEY ("PurchaseId") REFERENCES "Purchases" ("Id") ON DELETE SET NULL
      );
info: Microsoft.EntityFrameworkCore.Database.Command[20101]
      Executed DbCommand (0ms) [Parameters=[], CommandType='Text', CommandTimeout='30']
      CREATE TABLE "Subscriptions" (
          "Id" TEXT NOT NULL CONSTRAINT "PK_Subscriptions" PRIMARY KEY,
          "UserId" TEXT NOT NULL,
          "Plan" TEXT NOT NULL,
          "Status" TEXT NOT NULL,
          "StartedAt" TEXT NOT NULL,
          "ExpiresAt" TEXT NULL,
          CONSTRAINT "FK_Subscriptions_AspNetUsers_UserId" FOREIGN KEY ("UserId") REFERENCES "AspNetUsers" ("Id") ON DELETE CASCADE
      );
info: Microsoft.EntityFrameworkCore.Database.Command[20101]
      Executed DbCommand (0ms) [Parameters=[], CommandType='Text', CommandTimeout='30']
      CREATE TABLE "WalletTransactions" (
          "Id" TEXT NOT NULL CONSTRAINT "PK_WalletTransactions" PRIMARY KEY,
          "UserId" TEXT NOT NULL,
          "AmountCents" INTEGER NOT NULL,
          "Type" TEXT NOT NULL,
          "Description" TEXT NULL,
          "RelatedPurchaseId" TEXT NULL,
          "CreatedAt" TEXT NOT NULL,
          CONSTRAINT "FK_WalletTransactions_AspNetUsers_UserId" FOREIGN KEY ("UserId") REFERENCES "AspNetUsers" ("Id") ON DELETE CASCADE
      );
info: Microsoft.EntityFrameworkCore.Database.Command[20101]
      Executed DbCommand (1ms) [Parameters=[], CommandType='Text', CommandTimeout='30']
      CREATE TABLE "Tracks" (
          "Id" TEXT NOT NULL CONSTRAINT "PK_Tracks" PRIMARY KEY,
          "CambrianTrackId" TEXT NOT NULL,
          "Title" TEXT NOT NULL,
          "Description" TEXT NULL,
          "Genre" TEXT NULL,
          "Mood" TEXT NULL,
          "Tempo" TEXT NULL,
          "Instrumental" INTEGER NOT NULL,
          "Price" TEXT NOT NULL,
          "Duration" TEXT NULL,
          "LicenseType" TEXT NULL,
          "AudioUrl" TEXT NULL,
          "CoverArtUrl" TEXT NULL,
          "NonExclusivePriceCents" INTEGER NOT NULL,
          "ExclusivePriceCents" INTEGER NOT NULL,
          "CopyrightBuyoutPriceCents" INTEGER NOT NULL,
          "ExclusiveSold" INTEGER NOT NULL,
          "Status" TEXT NOT NULL DEFAULT 'available',
          "CopyrightOwnerId" TEXT NULL,
          "CopyrightTransferredAt" TEXT NULL,
          "OriginalCreatorId" TEXT NULL,
          "Visibility" TEXT NOT NULL DEFAULT 'public',
          "CreatedAt" TEXT NOT NULL,
          "CreatorId" TEXT NOT NULL,
          "CreatorUuid" TEXT NULL,
          "Tags" TEXT NOT NULL,
          CONSTRAINT "FK_Tracks_AspNetUsers_CreatorId" FOREIGN KEY ("CreatorId") REFERENCES "AspNetUsers" ("Id") ON DELETE RESTRICT,
          CONSTRAINT "FK_Tracks_Creators_CreatorUuid" FOREIGN KEY ("CreatorUuid") REFERENCES "Creators" ("Id") ON DELETE RESTRICT
      );
info: Microsoft.EntityFrameworkCore.Database.Command[20101]
      Executed DbCommand (0ms) [Parameters=[], CommandType='Text', CommandTimeout='30']
      CREATE TABLE "AbuseReports" (
          "Id" TEXT NOT NULL CONSTRAINT "PK_AbuseReports" PRIMARY KEY,
          "TrackId" TEXT NOT NULL,
          "Reason" TEXT NOT NULL,
          "Status" TEXT NOT NULL,
          "ReportedAt" TEXT NOT NULL,
          "ReportedByUserId" TEXT NULL,
          CONSTRAINT "FK_AbuseReports_Tracks_TrackId" FOREIGN KEY ("TrackId") REFERENCES "Tracks" ("Id") ON DELETE CASCADE
      );
info: Microsoft.EntityFrameworkCore.Database.Command[20101]
      Executed DbCommand (0ms) [Parameters=[], CommandType='Text', CommandTimeout='30']
      CREATE TABLE "StreamSessions" (
          "Id" TEXT NOT NULL CONSTRAINT "PK_StreamSessions" PRIMARY KEY,
          "TrackId" TEXT NOT NULL,
          "UserId" TEXT NULL,
          "Title" TEXT NULL,
          "StartedAt" TEXT NOT NULL,
          "StoppedAt" TEXT NULL,
          CONSTRAINT "FK_StreamSessions_Tracks_TrackId" FOREIGN KEY ("TrackId") REFERENCES "Tracks" ("Id") ON DELETE CASCADE
      );
info: Microsoft.EntityFrameworkCore.Database.Command[20101]
      Executed DbCommand (0ms) [Parameters=[], CommandType='Text', CommandTimeout='30']
      CREATE TABLE "Invoices" (
          "Id" TEXT NOT NULL CONSTRAINT "PK_Invoices" PRIMARY KEY,
          "UserId" TEXT NOT NULL,
          "PurchaseId" TEXT NOT NULL,
          "AmountCents" INTEGER NOT NULL,
          "Currency" TEXT NOT NULL,
          "Status" TEXT NOT NULL,
          "IssuedAt" TEXT NOT NULL,
          "PaidAt" TEXT NULL,
          CONSTRAINT "FK_Invoices_AspNetUsers_UserId" FOREIGN KEY ("UserId") REFERENCES "AspNetUsers" ("Id") ON DELETE CASCADE,
          CONSTRAINT "FK_Invoices_Purchases_PurchaseId" FOREIGN KEY ("PurchaseId") REFERENCES "Purchases" ("Id") ON DELETE RESTRICT
      );
info: Microsoft.EntityFrameworkCore.Database.Command[20101]
      Executed DbCommand (0ms) [Parameters=[], CommandType='Text', CommandTimeout='30']
      CREATE TABLE "Library" (
          "Id" TEXT NOT NULL CONSTRAINT "PK_Library" PRIMARY KEY,
          "UserId" TEXT NOT NULL,
          "TrackId" TEXT NOT NULL,
          "PurchaseId" TEXT NULL,
          "Title" TEXT NULL,
          "Artist" TEXT NULL,
          "AudioUrl" TEXT NULL,
          "SavedAt" TEXT NOT NULL,
          CONSTRAINT "FK_Library_AspNetUsers_UserId" FOREIGN KEY ("UserId") REFERENCES "AspNetUsers" ("Id") ON DELETE CASCADE,
          CONSTRAINT "FK_Library_Tracks_TrackId" FOREIGN KEY ("TrackId") REFERENCES "Tracks" ("Id") ON DELETE RESTRICT,
          CONSTRAINT "FK_Library_Purchases_PurchaseId" FOREIGN KEY ("PurchaseId") REFERENCES "Purchases" ("Id") ON DELETE SET NULL
      );
info: Microsoft.EntityFrameworkCore.Database.Command[20101]
      Executed DbCommand (1ms) [Parameters=[], CommandType='Text', CommandTimeout='30']
      CREATE TABLE "LicenseCertificates" (
          "Id" TEXT NOT NULL CONSTRAINT "PK_LicenseCertificates" PRIMARY KEY,
          "TrackId" TEXT NOT NULL,
          "BuyerId" TEXT NOT NULL,
          "CreatorId" TEXT NOT NULL,
          "PurchaseId" TEXT NOT NULL,
          "LicenseType" TEXT NOT NULL,
          "UsageType" TEXT NOT NULL DEFAULT 'personal',
          "IssuedAt" TEXT NOT NULL,
          "AllowedUses" TEXT NULL,
          "Restrictions" TEXT NULL,
          "CopyrightOwner" TEXT NULL,
          CONSTRAINT "FK_LicenseCertificates_AspNetUsers_BuyerId" FOREIGN KEY ("BuyerId") REFERENCES "AspNetUsers" ("Id") ON DELETE RESTRICT,
          CONSTRAINT "FK_LicenseCertificates_AspNetUsers_CreatorId" FOREIGN KEY ("CreatorId") REFERENCES "AspNetUsers" ("Id") ON DELETE RESTRICT,
          CONSTRAINT "FK_LicenseCertificates_Purchases_PurchaseId" FOREIGN KEY ("PurchaseId") REFERENCES "Purchases" ("Id") ON DELETE RESTRICT
      );
info: Microsoft.EntityFrameworkCore.Database.Command[20101]
      Executed DbCommand (0ms) [Parameters=[], CommandType='Text', CommandTimeout='30']
      CREATE TABLE "Purchases" (
          "Id" TEXT NOT NULL CONSTRAINT "PK_Purchases" PRIMARY KEY,
          "BuyerId" TEXT NOT NULL,
          "TrackId" TEXT NOT NULL,
          "AmountCents" INTEGER NOT NULL,
          "PaymentMethod" TEXT NULL,
          "LicenseType" TEXT NULL,
          "Status" TEXT NOT NULL,
          "UsageType" TEXT NOT NULL DEFAULT 'personal',
          "StripeSessionId" TEXT NULL,
          "LicenseId" TEXT NULL,
          "CompletedAt" TEXT NULL,
          "ExpiresAt" TEXT NULL,
          "CreatedAt" TEXT NOT NULL,
          "UpdatedAt" TEXT NULL,
          CONSTRAINT "FK_Purchases_AspNetUsers_BuyerId" FOREIGN KEY ("BuyerId") REFERENCES "AspNetUsers" ("Id") ON DELETE RESTRICT,
          CONSTRAINT "FK_Purchases_LicenseCertificates_LicenseId" FOREIGN KEY ("LicenseId") REFERENCES "LicenseCertificates" ("Id") ON DELETE SET NULL,
          CONSTRAINT "FK_Purchases_Tracks_TrackId" FOREIGN KEY ("TrackId") REFERENCES "Tracks" ("Id") ON DELETE RESTRICT
      );
info: Microsoft.EntityFrameworkCore.Database.Command[20101]
      Executed DbCommand (0ms) [Parameters=[], CommandType='Text', CommandTimeout='30']
      CREATE INDEX "IX_AbuseReports_TrackId" ON "AbuseReports" ("TrackId");
info: Microsoft.EntityFrameworkCore.Database.Command[20101]
      Executed DbCommand (1ms) [Parameters=[], CommandType='Text', CommandTimeout='30']
      CREATE TABLE "TrackCollections" (
          "Id" TEXT NOT NULL CONSTRAINT "PK_TrackCollections" PRIMARY KEY,
          "CreatorId" TEXT NOT NULL,
          "Title" TEXT NOT NULL,
          "Description" TEXT NULL,
          "CoverImageUrl" TEXT NULL,
          "TrackIds" TEXT NOT NULL,
          "CreatedAt" TEXT NOT NULL,
          "UpdatedAt" TEXT NOT NULL
      );
info: Microsoft.EntityFrameworkCore.Database.Command[20101]
      Executed DbCommand (1ms) [Parameters=[], CommandType='Text', CommandTimeout='30']
      CREATE TABLE "AspNetRoleClaims" (
          "Id" INTEGER NOT NULL CONSTRAINT "PK_AspNetRoleClaims" PRIMARY KEY AUTOINCREMENT,
          "RoleId" TEXT NOT NULL,
          "ClaimType" TEXT NULL,
          "ClaimValue" TEXT NULL,
          CONSTRAINT "FK_AspNetRoleClaims_AspNetRoles_RoleId" FOREIGN KEY ("RoleId") REFERENCES "AspNetRoles" ("Id") ON DELETE CASCADE
      );
info: Microsoft.EntityFrameworkCore.Database.Command[20101]
      Executed DbCommand (0ms) [Parameters=[], CommandType='Text', CommandTimeout='30']
      CREATE TABLE "LicenseCertificates" (
          "Id" TEXT NOT NULL CONSTRAINT "PK_LicenseCertificates" PRIMARY KEY,
          "TrackId" TEXT NOT NULL,
          "BuyerId" TEXT NOT NULL,
          "CreatorId" TEXT NOT NULL,
          "PurchaseId" TEXT NOT NULL,
          "LicenseType" TEXT NOT NULL,
          "UsageType" TEXT NOT NULL DEFAULT 'personal',
          "IssuedAt" TEXT NOT NULL,
          "AllowedUses" TEXT NULL,
          "Restrictions" TEXT NULL,
          "CopyrightOwner" TEXT NULL,
          CONSTRAINT "FK_LicenseCertificates_AspNetUsers_BuyerId" FOREIGN KEY ("BuyerId") REFERENCES "AspNetUsers" ("Id") ON DELETE RESTRICT,
          CONSTRAINT "FK_LicenseCertificates_AspNetUsers_CreatorId" FOREIGN KEY ("CreatorId") REFERENCES "AspNetUsers" ("Id") ON DELETE RESTRICT,
          CONSTRAINT "FK_LicenseCertificates_Purchases_PurchaseId" FOREIGN KEY ("PurchaseId") REFERENCES "Purchases" ("Id") ON DELETE RESTRICT
      );
info: Microsoft.EntityFrameworkCore.Database.Command[20101]
      Executed DbCommand (0ms) [Parameters=[], CommandType='Text', CommandTimeout='30']
      CREATE TABLE "Purchases" (
          "Id" TEXT NOT NULL CONSTRAINT "PK_Purchases" PRIMARY KEY,
          "BuyerId" TEXT NOT NULL,
          "TrackId" TEXT NOT NULL,
          "AmountCents" INTEGER NOT NULL,
          "PaymentMethod" TEXT NULL,
          "LicenseType" TEXT NULL,
          "Status" TEXT NOT NULL,
          "UsageType" TEXT NOT NULL DEFAULT 'personal',
          "StripeSessionId" TEXT NULL,
          "LicenseId" TEXT NULL,
          "CompletedAt" TEXT NULL,
          "ExpiresAt" TEXT NULL,
          "CreatedAt" TEXT NOT NULL,
          "UpdatedAt" TEXT NULL,
          CONSTRAINT "FK_Purchases_AspNetUsers_BuyerId" FOREIGN KEY ("BuyerId") REFERENCES "AspNetUsers" ("Id") ON DELETE RESTRICT,
          CONSTRAINT "FK_Purchases_LicenseCertificates_LicenseId" FOREIGN KEY ("LicenseId") REFERENCES "LicenseCertificates" ("Id") ON DELETE SET NULL,
          CONSTRAINT "FK_Purchases_Tracks_TrackId" FOREIGN KEY ("TrackId") REFERENCES "Tracks" ("Id") ON DELETE RESTRICT
      );
info: Microsoft.EntityFrameworkCore.Database.Command[20101]
      Executed DbCommand (0ms) [Parameters=[], CommandType='Text', CommandTimeout='30']
      CREATE INDEX "IX_AbuseReports_TrackId" ON "AbuseReports" ("TrackId");
info: Microsoft.EntityFrameworkCore.Database.Command[20101]
      Executed DbCommand (0ms) [Parameters=[], CommandType='Text', CommandTimeout='30']
      CREATE INDEX "IX_AnalyticsEvents_CreatedAt" ON "AnalyticsEvents" ("CreatedAt");
info: Microsoft.EntityFrameworkCore.Database.Command[20101]
      Executed DbCommand (0ms) [Parameters=[], CommandType='Text', CommandTimeout='30']
      CREATE INDEX "IX_AnalyticsEvents_EventType" ON "AnalyticsEvents" ("EventType");
info: Microsoft.EntityFrameworkCore.Database.Command[20101]
      Executed DbCommand (0ms) [Parameters=[], CommandType='Text', CommandTimeout='30']
      CREATE INDEX "IX_AspNetRoleClaims_RoleId" ON "AspNetRoleClaims" ("RoleId");
info: Microsoft.EntityFrameworkCore.Database.Command[20101]
      Executed DbCommand (0ms) [Parameters=[], CommandType='Text', CommandTimeout='30']
      CREATE UNIQUE INDEX "RoleNameIndex" ON "AspNetRoles" ("NormalizedName");
info: Microsoft.EntityFrameworkCore.Database.Command[20101]
      Executed DbCommand (0ms) [Parameters=[], CommandType='Text', CommandTimeout='30']
      CREATE INDEX "IX_AspNetUserClaims_UserId" ON "AspNetUserClaims" ("UserId");
info: Microsoft.EntityFrameworkCore.Database.Command[20101]
      Executed DbCommand (0ms) [Parameters=[], CommandType='Text', CommandTimeout='30']
      CREATE INDEX "IX_AspNetUserLogins_UserId" ON "AspNetUserLogins" ("UserId");
info: Microsoft.EntityFrameworkCore.Database.Command[20101]
      Executed DbCommand (0ms) [Parameters=[], CommandType='Text', CommandTimeout='30']
      CREATE INDEX "IX_AspNetUserRoles_RoleId" ON "AspNetUserRoles" ("RoleId");
info: Microsoft.EntityFrameworkCore.Database.Command[20101]
      Executed DbCommand (0ms) [Parameters=[], CommandType='Text', CommandTimeout='30']
      CREATE INDEX "EmailIndex" ON "AspNetUsers" ("NormalizedEmail");
info: Microsoft.EntityFrameworkCore.Database.Command[20101]
      Executed DbCommand (0ms) [Parameters=[], CommandType='Text', CommandTimeout='30']
      CREATE UNIQUE INDEX "UserNameIndex" ON "AspNetUsers" ("NormalizedUserName");
info: Microsoft.EntityFrameworkCore.Database.Command[20101]
      Executed DbCommand (0ms) [Parameters=[], CommandType='Text', CommandTimeout='30']
      CREATE UNIQUE INDEX "IX_CreatorProfiles_Slug" ON "CreatorProfiles" ("Slug");
info: Microsoft.EntityFrameworkCore.Database.Command[20101]
      Executed DbCommand (0ms) [Parameters=[], CommandType='Text', CommandTimeout='30']
      CREATE UNIQUE INDEX "IX_CreatorProfiles_UserId" ON "CreatorProfiles" ("UserId");
info: Microsoft.EntityFrameworkCore.Database.Command[20101]
      Executed DbCommand (0ms) [Parameters=[], CommandType='Text', CommandTimeout='30']
      CREATE UNIQUE INDEX "IX_Creators_UserId" ON "Creators" ("UserId");
info: Microsoft.EntityFrameworkCore.Database.Command[20101]
      Executed DbCommand (0ms) [Parameters=[], CommandType='Text', CommandTimeout='30']
      CREATE UNIQUE INDEX "IX_Creators_Username" ON "Creators" ("Username");
info: Microsoft.EntityFrameworkCore.Database.Command[20101]
      Executed DbCommand (0ms) [Parameters=[], CommandType='Text', CommandTimeout='30']
      CREATE UNIQUE INDEX "IX_FeatureFlags_Name" ON "FeatureFlags" ("Name");
info: Microsoft.EntityFrameworkCore.Database.Command[20101]
      Executed DbCommand (0ms) [Parameters=[], CommandType='Text', CommandTimeout='30']
      CREATE INDEX "IX_Invoices_PurchaseId" ON "Invoices" ("PurchaseId");
info: Microsoft.EntityFrameworkCore.Database.Command[20101]
      Executed DbCommand (0ms) [Parameters=[], CommandType='Text', CommandTimeout='30']
      CREATE INDEX "IX_Invoices_UserId" ON "Invoices" ("UserId");
info: Microsoft.EntityFrameworkCore.Database.Command[20101]
      Executed DbCommand (0ms) [Parameters=[], CommandType='Text', CommandTimeout='30']
      CREATE INDEX "IX_Library_PurchaseId" ON "Library" ("PurchaseId");
info: Microsoft.EntityFrameworkCore.Database.Command[20101]
      Executed DbCommand (0ms) [Parameters=[], CommandType='Text', CommandTimeout='30']
      CREATE INDEX "IX_Library_TrackId" ON "Library" ("TrackId");
info: Microsoft.EntityFrameworkCore.Database.Command[20101]
      Executed DbCommand (0ms) [Parameters=[], CommandType='Text', CommandTimeout='30']
      CREATE UNIQUE INDEX "IX_Library_UserId_TrackId" ON "Library" ("UserId", "TrackId");
info: Microsoft.EntityFrameworkCore.Database.Command[20101]
      Executed DbCommand (0ms) [Parameters=[], CommandType='Text', CommandTimeout='30']
      CREATE INDEX "IX_LicenseCertificates_BuyerId" ON "LicenseCertificates" ("BuyerId");
info: Microsoft.EntityFrameworkCore.Database.Command[20101]
      Executed DbCommand (0ms) [Parameters=[], CommandType='Text', CommandTimeout='30']
      CREATE INDEX "IX_LicenseCertificates_CreatorId" ON "LicenseCertificates" ("CreatorId");
info: Microsoft.EntityFrameworkCore.Database.Command[20101]
      Executed DbCommand (0ms) [Parameters=[], CommandType='Text', CommandTimeout='30']
      CREATE TABLE "Payouts" (
          "Id" TEXT NOT NULL CONSTRAINT "PK_Payouts" PRIMARY KEY,
          "CreatorId" TEXT NOT NULL,
          "AmountCents" INTEGER NOT NULL,
          "Status" TEXT NOT NULL,
          "RequestedAt" TEXT NOT NULL,
          "CompletedAt" TEXT NULL,
          CONSTRAINT "FK_Payouts_AspNetUsers_CreatorId" FOREIGN KEY ("CreatorId") REFERENCES "AspNetUsers" ("Id") ON DELETE RESTRICT
      );
info: Microsoft.EntityFrameworkCore.Database.Command[20101]
      Executed DbCommand (0ms) [Parameters=[], CommandType='Text', CommandTimeout='30']
      CREATE TABLE "Subscriptions" (
          "Id" TEXT NOT NULL CONSTRAINT "PK_Subscriptions" PRIMARY KEY,
          "UserId" TEXT NOT NULL,
          "Plan" TEXT NOT NULL,
          "Status" TEXT NOT NULL,
          "StartedAt" TEXT NOT NULL,
          "ExpiresAt" TEXT NULL,
          CONSTRAINT "FK_Subscriptions_AspNetUsers_UserId" FOREIGN KEY ("UserId") REFERENCES "AspNetUsers" ("Id") ON DELETE CASCADE
      );
info: Microsoft.EntityFrameworkCore.Database.Command[20101]
      Executed DbCommand (0ms) [Parameters=[], CommandType='Text', CommandTimeout='30']
      CREATE TABLE "WalletTransactions" (
          "Id" TEXT NOT NULL CONSTRAINT "PK_WalletTransactions" PRIMARY KEY,
          "UserId" TEXT NOT NULL,
          "AmountCents" INTEGER NOT NULL,
          "Type" TEXT NOT NULL,
          "Description" TEXT NULL,
          "RelatedPurchaseId" TEXT NULL,
          "CreatedAt" TEXT NOT NULL,
          CONSTRAINT "FK_WalletTransactions_AspNetUsers_UserId" FOREIGN KEY ("UserId") REFERENCES "AspNetUsers" ("Id") ON DELETE CASCADE
      );
info: Microsoft.EntityFrameworkCore.Database.Command[20101]
      Executed DbCommand (1ms) [Parameters=[], CommandType='Text', CommandTimeout='30']
      CREATE TABLE "Tracks" (
          "Id" TEXT NOT NULL CONSTRAINT "PK_Tracks" PRIMARY KEY,
          "CambrianTrackId" TEXT NOT NULL,
          "Title" TEXT NOT NULL,
          "Description" TEXT NULL,
          "Genre" TEXT NULL,
          "Mood" TEXT NULL,
          "Tempo" TEXT NULL,
          "Instrumental" INTEGER NOT NULL,
          "Price" TEXT NOT NULL,
          "Duration" TEXT NULL,
          "LicenseType" TEXT NULL,
          "AudioUrl" TEXT NULL,
          "CoverArtUrl" TEXT NULL,
          "NonExclusivePriceCents" INTEGER NOT NULL,
          "ExclusivePriceCents" INTEGER NOT NULL,
          "CopyrightBuyoutPriceCents" INTEGER NOT NULL,
          "ExclusiveSold" INTEGER NOT NULL,
          "Status" TEXT NOT NULL DEFAULT 'available',
          "CopyrightOwnerId" TEXT NULL,
          "CopyrightTransferredAt" TEXT NULL,
          "OriginalCreatorId" TEXT NULL,
          "Visibility" TEXT NOT NULL DEFAULT 'public',
          "CreatedAt" TEXT NOT NULL,
          "CreatorId" TEXT NOT NULL,
          "CreatorUuid" TEXT NULL,
          "Tags" TEXT NOT NULL,
          CONSTRAINT "FK_Tracks_AspNetUsers_CreatorId" FOREIGN KEY ("CreatorId") REFERENCES "AspNetUsers" ("Id") ON DELETE RESTRICT,
          CONSTRAINT "FK_Tracks_Creators_CreatorUuid" FOREIGN KEY ("CreatorUuid") REFERENCES "Creators" ("Id") ON DELETE RESTRICT
      );
info: Microsoft.EntityFrameworkCore.Database.Command[20101]
      Executed DbCommand (0ms) [Parameters=[], CommandType='Text', CommandTimeout='30']
      CREATE TABLE "AbuseReports" (
          "Id" TEXT NOT NULL CONSTRAINT "PK_AbuseReports" PRIMARY KEY,
          "TrackId" TEXT NOT NULL,
          "Reason" TEXT NOT NULL,
          "Status" TEXT NOT NULL,
          "ReportedAt" TEXT NOT NULL,
          "ReportedByUserId" TEXT NULL,
          CONSTRAINT "FK_AbuseReports_Tracks_TrackId" FOREIGN KEY ("TrackId") REFERENCES "Tracks" ("Id") ON DELETE CASCADE
      );
info: Microsoft.EntityFrameworkCore.Database.Command[20101]
      Executed DbCommand (0ms) [Parameters=[], CommandType='Text', CommandTimeout='30']
      CREATE INDEX "IX_AnalyticsEvents_CreatedAt" ON "AnalyticsEvents" ("CreatedAt");
info: Microsoft.EntityFrameworkCore.Database.Command[20101]
      Executed DbCommand (0ms) [Parameters=[], CommandType='Text', CommandTimeout='30']
      CREATE INDEX "IX_AnalyticsEvents_EventType" ON "AnalyticsEvents" ("EventType");
info: Microsoft.EntityFrameworkCore.Database.Command[20101]
      Executed DbCommand (0ms) [Parameters=[], CommandType='Text', CommandTimeout='30']
      CREATE INDEX "IX_AspNetRoleClaims_RoleId" ON "AspNetRoleClaims" ("RoleId");
info: Microsoft.EntityFrameworkCore.Database.Command[20101]
      Executed DbCommand (0ms) [Parameters=[], CommandType='Text', CommandTimeout='30']
      CREATE UNIQUE INDEX "RoleNameIndex" ON "AspNetRoles" ("NormalizedName");
info: Microsoft.EntityFrameworkCore.Database.Command[20101]
      Executed DbCommand (0ms) [Parameters=[], CommandType='Text', CommandTimeout='30']
      CREATE INDEX "IX_AspNetUserClaims_UserId" ON "AspNetUserClaims" ("UserId");
info: Microsoft.EntityFrameworkCore.Database.Command[20101]
      Executed DbCommand (0ms) [Parameters=[], CommandType='Text', CommandTimeout='30']
      CREATE TABLE "AspNetUserClaims" (
          "Id" INTEGER NOT NULL CONSTRAINT "PK_AspNetUserClaims" PRIMARY KEY AUTOINCREMENT,
          "UserId" TEXT NOT NULL,
          "ClaimType" TEXT NULL,
          "ClaimValue" TEXT NULL,
          CONSTRAINT "FK_AspNetUserClaims_AspNetUsers_UserId" FOREIGN KEY ("UserId") REFERENCES "AspNetUsers" ("Id") ON DELETE CASCADE
      );
info: Microsoft.EntityFrameworkCore.Database.Command[20101]
      Executed DbCommand (0ms) [Parameters=[], CommandType='Text', CommandTimeout='30']
      CREATE TABLE "AspNetUserLogins" (
          "LoginProvider" TEXT NOT NULL,
          "ProviderKey" TEXT NOT NULL,
          "ProviderDisplayName" TEXT NULL,
          "UserId" TEXT NOT NULL,
          CONSTRAINT "PK_AspNetUserLogins" PRIMARY KEY ("LoginProvider", "ProviderKey"),
          CONSTRAINT "FK_AspNetUserLogins_AspNetUsers_UserId" FOREIGN KEY ("UserId") REFERENCES "AspNetUsers" ("Id") ON DELETE CASCADE
      );
info: Microsoft.EntityFrameworkCore.Database.Command[20101]
      Executed DbCommand (1ms) [Parameters=[], CommandType='Text', CommandTimeout='30']
      CREATE TABLE "AspNetUserRoles" (
          "UserId" TEXT NOT NULL,
          "RoleId" TEXT NOT NULL,
          CONSTRAINT "PK_AspNetUserRoles" PRIMARY KEY ("UserId", "RoleId"),
          CONSTRAINT "FK_AspNetUserRoles_AspNetRoles_RoleId" FOREIGN KEY ("RoleId") REFERENCES "AspNetRoles" ("Id") ON DELETE CASCADE,
          CONSTRAINT "FK_AspNetUserRoles_AspNetUsers_UserId" FOREIGN KEY ("UserId") REFERENCES "AspNetUsers" ("Id") ON DELETE CASCADE
      );
info: Microsoft.EntityFrameworkCore.Database.Command[20101]
      Executed DbCommand (1ms) [Parameters=[], CommandType='Text', CommandTimeout='30']
      CREATE TABLE "AbuseReports" (
          "Id" TEXT NOT NULL CONSTRAINT "PK_AbuseReports" PRIMARY KEY,
          "TrackId" TEXT NOT NULL,
          "Reason" TEXT NOT NULL,
          "Status" TEXT NOT NULL,
          "ReportedAt" TEXT NOT NULL,
          "ReportedByUserId" TEXT NULL,
          CONSTRAINT "FK_AbuseReports_Tracks_TrackId" FOREIGN KEY ("TrackId") REFERENCES "Tracks" ("Id") ON DELETE CASCADE
      );
info: Microsoft.EntityFrameworkCore.Database.Command[20101]
      Executed DbCommand (1ms) [Parameters=[], CommandType='Text', CommandTimeout='30']
      CREATE TABLE "StreamSessions" (
          "Id" TEXT NOT NULL CONSTRAINT "PK_StreamSessions" PRIMARY KEY,
          "TrackId" TEXT NOT NULL,
          "UserId" TEXT NULL,
          "Title" TEXT NULL,
          "StartedAt" TEXT NOT NULL,
          "StoppedAt" TEXT NULL,
          CONSTRAINT "FK_StreamSessions_Tracks_TrackId" FOREIGN KEY ("TrackId") REFERENCES "Tracks" ("Id") ON DELETE CASCADE
      );
info: Microsoft.EntityFrameworkCore.Database.Command[20101]
      Executed DbCommand (0ms) [Parameters=[], CommandType='Text', CommandTimeout='30']
      CREATE TABLE "Invoices" (
          "Id" TEXT NOT NULL CONSTRAINT "PK_Invoices" PRIMARY KEY,
          "UserId" TEXT NOT NULL,
          "PurchaseId" TEXT NOT NULL,
          "AmountCents" INTEGER NOT NULL,
          "Currency" TEXT NOT NULL,
          "Status" TEXT NOT NULL,
          "IssuedAt" TEXT NOT NULL,
          "PaidAt" TEXT NULL,
          CONSTRAINT "FK_Invoices_AspNetUsers_UserId" FOREIGN KEY ("UserId") REFERENCES "AspNetUsers" ("Id") ON DELETE CASCADE,
          CONSTRAINT "FK_Invoices_Purchases_PurchaseId" FOREIGN KEY ("PurchaseId") REFERENCES "Purchases" ("Id") ON DELETE RESTRICT
      );
info: Microsoft.EntityFrameworkCore.Database.Command[20101]
      Executed DbCommand (0ms) [Parameters=[], CommandType='Text', CommandTimeout='30']
      CREATE TABLE "Library" (
          "Id" TEXT NOT NULL CONSTRAINT "PK_Library" PRIMARY KEY,
          "UserId" TEXT NOT NULL,
          "TrackId" TEXT NOT NULL,
  Passed Cambrian.Api.Tests.StripeWebhookServiceTests.HandleStripeAsync_Dev_SubscriptionDeleted_LogsWarning [3 ms]
  Passed Cambrian.Api.Tests.DatabaseConsistencyTests.StreamSession_TracksStartAndStop [15 ms]
  Passed Cambrian.Api.Tests.DatabaseConsistencyTests.LibraryItem_SameUserTrack_ApplicationLayerShouldPreventDuplicates [1 ms]
  Passed Cambrian.Api.Tests.StripeWebhookServiceTests.HandleStripeAsync_Dev_NullClientReferenceId_DoesNotThrow [1 ms]
          "PurchaseId" TEXT NULL,
          "Title" TEXT NULL,
          "Artist" TEXT NULL,
          "AudioUrl" TEXT NULL,
          "SavedAt" TEXT NOT NULL,
          CONSTRAINT "FK_Library_AspNetUsers_UserId" FOREIGN KEY ("UserId") REFERENCES "AspNetUsers" ("Id") ON DELETE CASCADE,
          CONSTRAINT "FK_Library_Tracks_TrackId" FOREIGN KEY ("TrackId") REFERENCES "Tracks" ("Id") ON DELETE RESTRICT,
          CONSTRAINT "FK_Library_Purchases_PurchaseId" FOREIGN KEY ("PurchaseId") REFERENCES "Purchases" ("Id") ON DELETE SET NULL
      );
info: Microsoft.EntityFrameworkCore.Database.Command[20101]
      Executed DbCommand (0ms) [Parameters=[], CommandType='Text', CommandTimeout='30']
      CREATE INDEX "IX_AspNetUserLogins_UserId" ON "AspNetUserLogins" ("UserId");
info: Microsoft.EntityFrameworkCore.Database.Command[20101]
      Executed DbCommand (0ms) [Parameters=[], CommandType='Text', CommandTimeout='30']
      CREATE TABLE "LicenseCertificates" (
          "Id" TEXT NOT NULL CONSTRAINT "PK_LicenseCertificates" PRIMARY KEY,
          "TrackId" TEXT NOT NULL,
          "BuyerId" TEXT NOT NULL,
          "CreatorId" TEXT NOT NULL,
          "PurchaseId" TEXT NOT NULL,
          "LicenseType" TEXT NOT NULL,
          "UsageType" TEXT NOT NULL DEFAULT 'personal',
          "IssuedAt" TEXT NOT NULL,
          "AllowedUses" TEXT NULL,
          "Restrictions" TEXT NULL,
          "CopyrightOwner" TEXT NULL,
          CONSTRAINT "FK_LicenseCertificates_AspNetUsers_BuyerId" FOREIGN KEY ("BuyerId") REFERENCES "AspNetUsers" ("Id") ON DELETE RESTRICT,
          CONSTRAINT "FK_LicenseCertificates_AspNetUsers_CreatorId" FOREIGN KEY ("CreatorId") REFERENCES "AspNetUsers" ("Id") ON DELETE RESTRICT,
          CONSTRAINT "FK_LicenseCertificates_Purchases_PurchaseId" FOREIGN KEY ("PurchaseId") REFERENCES "Purchases" ("Id") ON DELETE RESTRICT
      );
info: Microsoft.EntityFrameworkCore.Database.Command[20101]
      Executed DbCommand (0ms) [Parameters=[], CommandType='Text', CommandTimeout='30']
      CREATE TABLE "Purchases" (
          "Id" TEXT NOT NULL CONSTRAINT "PK_Purchases" PRIMARY KEY,
          "BuyerId" TEXT NOT NULL,
          "TrackId" TEXT NOT NULL,
          "AmountCents" INTEGER NOT NULL,
          "PaymentMethod" TEXT NULL,
          "LicenseType" TEXT NULL,
          "Status" TEXT NOT NULL,
          "UsageType" TEXT NOT NULL DEFAULT 'personal',
          "StripeSessionId" TEXT NULL,
          "LicenseId" TEXT NULL,
          "CompletedAt" TEXT NULL,
          "ExpiresAt" TEXT NULL,
          "CreatedAt" TEXT NOT NULL,
          "UpdatedAt" TEXT NULL,
          CONSTRAINT "FK_Purchases_AspNetUsers_BuyerId" FOREIGN KEY ("BuyerId") REFERENCES "AspNetUsers" ("Id") ON DELETE RESTRICT,
          CONSTRAINT "FK_Purchases_LicenseCertificates_LicenseId" FOREIGN KEY ("LicenseId") REFERENCES "LicenseCertificates" ("Id") ON DELETE SET NULL,
          CONSTRAINT "FK_Purchases_Tracks_TrackId" FOREIGN KEY ("TrackId") REFERENCES "Tracks" ("Id") ON DELETE RESTRICT
      );
info: Microsoft.EntityFrameworkCore.Database.Command[20101]
      Executed DbCommand (0ms) [Parameters=[], CommandType='Text', CommandTimeout='30']
      CREATE INDEX "IX_AbuseReports_TrackId" ON "AbuseReports" ("TrackId");
info: Microsoft.EntityFrameworkCore.Database.Command[20101]
      Executed DbCommand (0ms) [Parameters=[], CommandType='Text', CommandTimeout='30']
      CREATE INDEX "IX_AnalyticsEvents_CreatedAt" ON "AnalyticsEvents" ("CreatedAt");
info: Microsoft.EntityFrameworkCore.Database.Command[20101]
      Executed DbCommand (1ms) [Parameters=[], CommandType='Text', CommandTimeout='30']
      CREATE TABLE "AspNetUserClaims" (
          "Id" INTEGER NOT NULL CONSTRAINT "PK_AspNetUserClaims" PRIMARY KEY AUTOINCREMENT,
          "UserId" TEXT NOT NULL,
          "ClaimType" TEXT NULL,
          "ClaimValue" TEXT NULL,
          CONSTRAINT "FK_AspNetUserClaims_AspNetUsers_UserId" FOREIGN KEY ("UserId") REFERENCES "AspNetUsers" ("Id") ON DELETE CASCADE
      );
info: Microsoft.EntityFrameworkCore.Database.Command[20101]
      Executed DbCommand (0ms) [Parameters=[], CommandType='Text', CommandTimeout='30']
      CREATE INDEX "IX_AnalyticsEvents_EventType" ON "AnalyticsEvents" ("EventType");
info: Microsoft.EntityFrameworkCore.Database.Command[20101]
      Executed DbCommand (0ms) [Parameters=[], CommandType='Text', CommandTimeout='30']
      CREATE INDEX "IX_AspNetRoleClaims_RoleId" ON "AspNetRoleClaims" ("RoleId");
info: Microsoft.EntityFrameworkCore.Database.Command[20101]
      Executed DbCommand (0ms) [Parameters=[], CommandType='Text', CommandTimeout='30']
      CREATE UNIQUE INDEX "RoleNameIndex" ON "AspNetRoles" ("NormalizedName");
info: Microsoft.EntityFrameworkCore.Database.Command[20101]
      Executed DbCommand (0ms) [Parameters=[], CommandType='Text', CommandTimeout='30']
      CREATE INDEX "IX_AspNetUserClaims_UserId" ON "AspNetUserClaims" ("UserId");
info: Microsoft.EntityFrameworkCore.Database.Command[20101]
      Executed DbCommand (0ms) [Parameters=[], CommandType='Text', CommandTimeout='30']
      CREATE INDEX "IX_AspNetUserLogins_UserId" ON "AspNetUserLogins" ("UserId");
info: Microsoft.EntityFrameworkCore.Database.Command[20101]
      Executed DbCommand (0ms) [Parameters=[], CommandType='Text', CommandTimeout='30']
      CREATE INDEX "IX_AspNetUserRoles_RoleId" ON "AspNetUserRoles" ("RoleId");
info: Microsoft.EntityFrameworkCore.Database.Command[20101]
      Executed DbCommand (0ms) [Parameters=[], CommandType='Text', CommandTimeout='30']
      CREATE INDEX "EmailIndex" ON "AspNetUsers" ("NormalizedEmail");
info: Microsoft.EntityFrameworkCore.Database.Command[20101]
      Executed DbCommand (0ms) [Parameters=[], CommandType='Text', CommandTimeout='30']
      CREATE UNIQUE INDEX "UserNameIndex" ON "AspNetUsers" ("NormalizedUserName");
info: Microsoft.EntityFrameworkCore.Database.Command[20101]
      Executed DbCommand (0ms) [Parameters=[], CommandType='Text', CommandTimeout='30']
      CREATE UNIQUE INDEX "IX_CreatorProfiles_Slug" ON "CreatorProfiles" ("Slug");
info: Microsoft.EntityFrameworkCore.Database.Command[20101]
      Executed DbCommand (0ms) [Parameters=[], CommandType='Text', CommandTimeout='30']
      CREATE UNIQUE INDEX "IX_CreatorProfiles_UserId" ON "CreatorProfiles" ("UserId");
info: Microsoft.EntityFrameworkCore.Database.Command[20101]
      Executed DbCommand (0ms) [Parameters=[], CommandType='Text', CommandTimeout='30']
      CREATE UNIQUE INDEX "IX_Creators_UserId" ON "Creators" ("UserId");
info: Microsoft.EntityFrameworkCore.Database.Command[20101]
      Executed DbCommand (0ms) [Parameters=[], CommandType='Text', CommandTimeout='30']
      CREATE INDEX "IX_LicenseCertificates_PurchaseId" ON "LicenseCertificates" ("PurchaseId");
info: Microsoft.EntityFrameworkCore.Database.Command[20101]
      Executed DbCommand (0ms) [Parameters=[], CommandType='Text', CommandTimeout='30']
      CREATE UNIQUE INDEX "IX_Creators_Username" ON "Creators" ("Username");
info: Microsoft.EntityFrameworkCore.Database.Command[20101]
      Executed DbCommand (0ms) [Parameters=[], CommandType='Text', CommandTimeout='30']
      CREATE INDEX "IX_Payouts_CreatorId" ON "Payouts" ("CreatorId");
info: Microsoft.EntityFrameworkCore.Database.Command[20101]
      Executed DbCommand (0ms) [Parameters=[], CommandType='Text', CommandTimeout='30']
      CREATE INDEX "IX_Purchases_BuyerId" ON "Purchases" ("BuyerId");
info: Microsoft.EntityFrameworkCore.Database.Command[20101]
      Executed DbCommand (0ms) [Parameters=[], CommandType='Text', CommandTimeout='30']
      CREATE UNIQUE INDEX "IX_Purchases_LicenseId" ON "Purchases" ("LicenseId");
info: Microsoft.EntityFrameworkCore.Database.Command[20101]
      Executed DbCommand (0ms) [Parameters=[], CommandType='Text', CommandTimeout='30']
      CREATE UNIQUE INDEX "IX_Purchases_StripeSessionId" ON "Purchases" ("StripeSessionId") WHERE "StripeSessionId" IS NOT NULL;
info: Microsoft.EntityFrameworkCore.Database.Command[20101]
      Executed DbCommand (0ms) [Parameters=[], CommandType='Text', CommandTimeout='30']
      CREATE INDEX "IX_Purchases_TrackId" ON "Purchases" ("TrackId");
info: Microsoft.EntityFrameworkCore.Database.Command[20101]
      Executed DbCommand (0ms) [Parameters=[], CommandType='Text', CommandTimeout='30']
      CREATE INDEX "IX_StreamSessions_TrackId" ON "StreamSessions" ("TrackId");
info: Microsoft.EntityFrameworkCore.Database.Command[20101]
      Executed DbCommand (0ms) [Parameters=[], CommandType='Text', CommandTimeout='30']
      CREATE UNIQUE INDEX "IX_StripeWebhookEvents_EventId" ON "StripeWebhookEvents" ("EventId");
info: Microsoft.EntityFrameworkCore.Database.Command[20101]
      Executed DbCommand (0ms) [Parameters=[], CommandType='Text', CommandTimeout='30']
      CREATE INDEX "IX_Subscriptions_UserId" ON "Subscriptions" ("UserId");
info: Microsoft.EntityFrameworkCore.Database.Command[20101]
      Executed DbCommand (0ms) [Parameters=[], CommandType='Text', CommandTimeout='30']
      CREATE INDEX "IX_TrackCollections_CreatorId" ON "TrackCollections" ("CreatorId");
info: Microsoft.EntityFrameworkCore.Database.Command[20101]
      Executed DbCommand (0ms) [Parameters=[], CommandType='Text', CommandTimeout='30']
      CREATE UNIQUE INDEX "IX_Tracks_CambrianTrackId" ON "Tracks" ("CambrianTrackId");
info: Microsoft.EntityFrameworkCore.Database.Command[20101]
      Executed DbCommand (0ms) [Parameters=[], CommandType='Text', CommandTimeout='30']
      CREATE INDEX "IX_Tracks_CreatorId" ON "Tracks" ("CreatorId");
info: Microsoft.EntityFrameworkCore.Database.Command[20101]
      Executed DbCommand (0ms) [Parameters=[], CommandType='Text', CommandTimeout='30']
      CREATE TABLE "StreamSessions" (
          "Id" TEXT NOT NULL CONSTRAINT "PK_StreamSessions" PRIMARY KEY,
          "TrackId" TEXT NOT NULL,
          "UserId" TEXT NULL,
          "Title" TEXT NULL,
          "StartedAt" TEXT NOT NULL,
          "StoppedAt" TEXT NULL,
          CONSTRAINT "FK_StreamSessions_Tracks_TrackId" FOREIGN KEY ("TrackId") REFERENCES "Tracks" ("Id") ON DELETE CASCADE
      );
info: Microsoft.EntityFrameworkCore.Database.Command[20101]
      Executed DbCommand (0ms) [Parameters=[], CommandType='Text', CommandTimeout='30']
      CREATE TABLE "Invoices" (
          "Id" TEXT NOT NULL CONSTRAINT "PK_Invoices" PRIMARY KEY,
          "UserId" TEXT NOT NULL,
          "PurchaseId" TEXT NOT NULL,
          "AmountCents" INTEGER NOT NULL,
          "Currency" TEXT NOT NULL,
          "Status" TEXT NOT NULL,
          "IssuedAt" TEXT NOT NULL,
          "PaidAt" TEXT NULL,
          CONSTRAINT "FK_Invoices_AspNetUsers_UserId" FOREIGN KEY ("UserId") REFERENCES "AspNetUsers" ("Id") ON DELETE CASCADE,
          CONSTRAINT "FK_Invoices_Purchases_PurchaseId" FOREIGN KEY ("PurchaseId") REFERENCES "Purchases" ("Id") ON DELETE RESTRICT
      );
info: Microsoft.EntityFrameworkCore.Database.Command[20101]
      Executed DbCommand (1ms) [Parameters=[], CommandType='Text', CommandTimeout='30']
      CREATE TABLE "Library" (
          "Id" TEXT NOT NULL CONSTRAINT "PK_Library" PRIMARY KEY,
          "UserId" TEXT NOT NULL,
          "TrackId" TEXT NOT NULL,
          "PurchaseId" TEXT NULL,
          "Title" TEXT NULL,
          "Artist" TEXT NULL,
          "AudioUrl" TEXT NULL,
          "SavedAt" TEXT NOT NULL,
          CONSTRAINT "FK_Library_AspNetUsers_UserId" FOREIGN KEY ("UserId") REFERENCES "AspNetUsers" ("Id") ON DELETE CASCADE,
          CONSTRAINT "FK_Library_Tracks_TrackId" FOREIGN KEY ("TrackId") REFERENCES "Tracks" ("Id") ON DELETE RESTRICT,
          CONSTRAINT "FK_Library_Purchases_PurchaseId" FOREIGN KEY ("PurchaseId") REFERENCES "Purchases" ("Id") ON DELETE SET NULL
      );
info: Microsoft.EntityFrameworkCore.Database.Command[20101]
      Executed DbCommand (0ms) [Parameters=[], CommandType='Text', CommandTimeout='30']
      CREATE TABLE "LicenseCertificates" (
          "Id" TEXT NOT NULL CONSTRAINT "PK_LicenseCertificates" PRIMARY KEY,
          "TrackId" TEXT NOT NULL,
          "BuyerId" TEXT NOT NULL,
          "CreatorId" TEXT NOT NULL,
          "PurchaseId" TEXT NOT NULL,
          "LicenseType" TEXT NOT NULL,
          "UsageType" TEXT NOT NULL DEFAULT 'personal',
          "IssuedAt" TEXT NOT NULL,
          "AllowedUses" TEXT NULL,
          "Restrictions" TEXT NULL,
          "CopyrightOwner" TEXT NULL,
          CONSTRAINT "FK_LicenseCertificates_AspNetUsers_BuyerId" FOREIGN KEY ("BuyerId") REFERENCES "AspNetUsers" ("Id") ON DELETE RESTRICT,
          CONSTRAINT "FK_LicenseCertificates_AspNetUsers_CreatorId" FOREIGN KEY ("CreatorId") REFERENCES "AspNetUsers" ("Id") ON DELETE RESTRICT,
          CONSTRAINT "FK_LicenseCertificates_Purchases_PurchaseId" FOREIGN KEY ("PurchaseId") REFERENCES "Purchases" ("Id") ON DELETE RESTRICT
      );
info: Microsoft.EntityFrameworkCore.Database.Command[20101]
      Executed DbCommand (0ms) [Parameters=[], CommandType='Text', CommandTimeout='30']
      CREATE TABLE "AspNetUserLogins" (
          "LoginProvider" TEXT NOT NULL,
          "ProviderKey" TEXT NOT NULL,
          "ProviderDisplayName" TEXT NULL,
          "UserId" TEXT NOT NULL,
          CONSTRAINT "PK_AspNetUserLogins" PRIMARY KEY ("LoginProvider", "ProviderKey"),
          CONSTRAINT "FK_AspNetUserLogins_AspNetUsers_UserId" FOREIGN KEY ("UserId") REFERENCES "AspNetUsers" ("Id") ON DELETE CASCADE
      );
info: Microsoft.EntityFrameworkCore.Database.Command[20101]
      Executed DbCommand (1ms) [Parameters=[], CommandType='Text', CommandTimeout='30']
      CREATE TABLE "AspNetUserRoles" (
          "UserId" TEXT NOT NULL,
          "RoleId" TEXT NOT NULL,
          CONSTRAINT "PK_AspNetUserRoles" PRIMARY KEY ("UserId", "RoleId"),
          CONSTRAINT "FK_AspNetUserRoles_AspNetRoles_RoleId" FOREIGN KEY ("RoleId") REFERENCES "AspNetRoles" ("Id") ON DELETE CASCADE,
          CONSTRAINT "FK_AspNetUserRoles_AspNetUsers_UserId" FOREIGN KEY ("UserId") REFERENCES "AspNetUsers" ("Id") ON DELETE CASCADE
      );
info: Microsoft.EntityFrameworkCore.Database.Command[20101]
      Executed DbCommand (0ms) [Parameters=[], CommandType='Text', CommandTimeout='30']
      CREATE INDEX "IX_Tracks_CreatorUuid" ON "Tracks" ("CreatorUuid");
info: Microsoft.EntityFrameworkCore.Database.Command[20101]
      Executed DbCommand (0ms) [Parameters=[], CommandType='Text', CommandTimeout='30']
      CREATE TABLE "AspNetUserTokens" (
          "UserId" TEXT NOT NULL,
          "LoginProvider" TEXT NOT NULL,
          "Name" TEXT NOT NULL,
          "Value" TEXT NULL,
          CONSTRAINT "PK_AspNetUserTokens" PRIMARY KEY ("UserId", "LoginProvider", "Name"),
          CONSTRAINT "FK_AspNetUserTokens_AspNetUsers_UserId" FOREIGN KEY ("UserId") REFERENCES "AspNetUsers" ("Id") ON DELETE CASCADE
      );
info: Microsoft.EntityFrameworkCore.Database.Command[20101]
      Executed DbCommand (0ms) [Parameters=[], CommandType='Text', CommandTimeout='30']
      CREATE TABLE "Creators" (
          "Id" TEXT NOT NULL CONSTRAINT "PK_Creators" PRIMARY KEY,
          "UserId" TEXT NOT NULL,
          "Username" TEXT NOT NULL,
          "DisplayName" TEXT NULL,
          "Bio" TEXT NOT NULL,
          "ProfileImageUrl" TEXT NULL,
          "CoverImageUrl" TEXT NULL,
          "SocialLinks" TEXT NULL,
          "CreatedAt" TEXT NOT NULL,
          "UpdatedAt" TEXT NOT NULL,
          CONSTRAINT "FK_Creators_AspNetUsers_UserId" FOREIGN KEY ("UserId") REFERENCES "AspNetUsers" ("Id") ON DELETE RESTRICT
      );
info: Microsoft.EntityFrameworkCore.Database.Command[20101]
      Executed DbCommand (0ms) [Parameters=[], CommandType='Text', CommandTimeout='30']
      CREATE TABLE "Payouts" (
          "Id" TEXT NOT NULL CONSTRAINT "PK_Payouts" PRIMARY KEY,
          "CreatorId" TEXT NOT NULL,
          "AmountCents" INTEGER NOT NULL,
          "Status" TEXT NOT NULL,
          "RequestedAt" TEXT NOT NULL,
          "CompletedAt" TEXT NULL,
          CONSTRAINT "FK_Payouts_AspNetUsers_CreatorId" FOREIGN KEY ("CreatorId") REFERENCES "AspNetUsers" ("Id") ON DELETE RESTRICT
      );
info: Microsoft.EntityFrameworkCore.Database.Command[20101]
      Executed DbCommand (0ms) [Parameters=[], CommandType='Text', CommandTimeout='30']
      CREATE TABLE "Subscriptions" (
          "Id" TEXT NOT NULL CONSTRAINT "PK_Subscriptions" PRIMARY KEY,
          "UserId" TEXT NOT NULL,
          "Plan" TEXT NOT NULL,
          "Status" TEXT NOT NULL,
          "StartedAt" TEXT NOT NULL,
          "ExpiresAt" TEXT NULL,
          CONSTRAINT "FK_Subscriptions_AspNetUsers_UserId" FOREIGN KEY ("UserId") REFERENCES "AspNetUsers" ("Id") ON DELETE CASCADE
      );
info: Microsoft.EntityFrameworkCore.Database.Command[20101]
      Executed DbCommand (0ms) [Parameters=[], CommandType='Text', CommandTimeout='30']
      CREATE TABLE "WalletTransactions" (
          "Id" TEXT NOT NULL CONSTRAINT "PK_WalletTransactions" PRIMARY KEY,
          "UserId" TEXT NOT NULL,
          "AmountCents" INTEGER NOT NULL,
          "Type" TEXT NOT NULL,
          "Description" TEXT NULL,
          "RelatedPurchaseId" TEXT NULL,
          "CreatedAt" TEXT NOT NULL,
          CONSTRAINT "FK_WalletTransactions_AspNetUsers_UserId" FOREIGN KEY ("UserId") REFERENCES "AspNetUsers" ("Id") ON DELETE CASCADE
      );
info: Microsoft.EntityFrameworkCore.Database.Command[20101]
      Executed DbCommand (1ms) [Parameters=[], CommandType='Text', CommandTimeout='30']
      CREATE TABLE "Tracks" (
          "Id" TEXT NOT NULL CONSTRAINT "PK_Tracks" PRIMARY KEY,
          "CambrianTrackId" TEXT NOT NULL,
          "Title" TEXT NOT NULL,
          "Description" TEXT NULL,
          "Genre" TEXT NULL,
          "Mood" TEXT NULL,
          "Tempo" TEXT NULL,
          "Instrumental" INTEGER NOT NULL,
          "Price" TEXT NOT NULL,
          "Duration" TEXT NULL,
          "LicenseType" TEXT NULL,
          "AudioUrl" TEXT NULL,
          "CoverArtUrl" TEXT NULL,
          "NonExclusivePriceCents" INTEGER NOT NULL,
          "ExclusivePriceCents" INTEGER NOT NULL,
          "CopyrightBuyoutPriceCents" INTEGER NOT NULL,
          "ExclusiveSold" INTEGER NOT NULL,
          "Status" TEXT NOT NULL DEFAULT 'available',
          "CopyrightOwnerId" TEXT NULL,
          "CopyrightTransferredAt" TEXT NULL,
          "OriginalCreatorId" TEXT NULL,
          "Visibility" TEXT NOT NULL DEFAULT 'public',
          "CreatedAt" TEXT NOT NULL,
          "CreatorId" TEXT NOT NULL,
          "CreatorUuid" TEXT NULL,
          "Tags" TEXT NOT NULL,
          CONSTRAINT "FK_Tracks_AspNetUsers_CreatorId" FOREIGN KEY ("CreatorId") REFERENCES "AspNetUsers" ("Id") ON DELETE RESTRICT,
          CONSTRAINT "FK_Tracks_Creators_CreatorUuid" FOREIGN KEY ("CreatorUuid") REFERENCES "Creators" ("Id") ON DELETE RESTRICT
      );
info: Microsoft.EntityFrameworkCore.Database.Command[20101]
      Executed DbCommand (0ms) [Parameters=[], CommandType='Text', CommandTimeout='30']
      CREATE TABLE "AbuseReports" (
          "Id" TEXT NOT NULL CONSTRAINT "PK_AbuseReports" PRIMARY KEY,
          "TrackId" TEXT NOT NULL,
          "Reason" TEXT NOT NULL,
          "Status" TEXT NOT NULL,
          "ReportedAt" TEXT NOT NULL,
          "ReportedByUserId" TEXT NULL,
          CONSTRAINT "FK_AbuseReports_Tracks_TrackId" FOREIGN KEY ("TrackId") REFERENCES "Tracks" ("Id") ON DELETE CASCADE
      );
info: Microsoft.EntityFrameworkCore.Database.Command[20101]
      Executed DbCommand (0ms) [Parameters=[], CommandType='Text', CommandTimeout='30']
      CREATE TABLE "StreamSessions" (
          "Id" TEXT NOT NULL CONSTRAINT "PK_StreamSessions" PRIMARY KEY,
          "TrackId" TEXT NOT NULL,
          "UserId" TEXT NULL,
          "Title" TEXT NULL,
          "StartedAt" TEXT NOT NULL,
          "StoppedAt" TEXT NULL,
          CONSTRAINT "FK_StreamSessions_Tracks_TrackId" FOREIGN KEY ("TrackId") REFERENCES "Tracks" ("Id") ON DELETE CASCADE
      );
info: Microsoft.EntityFrameworkCore.Database.Command[20101]
      Executed DbCommand (0ms) [Parameters=[], CommandType='Text', CommandTimeout='30']
      CREATE TABLE "Invoices" (
          "Id" TEXT NOT NULL CONSTRAINT "PK_Invoices" PRIMARY KEY,
          "UserId" TEXT NOT NULL,
          "PurchaseId" TEXT NOT NULL,
          "AmountCents" INTEGER NOT NULL,
          "Currency" TEXT NOT NULL,
          "Status" TEXT NOT NULL,
          "IssuedAt" TEXT NOT NULL,
          "PaidAt" TEXT NULL,
          CONSTRAINT "FK_Invoices_AspNetUsers_UserId" FOREIGN KEY ("UserId") REFERENCES "AspNetUsers" ("Id") ON DELETE CASCADE,
          CONSTRAINT "FK_Invoices_Purchases_PurchaseId" FOREIGN KEY ("PurchaseId") REFERENCES "Purchases" ("Id") ON DELETE RESTRICT
      );
info: Microsoft.EntityFrameworkCore.Database.Command[20101]
      Executed DbCommand (0ms) [Parameters=[], CommandType='Text', CommandTimeout='30']
      CREATE INDEX "IX_AspNetUserRoles_RoleId" ON "AspNetUserRoles" ("RoleId");
info: Microsoft.EntityFrameworkCore.Database.Command[20101]
      Executed DbCommand (1ms) [Parameters=[], CommandType='Text', CommandTimeout='30']
      CREATE TABLE "Library" (
          "Id" TEXT NOT NULL CONSTRAINT "PK_Library" PRIMARY KEY,
          "UserId" TEXT NOT NULL,
          "TrackId" TEXT NOT NULL,
          "PurchaseId" TEXT NULL,
          "Title" TEXT NULL,
          "Artist" TEXT NULL,
          "AudioUrl" TEXT NULL,
          "SavedAt" TEXT NOT NULL,
          CONSTRAINT "FK_Library_AspNetUsers_UserId" FOREIGN KEY ("UserId") REFERENCES "AspNetUsers" ("Id") ON DELETE CASCADE,
          CONSTRAINT "FK_Library_Tracks_TrackId" FOREIGN KEY ("TrackId") REFERENCES "Tracks" ("Id") ON DELETE RESTRICT,
          CONSTRAINT "FK_Library_Purchases_PurchaseId" FOREIGN KEY ("PurchaseId") REFERENCES "Purchases" ("Id") ON DELETE SET NULL
      );
info: Microsoft.EntityFrameworkCore.Database.Command[20101]
      Executed DbCommand (1ms) [Parameters=[], CommandType='Text', CommandTimeout='30']
      CREATE TABLE "LicenseCertificates" (
          "Id" TEXT NOT NULL CONSTRAINT "PK_LicenseCertificates" PRIMARY KEY,
          "TrackId" TEXT NOT NULL,
          "BuyerId" TEXT NOT NULL,
          "CreatorId" TEXT NOT NULL,
          "PurchaseId" TEXT NOT NULL,
          "LicenseType" TEXT NOT NULL,
          "UsageType" TEXT NOT NULL DEFAULT 'personal',
          "IssuedAt" TEXT NOT NULL,
          "AllowedUses" TEXT NULL,
          "Restrictions" TEXT NULL,
          "CopyrightOwner" TEXT NULL,
          CONSTRAINT "FK_LicenseCertificates_AspNetUsers_BuyerId" FOREIGN KEY ("BuyerId") REFERENCES "AspNetUsers" ("Id") ON DELETE RESTRICT,
          CONSTRAINT "FK_LicenseCertificates_AspNetUsers_CreatorId" FOREIGN KEY ("CreatorId") REFERENCES "AspNetUsers" ("Id") ON DELETE RESTRICT,
          CONSTRAINT "FK_LicenseCertificates_Purchases_PurchaseId" FOREIGN KEY ("PurchaseId") REFERENCES "Purchases" ("Id") ON DELETE RESTRICT
      );
info: Microsoft.EntityFrameworkCore.Database.Command[20101]
      Executed DbCommand (1ms) [Parameters=[], CommandType='Text', CommandTimeout='30']
      CREATE TABLE "Purchases" (
          "Id" TEXT NOT NULL CONSTRAINT "PK_Purchases" PRIMARY KEY,
          "BuyerId" TEXT NOT NULL,
          "TrackId" TEXT NOT NULL,
          "AmountCents" INTEGER NOT NULL,
          "PaymentMethod" TEXT NULL,
          "LicenseType" TEXT NULL,
          "Status" TEXT NOT NULL,
          "UsageType" TEXT NOT NULL DEFAULT 'personal',
          "StripeSessionId" TEXT NULL,
          "LicenseId" TEXT NULL,
          "CompletedAt" TEXT NULL,
          "ExpiresAt" TEXT NULL,
          "CreatedAt" TEXT NOT NULL,
          "UpdatedAt" TEXT NULL,
          CONSTRAINT "FK_Purchases_AspNetUsers_BuyerId" FOREIGN KEY ("BuyerId") REFERENCES "AspNetUsers" ("Id") ON DELETE RESTRICT,
          CONSTRAINT "FK_Purchases_LicenseCertificates_LicenseId" FOREIGN KEY ("LicenseId") REFERENCES "LicenseCertificates" ("Id") ON DELETE SET NULL,
          CONSTRAINT "FK_Purchases_Tracks_TrackId" FOREIGN KEY ("TrackId") REFERENCES "Tracks" ("Id") ON DELETE RESTRICT
      );
info: Microsoft.EntityFrameworkCore.Database.Command[20101]
      Executed DbCommand (0ms) [Parameters=[], CommandType='Text', CommandTimeout='30']
      CREATE INDEX "IX_AbuseReports_TrackId" ON "AbuseReports" ("TrackId");
info: Microsoft.EntityFrameworkCore.Database.Command[20101]
      Executed DbCommand (0ms) [Parameters=[], CommandType='Text', CommandTimeout='30']
      CREATE INDEX "IX_AnalyticsEvents_CreatedAt" ON "AnalyticsEvents" ("CreatedAt");
info: Microsoft.EntityFrameworkCore.Database.Command[20101]
      Executed DbCommand (0ms) [Parameters=[], CommandType='Text', CommandTimeout='30']
      CREATE INDEX "IX_AnalyticsEvents_EventType" ON "AnalyticsEvents" ("EventType");
info: Microsoft.EntityFrameworkCore.Database.Command[20101]
      Executed DbCommand (0ms) [Parameters=[], CommandType='Text', CommandTimeout='30']
      CREATE INDEX "IX_AspNetRoleClaims_RoleId" ON "AspNetRoleClaims" ("RoleId");
info: Microsoft.EntityFrameworkCore.Database.Command[20101]
      Executed DbCommand (0ms) [Parameters=[], CommandType='Text', CommandTimeout='30']
      CREATE UNIQUE INDEX "RoleNameIndex" ON "AspNetRoles" ("NormalizedName");
info: Microsoft.EntityFrameworkCore.Database.Command[20101]
      Executed DbCommand (0ms) [Parameters=[], CommandType='Text', CommandTimeout='30']
      CREATE INDEX "IX_AspNetUserClaims_UserId" ON "AspNetUserClaims" ("UserId");
info: Microsoft.EntityFrameworkCore.Database.Command[20101]
      Executed DbCommand (0ms) [Parameters=[], CommandType='Text', CommandTimeout='30']
      CREATE INDEX "IX_AspNetUserLogins_UserId" ON "AspNetUserLogins" ("UserId");
info: Microsoft.EntityFrameworkCore.Database.Command[20101]
      Executed DbCommand (0ms) [Parameters=[], CommandType='Text', CommandTimeout='30']
      CREATE INDEX "IX_AspNetUserRoles_RoleId" ON "AspNetUserRoles" ("RoleId");
info: Microsoft.EntityFrameworkCore.Database.Command[20101]
      Executed DbCommand (0ms) [Parameters=[], CommandType='Text', CommandTimeout='30']
      CREATE INDEX "EmailIndex" ON "AspNetUsers" ("NormalizedEmail");
info: Microsoft.EntityFrameworkCore.Database.Command[20101]
      Executed DbCommand (0ms) [Parameters=[], CommandType='Text', CommandTimeout='30']
      CREATE INDEX "EmailIndex" ON "AspNetUsers" ("NormalizedEmail");
info: Microsoft.EntityFrameworkCore.Database.Command[20101]
      Executed DbCommand (0ms) [Parameters=[], CommandType='Text', CommandTimeout='30']
      CREATE UNIQUE INDEX "UserNameIndex" ON "AspNetUsers" ("NormalizedUserName");
info: Microsoft.EntityFrameworkCore.Database.Command[20101]
      Executed DbCommand (0ms) [Parameters=[], CommandType='Text', CommandTimeout='30']
      CREATE UNIQUE INDEX "IX_CreatorProfiles_Slug" ON "CreatorProfiles" ("Slug");
info: Microsoft.EntityFrameworkCore.Database.Command[20101]
      Executed DbCommand (0ms) [Parameters=[], CommandType='Text', CommandTimeout='30']
      CREATE UNIQUE INDEX "IX_CreatorProfiles_UserId" ON "CreatorProfiles" ("UserId");
info: Microsoft.EntityFrameworkCore.Database.Command[20101]
      Executed DbCommand (0ms) [Parameters=[], CommandType='Text', CommandTimeout='30']
      CREATE TABLE "AspNetUserTokens" (
          "UserId" TEXT NOT NULL,
          "LoginProvider" TEXT NOT NULL,
          "Name" TEXT NOT NULL,
          "Value" TEXT NULL,
          CONSTRAINT "PK_AspNetUserTokens" PRIMARY KEY ("UserId", "LoginProvider", "Name"),
          CONSTRAINT "FK_AspNetUserTokens_AspNetUsers_UserId" FOREIGN KEY ("UserId") REFERENCES "AspNetUsers" ("Id") ON DELETE CASCADE
      );
info: Microsoft.EntityFrameworkCore.Database.Command[20101]
      Executed DbCommand (1ms) [Parameters=[], CommandType='Text', CommandTimeout='30']
      CREATE TABLE "Creators" (
          "Id" TEXT NOT NULL CONSTRAINT "PK_Creators" PRIMARY KEY,
          "UserId" TEXT NOT NULL,
          "Username" TEXT NOT NULL,
          "DisplayName" TEXT NULL,
          "Bio" TEXT NOT NULL,
          "ProfileImageUrl" TEXT NULL,
          "CoverImageUrl" TEXT NULL,
          "SocialLinks" TEXT NULL,
          "CreatedAt" TEXT NOT NULL,
          "UpdatedAt" TEXT NOT NULL,
          CONSTRAINT "FK_Creators_AspNetUsers_UserId" FOREIGN KEY ("UserId") REFERENCES "AspNetUsers" ("Id") ON DELETE RESTRICT
      );
info: Microsoft.EntityFrameworkCore.Database.Command[20101]
      Executed DbCommand (1ms) [Parameters=[], CommandType='Text', CommandTimeout='30']
      CREATE TABLE "Purchases" (
          "Id" TEXT NOT NULL CONSTRAINT "PK_Purchases" PRIMARY KEY,
          "BuyerId" TEXT NOT NULL,
          "TrackId" TEXT NOT NULL,
          "AmountCents" INTEGER NOT NULL,
          "PaymentMethod" TEXT NULL,
          "LicenseType" TEXT NULL,
          "Status" TEXT NOT NULL,
          "UsageType" TEXT NOT NULL DEFAULT 'personal',
          "StripeSessionId" TEXT NULL,
          "LicenseId" TEXT NULL,
          "CompletedAt" TEXT NULL,
          "ExpiresAt" TEXT NULL,
          "CreatedAt" TEXT NOT NULL,
          "UpdatedAt" TEXT NULL,
          CONSTRAINT "FK_Purchases_AspNetUsers_BuyerId" FOREIGN KEY ("BuyerId") REFERENCES "AspNetUsers" ("Id") ON DELETE RESTRICT,
          CONSTRAINT "FK_Purchases_LicenseCertificates_LicenseId" FOREIGN KEY ("LicenseId") REFERENCES "LicenseCertificates" ("Id") ON DELETE SET NULL,
          CONSTRAINT "FK_Purchases_Tracks_TrackId" FOREIGN KEY ("TrackId") REFERENCES "Tracks" ("Id") ON DELETE RESTRICT
      );
info: Microsoft.EntityFrameworkCore.Database.Command[20101]
      Executed DbCommand (0ms) [Parameters=[], CommandType='Text', CommandTimeout='30']
      CREATE INDEX "IX_AbuseReports_TrackId" ON "AbuseReports" ("TrackId");
info: Microsoft.EntityFrameworkCore.Database.Command[20101]
      Executed DbCommand (0ms) [Parameters=[], CommandType='Text', CommandTimeout='30']
      CREATE INDEX "IX_AnalyticsEvents_CreatedAt" ON "AnalyticsEvents" ("CreatedAt");
info: Microsoft.EntityFrameworkCore.Database.Command[20101]
      Executed DbCommand (0ms) [Parameters=[], CommandType='Text', CommandTimeout='30']
      CREATE INDEX "IX_AnalyticsEvents_EventType" ON "AnalyticsEvents" ("EventType");
  Passed Cambrian.Api.Tests.PurchaseJourneyTests.FullPurchaseJourney_CreatesAllExpectedRecords [64 ms]
  Passed Cambrian.Api.Tests.StripeWebhookServiceTests.HandleStripeAsync_Dev_ReplayedEventId_DoesNotCreateSecondSubscription [15 ms]
  Passed Cambrian.Api.Tests.StripeWebhookServiceTests.HandleStripeAsync_Dev_SubscriptionUpgrade_CancelsExisting [2 ms]
  Passed Cambrian.Api.Tests.StripeWebhookServiceTests.HandleStripeAsync_NonDev_ThrowsWhenSignaturePresentButSecretEmpty [< 1 ms]
  Passed Cambrian.Api.Tests.PurchaseJourneyTests.LibraryConsistency_PurchaseAlwaysHasLibraryItem [10 ms]
  Passed Cambrian.Api.Tests.StripeWebhookServiceTests.HandleStripeAsync_Dev_InvalidTrackId_DoesNotThrow [3 ms]
  Passed Cambrian.Api.Tests.DatabaseConsistencyTests.Invoice_LinkedToPurchase_RetainsRelationship [22 ms]
info: Microsoft.EntityFrameworkCore.Database.Command[20101]
      Executed DbCommand (0ms) [Parameters=[], CommandType='Text', CommandTimeout='30']
      CREATE INDEX "IX_AspNetRoleClaims_RoleId" ON "AspNetRoleClaims" ("RoleId");
info: Microsoft.EntityFrameworkCore.Database.Command[20101]
      Executed DbCommand (0ms) [Parameters=[], CommandType='Text', CommandTimeout='30']
      CREATE UNIQUE INDEX "RoleNameIndex" ON "AspNetRoles" ("NormalizedName");
info: Microsoft.EntityFrameworkCore.Database.Command[20101]
      Executed DbCommand (0ms) [Parameters=[], CommandType='Text', CommandTimeout='30']
      CREATE UNIQUE INDEX "UserNameIndex" ON "AspNetUsers" ("NormalizedUserName");
info: Microsoft.EntityFrameworkCore.Database.Command[20101]
      Executed DbCommand (0ms) [Parameters=[], CommandType='Text', CommandTimeout='30']
      CREATE INDEX "IX_AspNetUserClaims_UserId" ON "AspNetUserClaims" ("UserId");
info: Microsoft.EntityFrameworkCore.Database.Command[20101]
      Executed DbCommand (0ms) [Parameters=[], CommandType='Text', CommandTimeout='30']
      CREATE UNIQUE INDEX "IX_CreatorProfiles_Slug" ON "CreatorProfiles" ("Slug");
info: Microsoft.EntityFrameworkCore.Database.Command[20101]
      Executed DbCommand (0ms) [Parameters=[], CommandType='Text', CommandTimeout='30']
      CREATE INDEX "IX_AspNetUserLogins_UserId" ON "AspNetUserLogins" ("UserId");
info: Microsoft.EntityFrameworkCore.Database.Command[20101]
      Executed DbCommand (0ms) [Parameters=[], CommandType='Text', CommandTimeout='30']
      CREATE UNIQUE INDEX "IX_FeatureFlags_Name" ON "FeatureFlags" ("Name");
info: Microsoft.EntityFrameworkCore.Database.Command[20101]
      Executed DbCommand (0ms) [Parameters=[], CommandType='Text', CommandTimeout='30']
      CREATE INDEX "IX_AspNetUserRoles_RoleId" ON "AspNetUserRoles" ("RoleId");
info: Microsoft.EntityFrameworkCore.Database.Command[20101]
      Executed DbCommand (0ms) [Parameters=[], CommandType='Text', CommandTimeout='30']
      CREATE INDEX "IX_Invoices_PurchaseId" ON "Invoices" ("PurchaseId");
info: Microsoft.EntityFrameworkCore.Database.Command[20101]
      Executed DbCommand (0ms) [Parameters=[], CommandType='Text', CommandTimeout='30']
      CREATE INDEX "IX_Invoices_UserId" ON "Invoices" ("UserId");
info: Microsoft.EntityFrameworkCore.Database.Command[20101]
      Executed DbCommand (0ms) [Parameters=[], CommandType='Text', CommandTimeout='30']
      CREATE INDEX "EmailIndex" ON "AspNetUsers" ("NormalizedEmail");
info: Microsoft.EntityFrameworkCore.Database.Command[20101]
      Executed DbCommand (0ms) [Parameters=[], CommandType='Text', CommandTimeout='30']
      CREATE UNIQUE INDEX "UserNameIndex" ON "AspNetUsers" ("NormalizedUserName");
info: Microsoft.EntityFrameworkCore.Database.Command[20101]
      Executed DbCommand (0ms) [Parameters=[], CommandType='Text', CommandTimeout='30']
      CREATE UNIQUE INDEX "IX_Creators_UserId" ON "Creators" ("UserId");
info: Microsoft.EntityFrameworkCore.Database.Command[20101]
      Executed DbCommand (0ms) [Parameters=[], CommandType='Text', CommandTimeout='30']
      CREATE UNIQUE INDEX "IX_CreatorProfiles_Slug" ON "CreatorProfiles" ("Slug");
info: Microsoft.EntityFrameworkCore.Database.Command[20101]
      Executed DbCommand (0ms) [Parameters=[], CommandType='Text', CommandTimeout='30']
      CREATE UNIQUE INDEX "IX_Creators_Username" ON "Creators" ("Username");
info: Microsoft.EntityFrameworkCore.Database.Command[20101]
      Executed DbCommand (0ms) [Parameters=[], CommandType='Text', CommandTimeout='30']
      CREATE UNIQUE INDEX "IX_FeatureFlags_Name" ON "FeatureFlags" ("Name");
info: Microsoft.EntityFrameworkCore.Database.Command[20101]
      Executed DbCommand (0ms) [Parameters=[], CommandType='Text', CommandTimeout='30']
      CREATE INDEX "IX_Invoices_PurchaseId" ON "Invoices" ("PurchaseId");
info: Microsoft.EntityFrameworkCore.Database.Command[20101]
      Executed DbCommand (0ms) [Parameters=[], CommandType='Text', CommandTimeout='30']
      CREATE INDEX "IX_Invoices_UserId" ON "Invoices" ("UserId");
info: Microsoft.EntityFrameworkCore.Database.Command[20101]
      Executed DbCommand (0ms) [Parameters=[], CommandType='Text', CommandTimeout='30']
      CREATE TABLE "Payouts" (
          "Id" TEXT NOT NULL CONSTRAINT "PK_Payouts" PRIMARY KEY,
          "CreatorId" TEXT NOT NULL,
          "AmountCents" INTEGER NOT NULL,
          "Status" TEXT NOT NULL,
          "RequestedAt" TEXT NOT NULL,
          "CompletedAt" TEXT NULL,
          CONSTRAINT "FK_Payouts_AspNetUsers_CreatorId" FOREIGN KEY ("CreatorId") REFERENCES "AspNetUsers" ("Id") ON DELETE RESTRICT
      );
info: Microsoft.EntityFrameworkCore.Database.Command[20101]
      Executed DbCommand (1ms) [Parameters=[], CommandType='Text', CommandTimeout='30']
      CREATE TABLE "Subscriptions" (
          "Id" TEXT NOT NULL CONSTRAINT "PK_Subscriptions" PRIMARY KEY,
          "UserId" TEXT NOT NULL,
          "Plan" TEXT NOT NULL,
          "Status" TEXT NOT NULL,
          "StartedAt" TEXT NOT NULL,
          "ExpiresAt" TEXT NULL,
          CONSTRAINT "FK_Subscriptions_AspNetUsers_UserId" FOREIGN KEY ("UserId") REFERENCES "AspNetUsers" ("Id") ON DELETE CASCADE
      );
info: Microsoft.EntityFrameworkCore.Database.Command[20101]
      Executed DbCommand (0ms) [Parameters=[], CommandType='Text', CommandTimeout='30']
      CREATE INDEX "IX_WalletTransactions_UserId" ON "WalletTransactions" ("UserId");
info: Microsoft.EntityFrameworkCore.Database.Command[20101]
      Executed DbCommand (2ms) [Parameters=[@__name_0='?' (Size = 18)], CommandType='Text', CommandTimeout='30']
      SELECT "f"."Id", "f"."CreatedAt", "f"."Enabled", "f"."Name", "f"."RolloutPercentage", "f"."UpdatedAt"
      FROM "FeatureFlags" AS "f"
      WHERE "f"."Name" = @__name_0
      LIMIT 1
info: Microsoft.EntityFrameworkCore.Database.Command[20101]
      Executed DbCommand (0ms) [Parameters=[], CommandType='Text', CommandTimeout='30']
      CREATE UNIQUE INDEX "IX_CreatorProfiles_UserId" ON "CreatorProfiles" ("UserId");
info: Microsoft.EntityFrameworkCore.Database.Command[20101]
      Executed DbCommand (0ms) [Parameters=[@p0='?' (DbType = Guid), @p1='?' (DbType = DateTime), @p2='?' (DbType = Boolean), @p3='?' (Size = 18), @p4='?' (DbType = Int32), @p5='?' (DbType = DateTime)], CommandType='Text', CommandTimeout='30']
      INSERT INTO "FeatureFlags" ("Id", "CreatedAt", "Enabled", "Name", "RolloutPercentage", "UpdatedAt")
      VALUES (@p0, @p1, @p2, @p3, @p4, @p5);
info: Cambrian.Api.Controllers.AuthController[0]
      EVENT: RegisterStarted
info: Microsoft.EntityFrameworkCore.Database.Command[20101]
      Executed DbCommand (0ms) [Parameters=[], CommandType='Text', CommandTimeout='30']
      CREATE INDEX "IX_Library_PurchaseId" ON "Library" ("PurchaseId");
info: Microsoft.EntityFrameworkCore.Database.Command[20101]
      Executed DbCommand (0ms) [Parameters=[], CommandType='Text', CommandTimeout='30']
      CREATE INDEX "IX_Library_TrackId" ON "Library" ("TrackId");
info: Microsoft.EntityFrameworkCore.Database.Command[20101]
      Executed DbCommand (0ms) [Parameters=[], CommandType='Text', CommandTimeout='30']
      CREATE UNIQUE INDEX "IX_Library_UserId_TrackId" ON "Library" ("UserId", "TrackId");
info: Microsoft.EntityFrameworkCore.Database.Command[20101]
      Executed DbCommand (0ms) [Parameters=[], CommandType='Text', CommandTimeout='30']
      CREATE INDEX "IX_LicenseCertificates_BuyerId" ON "LicenseCertificates" ("BuyerId");
info: Microsoft.EntityFrameworkCore.Database.Command[20101]
      Executed DbCommand (0ms) [Parameters=[], CommandType='Text', CommandTimeout='30']
      CREATE INDEX "IX_LicenseCertificates_CreatorId" ON "LicenseCertificates" ("CreatorId");
info: Microsoft.EntityFrameworkCore.Database.Command[20101]
      Executed DbCommand (0ms) [Parameters=[], CommandType='Text', CommandTimeout='30']
      CREATE INDEX "IX_LicenseCertificates_PurchaseId" ON "LicenseCertificates" ("PurchaseId");
info: Microsoft.EntityFrameworkCore.Database.Command[20101]
      Executed DbCommand (0ms) [Parameters=[], CommandType='Text', CommandTimeout='30']
      CREATE INDEX "IX_Library_PurchaseId" ON "Library" ("PurchaseId");
info: Microsoft.EntityFrameworkCore.Database.Command[20101]
      Executed DbCommand (0ms) [Parameters=[], CommandType='Text', CommandTimeout='30']
      CREATE INDEX "IX_Payouts_CreatorId" ON "Payouts" ("CreatorId");
info: Microsoft.EntityFrameworkCore.Database.Command[20101]
      Executed DbCommand (0ms) [Parameters=[], CommandType='Text', CommandTimeout='30']
      CREATE INDEX "IX_Purchases_BuyerId" ON "Purchases" ("BuyerId");
info: Microsoft.EntityFrameworkCore.Database.Command[20101]
      Executed DbCommand (0ms) [Parameters=[], CommandType='Text', CommandTimeout='30']
      CREATE UNIQUE INDEX "IX_Purchases_LicenseId" ON "Purchases" ("LicenseId");
info: Microsoft.EntityFrameworkCore.Database.Command[20101]
      Executed DbCommand (0ms) [Parameters=[], CommandType='Text', CommandTimeout='30']
      CREATE UNIQUE INDEX "IX_Purchases_StripeSessionId" ON "Purchases" ("StripeSessionId") WHERE "StripeSessionId" IS NOT NULL;
info: Microsoft.EntityFrameworkCore.Database.Command[20101]
      Executed DbCommand (0ms) [Parameters=[], CommandType='Text', CommandTimeout='30']
      CREATE INDEX "IX_Purchases_TrackId" ON "Purchases" ("TrackId");
info: Microsoft.EntityFrameworkCore.Database.Command[20101]
      Executed DbCommand (0ms) [Parameters=[], CommandType='Text', CommandTimeout='30']
      CREATE INDEX "IX_StreamSessions_TrackId" ON "StreamSessions" ("TrackId");
info: Microsoft.EntityFrameworkCore.Database.Command[20101]
      Executed DbCommand (0ms) [Parameters=[], CommandType='Text', CommandTimeout='30']
      CREATE UNIQUE INDEX "IX_StripeWebhookEvents_EventId" ON "StripeWebhookEvents" ("EventId");
info: Microsoft.EntityFrameworkCore.Database.Command[20101]
      Executed DbCommand (0ms) [Parameters=[], CommandType='Text', CommandTimeout='30']
      CREATE INDEX "IX_Subscriptions_UserId" ON "Subscriptions" ("UserId");
info: Microsoft.EntityFrameworkCore.Database.Command[20101]
      Executed DbCommand (0ms) [Parameters=[], CommandType='Text', CommandTimeout='30']
      CREATE INDEX "IX_TrackCollections_CreatorId" ON "TrackCollections" ("CreatorId");
info: Microsoft.EntityFrameworkCore.Database.Command[20101]
      Executed DbCommand (0ms) [Parameters=[], CommandType='Text', CommandTimeout='30']
      CREATE UNIQUE INDEX "IX_Creators_UserId" ON "Creators" ("UserId");
info: Microsoft.EntityFrameworkCore.Database.Command[20101]
      Executed DbCommand (0ms) [Parameters=[], CommandType='Text', CommandTimeout='30']
      CREATE UNIQUE INDEX "IX_Creators_Username" ON "Creators" ("Username");
info: Microsoft.EntityFrameworkCore.Database.Command[20101]
      Executed DbCommand (0ms) [Parameters=[], CommandType='Text', CommandTimeout='30']
      CREATE UNIQUE INDEX "IX_FeatureFlags_Name" ON "FeatureFlags" ("Name");
info: Microsoft.EntityFrameworkCore.Database.Command[20101]
      Executed DbCommand (0ms) [Parameters=[], CommandType='Text', CommandTimeout='30']
      CREATE INDEX "IX_Invoices_PurchaseId" ON "Invoices" ("PurchaseId");
info: Microsoft.EntityFrameworkCore.Database.Command[20101]
      Executed DbCommand (0ms) [Parameters=[], CommandType='Text', CommandTimeout='30']
      CREATE INDEX "IX_Invoices_UserId" ON "Invoices" ("UserId");
info: Microsoft.EntityFrameworkCore.Database.Command[20101]
      Executed DbCommand (0ms) [Parameters=[], CommandType='Text', CommandTimeout='30']
      CREATE UNIQUE INDEX "IX_CreatorProfiles_UserId" ON "CreatorProfiles" ("UserId");
info: Microsoft.EntityFrameworkCore.Database.Command[20101]
      Executed DbCommand (0ms) [Parameters=[], CommandType='Text', CommandTimeout='30']
      CREATE UNIQUE INDEX "IX_Creators_UserId" ON "Creators" ("UserId");
info: Microsoft.EntityFrameworkCore.Database.Command[20101]
      Executed DbCommand (0ms) [Parameters=[], CommandType='Text', CommandTimeout='30']
      CREATE UNIQUE INDEX "IX_Creators_Username" ON "Creators" ("Username");
info: Microsoft.EntityFrameworkCore.Database.Command[20101]
      Executed DbCommand (0ms) [Parameters=[], CommandType='Text', CommandTimeout='30']
      CREATE INDEX "IX_Library_TrackId" ON "Library" ("TrackId");
info: Microsoft.EntityFrameworkCore.Database.Command[20101]
      Executed DbCommand (0ms) [Parameters=[], CommandType='Text', CommandTimeout='30']
      CREATE UNIQUE INDEX "IX_FeatureFlags_Name" ON "FeatureFlags" ("Name");
info: Microsoft.EntityFrameworkCore.Database.Command[20101]
      Executed DbCommand (0ms) [Parameters=[], CommandType='Text', CommandTimeout='30']
      CREATE INDEX "IX_Invoices_PurchaseId" ON "Invoices" ("PurchaseId");
info: Microsoft.EntityFrameworkCore.Database.Command[20101]
      Executed DbCommand (1ms) [Parameters=[], CommandType='Text', CommandTimeout='30']
      CREATE TABLE "WalletTransactions" (
          "Id" TEXT NOT NULL CONSTRAINT "PK_WalletTransactions" PRIMARY KEY,
          "UserId" TEXT NOT NULL,
          "AmountCents" INTEGER NOT NULL,
          "Type" TEXT NOT NULL,
          "Description" TEXT NULL,
          "RelatedPurchaseId" TEXT NULL,
          "CreatedAt" TEXT NOT NULL,
          CONSTRAINT "FK_WalletTransactions_AspNetUsers_UserId" FOREIGN KEY ("UserId") REFERENCES "AspNetUsers" ("Id") ON DELETE CASCADE
      );
info: Microsoft.EntityFrameworkCore.Database.Command[20101]
      Executed DbCommand (1ms) [Parameters=[], CommandType='Text', CommandTimeout='30']
      CREATE TABLE "Tracks" (
          "Id" TEXT NOT NULL CONSTRAINT "PK_Tracks" PRIMARY KEY,
          "CambrianTrackId" TEXT NOT NULL,
          "Title" TEXT NOT NULL,
          "Description" TEXT NULL,
          "Genre" TEXT NULL,
          "Mood" TEXT NULL,
          "Tempo" TEXT NULL,
          "Instrumental" INTEGER NOT NULL,
          "Price" TEXT NOT NULL,
          "Duration" TEXT NULL,
          "LicenseType" TEXT NULL,
          "AudioUrl" TEXT NULL,
          "CoverArtUrl" TEXT NULL,
          "NonExclusivePriceCents" INTEGER NOT NULL,
          "ExclusivePriceCents" INTEGER NOT NULL,
          "CopyrightBuyoutPriceCents" INTEGER NOT NULL,
          "ExclusiveSold" INTEGER NOT NULL,
          "Status" TEXT NOT NULL DEFAULT 'available',
          "CopyrightOwnerId" TEXT NULL,
          "CopyrightTransferredAt" TEXT NULL,
          "OriginalCreatorId" TEXT NULL,
          "Visibility" TEXT NOT NULL DEFAULT 'public',
          "CreatedAt" TEXT NOT NULL,
          "CreatorId" TEXT NOT NULL,
          "CreatorUuid" TEXT NULL,
          "Tags" TEXT NOT NULL,
          CONSTRAINT "FK_Tracks_AspNetUsers_CreatorId" FOREIGN KEY ("CreatorId") REFERENCES "AspNetUsers" ("Id") ON DELETE RESTRICT,
          CONSTRAINT "FK_Tracks_Creators_CreatorUuid" FOREIGN KEY ("CreatorUuid") REFERENCES "Creators" ("Id") ON DELETE RESTRICT
      );
info: Microsoft.EntityFrameworkCore.Database.Command[20101]
      Executed DbCommand (0ms) [Parameters=[], CommandType='Text', CommandTimeout='30']
      CREATE TABLE "AbuseReports" (
          "Id" TEXT NOT NULL CONSTRAINT "PK_AbuseReports" PRIMARY KEY,
          "TrackId" TEXT NOT NULL,
          "Reason" TEXT NOT NULL,
          "Status" TEXT NOT NULL,
          "ReportedAt" TEXT NOT NULL,
          "ReportedByUserId" TEXT NULL,
          CONSTRAINT "FK_AbuseReports_Tracks_TrackId" FOREIGN KEY ("TrackId") REFERENCES "Tracks" ("Id") ON DELETE CASCADE
      );
info: Microsoft.EntityFrameworkCore.Database.Command[20101]
      Executed DbCommand (0ms) [Parameters=[], CommandType='Text', CommandTimeout='30']
      CREATE INDEX "IX_Library_PurchaseId" ON "Library" ("PurchaseId");
info: Microsoft.EntityFrameworkCore.Database.Command[20101]
      Executed DbCommand (0ms) [Parameters=[], CommandType='Text', CommandTimeout='30']
      CREATE INDEX "IX_Library_TrackId" ON "Library" ("TrackId");
info: Microsoft.EntityFrameworkCore.Database.Command[20101]
      Executed DbCommand (0ms) [Parameters=[], CommandType='Text', CommandTimeout='30']
      CREATE UNIQUE INDEX "IX_Library_UserId_TrackId" ON "Library" ("UserId", "TrackId");
info: Microsoft.EntityFrameworkCore.Database.Command[20101]
      Executed DbCommand (0ms) [Parameters=[], CommandType='Text', CommandTimeout='30']
      CREATE UNIQUE INDEX "IX_Library_UserId_TrackId" ON "Library" ("UserId", "TrackId");
info: Microsoft.EntityFrameworkCore.Database.Command[20101]
      Executed DbCommand (0ms) [Parameters=[], CommandType='Text', CommandTimeout='30']
      CREATE INDEX "IX_LicenseCertificates_BuyerId" ON "LicenseCertificates" ("BuyerId");
info: Microsoft.EntityFrameworkCore.Database.Command[20101]
      Executed DbCommand (0ms) [Parameters=[], CommandType='Text', CommandTimeout='30']
      CREATE INDEX "IX_LicenseCertificates_CreatorId" ON "LicenseCertificates" ("CreatorId");
info: Microsoft.EntityFrameworkCore.Database.Command[20101]
      Executed DbCommand (0ms) [Parameters=[], CommandType='Text', CommandTimeout='30']
      CREATE INDEX "IX_Invoices_UserId" ON "Invoices" ("UserId");
info: Microsoft.EntityFrameworkCore.Database.Command[20101]
      Executed DbCommand (0ms) [Parameters=[], CommandType='Text', CommandTimeout='30']
      CREATE INDEX "IX_LicenseCertificates_PurchaseId" ON "LicenseCertificates" ("PurchaseId");
info: Microsoft.EntityFrameworkCore.Database.Command[20101]
      Executed DbCommand (0ms) [Parameters=[], CommandType='Text', CommandTimeout='30']
      CREATE INDEX "IX_Library_PurchaseId" ON "Library" ("PurchaseId");
info: Microsoft.EntityFrameworkCore.Database.Command[20101]
      Executed DbCommand (0ms) [Parameters=[], CommandType='Text', CommandTimeout='30']
      CREATE UNIQUE INDEX "IX_Tracks_CambrianTrackId" ON "Tracks" ("CambrianTrackId");
info: Microsoft.EntityFrameworkCore.Database.Command[20101]
      Executed DbCommand (0ms) [Parameters=[], CommandType='Text', CommandTimeout='30']
      CREATE INDEX "IX_Library_TrackId" ON "Library" ("TrackId");
info: Microsoft.EntityFrameworkCore.Database.Command[20101]
      Executed DbCommand (0ms) [Parameters=[], CommandType='Text', CommandTimeout='30']
      CREATE INDEX "IX_Tracks_CreatorId" ON "Tracks" ("CreatorId");
info: Microsoft.EntityFrameworkCore.Database.Command[20101]
      Executed DbCommand (0ms) [Parameters=[], CommandType='Text', CommandTimeout='30']
      CREATE UNIQUE INDEX "IX_Library_UserId_TrackId" ON "Library" ("UserId", "TrackId");
info: Microsoft.EntityFrameworkCore.Database.Command[20101]
      Executed DbCommand (0ms) [Parameters=[], CommandType='Text', CommandTimeout='30']
      CREATE INDEX "IX_Tracks_CreatorUuid" ON "Tracks" ("CreatorUuid");
info: Microsoft.EntityFrameworkCore.Database.Command[20101]
      Executed DbCommand (0ms) [Parameters=[], CommandType='Text', CommandTimeout='30']
      CREATE INDEX "IX_WalletTransactions_UserId" ON "WalletTransactions" ("UserId");
info: Microsoft.EntityFrameworkCore.Database.Command[20101]
      Executed DbCommand (0ms) [Parameters=[], CommandType='Text', CommandTimeout='30']
      CREATE TABLE "StreamSessions" (
          "Id" TEXT NOT NULL CONSTRAINT "PK_StreamSessions" PRIMARY KEY,
          "TrackId" TEXT NOT NULL,
          "UserId" TEXT NULL,
          "Title" TEXT NULL,
          "StartedAt" TEXT NOT NULL,
          "StoppedAt" TEXT NULL,
          CONSTRAINT "FK_StreamSessions_Tracks_TrackId" FOREIGN KEY ("TrackId") REFERENCES "Tracks" ("Id") ON DELETE CASCADE
      );
info: Cambrian.Api.Controllers.AuthController[0]
      EVENT: RegisterStarted
info: Microsoft.EntityFrameworkCore.Database.Command[20101]
      Executed DbCommand (0ms) [Parameters=[@__normalizedUserName_0='?' (Size = 23)], CommandType='Text', CommandTimeout='30']
      SELECT "a"."Id", "a"."AccessFailedCount", "a"."Bio", "a"."ConcurrencyStamp", "a"."CoverImageUrl", "a"."CreatedAt", "a"."CreatorTier", "a"."DisplayName", "a"."Email", "a"."EmailConfirmed", "a"."LockoutEnabled", "a"."LockoutEnd", "a"."NormalizedEmail", "a"."NormalizedUserName", "a"."PasswordHash", "a"."PasswordResetCode", "a"."PasswordResetCodeExpiry", "a"."PhoneNumber", "a"."PhoneNumberConfirmed", "a"."Plan", "a"."ProfileImageUrl", "a"."Role", "a"."SecurityStamp", "a"."Status", "a"."StripeAccountId", "a"."SubscriptionEndDate", "a"."SubscriptionStatus", "a"."Tier", "a"."TwoFactorEnabled", "a"."UploadCount", "a"."UserName", "a"."VerifiedCreator", "a"."WalletBalanceCents"
      FROM "AspNetUsers" AS "a"
      WHERE "a"."NormalizedUserName" = @__normalizedUserName_0
      LIMIT 1
info: Microsoft.EntityFrameworkCore.Database.Command[20101]
      Executed DbCommand (1ms) [Parameters=[@__normalizedEmail_0='?' (Size = 23)], CommandType='Text', CommandTimeout='30']
      SELECT "a"."Id", "a"."AccessFailedCount", "a"."Bio", "a"."ConcurrencyStamp", "a"."CoverImageUrl", "a"."CreatedAt", "a"."CreatorTier", "a"."DisplayName", "a"."Email", "a"."EmailConfirmed", "a"."LockoutEnabled", "a"."LockoutEnd", "a"."NormalizedEmail", "a"."NormalizedUserName", "a"."PasswordHash", "a"."PasswordResetCode", "a"."PasswordResetCodeExpiry", "a"."PhoneNumber", "a"."PhoneNumberConfirmed", "a"."Plan", "a"."ProfileImageUrl", "a"."Role", "a"."SecurityStamp", "a"."Status", "a"."StripeAccountId", "a"."SubscriptionEndDate", "a"."SubscriptionStatus", "a"."Tier", "a"."TwoFactorEnabled", "a"."UploadCount", "a"."UserName", "a"."VerifiedCreator", "a"."WalletBalanceCents"
      FROM "AspNetUsers" AS "a"
      WHERE "a"."NormalizedEmail" = @__normalizedEmail_0
      LIMIT 2
info: Microsoft.EntityFrameworkCore.Database.Command[20101]
      Executed DbCommand (0ms) [Parameters=[], CommandType='Text', CommandTimeout='30']
      CREATE INDEX "IX_Payouts_CreatorId" ON "Payouts" ("CreatorId");
info: Microsoft.EntityFrameworkCore.Database.Command[20101]
      Executed DbCommand (0ms) [Parameters=[], CommandType='Text', CommandTimeout='30']
      CREATE INDEX "IX_Purchases_BuyerId" ON "Purchases" ("BuyerId");
info: Microsoft.EntityFrameworkCore.Database.Command[20101]
      Executed DbCommand (0ms) [Parameters=[], CommandType='Text', CommandTimeout='30']
      CREATE UNIQUE INDEX "IX_Purchases_LicenseId" ON "Purchases" ("LicenseId");
info: Microsoft.EntityFrameworkCore.Database.Command[20101]
      Executed DbCommand (0ms) [Parameters=[], CommandType='Text', CommandTimeout='30']
      CREATE INDEX "IX_LicenseCertificates_BuyerId" ON "LicenseCertificates" ("BuyerId");
info: Microsoft.EntityFrameworkCore.Database.Command[20101]
      Executed DbCommand (0ms) [Parameters=[], CommandType='Text', CommandTimeout='30']
      CREATE UNIQUE INDEX "IX_Purchases_StripeSessionId" ON "Purchases" ("StripeSessionId") WHERE "StripeSessionId" IS NOT NULL;
info: Microsoft.EntityFrameworkCore.Database.Command[20101]
      Executed DbCommand (0ms) [Parameters=[], CommandType='Text', CommandTimeout='30']
      CREATE INDEX "IX_Purchases_TrackId" ON "Purchases" ("TrackId");
info: Microsoft.EntityFrameworkCore.Database.Command[20101]
      Executed DbCommand (0ms) [Parameters=[], CommandType='Text', CommandTimeout='30']
      CREATE INDEX "IX_StreamSessions_TrackId" ON "StreamSessions" ("TrackId");
info: Microsoft.EntityFrameworkCore.Database.Command[20101]
      Executed DbCommand (0ms) [Parameters=[], CommandType='Text', CommandTimeout='30']
      CREATE UNIQUE INDEX "IX_StripeWebhookEvents_EventId" ON "StripeWebhookEvents" ("EventId");
info: Microsoft.EntityFrameworkCore.Database.Command[20101]
      Executed DbCommand (0ms) [Parameters=[], CommandType='Text', CommandTimeout='30']
      CREATE INDEX "IX_Subscriptions_UserId" ON "Subscriptions" ("UserId");
info: Microsoft.EntityFrameworkCore.Database.Command[20101]
      Executed DbCommand (0ms) [Parameters=[], CommandType='Text', CommandTimeout='30']
      CREATE INDEX "IX_TrackCollections_CreatorId" ON "TrackCollections" ("CreatorId");
info: Microsoft.EntityFrameworkCore.Database.Command[20101]
      Executed DbCommand (0ms) [Parameters=[], CommandType='Text', CommandTimeout='30']
      CREATE UNIQUE INDEX "IX_Tracks_CambrianTrackId" ON "Tracks" ("CambrianTrackId");
info: Microsoft.EntityFrameworkCore.Database.Command[20101]
      Executed DbCommand (0ms) [Parameters=[], CommandType='Text', CommandTimeout='30']
      CREATE INDEX "IX_Tracks_CreatorId" ON "Tracks" ("CreatorId");
info: Microsoft.EntityFrameworkCore.Database.Command[20101]
      Executed DbCommand (0ms) [Parameters=[], CommandType='Text', CommandTimeout='30']
      CREATE INDEX "IX_Tracks_CreatorUuid" ON "Tracks" ("CreatorUuid");
info: Microsoft.EntityFrameworkCore.Database.Command[20101]
      Executed DbCommand (0ms) [Parameters=[], CommandType='Text', CommandTimeout='30']
      CREATE INDEX "IX_WalletTransactions_UserId" ON "WalletTransactions" ("UserId");
info: Cambrian.Api.Controllers.AuthController[0]
      EVENT: RegisterStarted
info: Microsoft.EntityFrameworkCore.Database.Command[20101]
      Executed DbCommand (0ms) [Parameters=[@__normalizedUserName_0='?' (Size = 30)], CommandType='Text', CommandTimeout='30']
      SELECT "a"."Id", "a"."AccessFailedCount", "a"."Bio", "a"."ConcurrencyStamp", "a"."CoverImageUrl", "a"."CreatedAt", "a"."CreatorTier", "a"."DisplayName", "a"."Email", "a"."EmailConfirmed", "a"."LockoutEnabled", "a"."LockoutEnd", "a"."NormalizedEmail", "a"."NormalizedUserName", "a"."PasswordHash", "a"."PasswordResetCode", "a"."PasswordResetCodeExpiry", "a"."PhoneNumber", "a"."PhoneNumberConfirmed", "a"."Plan", "a"."ProfileImageUrl", "a"."Role", "a"."SecurityStamp", "a"."Status", "a"."StripeAccountId", "a"."SubscriptionEndDate", "a"."SubscriptionStatus", "a"."Tier", "a"."TwoFactorEnabled", "a"."UploadCount", "a"."UserName", "a"."VerifiedCreator", "a"."WalletBalanceCents"
      FROM "AspNetUsers" AS "a"
      WHERE "a"."NormalizedUserName" = @__normalizedUserName_0
      LIMIT 1
info: Microsoft.EntityFrameworkCore.Database.Command[20101]
      Executed DbCommand (0ms) [Parameters=[@__normalizedEmail_0='?' (Size = 30)], CommandType='Text', CommandTimeout='30']
      SELECT "a"."Id", "a"."AccessFailedCount", "a"."Bio", "a"."ConcurrencyStamp", "a"."CoverImageUrl", "a"."CreatedAt", "a"."CreatorTier", "a"."DisplayName", "a"."Email", "a"."EmailConfirmed", "a"."LockoutEnabled", "a"."LockoutEnd", "a"."NormalizedEmail", "a"."NormalizedUserName", "a"."PasswordHash", "a"."PasswordResetCode", "a"."PasswordResetCodeExpiry", "a"."PhoneNumber", "a"."PhoneNumberConfirmed", "a"."Plan", "a"."ProfileImageUrl", "a"."Role", "a"."SecurityStamp", "a"."Status", "a"."StripeAccountId", "a"."SubscriptionEndDate", "a"."SubscriptionStatus", "a"."Tier", "a"."TwoFactorEnabled", "a"."UploadCount", "a"."UserName", "a"."VerifiedCreator", "a"."WalletBalanceCents"
      FROM "AspNetUsers" AS "a"
      WHERE "a"."NormalizedEmail" = @__normalizedEmail_0
      LIMIT 2
info: Microsoft.EntityFrameworkCore.Database.Command[20101]
      Executed DbCommand (0ms) [Parameters=[], CommandType='Text', CommandTimeout='30']
      CREATE INDEX "IX_LicenseCertificates_BuyerId" ON "LicenseCertificates" ("BuyerId");
info: Microsoft.EntityFrameworkCore.Database.Command[20101]
      Executed DbCommand (0ms) [Parameters=[], CommandType='Text', CommandTimeout='30']
      CREATE INDEX "IX_LicenseCertificates_CreatorId" ON "LicenseCertificates" ("CreatorId");
info: Microsoft.EntityFrameworkCore.Database.Command[20101]
      Executed DbCommand (0ms) [Parameters=[], CommandType='Text', CommandTimeout='30']
      CREATE INDEX "IX_LicenseCertificates_PurchaseId" ON "LicenseCertificates" ("PurchaseId");
info: Microsoft.EntityFrameworkCore.Database.Command[20101]
      Executed DbCommand (0ms) [Parameters=[], CommandType='Text', CommandTimeout='30']
      CREATE INDEX "IX_Payouts_CreatorId" ON "Payouts" ("CreatorId");
info: Microsoft.EntityFrameworkCore.Database.Command[20101]
      Executed DbCommand (0ms) [Parameters=[], CommandType='Text', CommandTimeout='30']
      CREATE INDEX "IX_Purchases_BuyerId" ON "Purchases" ("BuyerId");
info: Microsoft.EntityFrameworkCore.Database.Command[20101]
      Executed DbCommand (0ms) [Parameters=[], CommandType='Text', CommandTimeout='30']
      CREATE UNIQUE INDEX "IX_Purchases_LicenseId" ON "Purchases" ("LicenseId");
info: Microsoft.EntityFrameworkCore.Database.Command[20101]
      Executed DbCommand (0ms) [Parameters=[], CommandType='Text', CommandTimeout='30']
      CREATE TABLE "Invoices" (
          "Id" TEXT NOT NULL CONSTRAINT "PK_Invoices" PRIMARY KEY,
          "UserId" TEXT NOT NULL,
          "PurchaseId" TEXT NOT NULL,
          "AmountCents" INTEGER NOT NULL,
          "Currency" TEXT NOT NULL,
          "Status" TEXT NOT NULL,
          "IssuedAt" TEXT NOT NULL,
          "PaidAt" TEXT NULL,
          CONSTRAINT "FK_Invoices_AspNetUsers_UserId" FOREIGN KEY ("UserId") REFERENCES "AspNetUsers" ("Id") ON DELETE CASCADE,
          CONSTRAINT "FK_Invoices_Purchases_PurchaseId" FOREIGN KEY ("PurchaseId") REFERENCES "Purchases" ("Id") ON DELETE RESTRICT
      );
info: Microsoft.EntityFrameworkCore.Database.Command[20101]
      Executed DbCommand (1ms) [Parameters=[], CommandType='Text', CommandTimeout='30']
      CREATE TABLE "Library" (
          "Id" TEXT NOT NULL CONSTRAINT "PK_Library" PRIMARY KEY,
          "UserId" TEXT NOT NULL,
          "TrackId" TEXT NOT NULL,
          "PurchaseId" TEXT NULL,
          "Title" TEXT NULL,
          "Artist" TEXT NULL,
          "AudioUrl" TEXT NULL,
          "SavedAt" TEXT NOT NULL,
          CONSTRAINT "FK_Library_AspNetUsers_UserId" FOREIGN KEY ("UserId") REFERENCES "AspNetUsers" ("Id") ON DELETE CASCADE,
          CONSTRAINT "FK_Library_Tracks_TrackId" FOREIGN KEY ("TrackId") REFERENCES "Tracks" ("Id") ON DELETE RESTRICT,
          CONSTRAINT "FK_Library_Purchases_PurchaseId" FOREIGN KEY ("PurchaseId") REFERENCES "Purchases" ("Id") ON DELETE SET NULL
      );
info: Microsoft.EntityFrameworkCore.Database.Command[20101]
      Executed DbCommand (0ms) [Parameters=[], CommandType='Text', CommandTimeout='30']
      CREATE INDEX "IX_LicenseCertificates_CreatorId" ON "LicenseCertificates" ("CreatorId");
info: Microsoft.EntityFrameworkCore.Database.Command[20101]
      Executed DbCommand (1ms) [Parameters=[], CommandType='Text', CommandTimeout='30']
      CREATE TABLE "LicenseCertificates" (
          "Id" TEXT NOT NULL CONSTRAINT "PK_LicenseCertificates" PRIMARY KEY,
          "TrackId" TEXT NOT NULL,
          "BuyerId" TEXT NOT NULL,
          "CreatorId" TEXT NOT NULL,
          "PurchaseId" TEXT NOT NULL,
          "LicenseType" TEXT NOT NULL,
          "UsageType" TEXT NOT NULL DEFAULT 'personal',
          "IssuedAt" TEXT NOT NULL,
          "AllowedUses" TEXT NULL,
          "Restrictions" TEXT NULL,
          "CopyrightOwner" TEXT NULL,
          CONSTRAINT "FK_LicenseCertificates_AspNetUsers_BuyerId" FOREIGN KEY ("BuyerId") REFERENCES "AspNetUsers" ("Id") ON DELETE RESTRICT,
          CONSTRAINT "FK_LicenseCertificates_AspNetUsers_CreatorId" FOREIGN KEY ("CreatorId") REFERENCES "AspNetUsers" ("Id") ON DELETE RESTRICT,
          CONSTRAINT "FK_LicenseCertificates_Purchases_PurchaseId" FOREIGN KEY ("PurchaseId") REFERENCES "Purchases" ("Id") ON DELETE RESTRICT
      );
info: Microsoft.EntityFrameworkCore.Database.Command[20101]
      Executed DbCommand (1ms) [Parameters=[], CommandType='Text', CommandTimeout='30']
      CREATE TABLE "Purchases" (
          "Id" TEXT NOT NULL CONSTRAINT "PK_Purchases" PRIMARY KEY,
          "BuyerId" TEXT NOT NULL,
          "TrackId" TEXT NOT NULL,
          "AmountCents" INTEGER NOT NULL,
          "PaymentMethod" TEXT NULL,
          "LicenseType" TEXT NULL,
          "Status" TEXT NOT NULL,
          "UsageType" TEXT NOT NULL DEFAULT 'personal',
          "StripeSessionId" TEXT NULL,
          "LicenseId" TEXT NULL,
          "CompletedAt" TEXT NULL,
          "ExpiresAt" TEXT NULL,
          "CreatedAt" TEXT NOT NULL,
          "UpdatedAt" TEXT NULL,
          CONSTRAINT "FK_Purchases_AspNetUsers_BuyerId" FOREIGN KEY ("BuyerId") REFERENCES "AspNetUsers" ("Id") ON DELETE RESTRICT,
          CONSTRAINT "FK_Purchases_LicenseCertificates_LicenseId" FOREIGN KEY ("LicenseId") REFERENCES "LicenseCertificates" ("Id") ON DELETE SET NULL,
          CONSTRAINT "FK_Purchases_Tracks_TrackId" FOREIGN KEY ("TrackId") REFERENCES "Tracks" ("Id") ON DELETE RESTRICT
      );
info: Microsoft.EntityFrameworkCore.Database.Command[20101]
      Executed DbCommand (0ms) [Parameters=[], CommandType='Text', CommandTimeout='30']
      CREATE INDEX "IX_AbuseReports_TrackId" ON "AbuseReports" ("TrackId");
info: Microsoft.EntityFrameworkCore.Database.Command[20101]
      Executed DbCommand (0ms) [Parameters=[], CommandType='Text', CommandTimeout='30']
      CREATE INDEX "IX_AnalyticsEvents_CreatedAt" ON "AnalyticsEvents" ("CreatedAt");
info: Microsoft.EntityFrameworkCore.Database.Command[20101]
      Executed DbCommand (0ms) [Parameters=[], CommandType='Text', CommandTimeout='30']
      CREATE INDEX "IX_AnalyticsEvents_EventType" ON "AnalyticsEvents" ("EventType");
info: Microsoft.EntityFrameworkCore.Database.Command[20101]
      Executed DbCommand (0ms) [Parameters=[], CommandType='Text', CommandTimeout='30']
      CREATE UNIQUE INDEX "IX_Purchases_StripeSessionId" ON "Purchases" ("StripeSessionId") WHERE "StripeSessionId" IS NOT NULL;
info: Microsoft.EntityFrameworkCore.Database.Command[20101]
      Executed DbCommand (0ms) [Parameters=[], CommandType='Text', CommandTimeout='30']
      CREATE INDEX "IX_AspNetRoleClaims_RoleId" ON "AspNetRoleClaims" ("RoleId");
info: Microsoft.EntityFrameworkCore.Database.Command[20101]
      Executed DbCommand (0ms) [Parameters=[], CommandType='Text', CommandTimeout='30']
      CREATE INDEX "IX_Purchases_TrackId" ON "Purchases" ("TrackId");
info: Microsoft.EntityFrameworkCore.Database.Command[20101]
      Executed DbCommand (0ms) [Parameters=[], CommandType='Text', CommandTimeout='30']
      CREATE UNIQUE INDEX "RoleNameIndex" ON "AspNetRoles" ("NormalizedName");
info: Microsoft.EntityFrameworkCore.Database.Command[20101]
      Executed DbCommand (0ms) [Parameters=[], CommandType='Text', CommandTimeout='30']
      CREATE INDEX "IX_StreamSessions_TrackId" ON "StreamSessions" ("TrackId");
info: Microsoft.EntityFrameworkCore.Database.Command[20101]
      Executed DbCommand (0ms) [Parameters=[], CommandType='Text', CommandTimeout='30']
      CREATE INDEX "IX_AspNetUserClaims_UserId" ON "AspNetUserClaims" ("UserId");
info: Microsoft.EntityFrameworkCore.Database.Command[20101]
      Executed DbCommand (0ms) [Parameters=[], CommandType='Text', CommandTimeout='30']
      CREATE UNIQUE INDEX "IX_StripeWebhookEvents_EventId" ON "StripeWebhookEvents" ("EventId");
info: Microsoft.EntityFrameworkCore.Database.Command[20101]
      Executed DbCommand (0ms) [Parameters=[], CommandType='Text', CommandTimeout='30']
      CREATE INDEX "IX_AspNetUserLogins_UserId" ON "AspNetUserLogins" ("UserId");
info: Microsoft.EntityFrameworkCore.Database.Command[20101]
      Executed DbCommand (0ms) [Parameters=[], CommandType='Text', CommandTimeout='30']
      CREATE INDEX "IX_AspNetUserRoles_RoleId" ON "AspNetUserRoles" ("RoleId");
info: Microsoft.EntityFrameworkCore.Database.Command[20101]
      Executed DbCommand (0ms) [Parameters=[], CommandType='Text', CommandTimeout='30']
      CREATE INDEX "IX_LicenseCertificates_PurchaseId" ON "LicenseCertificates" ("PurchaseId");
info: Microsoft.EntityFrameworkCore.Database.Command[20101]
      Executed DbCommand (0ms) [Parameters=[], CommandType='Text', CommandTimeout='30']
      CREATE INDEX "EmailIndex" ON "AspNetUsers" ("NormalizedEmail");
info: Microsoft.EntityFrameworkCore.Database.Command[20101]
      Executed DbCommand (0ms) [Parameters=[], CommandType='Text', CommandTimeout='30']
      CREATE INDEX "IX_Payouts_CreatorId" ON "Payouts" ("CreatorId");
info: Microsoft.EntityFrameworkCore.Database.Command[20101]
      Executed DbCommand (0ms) [Parameters=[], CommandType='Text', CommandTimeout='30']
      CREATE UNIQUE INDEX "UserNameIndex" ON "AspNetUsers" ("NormalizedUserName");
  Passed Cambrian.Api.Tests.StripeWebhookServiceTests.HandleStripeAsync_Dev_LegacyPurchaseGuid_MarksCompleted [1 ms]
info: Microsoft.EntityFrameworkCore.Database.Command[20101]
      Executed DbCommand (0ms) [Parameters=[], CommandType='Text', CommandTimeout='30']
      CREATE INDEX "IX_Purchases_BuyerId" ON "Purchases" ("BuyerId");
info: Microsoft.EntityFrameworkCore.Database.Command[20101]
      Executed DbCommand (0ms) [Parameters=[], CommandType='Text', CommandTimeout='30']
      CREATE UNIQUE INDEX "IX_CreatorProfiles_Slug" ON "CreatorProfiles" ("Slug");
info: Microsoft.EntityFrameworkCore.Database.Command[20101]
      Executed DbCommand (0ms) [Parameters=[], CommandType='Text', CommandTimeout='30']
      CREATE UNIQUE INDEX "IX_Purchases_LicenseId" ON "Purchases" ("LicenseId");
info: Microsoft.EntityFrameworkCore.Database.Command[20101]
  Passed Cambrian.Api.Tests.DatabaseConsistencyTests.PurchaseFlow_CreatesLinkedEntities [3 ms]
  Passed Cambrian.Api.Tests.StripeWebhookServiceTests.HandleStripeAsync_Dev_DuplicatePurchase_DoesNotCreateSecondRecord [6 ms]
  Passed Cambrian.Api.Tests.StripeWebhookServiceTests.HandleStripeAsync_Dev_SubscriptionDeleted_NoCustomerId_DoesNotThrow [< 1 ms]
  Passed Cambrian.Api.Tests.StripeWebhookServiceTests.HandleStripeAsync_Dev_CheckoutCompleted_IssuesLicenseCertificate [8 ms]
  Passed Cambrian.Api.Tests.StripeWebhookServiceTests.HandleStripeAsync_Dev_DuplicatePurchase_BackfillsLibraryItem [2 ms]
  Passed Cambrian.Api.Tests.StripeWebhookServiceTests.HandleStripeAsync_NonDev_ThrowsWhenSecretAndSignatureBothEmpty [< 1 ms]
  Passed Cambrian.Api.Tests.StripeWebhookServiceTests.HandleStripeAsync_Dev_LicenseFailure_StillCreatesPurchaseAndLibrary [3 ms]
  Passed Cambrian.Api.Tests.StripeWebhookServiceTests.HandleStripeAsync_Dev_MissingTrack_DoesNotThrow [13 ms]
      Executed DbCommand (0ms) [Parameters=[], CommandType='Text', CommandTimeout='30']
      CREATE UNIQUE INDEX "IX_CreatorProfiles_UserId" ON "CreatorProfiles" ("UserId");
info: Microsoft.EntityFrameworkCore.Database.Command[20101]
      Executed DbCommand (0ms) [Parameters=[], CommandType='Text', CommandTimeout='30']
      CREATE UNIQUE INDEX "IX_Creators_UserId" ON "Creators" ("UserId");
info: Microsoft.EntityFrameworkCore.Database.Command[20101]
      Executed DbCommand (0ms) [Parameters=[], CommandType='Text', CommandTimeout='30']
      CREATE UNIQUE INDEX "IX_Creators_Username" ON "Creators" ("Username");
info: Microsoft.EntityFrameworkCore.Database.Command[20101]
      Executed DbCommand (0ms) [Parameters=[], CommandType='Text', CommandTimeout='30']
      CREATE INDEX "IX_Subscriptions_UserId" ON "Subscriptions" ("UserId");
info: Microsoft.EntityFrameworkCore.Database.Command[20101]
      Executed DbCommand (0ms) [Parameters=[], CommandType='Text', CommandTimeout='30']
      CREATE UNIQUE INDEX "IX_FeatureFlags_Name" ON "FeatureFlags" ("Name");
info: Microsoft.EntityFrameworkCore.Database.Command[20101]
      Executed DbCommand (0ms) [Parameters=[], CommandType='Text', CommandTimeout='30']
      CREATE INDEX "IX_TrackCollections_CreatorId" ON "TrackCollections" ("CreatorId");
info: Microsoft.EntityFrameworkCore.Database.Command[20101]
      Executed DbCommand (0ms) [Parameters=[], CommandType='Text', CommandTimeout='30']
      CREATE INDEX "IX_Invoices_PurchaseId" ON "Invoices" ("PurchaseId");
info: Microsoft.EntityFrameworkCore.Database.Command[20101]
      Executed DbCommand (0ms) [Parameters=[], CommandType='Text', CommandTimeout='30']
      CREATE UNIQUE INDEX "IX_Tracks_CambrianTrackId" ON "Tracks" ("CambrianTrackId");
info: Microsoft.EntityFrameworkCore.Database.Command[20101]
      Executed DbCommand (0ms) [Parameters=[], CommandType='Text', CommandTimeout='30']
      CREATE INDEX "IX_Tracks_CreatorId" ON "Tracks" ("CreatorId");
info: Microsoft.EntityFrameworkCore.Database.Command[20101]
      Executed DbCommand (0ms) [Parameters=[], CommandType='Text', CommandTimeout='30']
      CREATE INDEX "IX_Invoices_UserId" ON "Invoices" ("UserId");
info: Microsoft.EntityFrameworkCore.Database.Command[20101]
      Executed DbCommand (0ms) [Parameters=[], CommandType='Text', CommandTimeout='30']
      CREATE INDEX "IX_Library_PurchaseId" ON "Library" ("PurchaseId");
info: Microsoft.EntityFrameworkCore.Database.Command[20101]
      Executed DbCommand (0ms) [Parameters=[], CommandType='Text', CommandTimeout='30']
      CREATE UNIQUE INDEX "IX_Purchases_StripeSessionId" ON "Purchases" ("StripeSessionId") WHERE "StripeSessionId" IS NOT NULL;
info: Microsoft.EntityFrameworkCore.Database.Command[20101]
      Executed DbCommand (0ms) [Parameters=[], CommandType='Text', CommandTimeout='30']
      CREATE INDEX "IX_Library_TrackId" ON "Library" ("TrackId");
info: Microsoft.EntityFrameworkCore.Database.Command[20101]
      Executed DbCommand (0ms) [Parameters=[], CommandType='Text', CommandTimeout='30']
      CREATE INDEX "IX_Purchases_TrackId" ON "Purchases" ("TrackId");
info: Microsoft.EntityFrameworkCore.Database.Command[20101]
      Executed DbCommand (0ms) [Parameters=[], CommandType='Text', CommandTimeout='30']
      CREATE UNIQUE INDEX "IX_Library_UserId_TrackId" ON "Library" ("UserId", "TrackId");
info: Microsoft.EntityFrameworkCore.Database.Command[20101]
      Executed DbCommand (0ms) [Parameters=[], CommandType='Text', CommandTimeout='30']
      CREATE INDEX "IX_StreamSessions_TrackId" ON "StreamSessions" ("TrackId");
info: Microsoft.EntityFrameworkCore.Database.Command[20101]
      Executed DbCommand (0ms) [Parameters=[], CommandType='Text', CommandTimeout='30']
      CREATE INDEX "IX_LicenseCertificates_BuyerId" ON "LicenseCertificates" ("BuyerId");
info: Microsoft.EntityFrameworkCore.Database.Command[20101]
      Executed DbCommand (0ms) [Parameters=[], CommandType='Text', CommandTimeout='30']
      CREATE UNIQUE INDEX "IX_StripeWebhookEvents_EventId" ON "StripeWebhookEvents" ("EventId");
info: Microsoft.EntityFrameworkCore.Database.Command[20101]
      Executed DbCommand (0ms) [Parameters=[], CommandType='Text', CommandTimeout='30']
      CREATE INDEX "IX_Subscriptions_UserId" ON "Subscriptions" ("UserId");
info: Microsoft.EntityFrameworkCore.Database.Command[20101]
      Executed DbCommand (0ms) [Parameters=[], CommandType='Text', CommandTimeout='30']
      CREATE INDEX "IX_TrackCollections_CreatorId" ON "TrackCollections" ("CreatorId");
info: Microsoft.EntityFrameworkCore.Database.Command[20101]
      Executed DbCommand (0ms) [Parameters=[], CommandType='Text', CommandTimeout='30']
      CREATE UNIQUE INDEX "IX_Tracks_CambrianTrackId" ON "Tracks" ("CambrianTrackId");
info: Microsoft.EntityFrameworkCore.Database.Command[20101]
      Executed DbCommand (0ms) [Parameters=[], CommandType='Text', CommandTimeout='30']
      CREATE INDEX "IX_Tracks_CreatorId" ON "Tracks" ("CreatorId");
info: Microsoft.EntityFrameworkCore.Database.Command[20101]
      Executed DbCommand (0ms) [Parameters=[], CommandType='Text', CommandTimeout='30']
      CREATE INDEX "IX_Tracks_CreatorUuid" ON "Tracks" ("CreatorUuid");
info: Microsoft.EntityFrameworkCore.Database.Command[20101]
      Executed DbCommand (0ms) [Parameters=[], CommandType='Text', CommandTimeout='30']
      CREATE INDEX "IX_WalletTransactions_UserId" ON "WalletTransactions" ("UserId");
info: Cambrian.Api.Middleware.RequestLoggingMiddleware[0]
      HTTP GET /api/creators/username-availability  200 in 42ms [rid:6aae4b6934eb uid:anon]
info: Cambrian.Api.Controllers.AuthController[0]
      EVENT: RegisterStarted
info: Microsoft.EntityFrameworkCore.Database.Command[20101]
      Executed DbCommand (0ms) [Parameters=[], CommandType='Text', CommandTimeout='30']
      CREATE INDEX "IX_LicenseCertificates_CreatorId" ON "LicenseCertificates" ("CreatorId");
info: Microsoft.EntityFrameworkCore.Database.Command[20101]
      Executed DbCommand (0ms) [Parameters=[@__normalizedUserName_0='?' (Size = 50)], CommandType='Text', CommandTimeout='30']
      SELECT "a"."Id", "a"."AccessFailedCount", "a"."Bio", "a"."ConcurrencyStamp", "a"."CoverImageUrl", "a"."CreatedAt", "a"."CreatorTier", "a"."DisplayName", "a"."Email", "a"."EmailConfirmed", "a"."LockoutEnabled", "a"."LockoutEnd", "a"."NormalizedEmail", "a"."NormalizedUserName", "a"."PasswordHash", "a"."PasswordResetCode", "a"."PasswordResetCodeExpiry", "a"."PhoneNumber", "a"."PhoneNumberConfirmed", "a"."Plan", "a"."ProfileImageUrl", "a"."Role", "a"."SecurityStamp", "a"."Status", "a"."StripeAccountId", "a"."SubscriptionEndDate", "a"."SubscriptionStatus", "a"."Tier", "a"."TwoFactorEnabled", "a"."UploadCount", "a"."UserName", "a"."VerifiedCreator", "a"."WalletBalanceCents"
      FROM "AspNetUsers" AS "a"
      WHERE "a"."NormalizedUserName" = @__normalizedUserName_0
      LIMIT 1
info: Microsoft.EntityFrameworkCore.Database.Command[20101]
      Executed DbCommand (0ms) [Parameters=[], CommandType='Text', CommandTimeout='30']
      CREATE INDEX "IX_LicenseCertificates_PurchaseId" ON "LicenseCertificates" ("PurchaseId");
info: Microsoft.EntityFrameworkCore.Database.Command[20101]
      Executed DbCommand (0ms) [Parameters=[@__normalizedEmail_0='?' (Size = 50)], CommandType='Text', CommandTimeout='30']
      SELECT "a"."Id", "a"."AccessFailedCount", "a"."Bio", "a"."ConcurrencyStamp", "a"."CoverImageUrl", "a"."CreatedAt", "a"."CreatorTier", "a"."DisplayName", "a"."Email", "a"."EmailConfirmed", "a"."LockoutEnabled", "a"."LockoutEnd", "a"."NormalizedEmail", "a"."NormalizedUserName", "a"."PasswordHash", "a"."PasswordResetCode", "a"."PasswordResetCodeExpiry", "a"."PhoneNumber", "a"."PhoneNumberConfirmed", "a"."Plan", "a"."ProfileImageUrl", "a"."Role", "a"."SecurityStamp", "a"."Status", "a"."StripeAccountId", "a"."SubscriptionEndDate", "a"."SubscriptionStatus", "a"."Tier", "a"."TwoFactorEnabled", "a"."UploadCount", "a"."UserName", "a"."VerifiedCreator", "a"."WalletBalanceCents"
      FROM "AspNetUsers" AS "a"
      WHERE "a"."NormalizedEmail" = @__normalizedEmail_0
      LIMIT 2
info: Microsoft.EntityFrameworkCore.Database.Command[20101]
      Executed DbCommand (0ms) [Parameters=[], CommandType='Text', CommandTimeout='30']
      CREATE INDEX "IX_Payouts_CreatorId" ON "Payouts" ("CreatorId");
info: Microsoft.EntityFrameworkCore.Database.Command[20101]
      Executed DbCommand (0ms) [Parameters=[], CommandType='Text', CommandTimeout='30']
      CREATE INDEX "IX_Purchases_BuyerId" ON "Purchases" ("BuyerId");
info: Microsoft.EntityFrameworkCore.Database.Command[20101]
      Executed DbCommand (0ms) [Parameters=[], CommandType='Text', CommandTimeout='30']
      CREATE UNIQUE INDEX "IX_Purchases_LicenseId" ON "Purchases" ("LicenseId");
info: Microsoft.EntityFrameworkCore.Database.Command[20101]
      Executed DbCommand (0ms) [Parameters=[@p0='?' (Size = 36), @p1='?' (DbType = Int32), @p2='?', @p3='?' (Size = 36), @p4='?', @p5='?' (DbType = DateTime), @p6='?' (DbType = Int32), @p7='?' (Size = 8), @p8='?' (Size = 23), @p9='?' (DbType = Boolean), @p10='?' (DbType = Boolean), @p11='?' (DbType = DateTimeOffset), @p12='?' (Size = 23), @p13='?' (Size = 23), @p14='?' (Size = 84), @p15='?', @p16='?' (DbType = DateTime), @p17='?', @p18='?' (DbType = Boolean), @p19='?', @p20='?', @p21='?' (Size = 4), @p22='?' (Size = 32), @p23='?' (Size = 6), @p24='?', @p25='?' (DbType = DateTime), @p26='?' (Size = 8), @p27='?' (Size = 4), @p28='?' (DbType = Boolean), @p29='?' (DbType = Int32), @p30='?' (Size = 23), @p31='?' (DbType = Boolean), @p32='?' (DbType = Int64)], CommandType='Text', CommandTimeout='30']
      INSERT INTO "AspNetUsers" ("Id", "AccessFailedCount", "Bio", "ConcurrencyStamp", "CoverImageUrl", "CreatedAt", "CreatorTier", "DisplayName", "Email", "EmailConfirmed", "LockoutEnabled", "LockoutEnd", "NormalizedEmail", "NormalizedUserName", "PasswordHash", "PasswordResetCode", "PasswordResetCodeExpiry", "PhoneNumber", "PhoneNumberConfirmed", "Plan", "ProfileImageUrl", "Role", "SecurityStamp", "Status", "StripeAccountId", "SubscriptionEndDate", "SubscriptionStatus", "Tier", "TwoFactorEnabled", "UploadCount", "UserName", "VerifiedCreator", "WalletBalanceCents")
      VALUES (@p0, @p1, @p2, @p3, @p4, @p5, @p6, @p7, @p8, @p9, @p10, @p11, @p12, @p13, @p14, @p15, @p16, @p17, @p18, @p19, @p20, @p21, @p22, @p23, @p24, @p25, @p26, @p27, @p28, @p29, @p30, @p31, @p32);
info: Cambrian.Api.Controllers.AuthController[0]
      EVENT: RegisterCompleted userId:c4b3cb18-acbf-41c4-a513-fb372e27ec80 tier:free
info: Microsoft.EntityFrameworkCore.Database.Command[20101]
      Executed DbCommand (0ms) [Parameters=[], CommandType='Text', CommandTimeout='30']
      CREATE INDEX "IX_Tracks_CreatorUuid" ON "Tracks" ("CreatorUuid");
info: Cambrian.Api.Middleware.RequestLoggingMiddleware[0]
      HTTP POST /auth/register  201 in 182ms [rid:16120c4b6ebf uid:anon]
info: Microsoft.EntityFrameworkCore.Database.Command[20101]
      Executed DbCommand (0ms) [Parameters=[], CommandType='Text', CommandTimeout='30']
      CREATE INDEX "IX_WalletTransactions_UserId" ON "WalletTransactions" ("UserId");
info: Cambrian.Api.Controllers.AuthController[0]
      EVENT: RegisterStarted
info: Microsoft.EntityFrameworkCore.Database.Command[20101]
      Executed DbCommand (0ms) [Parameters=[@__normalizedUserName_0='?' (Size = 25)], CommandType='Text', CommandTimeout='30']
      SELECT "a"."Id", "a"."AccessFailedCount", "a"."Bio", "a"."ConcurrencyStamp", "a"."CoverImageUrl", "a"."CreatedAt", "a"."CreatorTier", "a"."DisplayName", "a"."Email", "a"."EmailConfirmed", "a"."LockoutEnabled", "a"."LockoutEnd", "a"."NormalizedEmail", "a"."NormalizedUserName", "a"."PasswordHash", "a"."PasswordResetCode", "a"."PasswordResetCodeExpiry", "a"."PhoneNumber", "a"."PhoneNumberConfirmed", "a"."Plan", "a"."ProfileImageUrl", "a"."Role", "a"."SecurityStamp", "a"."Status", "a"."StripeAccountId", "a"."SubscriptionEndDate", "a"."SubscriptionStatus", "a"."Tier", "a"."TwoFactorEnabled", "a"."UploadCount", "a"."UserName", "a"."VerifiedCreator", "a"."WalletBalanceCents"
      FROM "AspNetUsers" AS "a"
      WHERE "a"."NormalizedUserName" = @__normalizedUserName_0
      LIMIT 1
info: Microsoft.EntityFrameworkCore.Database.Command[20101]
      Executed DbCommand (1ms) [Parameters=[@__normalizedEmail_0='?' (Size = 25)], CommandType='Text', CommandTimeout='30']
      SELECT "a"."Id", "a"."AccessFailedCount", "a"."Bio", "a"."ConcurrencyStamp", "a"."CoverImageUrl", "a"."CreatedAt", "a"."CreatorTier", "a"."DisplayName", "a"."Email", "a"."EmailConfirmed", "a"."LockoutEnabled", "a"."LockoutEnd", "a"."NormalizedEmail", "a"."NormalizedUserName", "a"."PasswordHash", "a"."PasswordResetCode", "a"."PasswordResetCodeExpiry", "a"."PhoneNumber", "a"."PhoneNumberConfirmed", "a"."Plan", "a"."ProfileImageUrl", "a"."Role", "a"."SecurityStamp", "a"."Status", "a"."StripeAccountId", "a"."SubscriptionEndDate", "a"."SubscriptionStatus", "a"."Tier", "a"."TwoFactorEnabled", "a"."UploadCount", "a"."UserName", "a"."VerifiedCreator", "a"."WalletBalanceCents"
      FROM "AspNetUsers" AS "a"
      WHERE "a"."NormalizedEmail" = @__normalizedEmail_0
      LIMIT 2
info: Microsoft.EntityFrameworkCore.Database.Command[20101]
      Executed DbCommand (0ms) [Parameters=[@p0='?' (Size = 36), @p1='?' (DbType = Int32), @p2='?', @p3='?' (Size = 36), @p4='?', @p5='?' (DbType = DateTime), @p6='?' (DbType = Int32), @p7='?' (Size = 8), @p8='?' (Size = 50), @p9='?' (DbType = Boolean), @p10='?' (DbType = Boolean), @p11='?' (DbType = DateTimeOffset), @p12='?' (Size = 50), @p13='?' (Size = 50), @p14='?' (Size = 84), @p15='?', @p16='?' (DbType = DateTime), @p17='?', @p18='?' (DbType = Boolean), @p19='?', @p20='?', @p21='?' (Size = 4), @p22='?' (Size = 32), @p23='?' (Size = 6), @p24='?', @p25='?' (DbType = DateTime), @p26='?' (Size = 8), @p27='?' (Size = 4), @p28='?' (DbType = Boolean), @p29='?' (DbType = Int32), @p30='?' (Size = 50), @p31='?' (DbType = Boolean), @p32='?' (DbType = Int64)], CommandType='Text', CommandTimeout='30']
      INSERT INTO "AspNetUsers" ("Id", "AccessFailedCount", "Bio", "ConcurrencyStamp", "CoverImageUrl", "CreatedAt", "CreatorTier", "DisplayName", "Email", "EmailConfirmed", "LockoutEnabled", "LockoutEnd", "NormalizedEmail", "NormalizedUserName", "PasswordHash", "PasswordResetCode", "PasswordResetCodeExpiry", "PhoneNumber", "PhoneNumberConfirmed", "Plan", "ProfileImageUrl", "Role", "SecurityStamp", "Status", "StripeAccountId", "SubscriptionEndDate", "SubscriptionStatus", "Tier", "TwoFactorEnabled", "UploadCount", "UserName", "VerifiedCreator", "WalletBalanceCents")
      VALUES (@p0, @p1, @p2, @p3, @p4, @p5, @p6, @p7, @p8, @p9, @p10, @p11, @p12, @p13, @p14, @p15, @p16, @p17, @p18, @p19, @p20, @p21, @p22, @p23, @p24, @p25, @p26, @p27, @p28, @p29, @p30, @p31, @p32);
info: Cambrian.Api.Controllers.AuthController[0]
      EVENT: RegisterCompleted userId:9820854f-b3a1-4543-9f81-0343b54c043f tier:free
info: Cambrian.Api.Middleware.RequestLoggingMiddleware[0]
      HTTP POST /auth/register  201 in 70ms [rid:cb088e9685c7 uid:anon]
info: Microsoft.EntityFrameworkCore.Database.Command[20101]
      Executed DbCommand (0ms) [Parameters=[@p0='?' (Size = 36), @p1='?' (DbType = Int32), @p2='?', @p3='?' (Size = 36), @p4='?', @p5='?' (DbType = DateTime), @p6='?' (DbType = Int32), @p7='?' (Size = 8), @p8='?' (Size = 30), @p9='?' (DbType = Boolean), @p10='?' (DbType = Boolean), @p11='?' (DbType = DateTimeOffset), @p12='?' (Size = 30), @p13='?' (Size = 30), @p14='?' (Size = 84), @p15='?', @p16='?' (DbType = DateTime), @p17='?', @p18='?' (DbType = Boolean), @p19='?', @p20='?', @p21='?' (Size = 4), @p22='?' (Size = 32), @p23='?' (Size = 6), @p24='?', @p25='?' (DbType = DateTime), @p26='?' (Size = 8), @p27='?' (Size = 4), @p28='?' (DbType = Boolean), @p29='?' (DbType = Int32), @p30='?' (Size = 30), @p31='?' (DbType = Boolean), @p32='?' (DbType = Int64)], CommandType='Text', CommandTimeout='30']
      INSERT INTO "AspNetUsers" ("Id", "AccessFailedCount", "Bio", "ConcurrencyStamp", "CoverImageUrl", "CreatedAt", "CreatorTier", "DisplayName", "Email", "EmailConfirmed", "LockoutEnabled", "LockoutEnd", "NormalizedEmail", "NormalizedUserName", "PasswordHash", "PasswordResetCode", "PasswordResetCodeExpiry", "PhoneNumber", "PhoneNumberConfirmed", "Plan", "ProfileImageUrl", "Role", "SecurityStamp", "Status", "StripeAccountId", "SubscriptionEndDate", "SubscriptionStatus", "Tier", "TwoFactorEnabled", "UploadCount", "UserName", "VerifiedCreator", "WalletBalanceCents")
      VALUES (@p0, @p1, @p2, @p3, @p4, @p5, @p6, @p7, @p8, @p9, @p10, @p11, @p12, @p13, @p14, @p15, @p16, @p17, @p18, @p19, @p20, @p21, @p22, @p23, @p24, @p25, @p26, @p27, @p28, @p29, @p30, @p31, @p32);
info: Cambrian.Api.Controllers.AuthController[0]
      EVENT: RegisterCompleted userId:6dcdefe6-6c11-4803-9403-f0579c95a8ca tier:free
info: Cambrian.Api.Middleware.RequestLoggingMiddleware[0]
      HTTP POST /auth/register  201 in 182ms [rid:c83926ed6359 uid:anon]
info: Microsoft.EntityFrameworkCore.Database.Command[20101]
      Executed DbCommand (0ms) [Parameters=[], CommandType='Text', CommandTimeout='30']
      CREATE UNIQUE INDEX "IX_Purchases_StripeSessionId" ON "Purchases" ("StripeSessionId") WHERE "StripeSessionId" IS NOT NULL;
info: Microsoft.EntityFrameworkCore.Database.Command[20101]
      Executed DbCommand (0ms) [Parameters=[], CommandType='Text', CommandTimeout='30']
      CREATE INDEX "IX_Purchases_TrackId" ON "Purchases" ("TrackId");
info: Microsoft.EntityFrameworkCore.Database.Command[20101]
      Executed DbCommand (0ms) [Parameters=[@__normalizedUserName_0='?' (Size = 47)], CommandType='Text', CommandTimeout='30']
      SELECT "a"."Id", "a"."AccessFailedCount", "a"."Bio", "a"."ConcurrencyStamp", "a"."CoverImageUrl", "a"."CreatedAt", "a"."CreatorTier", "a"."DisplayName", "a"."Email", "a"."EmailConfirmed", "a"."LockoutEnabled", "a"."LockoutEnd", "a"."NormalizedEmail", "a"."NormalizedUserName", "a"."PasswordHash", "a"."PasswordResetCode", "a"."PasswordResetCodeExpiry", "a"."PhoneNumber", "a"."PhoneNumberConfirmed", "a"."Plan", "a"."ProfileImageUrl", "a"."Role", "a"."SecurityStamp", "a"."Status", "a"."StripeAccountId", "a"."SubscriptionEndDate", "a"."SubscriptionStatus", "a"."Tier", "a"."TwoFactorEnabled", "a"."UploadCount", "a"."UserName", "a"."VerifiedCreator", "a"."WalletBalanceCents"
      FROM "AspNetUsers" AS "a"
      WHERE "a"."NormalizedUserName" = @__normalizedUserName_0
      LIMIT 1
info: Microsoft.EntityFrameworkCore.Database.Command[20101]
      Executed DbCommand (1ms) [Parameters=[@__normalizedEmail_0='?' (Size = 47)], CommandType='Text', CommandTimeout='30']
      SELECT "a"."Id", "a"."AccessFailedCount", "a"."Bio", "a"."ConcurrencyStamp", "a"."CoverImageUrl", "a"."CreatedAt", "a"."CreatorTier", "a"."DisplayName", "a"."Email", "a"."EmailConfirmed", "a"."LockoutEnabled", "a"."LockoutEnd", "a"."NormalizedEmail", "a"."NormalizedUserName", "a"."PasswordHash", "a"."PasswordResetCode", "a"."PasswordResetCodeExpiry", "a"."PhoneNumber", "a"."PhoneNumberConfirmed", "a"."Plan", "a"."ProfileImageUrl", "a"."Role", "a"."SecurityStamp", "a"."Status", "a"."StripeAccountId", "a"."SubscriptionEndDate", "a"."SubscriptionStatus", "a"."Tier", "a"."TwoFactorEnabled", "a"."UploadCount", "a"."UserName", "a"."VerifiedCreator", "a"."WalletBalanceCents"
      FROM "AspNetUsers" AS "a"
      WHERE "a"."NormalizedEmail" = @__normalizedEmail_0
      LIMIT 2
info: Microsoft.EntityFrameworkCore.Database.Command[20101]
      Executed DbCommand (0ms) [Parameters=[@p0='?' (Size = 36), @p1='?' (DbType = Int32), @p2='?', @p3='?' (Size = 36), @p4='?', @p5='?' (DbType = DateTime), @p6='?' (DbType = Int32), @p7='?' (Size = 8), @p8='?' (Size = 25), @p9='?' (DbType = Boolean), @p10='?' (DbType = Boolean), @p11='?' (DbType = DateTimeOffset), @p12='?' (Size = 25), @p13='?' (Size = 25), @p14='?' (Size = 84), @p15='?', @p16='?' (DbType = DateTime), @p17='?', @p18='?' (DbType = Boolean), @p19='?', @p20='?', @p21='?' (Size = 4), @p22='?' (Size = 32), @p23='?' (Size = 6), @p24='?', @p25='?' (DbType = DateTime), @p26='?' (Size = 8), @p27='?' (Size = 4), @p28='?' (DbType = Boolean), @p29='?' (DbType = Int32), @p30='?' (Size = 25), @p31='?' (DbType = Boolean), @p32='?' (DbType = Int64)], CommandType='Text', CommandTimeout='30']
      INSERT INTO "AspNetUsers" ("Id", "AccessFailedCount", "Bio", "ConcurrencyStamp", "CoverImageUrl", "CreatedAt", "CreatorTier", "DisplayName", "Email", "EmailConfirmed", "LockoutEnabled", "LockoutEnd", "NormalizedEmail", "NormalizedUserName", "PasswordHash", "PasswordResetCode", "PasswordResetCodeExpiry", "PhoneNumber", "PhoneNumberConfirmed", "Plan", "ProfileImageUrl", "Role", "SecurityStamp", "Status", "StripeAccountId", "SubscriptionEndDate", "SubscriptionStatus", "Tier", "TwoFactorEnabled", "UploadCount", "UserName", "VerifiedCreator", "WalletBalanceCents")
      VALUES (@p0, @p1, @p2, @p3, @p4, @p5, @p6, @p7, @p8, @p9, @p10, @p11, @p12, @p13, @p14, @p15, @p16, @p17, @p18, @p19, @p20, @p21, @p22, @p23, @p24, @p25, @p26, @p27, @p28, @p29, @p30, @p31, @p32);
info: Cambrian.Api.Controllers.AuthController[0]
      EVENT: RegisterCompleted userId:338434fb-4044-4b7c-b02b-b30a703bdeb3 tier:free
info: Cambrian.Api.Middleware.RequestLoggingMiddleware[0]
      HTTP POST /auth/register  201 in 182ms [rid:6d0339c0ef64 uid:anon]
info: Microsoft.EntityFrameworkCore.Database.Command[20101]
      Executed DbCommand (0ms) [Parameters=[], CommandType='Text', CommandTimeout='30']
      CREATE INDEX "IX_StreamSessions_TrackId" ON "StreamSessions" ("TrackId");
info: Microsoft.EntityFrameworkCore.Database.Command[20101]
      Executed DbCommand (0ms) [Parameters=[], CommandType='Text', CommandTimeout='30']
      CREATE UNIQUE INDEX "IX_StripeWebhookEvents_EventId" ON "StripeWebhookEvents" ("EventId");
info: Microsoft.EntityFrameworkCore.Database.Command[20101]
      Executed DbCommand (0ms) [Parameters=[], CommandType='Text', CommandTimeout='30']
      CREATE INDEX "IX_Subscriptions_UserId" ON "Subscriptions" ("UserId");
info: Microsoft.EntityFrameworkCore.Database.Command[20101]
      Executed DbCommand (0ms) [Parameters=[], CommandType='Text', CommandTimeout='30']
      CREATE INDEX "IX_TrackCollections_CreatorId" ON "TrackCollections" ("CreatorId");
info: Microsoft.EntityFrameworkCore.Database.Command[20101]
      Executed DbCommand (0ms) [Parameters=[], CommandType='Text', CommandTimeout='30']
      CREATE UNIQUE INDEX "IX_Tracks_CambrianTrackId" ON "Tracks" ("CambrianTrackId");
info: Microsoft.EntityFrameworkCore.Database.Command[20101]
      Executed DbCommand (0ms) [Parameters=[@p0='?' (Size = 36), @p1='?' (DbType = Int32), @p2='?', @p3='?' (Size = 36), @p4='?', @p5='?' (DbType = DateTime), @p6='?' (DbType = Int32), @p7='?' (Size = 8), @p8='?' (Size = 47), @p9='?' (DbType = Boolean), @p10='?' (DbType = Boolean), @p11='?' (DbType = DateTimeOffset), @p12='?' (Size = 47), @p13='?' (Size = 47), @p14='?' (Size = 84), @p15='?', @p16='?' (DbType = DateTime), @p17='?', @p18='?' (DbType = Boolean), @p19='?', @p20='?', @p21='?' (Size = 4), @p22='?' (Size = 32), @p23='?' (Size = 6), @p24='?', @p25='?' (DbType = DateTime), @p26='?' (Size = 8), @p27='?' (Size = 4), @p28='?' (DbType = Boolean), @p29='?' (DbType = Int32), @p30='?' (Size = 47), @p31='?' (DbType = Boolean), @p32='?' (DbType = Int64)], CommandType='Text', CommandTimeout='30']
      INSERT INTO "AspNetUsers" ("Id", "AccessFailedCount", "Bio", "ConcurrencyStamp", "CoverImageUrl", "CreatedAt", "CreatorTier", "DisplayName", "Email", "EmailConfirmed", "LockoutEnabled", "LockoutEnd", "NormalizedEmail", "NormalizedUserName", "PasswordHash", "PasswordResetCode", "PasswordResetCodeExpiry", "PhoneNumber", "PhoneNumberConfirmed", "Plan", "ProfileImageUrl", "Role", "SecurityStamp", "Status", "StripeAccountId", "SubscriptionEndDate", "SubscriptionStatus", "Tier", "TwoFactorEnabled", "UploadCount", "UserName", "VerifiedCreator", "WalletBalanceCents")
      VALUES (@p0, @p1, @p2, @p3, @p4, @p5, @p6, @p7, @p8, @p9, @p10, @p11, @p12, @p13, @p14, @p15, @p16, @p17, @p18, @p19, @p20, @p21, @p22, @p23, @p24, @p25, @p26, @p27, @p28, @p29, @p30, @p31, @p32);
info: Cambrian.Api.Controllers.AuthController[0]
      EVENT: RegisterCompleted userId:3acbc343-bdcd-4a9b-891e-b07f7ce42aa5 tier:free
info: Cambrian.Api.Middleware.RequestLoggingMiddleware[0]
      HTTP POST /auth/register  201 in 125ms [rid:7924d24e96c2 uid:anon]
info: Microsoft.EntityFrameworkCore.Database.Command[20101]
      Executed DbCommand (0ms) [Parameters=[], CommandType='Text', CommandTimeout='30']
      CREATE INDEX "IX_Tracks_CreatorId" ON "Tracks" ("CreatorId");
info: Microsoft.EntityFrameworkCore.Database.Command[20101]
      Executed DbCommand (0ms) [Parameters=[], CommandType='Text', CommandTimeout='30']
      CREATE INDEX "IX_Tracks_CreatorUuid" ON "Tracks" ("CreatorUuid");
info: Microsoft.EntityFrameworkCore.Database.Command[20101]
      Executed DbCommand (0ms) [Parameters=[], CommandType='Text', CommandTimeout='30']
      CREATE INDEX "IX_WalletTransactions_UserId" ON "WalletTransactions" ("UserId");
info: Cambrian.Api.Controllers.AuthController[0]
      EVENT: RegisterStarted
info: Microsoft.EntityFrameworkCore.Database.Command[20101]
      Executed DbCommand (0ms) [Parameters=[@__normalizedUserName_0='?' (Size = 54)], CommandType='Text', CommandTimeout='30']
      SELECT "a"."Id", "a"."AccessFailedCount", "a"."Bio", "a"."ConcurrencyStamp", "a"."CoverImageUrl", "a"."CreatedAt", "a"."CreatorTier", "a"."DisplayName", "a"."Email", "a"."EmailConfirmed", "a"."LockoutEnabled", "a"."LockoutEnd", "a"."NormalizedEmail", "a"."NormalizedUserName", "a"."PasswordHash", "a"."PasswordResetCode", "a"."PasswordResetCodeExpiry", "a"."PhoneNumber", "a"."PhoneNumberConfirmed", "a"."Plan", "a"."ProfileImageUrl", "a"."Role", "a"."SecurityStamp", "a"."Status", "a"."StripeAccountId", "a"."SubscriptionEndDate", "a"."SubscriptionStatus", "a"."Tier", "a"."TwoFactorEnabled", "a"."UploadCount", "a"."UserName", "a"."VerifiedCreator", "a"."WalletBalanceCents"
      FROM "AspNetUsers" AS "a"
      WHERE "a"."NormalizedUserName" = @__normalizedUserName_0
      LIMIT 1
info: Microsoft.EntityFrameworkCore.Database.Command[20101]
      Executed DbCommand (1ms) [Parameters=[@__normalizedEmail_0='?' (Size = 54)], CommandType='Text', CommandTimeout='30']
      SELECT "a"."Id", "a"."AccessFailedCount", "a"."Bio", "a"."ConcurrencyStamp", "a"."CoverImageUrl", "a"."CreatedAt", "a"."CreatorTier", "a"."DisplayName", "a"."Email", "a"."EmailConfirmed", "a"."LockoutEnabled", "a"."LockoutEnd", "a"."NormalizedEmail", "a"."NormalizedUserName", "a"."PasswordHash", "a"."PasswordResetCode", "a"."PasswordResetCodeExpiry", "a"."PhoneNumber", "a"."PhoneNumberConfirmed", "a"."Plan", "a"."ProfileImageUrl", "a"."Role", "a"."SecurityStamp", "a"."Status", "a"."StripeAccountId", "a"."SubscriptionEndDate", "a"."SubscriptionStatus", "a"."Tier", "a"."TwoFactorEnabled", "a"."UploadCount", "a"."UserName", "a"."VerifiedCreator", "a"."WalletBalanceCents"
      FROM "AspNetUsers" AS "a"
      WHERE "a"."NormalizedEmail" = @__normalizedEmail_0
      LIMIT 2
info: Microsoft.EntityFrameworkCore.Database.Command[20101]
      Executed DbCommand (0ms) [Parameters=[@p0='?' (Size = 36), @p1='?' (DbType = Int32), @p2='?', @p3='?' (Size = 36), @p4='?', @p5='?' (DbType = DateTime), @p6='?' (DbType = Int32), @p7='?' (Size = 8), @p8='?' (Size = 54), @p9='?' (DbType = Boolean), @p10='?' (DbType = Boolean), @p11='?' (DbType = DateTimeOffset), @p12='?' (Size = 54), @p13='?' (Size = 54), @p14='?' (Size = 84), @p15='?', @p16='?' (DbType = DateTime), @p17='?', @p18='?' (DbType = Boolean), @p19='?', @p20='?', @p21='?' (Size = 4), @p22='?' (Size = 32), @p23='?' (Size = 6), @p24='?', @p25='?' (DbType = DateTime), @p26='?' (Size = 8), @p27='?' (Size = 4), @p28='?' (DbType = Boolean), @p29='?' (DbType = Int32), @p30='?' (Size = 54), @p31='?' (DbType = Boolean), @p32='?' (DbType = Int64)], CommandType='Text', CommandTimeout='30']
      INSERT INTO "AspNetUsers" ("Id", "AccessFailedCount", "Bio", "ConcurrencyStamp", "CoverImageUrl", "CreatedAt", "CreatorTier", "DisplayName", "Email", "EmailConfirmed", "LockoutEnabled", "LockoutEnd", "NormalizedEmail", "NormalizedUserName", "PasswordHash", "PasswordResetCode", "PasswordResetCodeExpiry", "PhoneNumber", "PhoneNumberConfirmed", "Plan", "ProfileImageUrl", "Role", "SecurityStamp", "Status", "StripeAccountId", "SubscriptionEndDate", "SubscriptionStatus", "Tier", "TwoFactorEnabled", "UploadCount", "UserName", "VerifiedCreator", "WalletBalanceCents")
      VALUES (@p0, @p1, @p2, @p3, @p4, @p5, @p6, @p7, @p8, @p9, @p10, @p11, @p12, @p13, @p14, @p15, @p16, @p17, @p18, @p19, @p20, @p21, @p22, @p23, @p24, @p25, @p26, @p27, @p28, @p29, @p30, @p31, @p32);
info: Cambrian.Api.Controllers.AuthController[0]
      EVENT: RegisterCompleted userId:415a258f-5624-482f-961c-42fe1045dc9e tier:free
info: Cambrian.Api.Middleware.RequestLoggingMiddleware[0]
      HTTP POST /auth/register  201 in 181ms [rid:314fe4dffc70 uid:anon]
info: Microsoft.EntityFrameworkCore.Database.Command[20101]
      Executed DbCommand (0ms) [Parameters=[@__normalizedEmail_0='?' (Size = 25)], CommandType='Text', CommandTimeout='30']
      SELECT "a"."Id", "a"."AccessFailedCount", "a"."Bio", "a"."ConcurrencyStamp", "a"."CoverImageUrl", "a"."CreatedAt", "a"."CreatorTier", "a"."DisplayName", "a"."Email", "a"."EmailConfirmed", "a"."LockoutEnabled", "a"."LockoutEnd", "a"."NormalizedEmail", "a"."NormalizedUserName", "a"."PasswordHash", "a"."PasswordResetCode", "a"."PasswordResetCodeExpiry", "a"."PhoneNumber", "a"."PhoneNumberConfirmed", "a"."Plan", "a"."ProfileImageUrl", "a"."Role", "a"."SecurityStamp", "a"."Status", "a"."StripeAccountId", "a"."SubscriptionEndDate", "a"."SubscriptionStatus", "a"."Tier", "a"."TwoFactorEnabled", "a"."UploadCount", "a"."UserName", "a"."VerifiedCreator", "a"."WalletBalanceCents"
      FROM "AspNetUsers" AS "a"
      WHERE "a"."NormalizedEmail" = @__normalizedEmail_0
      LIMIT 2
info: Microsoft.EntityFrameworkCore.Database.Command[20101]
      Executed DbCommand (0ms) [Parameters=[@__normalizedEmail_0='?' (Size = 30)], CommandType='Text', CommandTimeout='30']
      SELECT "a"."Id", "a"."AccessFailedCount", "a"."Bio", "a"."ConcurrencyStamp", "a"."CoverImageUrl", "a"."CreatedAt", "a"."CreatorTier", "a"."DisplayName", "a"."Email", "a"."EmailConfirmed", "a"."LockoutEnabled", "a"."LockoutEnd", "a"."NormalizedEmail", "a"."NormalizedUserName", "a"."PasswordHash", "a"."PasswordResetCode", "a"."PasswordResetCodeExpiry", "a"."PhoneNumber", "a"."PhoneNumberConfirmed", "a"."Plan", "a"."ProfileImageUrl", "a"."Role", "a"."SecurityStamp", "a"."Status", "a"."StripeAccountId", "a"."SubscriptionEndDate", "a"."SubscriptionStatus", "a"."Tier", "a"."TwoFactorEnabled", "a"."UploadCount", "a"."UserName", "a"."VerifiedCreator", "a"."WalletBalanceCents"
      FROM "AspNetUsers" AS "a"
      WHERE "a"."NormalizedEmail" = @__normalizedEmail_0
      LIMIT 2
info: Microsoft.EntityFrameworkCore.Database.Command[20101]
      Executed DbCommand (0ms) [Parameters=[@__normalizedEmail_0='?' (Size = 47)], CommandType='Text', CommandTimeout='30']
      SELECT "a"."Id", "a"."AccessFailedCount", "a"."Bio", "a"."ConcurrencyStamp", "a"."CoverImageUrl", "a"."CreatedAt", "a"."CreatorTier", "a"."DisplayName", "a"."Email", "a"."EmailConfirmed", "a"."LockoutEnabled", "a"."LockoutEnd", "a"."NormalizedEmail", "a"."NormalizedUserName", "a"."PasswordHash", "a"."PasswordResetCode", "a"."PasswordResetCodeExpiry", "a"."PhoneNumber", "a"."PhoneNumberConfirmed", "a"."Plan", "a"."ProfileImageUrl", "a"."Role", "a"."SecurityStamp", "a"."Status", "a"."StripeAccountId", "a"."SubscriptionEndDate", "a"."SubscriptionStatus", "a"."Tier", "a"."TwoFactorEnabled", "a"."UploadCount", "a"."UserName", "a"."VerifiedCreator", "a"."WalletBalanceCents"
      FROM "AspNetUsers" AS "a"
      WHERE "a"."NormalizedEmail" = @__normalizedEmail_0
      LIMIT 2
info: Microsoft.EntityFrameworkCore.Database.Command[20101]
      Executed DbCommand (0ms) [Parameters=[@__normalizedEmail_0='?' (Size = 23)], CommandType='Text', CommandTimeout='30']
      SELECT "a"."Id", "a"."AccessFailedCount", "a"."Bio", "a"."ConcurrencyStamp", "a"."CoverImageUrl", "a"."CreatedAt", "a"."CreatorTier", "a"."DisplayName", "a"."Email", "a"."EmailConfirmed", "a"."LockoutEnabled", "a"."LockoutEnd", "a"."NormalizedEmail", "a"."NormalizedUserName", "a"."PasswordHash", "a"."PasswordResetCode", "a"."PasswordResetCodeExpiry", "a"."PhoneNumber", "a"."PhoneNumberConfirmed", "a"."Plan", "a"."ProfileImageUrl", "a"."Role", "a"."SecurityStamp", "a"."Status", "a"."StripeAccountId", "a"."SubscriptionEndDate", "a"."SubscriptionStatus", "a"."Tier", "a"."TwoFactorEnabled", "a"."UploadCount", "a"."UserName", "a"."VerifiedCreator", "a"."WalletBalanceCents"
      FROM "AspNetUsers" AS "a"
      WHERE "a"."NormalizedEmail" = @__normalizedEmail_0
      LIMIT 2
info: Microsoft.EntityFrameworkCore.Database.Command[20101]
      Executed DbCommand (0ms) [Parameters=[], CommandType='Text', CommandTimeout='30']
      SELECT "a"."Id", "a"."AccessFailedCount", "a"."Bio", "a"."ConcurrencyStamp", "a"."CoverImageUrl", "a"."CreatedAt", "a"."CreatorTier", "a"."DisplayName", "a"."Email", "a"."EmailConfirmed", "a"."LockoutEnabled", "a"."LockoutEnd", "a"."NormalizedEmail", "a"."NormalizedUserName", "a"."PasswordHash", "a"."PasswordResetCode", "a"."PasswordResetCodeExpiry", "a"."PhoneNumber", "a"."PhoneNumberConfirmed", "a"."Plan", "a"."ProfileImageUrl", "a"."Role", "a"."SecurityStamp", "a"."Status", "a"."StripeAccountId", "a"."SubscriptionEndDate", "a"."SubscriptionStatus", "a"."Tier", "a"."TwoFactorEnabled", "a"."UploadCount", "a"."UserName", "a"."VerifiedCreator", "a"."WalletBalanceCents"
      FROM "AspNetUsers" AS "a"
info: Microsoft.EntityFrameworkCore.Database.Command[20101]
      Executed DbCommand (0ms) [Parameters=[@__email_0='?' (Size = 50)], CommandType='Text', CommandTimeout='30']
      SELECT "a"."Id", "a"."AccessFailedCount", "a"."Bio", "a"."ConcurrencyStamp", "a"."CoverImageUrl", "a"."CreatedAt", "a"."CreatorTier", "a"."DisplayName", "a"."Email", "a"."EmailConfirmed", "a"."LockoutEnabled", "a"."LockoutEnd", "a"."NormalizedEmail", "a"."NormalizedUserName", "a"."PasswordHash", "a"."PasswordResetCode", "a"."PasswordResetCodeExpiry", "a"."PhoneNumber", "a"."PhoneNumberConfirmed", "a"."Plan", "a"."ProfileImageUrl", "a"."Role", "a"."SecurityStamp", "a"."Status", "a"."StripeAccountId", "a"."SubscriptionEndDate", "a"."SubscriptionStatus", "a"."Tier", "a"."TwoFactorEnabled", "a"."UploadCount", "a"."UserName", "a"."VerifiedCreator", "a"."WalletBalanceCents"
      FROM "AspNetUsers" AS "a"
      WHERE "a"."Email" = @__email_0
      LIMIT 1
info: Microsoft.EntityFrameworkCore.Database.Command[20101]
      Executed DbCommand (0ms) [Parameters=[@p2='?' (Size = 36), @p3='?' (Size = 36), @p0='?' (Size = 7), @p1='?' (Size = 7)], CommandType='Text', CommandTimeout='30']
      UPDATE "AspNetUsers" SET "Role" = @p0, "Tier" = @p1
      WHERE "Id" = @p2 AND "ConcurrencyStamp" = @p3
      RETURNING 1;
info: Microsoft.EntityFrameworkCore.Database.Command[20101]
      Executed DbCommand (0ms) [Parameters=[@p2='?' (Size = 36), @p3='?' (Size = 36), @p0='?' (Size = 7), @p1='?' (Size = 7)], CommandType='Text', CommandTimeout='30']
      UPDATE "AspNetUsers" SET "Role" = @p0, "Tier" = @p1
      WHERE "Id" = @p2 AND "ConcurrencyStamp" = @p3
      RETURNING 1;
info: Cambrian.Api.Controllers.AuthController[0]
      EVENT: RegisterStarted
info: Cambrian.Api.Controllers.AuthController[0]
      EVENT: LoginStarted
info: Cambrian.Api.Controllers.AuthController[0]
      EVENT: LoginStarted
info: Microsoft.EntityFrameworkCore.Database.Command[20101]
      Executed DbCommand (0ms) [Parameters=[@__normalizedEmail_0='?' (Size = 54)], CommandType='Text', CommandTimeout='30']
      SELECT "a"."Id", "a"."AccessFailedCount", "a"."Bio", "a"."ConcurrencyStamp", "a"."CoverImageUrl", "a"."CreatedAt", "a"."CreatorTier", "a"."DisplayName", "a"."Email", "a"."EmailConfirmed", "a"."LockoutEnabled", "a"."LockoutEnd", "a"."NormalizedEmail", "a"."NormalizedUserName", "a"."PasswordHash", "a"."PasswordResetCode", "a"."PasswordResetCodeExpiry", "a"."PhoneNumber", "a"."PhoneNumberConfirmed", "a"."Plan", "a"."ProfileImageUrl", "a"."Role", "a"."SecurityStamp", "a"."Status", "a"."StripeAccountId", "a"."SubscriptionEndDate", "a"."SubscriptionStatus", "a"."Tier", "a"."TwoFactorEnabled", "a"."UploadCount", "a"."UserName", "a"."VerifiedCreator", "a"."WalletBalanceCents"
      FROM "AspNetUsers" AS "a"
      WHERE "a"."NormalizedEmail" = @__normalizedEmail_0
      LIMIT 2
info: Microsoft.EntityFrameworkCore.Database.Command[20101]
      Executed DbCommand (0ms) [Parameters=[@__normalizedEmail_0='?' (Size = 50)], CommandType='Text', CommandTimeout='30']
      SELECT "a"."Id", "a"."AccessFailedCount", "a"."Bio", "a"."ConcurrencyStamp", "a"."CoverImageUrl", "a"."CreatedAt", "a"."CreatorTier", "a"."DisplayName", "a"."Email", "a"."EmailConfirmed", "a"."LockoutEnabled", "a"."LockoutEnd", "a"."NormalizedEmail", "a"."NormalizedUserName", "a"."PasswordHash", "a"."PasswordResetCode", "a"."PasswordResetCodeExpiry", "a"."PhoneNumber", "a"."PhoneNumberConfirmed", "a"."Plan", "a"."ProfileImageUrl", "a"."Role", "a"."SecurityStamp", "a"."Status", "a"."StripeAccountId", "a"."SubscriptionEndDate", "a"."SubscriptionStatus", "a"."Tier", "a"."TwoFactorEnabled", "a"."UploadCount", "a"."UserName", "a"."VerifiedCreator", "a"."WalletBalanceCents"
      FROM "AspNetUsers" AS "a"
      WHERE "a"."NormalizedEmail" = @__normalizedEmail_0
      LIMIT 2
info: Microsoft.EntityFrameworkCore.Database.Command[20101]
      Executed DbCommand (0ms) [Parameters=[@p0='?' (DbType = Guid), @p1='?', @p2='?', @p3='?' (DbType = DateTime), @p4='?', @p5='?', @p6='?', @p7='?' (DbType = DateTime), @p8='?' (Size = 36), @p9='?' (Size = 20)], CommandType='Text', CommandTimeout='30']
      INSERT INTO "Creators" ("Id", "Bio", "CoverImageUrl", "CreatedAt", "DisplayName", "ProfileImageUrl", "SocialLinks", "UpdatedAt", "UserId", "Username")
      VALUES (@p0, @p1, @p2, @p3, @p4, @p5, @p6, @p7, @p8, @p9);
info: Microsoft.EntityFrameworkCore.Database.Command[20101]
      Executed DbCommand (0ms) [Parameters=[@__normalizedUsername_0='?' (Size = 20)], CommandType='Text', CommandTimeout='30']
      SELECT EXISTS (
          SELECT 1
          FROM "Creators" AS "c"
          WHERE "c"."Username" = @__normalizedUsername_0)
info: Cambrian.Persistence.Repositories.CreatorIdentityRepository[0]
      DuplicateUsername: username=taken-d73c17159c534d already taken (excludeId=(null))
info: Microsoft.EntityFrameworkCore.Database.Command[20101]
      Executed DbCommand (0ms) [Parameters=[@p0='?' (DbType = Guid), @p1='?' (Size = 20), @p2='?' (Size = 17), @p3='?' (DbType = Int32), @p4='?', @p5='?' (DbType = DateTime), @p6='?', @p7='?' (DbType = DateTime), @p8='?' (Size = 36), @p9='?' (DbType = Guid), @p10='?', @p11='?', @p12='?' (DbType = Int32), @p13='?' (DbType = Boolean), @p14='?' (Size = 7), @p15='?' (DbType = Boolean), @p16='?' (Size = 8), @p17='?', @p18='?' (DbType = Int32), @p19='?', @p20='?' (DbType = Decimal), @p21='?' (Size = 9), @p22='?', @p23='?', @p24='?' (Size = 12), @p25='?' (Size = 6)], CommandType='Text', CommandTimeout='30']
      INSERT INTO "Tracks" ("Id", "AudioUrl", "CambrianTrackId", "CopyrightBuyoutPriceCents", "CopyrightOwnerId", "CopyrightTransferredAt", "CoverArtUrl", "CreatedAt", "CreatorId", "CreatorUuid", "Description", "Duration", "ExclusivePriceCents", "ExclusiveSold", "Genre", "Instrumental", "LicenseType", "Mood", "NonExclusivePriceCents", "OriginalCreatorId", "Price", "Status", "Tags", "Tempo", "Title", "Visibility")
      VALUES (@p0, @p1, @p2, @p3, @p4, @p5, @p6, @p7, @p8, @p9, @p10, @p11, @p12, @p13, @p14, @p15, @p16, @p17, @p18, @p19, @p20, @p21, @p22, @p23, @p24, @p25);
info: Microsoft.EntityFrameworkCore.Database.Command[20101]
      Executed DbCommand (0ms) [Parameters=[@p0='?' (DbType = Guid), @p1='?' (Size = 20), @p2='?' (Size = 17), @p3='?' (DbType = Int32), @p4='?', @p5='?' (DbType = DateTime), @p6='?', @p7='?' (DbType = DateTime), @p8='?' (Size = 36), @p9='?' (DbType = Guid), @p10='?', @p11='?', @p12='?' (DbType = Int32), @p13='?' (DbType = Boolean), @p14='?' (Size = 7), @p15='?' (DbType = Boolean), @p16='?' (Size = 8), @p17='?', @p18='?' (DbType = Int32), @p19='?', @p20='?' (DbType = Decimal), @p21='?' (Size = 9), @p22='?', @p23='?', @p24='?' (Size = 13), @p25='?' (Size = 6)], CommandType='Text', CommandTimeout='30']
      INSERT INTO "Tracks" ("Id", "AudioUrl", "CambrianTrackId", "CopyrightBuyoutPriceCents", "CopyrightOwnerId", "CopyrightTransferredAt", "CoverArtUrl", "CreatedAt", "CreatorId", "CreatorUuid", "Description", "Duration", "ExclusivePriceCents", "ExclusiveSold", "Genre", "Instrumental", "LicenseType", "Mood", "NonExclusivePriceCents", "OriginalCreatorId", "Price", "Status", "Tags", "Tempo", "Title", "Visibility")
      VALUES (@p0, @p1, @p2, @p3, @p4, @p5, @p6, @p7, @p8, @p9, @p10, @p11, @p12, @p13, @p14, @p15, @p16, @p17, @p18, @p19, @p20, @p21, @p22, @p23, @p24, @p25);
info: Cambrian.Api.Middleware.RequestLoggingMiddleware[0]
      HTTP GET /api/creators/username-availability  200 in 11ms [rid:6e64a9a4edee uid:anon]
info: Cambrian.Api.Controllers.AuthController[0]
      EVENT: RegisterStarted
info: Cambrian.Api.Controllers.AuthController[0]
      EVENT: RegisterStarted
info: Cambrian.Api.Controllers.AuthController[0]
      EVENT: RegisterStarted
info: Microsoft.EntityFrameworkCore.Database.Command[20101]
      Executed DbCommand (0ms) [Parameters=[@__normalizedUserName_0='?' (Size = 27)], CommandType='Text', CommandTimeout='30']
      SELECT "a"."Id", "a"."AccessFailedCount", "a"."Bio", "a"."ConcurrencyStamp", "a"."CoverImageUrl", "a"."CreatedAt", "a"."CreatorTier", "a"."DisplayName", "a"."Email", "a"."EmailConfirmed", "a"."LockoutEnabled", "a"."LockoutEnd", "a"."NormalizedEmail", "a"."NormalizedUserName", "a"."PasswordHash", "a"."PasswordResetCode", "a"."PasswordResetCodeExpiry", "a"."PhoneNumber", "a"."PhoneNumberConfirmed", "a"."Plan", "a"."ProfileImageUrl", "a"."Role", "a"."SecurityStamp", "a"."Status", "a"."StripeAccountId", "a"."SubscriptionEndDate", "a"."SubscriptionStatus", "a"."Tier", "a"."TwoFactorEnabled", "a"."UploadCount", "a"."UserName", "a"."VerifiedCreator", "a"."WalletBalanceCents"
      FROM "AspNetUsers" AS "a"
      WHERE "a"."NormalizedUserName" = @__normalizedUserName_0
      LIMIT 1
info: Microsoft.EntityFrameworkCore.Database.Command[20101]
      Executed DbCommand (0ms) [Parameters=[@__normalizedEmail_0='?' (Size = 27)], CommandType='Text', CommandTimeout='30']
      SELECT "a"."Id", "a"."AccessFailedCount", "a"."Bio", "a"."ConcurrencyStamp", "a"."CoverImageUrl", "a"."CreatedAt", "a"."CreatorTier", "a"."DisplayName", "a"."Email", "a"."EmailConfirmed", "a"."LockoutEnabled", "a"."LockoutEnd", "a"."NormalizedEmail", "a"."NormalizedUserName", "a"."PasswordHash", "a"."PasswordResetCode", "a"."PasswordResetCodeExpiry", "a"."PhoneNumber", "a"."PhoneNumberConfirmed", "a"."Plan", "a"."ProfileImageUrl", "a"."Role", "a"."SecurityStamp", "a"."Status", "a"."StripeAccountId", "a"."SubscriptionEndDate", "a"."SubscriptionStatus", "a"."Tier", "a"."TwoFactorEnabled", "a"."UploadCount", "a"."UserName", "a"."VerifiedCreator", "a"."WalletBalanceCents"
      FROM "AspNetUsers" AS "a"
      WHERE "a"."NormalizedEmail" = @__normalizedEmail_0
      LIMIT 2
info: Microsoft.EntityFrameworkCore.Database.Command[20101]
      Executed DbCommand (0ms) [Parameters=[@p0='?' (Size = 36), @p1='?' (DbType = Int32), @p2='?', @p3='?' (Size = 36), @p4='?', @p5='?' (DbType = DateTime), @p6='?' (DbType = Int32), @p7='?' (Size = 8), @p8='?' (Size = 27), @p9='?' (DbType = Boolean), @p10='?' (DbType = Boolean), @p11='?' (DbType = DateTimeOffset), @p12='?' (Size = 27), @p13='?' (Size = 27), @p14='?' (Size = 84), @p15='?', @p16='?' (DbType = DateTime), @p17='?', @p18='?' (DbType = Boolean), @p19='?', @p20='?', @p21='?' (Size = 4), @p22='?' (Size = 32), @p23='?' (Size = 6), @p24='?', @p25='?' (DbType = DateTime), @p26='?' (Size = 8), @p27='?' (Size = 4), @p28='?' (DbType = Boolean), @p29='?' (DbType = Int32), @p30='?' (Size = 27), @p31='?' (DbType = Boolean), @p32='?' (DbType = Int64)], CommandType='Text', CommandTimeout='30']
      INSERT INTO "AspNetUsers" ("Id", "AccessFailedCount", "Bio", "ConcurrencyStamp", "CoverImageUrl", "CreatedAt", "CreatorTier", "DisplayName", "Email", "EmailConfirmed", "LockoutEnabled", "LockoutEnd", "NormalizedEmail", "NormalizedUserName", "PasswordHash", "PasswordResetCode", "PasswordResetCodeExpiry", "PhoneNumber", "PhoneNumberConfirmed", "Plan", "ProfileImageUrl", "Role", "SecurityStamp", "Status", "StripeAccountId", "SubscriptionEndDate", "SubscriptionStatus", "Tier", "TwoFactorEnabled", "UploadCount", "UserName", "VerifiedCreator", "WalletBalanceCents")
      VALUES (@p0, @p1, @p2, @p3, @p4, @p5, @p6, @p7, @p8, @p9, @p10, @p11, @p12, @p13, @p14, @p15, @p16, @p17, @p18, @p19, @p20, @p21, @p22, @p23, @p24, @p25, @p26, @p27, @p28, @p29, @p30, @p31, @p32);
info: Cambrian.Api.Controllers.AuthController[0]
      EVENT: RegisterCompleted userId:8576a557-5620-48be-aeb6-0ac8c720aa74 tier:free
info: Cambrian.Api.Middleware.RequestLoggingMiddleware[0]
      HTTP POST /auth/register  201 in 80ms [rid:346b704dc50d uid:anon]
info: Microsoft.EntityFrameworkCore.Database.Command[20101]
      Executed DbCommand (0ms) [Parameters=[@__normalizedEmail_0='?' (Size = 27)], CommandType='Text', CommandTimeout='30']
      SELECT "a"."Id", "a"."AccessFailedCount", "a"."Bio", "a"."ConcurrencyStamp", "a"."CoverImageUrl", "a"."CreatedAt", "a"."CreatorTier", "a"."DisplayName", "a"."Email", "a"."EmailConfirmed", "a"."LockoutEnabled", "a"."LockoutEnd", "a"."NormalizedEmail", "a"."NormalizedUserName", "a"."PasswordHash", "a"."PasswordResetCode", "a"."PasswordResetCodeExpiry", "a"."PhoneNumber", "a"."PhoneNumberConfirmed", "a"."Plan", "a"."ProfileImageUrl", "a"."Role", "a"."SecurityStamp", "a"."Status", "a"."StripeAccountId", "a"."SubscriptionEndDate", "a"."SubscriptionStatus", "a"."Tier", "a"."TwoFactorEnabled", "a"."UploadCount", "a"."UserName", "a"."VerifiedCreator", "a"."WalletBalanceCents"
      FROM "AspNetUsers" AS "a"
      WHERE "a"."NormalizedEmail" = @__normalizedEmail_0
      LIMIT 2
info: Microsoft.EntityFrameworkCore.Database.Command[20101]
      Executed DbCommand (0ms) [Parameters=[@__userId_0='?' (Size = 36)], CommandType='Text', CommandTimeout='30']
      SELECT "s"."Id", "s"."ExpiresAt", "s"."Plan", "s"."StartedAt", "s"."Status", "s"."UserId"
      FROM "Subscriptions" AS "s"
      WHERE "s"."UserId" = @__userId_0 AND "s"."Status" = 'active'
      ORDER BY "s"."StartedAt" DESC
      LIMIT 1
info: Cambrian.Api.Controllers.AuthController[0]
      EVENT: LoginCompleted userId:9820854f-b3a1-4543-9f81-0343b54c043f tier:free
info: Cambrian.Api.Middleware.RequestLoggingMiddleware[0]
      HTTP POST /auth/login  200 in 84ms [rid:fc3df09e3c5f uid:anon]
info: Microsoft.EntityFrameworkCore.Database.Command[20101]
      Executed DbCommand (0ms) [Parameters=[@__userId_0='?' (Size = 36)], CommandType='Text', CommandTimeout='30']
      SELECT "s"."Id", "s"."ExpiresAt", "s"."Plan", "s"."StartedAt", "s"."Status", "s"."UserId"
      FROM "Subscriptions" AS "s"
      WHERE "s"."UserId" = @__userId_0 AND "s"."Status" = 'active'
      ORDER BY "s"."StartedAt" DESC
      LIMIT 1
info: Cambrian.Api.Controllers.AuthController[0]
      EVENT: LoginCompleted userId:415a258f-5624-482f-961c-42fe1045dc9e tier:free
info: Cambrian.Api.Middleware.RequestLoggingMiddleware[0]
      HTTP POST /auth/login  200 in 84ms [rid:9545d27e7143 uid:anon]
info: Microsoft.EntityFrameworkCore.Database.Command[20101]
      Executed DbCommand (0ms) [Parameters=[@__normalizedEmail_0='?' (Size = 50)], CommandType='Text', CommandTimeout='30']
      SELECT "a"."Id", "a"."AccessFailedCount", "a"."Bio", "a"."ConcurrencyStamp", "a"."CoverImageUrl", "a"."CreatedAt", "a"."CreatorTier", "a"."DisplayName", "a"."Email", "a"."EmailConfirmed", "a"."LockoutEnabled", "a"."LockoutEnd", "a"."NormalizedEmail", "a"."NormalizedUserName", "a"."PasswordHash", "a"."PasswordResetCode", "a"."PasswordResetCodeExpiry", "a"."PhoneNumber", "a"."PhoneNumberConfirmed", "a"."Plan", "a"."ProfileImageUrl", "a"."Role", "a"."SecurityStamp", "a"."Status", "a"."StripeAccountId", "a"."SubscriptionEndDate", "a"."SubscriptionStatus", "a"."Tier", "a"."TwoFactorEnabled", "a"."UploadCount", "a"."UserName", "a"."VerifiedCreator", "a"."WalletBalanceCents"
      FROM "AspNetUsers" AS "a"
      WHERE "a"."NormalizedEmail" = @__normalizedEmail_0
      LIMIT 2
info: Cambrian.Api.Middleware.RequestLoggingMiddleware[0]
      HTTP PUT /creator-profile/me  401 in 24ms [rid:49340da509f6 uid:anon]
info: Cambrian.Api.Middleware.RequestLoggingMiddleware[0]
      HTTP PUT /creator-profile/me  401 in 21ms [rid:7f35c3dbd0e9 uid:anon]
info: Microsoft.EntityFrameworkCore.Database.Command[20101]
      Executed DbCommand (0ms) [Parameters=[@__normalizedUserName_0='?' (Size = 47)], CommandType='Text', CommandTimeout='30']
      SELECT "a"."Id", "a"."AccessFailedCount", "a"."Bio", "a"."ConcurrencyStamp", "a"."CoverImageUrl", "a"."CreatedAt", "a"."CreatorTier", "a"."DisplayName", "a"."Email", "a"."EmailConfirmed", "a"."LockoutEnabled", "a"."LockoutEnd", "a"."NormalizedEmail", "a"."NormalizedUserName", "a"."PasswordHash", "a"."PasswordResetCode", "a"."PasswordResetCodeExpiry", "a"."PhoneNumber", "a"."PhoneNumberConfirmed", "a"."Plan", "a"."ProfileImageUrl", "a"."Role", "a"."SecurityStamp", "a"."Status", "a"."StripeAccountId", "a"."SubscriptionEndDate", "a"."SubscriptionStatus", "a"."Tier", "a"."TwoFactorEnabled", "a"."UploadCount", "a"."UserName", "a"."VerifiedCreator", "a"."WalletBalanceCents"
      FROM "AspNetUsers" AS "a"
      WHERE "a"."NormalizedUserName" = @__normalizedUserName_0
      LIMIT 1
info: Microsoft.EntityFrameworkCore.Database.Command[20101]
      Executed DbCommand (0ms) [Parameters=[@__normalizedUserName_0='?' (Size = 21)], CommandType='Text', CommandTimeout='30']
      SELECT "a"."Id", "a"."AccessFailedCount", "a"."Bio", "a"."ConcurrencyStamp", "a"."CoverImageUrl", "a"."CreatedAt", "a"."CreatorTier", "a"."DisplayName", "a"."Email", "a"."EmailConfirmed", "a"."LockoutEnabled", "a"."LockoutEnd", "a"."NormalizedEmail", "a"."NormalizedUserName", "a"."PasswordHash", "a"."PasswordResetCode", "a"."PasswordResetCodeExpiry", "a"."PhoneNumber", "a"."PhoneNumberConfirmed", "a"."Plan", "a"."ProfileImageUrl", "a"."Role", "a"."SecurityStamp", "a"."Status", "a"."StripeAccountId", "a"."SubscriptionEndDate", "a"."SubscriptionStatus", "a"."Tier", "a"."TwoFactorEnabled", "a"."UploadCount", "a"."UserName", "a"."VerifiedCreator", "a"."WalletBalanceCents"
      FROM "AspNetUsers" AS "a"
      WHERE "a"."NormalizedUserName" = @__normalizedUserName_0
      LIMIT 1
info: Microsoft.EntityFrameworkCore.Database.Command[20101]
      Executed DbCommand (0ms) [Parameters=[@__normalizedEmail_0='?' (Size = 47)], CommandType='Text', CommandTimeout='30']
      SELECT "a"."Id", "a"."AccessFailedCount", "a"."Bio", "a"."ConcurrencyStamp", "a"."CoverImageUrl", "a"."CreatedAt", "a"."CreatorTier", "a"."DisplayName", "a"."Email", "a"."EmailConfirmed", "a"."LockoutEnabled", "a"."LockoutEnd", "a"."NormalizedEmail", "a"."NormalizedUserName", "a"."PasswordHash", "a"."PasswordResetCode", "a"."PasswordResetCodeExpiry", "a"."PhoneNumber", "a"."PhoneNumberConfirmed", "a"."Plan", "a"."ProfileImageUrl", "a"."Role", "a"."SecurityStamp", "a"."Status", "a"."StripeAccountId", "a"."SubscriptionEndDate", "a"."SubscriptionStatus", "a"."Tier", "a"."TwoFactorEnabled", "a"."UploadCount", "a"."UserName", "a"."VerifiedCreator", "a"."WalletBalanceCents"
      FROM "AspNetUsers" AS "a"
      WHERE "a"."NormalizedEmail" = @__normalizedEmail_0
      LIMIT 2
info: Microsoft.EntityFrameworkCore.Database.Command[20101]
      Executed DbCommand (0ms) [Parameters=[@__normalizedEmail_0='?' (Size = 21)], CommandType='Text', CommandTimeout='30']
      SELECT "a"."Id", "a"."AccessFailedCount", "a"."Bio", "a"."ConcurrencyStamp", "a"."CoverImageUrl", "a"."CreatedAt", "a"."CreatorTier", "a"."DisplayName", "a"."Email", "a"."EmailConfirmed", "a"."LockoutEnabled", "a"."LockoutEnd", "a"."NormalizedEmail", "a"."NormalizedUserName", "a"."PasswordHash", "a"."PasswordResetCode", "a"."PasswordResetCodeExpiry", "a"."PhoneNumber", "a"."PhoneNumberConfirmed", "a"."Plan", "a"."ProfileImageUrl", "a"."Role", "a"."SecurityStamp", "a"."Status", "a"."StripeAccountId", "a"."SubscriptionEndDate", "a"."SubscriptionStatus", "a"."Tier", "a"."TwoFactorEnabled", "a"."UploadCount", "a"."UserName", "a"."VerifiedCreator", "a"."WalletBalanceCents"
      FROM "AspNetUsers" AS "a"
      WHERE "a"."NormalizedEmail" = @__normalizedEmail_0
      LIMIT 2
info: Microsoft.EntityFrameworkCore.Database.Command[20101]
      Executed DbCommand (0ms) [Parameters=[@p0='?' (Size = 36), @p1='?' (DbType = Int32), @p2='?', @p3='?' (Size = 36), @p4='?', @p5='?' (DbType = DateTime), @p6='?' (DbType = Int32), @p7='?' (Size = 8), @p8='?' (Size = 21), @p9='?' (DbType = Boolean), @p10='?' (DbType = Boolean), @p11='?' (DbType = DateTimeOffset), @p12='?' (Size = 21), @p13='?' (Size = 21), @p14='?' (Size = 84), @p15='?', @p16='?' (DbType = DateTime), @p17='?', @p18='?' (DbType = Boolean), @p19='?', @p20='?', @p21='?' (Size = 4), @p22='?' (Size = 32), @p23='?' (Size = 6), @p24='?', @p25='?' (DbType = DateTime), @p26='?' (Size = 8), @p27='?' (Size = 4), @p28='?' (DbType = Boolean), @p29='?' (DbType = Int32), @p30='?' (Size = 21), @p31='?' (DbType = Boolean), @p32='?' (DbType = Int64)], CommandType='Text', CommandTimeout='30']
      INSERT INTO "AspNetUsers" ("Id", "AccessFailedCount", "Bio", "ConcurrencyStamp", "CoverImageUrl", "CreatedAt", "CreatorTier", "DisplayName", "Email", "EmailConfirmed", "LockoutEnabled", "LockoutEnd", "NormalizedEmail", "NormalizedUserName", "PasswordHash", "PasswordResetCode", "PasswordResetCodeExpiry", "PhoneNumber", "PhoneNumberConfirmed", "Plan", "ProfileImageUrl", "Role", "SecurityStamp", "Status", "StripeAccountId", "SubscriptionEndDate", "SubscriptionStatus", "Tier", "TwoFactorEnabled", "UploadCount", "UserName", "VerifiedCreator", "WalletBalanceCents")
      VALUES (@p0, @p1, @p2, @p3, @p4, @p5, @p6, @p7, @p8, @p9, @p10, @p11, @p12, @p13, @p14, @p15, @p16, @p17, @p18, @p19, @p20, @p21, @p22, @p23, @p24, @p25, @p26, @p27, @p28, @p29, @p30, @p31, @p32);
info: Microsoft.EntityFrameworkCore.Database.Command[20101]
      Executed DbCommand (0ms) [Parameters=[@p0='?' (Size = 36), @p1='?' (DbType = Int32), @p2='?', @p3='?' (Size = 36), @p4='?', @p5='?' (DbType = DateTime), @p6='?' (DbType = Int32), @p7='?' (Size = 8), @p8='?' (Size = 47), @p9='?' (DbType = Boolean), @p10='?' (DbType = Boolean), @p11='?' (DbType = DateTimeOffset), @p12='?' (Size = 47), @p13='?' (Size = 47), @p14='?' (Size = 84), @p15='?', @p16='?' (DbType = DateTime), @p17='?', @p18='?' (DbType = Boolean), @p19='?', @p20='?', @p21='?' (Size = 4), @p22='?' (Size = 32), @p23='?' (Size = 6), @p24='?', @p25='?' (DbType = DateTime), @p26='?' (Size = 8), @p27='?' (Size = 4), @p28='?' (DbType = Boolean), @p29='?' (DbType = Int32), @p30='?' (Size = 47), @p31='?' (DbType = Boolean), @p32='?' (DbType = Int64)], CommandType='Text', CommandTimeout='30']
      INSERT INTO "AspNetUsers" ("Id", "AccessFailedCount", "Bio", "ConcurrencyStamp", "CoverImageUrl", "CreatedAt", "CreatorTier", "DisplayName", "Email", "EmailConfirmed", "LockoutEnabled", "LockoutEnd", "NormalizedEmail", "NormalizedUserName", "PasswordHash", "PasswordResetCode", "PasswordResetCodeExpiry", "PhoneNumber", "PhoneNumberConfirmed", "Plan", "ProfileImageUrl", "Role", "SecurityStamp", "Status", "StripeAccountId", "SubscriptionEndDate", "SubscriptionStatus", "Tier", "TwoFactorEnabled", "UploadCount", "UserName", "VerifiedCreator", "WalletBalanceCents")
      VALUES (@p0, @p1, @p2, @p3, @p4, @p5, @p6, @p7, @p8, @p9, @p10, @p11, @p12, @p13, @p14, @p15, @p16, @p17, @p18, @p19, @p20, @p21, @p22, @p23, @p24, @p25, @p26, @p27, @p28, @p29, @p30, @p31, @p32);
info: Cambrian.Api.Controllers.AuthController[0]
      EVENT: RegisterCompleted userId:62542264-9909-4ce6-8833-bcf5a7bb45c8 tier:free
info: Cambrian.Api.Controllers.AuthController[0]
      EVENT: RegisterCompleted userId:943d35d1-5115-4a4d-87de-6fbf5d2caa7f tier:free
info: Cambrian.Api.Middleware.RequestLoggingMiddleware[0]
      HTTP POST /auth/register  201 in 73ms [rid:85a737c9c51d uid:anon]
info: Cambrian.Api.Middleware.RequestLoggingMiddleware[0]
      HTTP POST /auth/register  201 in 75ms [rid:eff373cdf0bf uid:anon]
info: Microsoft.EntityFrameworkCore.Database.Command[20101]
      Executed DbCommand (0ms) [Parameters=[@__normalizedUserName_0='?' (Size = 28)], CommandType='Text', CommandTimeout='30']
      SELECT "a"."Id", "a"."AccessFailedCount", "a"."Bio", "a"."ConcurrencyStamp", "a"."CoverImageUrl", "a"."CreatedAt", "a"."CreatorTier", "a"."DisplayName", "a"."Email", "a"."EmailConfirmed", "a"."LockoutEnabled", "a"."LockoutEnd", "a"."NormalizedEmail", "a"."NormalizedUserName", "a"."PasswordHash", "a"."PasswordResetCode", "a"."PasswordResetCodeExpiry", "a"."PhoneNumber", "a"."PhoneNumberConfirmed", "a"."Plan", "a"."ProfileImageUrl", "a"."Role", "a"."SecurityStamp", "a"."Status", "a"."StripeAccountId", "a"."SubscriptionEndDate", "a"."SubscriptionStatus", "a"."Tier", "a"."TwoFactorEnabled", "a"."UploadCount", "a"."UserName", "a"."VerifiedCreator", "a"."WalletBalanceCents"
      FROM "AspNetUsers" AS "a"
      WHERE "a"."NormalizedUserName" = @__normalizedUserName_0
      LIMIT 1
info: Microsoft.EntityFrameworkCore.Database.Command[20101]
      Executed DbCommand (0ms) [Parameters=[@__normalizedEmail_0='?' (Size = 28)], CommandType='Text', CommandTimeout='30']
      SELECT "a"."Id", "a"."AccessFailedCount", "a"."Bio", "a"."ConcurrencyStamp", "a"."CoverImageUrl", "a"."CreatedAt", "a"."CreatorTier", "a"."DisplayName", "a"."Email", "a"."EmailConfirmed", "a"."LockoutEnabled", "a"."LockoutEnd", "a"."NormalizedEmail", "a"."NormalizedUserName", "a"."PasswordHash", "a"."PasswordResetCode", "a"."PasswordResetCodeExpiry", "a"."PhoneNumber", "a"."PhoneNumberConfirmed", "a"."Plan", "a"."ProfileImageUrl", "a"."Role", "a"."SecurityStamp", "a"."Status", "a"."StripeAccountId", "a"."SubscriptionEndDate", "a"."SubscriptionStatus", "a"."Tier", "a"."TwoFactorEnabled", "a"."UploadCount", "a"."UserName", "a"."VerifiedCreator", "a"."WalletBalanceCents"
      FROM "AspNetUsers" AS "a"
      WHERE "a"."NormalizedEmail" = @__normalizedEmail_0
      LIMIT 2
info: Microsoft.EntityFrameworkCore.Database.Command[20101]
      Executed DbCommand (0ms) [Parameters=[@p0='?' (Size = 36), @p1='?' (DbType = Int32), @p2='?', @p3='?' (Size = 36), @p4='?', @p5='?' (DbType = DateTime), @p6='?' (DbType = Int32), @p7='?' (Size = 8), @p8='?' (Size = 28), @p9='?' (DbType = Boolean), @p10='?' (DbType = Boolean), @p11='?' (DbType = DateTimeOffset), @p12='?' (Size = 28), @p13='?' (Size = 28), @p14='?' (Size = 84), @p15='?', @p16='?' (DbType = DateTime), @p17='?', @p18='?' (DbType = Boolean), @p19='?', @p20='?', @p21='?' (Size = 4), @p22='?' (Size = 32), @p23='?' (Size = 6), @p24='?', @p25='?' (DbType = DateTime), @p26='?' (Size = 8), @p27='?' (Size = 4), @p28='?' (DbType = Boolean), @p29='?' (DbType = Int32), @p30='?' (Size = 28), @p31='?' (DbType = Boolean), @p32='?' (DbType = Int64)], CommandType='Text', CommandTimeout='30']
      INSERT INTO "AspNetUsers" ("Id", "AccessFailedCount", "Bio", "ConcurrencyStamp", "CoverImageUrl", "CreatedAt", "CreatorTier", "DisplayName", "Email", "EmailConfirmed", "LockoutEnabled", "LockoutEnd", "NormalizedEmail", "NormalizedUserName", "PasswordHash", "PasswordResetCode", "PasswordResetCodeExpiry", "PhoneNumber", "PhoneNumberConfirmed", "Plan", "ProfileImageUrl", "Role", "SecurityStamp", "Status", "StripeAccountId", "SubscriptionEndDate", "SubscriptionStatus", "Tier", "TwoFactorEnabled", "UploadCount", "UserName", "VerifiedCreator", "WalletBalanceCents")
      VALUES (@p0, @p1, @p2, @p3, @p4, @p5, @p6, @p7, @p8, @p9, @p10, @p11, @p12, @p13, @p14, @p15, @p16, @p17, @p18, @p19, @p20, @p21, @p22, @p23, @p24, @p25, @p26, @p27, @p28, @p29, @p30, @p31, @p32);
info: Cambrian.Api.Controllers.AuthController[0]
      EVENT: RegisterCompleted userId:12ad5131-1aee-4f4d-9589-8ec64b1f939a tier:free
info: Cambrian.Api.Middleware.RequestLoggingMiddleware[0]
      HTTP POST /auth/register  201 in 79ms [rid:e139bb9d65ac uid:anon]
info: Microsoft.EntityFrameworkCore.Database.Command[20101]
      Executed DbCommand (0ms) [Parameters=[@__normalizedEmail_0='?' (Size = 21)], CommandType='Text', CommandTimeout='30']
      SELECT "a"."Id", "a"."AccessFailedCount", "a"."Bio", "a"."ConcurrencyStamp", "a"."CoverImageUrl", "a"."CreatedAt", "a"."CreatorTier", "a"."DisplayName", "a"."Email", "a"."EmailConfirmed", "a"."LockoutEnabled", "a"."LockoutEnd", "a"."NormalizedEmail", "a"."NormalizedUserName", "a"."PasswordHash", "a"."PasswordResetCode", "a"."PasswordResetCodeExpiry", "a"."PhoneNumber", "a"."PhoneNumberConfirmed", "a"."Plan", "a"."ProfileImageUrl", "a"."Role", "a"."SecurityStamp", "a"."Status", "a"."StripeAccountId", "a"."SubscriptionEndDate", "a"."SubscriptionStatus", "a"."Tier", "a"."TwoFactorEnabled", "a"."UploadCount", "a"."UserName", "a"."VerifiedCreator", "a"."WalletBalanceCents"
      FROM "AspNetUsers" AS "a"
      WHERE "a"."NormalizedEmail" = @__normalizedEmail_0
      LIMIT 2
info: Microsoft.EntityFrameworkCore.Database.Command[20101]
      Executed DbCommand (0ms) [Parameters=[@__normalizedEmail_0='?' (Size = 47)], CommandType='Text', CommandTimeout='30']
      SELECT "a"."Id", "a"."AccessFailedCount", "a"."Bio", "a"."ConcurrencyStamp", "a"."CoverImageUrl", "a"."CreatedAt", "a"."CreatorTier", "a"."DisplayName", "a"."Email", "a"."EmailConfirmed", "a"."LockoutEnabled", "a"."LockoutEnd", "a"."NormalizedEmail", "a"."NormalizedUserName", "a"."PasswordHash", "a"."PasswordResetCode", "a"."PasswordResetCodeExpiry", "a"."PhoneNumber", "a"."PhoneNumberConfirmed", "a"."Plan", "a"."ProfileImageUrl", "a"."Role", "a"."SecurityStamp", "a"."Status", "a"."StripeAccountId", "a"."SubscriptionEndDate", "a"."SubscriptionStatus", "a"."Tier", "a"."TwoFactorEnabled", "a"."UploadCount", "a"."UserName", "a"."VerifiedCreator", "a"."WalletBalanceCents"
      FROM "AspNetUsers" AS "a"
      WHERE "a"."NormalizedEmail" = @__normalizedEmail_0
      LIMIT 2
info: Microsoft.EntityFrameworkCore.Database.Command[20101]
      Executed DbCommand (0ms) [Parameters=[@p0='?' (DbType = Guid), @p1='?', @p2='?', @p3='?' (DbType = DateTime), @p4='?' (Size = 9), @p5='?', @p6='?', @p7='?' (DbType = DateTime), @p8='?' (Size = 36), @p9='?' (Size = 20)], CommandType='Text', CommandTimeout='30']
      INSERT INTO "Creators" ("Id", "Bio", "CoverImageUrl", "CreatedAt", "DisplayName", "ProfileImageUrl", "SocialLinks", "UpdatedAt", "UserId", "Username")
      VALUES (@p0, @p1, @p2, @p3, @p4, @p5, @p6, @p7, @p8, @p9);
info: Microsoft.EntityFrameworkCore.Database.Command[20101]
      Executed DbCommand (0ms) [Parameters=[@__purchaseId_0='?' (DbType = Guid)], CommandType='Text', CommandTimeout='30']
      SELECT "l"."Id", "l"."AllowedUses", "l"."BuyerId", "l"."CopyrightOwner", "l"."CreatorId", "l"."IssuedAt", "l"."LicenseType", "l"."PurchaseId", "l"."Restrictions", "l"."TrackId", "l"."UsageType", "a"."Id", "a"."AccessFailedCount", "a"."Bio", "a"."ConcurrencyStamp", "a"."CoverImageUrl", "a"."CreatedAt", "a"."CreatorTier", "a"."DisplayName", "a"."Email", "a"."EmailConfirmed", "a"."LockoutEnabled", "a"."LockoutEnd", "a"."NormalizedEmail", "a"."NormalizedUserName", "a"."PasswordHash", "a"."PasswordResetCode", "a"."PasswordResetCodeExpiry", "a"."PhoneNumber", "a"."PhoneNumberConfirmed", "a"."Plan", "a"."ProfileImageUrl", "a"."Role", "a"."SecurityStamp", "a"."Status", "a"."StripeAccountId", "a"."SubscriptionEndDate", "a"."SubscriptionStatus", "a"."Tier", "a"."TwoFactorEnabled", "a"."UploadCount", "a"."UserName", "a"."VerifiedCreator", "a"."WalletBalanceCents", "a0"."Id", "a0"."AccessFailedCount", "a0"."Bio", "a0"."ConcurrencyStamp", "a0"."CoverImageUrl", "a0"."CreatedAt", "a0"."CreatorTier", "a0"."DisplayName", "a0"."Email", "a0"."EmailConfirmed", "a0"."LockoutEnabled", "a0"."LockoutEnd", "a0"."NormalizedEmail", "a0"."NormalizedUserName", "a0"."PasswordHash", "a0"."PasswordResetCode", "a0"."PasswordResetCodeExpiry", "a0"."PhoneNumber", "a0"."PhoneNumberConfirmed", "a0"."Plan", "a0"."ProfileImageUrl", "a0"."Role", "a0"."SecurityStamp", "a0"."Status", "a0"."StripeAccountId", "a0"."SubscriptionEndDate", "a0"."SubscriptionStatus", "a0"."Tier", "a0"."TwoFactorEnabled", "a0"."UploadCount", "a0"."UserName", "a0"."VerifiedCreator", "a0"."WalletBalanceCents"
      FROM "LicenseCertificates" AS "l"
      INNER JOIN "AspNetUsers" AS "a" ON "l"."BuyerId" = "a"."Id"
      INNER JOIN "AspNetUsers" AS "a0" ON "l"."CreatorId" = "a0"."Id"
      WHERE "l"."PurchaseId" = @__purchaseId_0
      LIMIT 1
info: Microsoft.EntityFrameworkCore.Database.Command[20101]
      Executed DbCommand (0ms) [Parameters=[@__name_0='?' (Size = 18)], CommandType='Text', CommandTimeout='30']
      SELECT "f"."Id", "f"."CreatedAt", "f"."Enabled", "f"."Name", "f"."RolloutPercentage", "f"."UpdatedAt"
      FROM "FeatureFlags" AS "f"
      WHERE "f"."Name" = @__name_0
      LIMIT 1
info: Microsoft.EntityFrameworkCore.Database.Command[20101]
      Executed DbCommand (0ms) [Parameters=[@__normalizedEmail_0='?' (Size = 28)], CommandType='Text', CommandTimeout='30']
      SELECT "a"."Id", "a"."AccessFailedCount", "a"."Bio", "a"."ConcurrencyStamp", "a"."CoverImageUrl", "a"."CreatedAt", "a"."CreatorTier", "a"."DisplayName", "a"."Email", "a"."EmailConfirmed", "a"."LockoutEnabled", "a"."LockoutEnd", "a"."NormalizedEmail", "a"."NormalizedUserName", "a"."PasswordHash", "a"."PasswordResetCode", "a"."PasswordResetCodeExpiry", "a"."PhoneNumber", "a"."PhoneNumberConfirmed", "a"."Plan", "a"."ProfileImageUrl", "a"."Role", "a"."SecurityStamp", "a"."Status", "a"."StripeAccountId", "a"."SubscriptionEndDate", "a"."SubscriptionStatus", "a"."Tier", "a"."TwoFactorEnabled", "a"."UploadCount", "a"."UserName", "a"."VerifiedCreator", "a"."WalletBalanceCents"
      FROM "AspNetUsers" AS "a"
      WHERE "a"."NormalizedEmail" = @__normalizedEmail_0
      LIMIT 2
[xUnit.net 00:00:01.54]     Cambrian.Api.Tests.StorefrontTests.Storefront_Stats_ShowsEarnings_WhenEnabled [FAIL]
[xUnit.net 00:00:01.54]       System.Net.Http.HttpRequestException : Response status code does not indicate success: 401 (Unauthorized).
[xUnit.net 00:00:01.54]       Stack Trace:
[xUnit.net 00:00:01.54]            at System.Net.Http.HttpResponseMessage.EnsureSuccessStatusCode()
info: Cambrian.Api.Controllers.AuthController[0]
      EVENT: RegisterStarted
[xUnit.net 00:00:01.54]         C:\Users\logan\cambrian-push-temp\tests\Cambrian.Api.Tests\StorefrontTests.cs(292,0): at Cambrian.Api.Tests.StorefrontTests.Storefront_Stats_ShowsEarnings_WhenEnabled()
[xUnit.net 00:00:01.54]         --- End of stack trace from previous location ---
[xUnit.net 00:00:01.55]     Cambrian.Api.Tests.CreatorProfileContractTests.Collections_ReturnsExpectedShape [FAIL]
[xUnit.net 00:00:01.55]       System.Net.Http.HttpRequestException : Response status code does not indicate success: 401 (Unauthorized).
[xUnit.net 00:00:01.55]       Stack Trace:
[xUnit.net 00:00:01.55]            at System.Net.Http.HttpResponseMessage.EnsureSuccessStatusCode()
[xUnit.net 00:00:01.55]         C:\Users\logan\cambrian-push-temp\tests\Cambrian.Api.Tests\CreatorProfileContractTests.cs(138,0): at Cambrian.Api.Tests.CreatorProfileContractTests.Collections_ReturnsExpectedShape()
[xUnit.net 00:00:01.55]         --- End of stack trace from previous location ---
info: Cambrian.Api.Controllers.AuthController[0]
      EVENT: RegisterStarted
info: Microsoft.EntityFrameworkCore.Database.Command[20101]
      Executed DbCommand (0ms) [Parameters=[@__normalized_0='?' (Size = 20)], CommandType='Text', CommandTimeout='30']
      SELECT "c"."Id", "c"."Bio", "c"."CoverImageUrl", "c"."CreatedAt", "c"."DisplayName", "c"."ProfileImageUrl", "c"."SocialLinks", "c"."UpdatedAt", "c"."UserId", "c"."Username"
      FROM "Creators" AS "c"
      WHERE "c"."Username" = @__normalized_0
      LIMIT 1
info: Microsoft.EntityFrameworkCore.Database.Command[20101]
      Executed DbCommand (0ms) [Parameters=[@p0='?' (DbType = Guid), @p1='?' (Size = 13), @p2='?', @p3='?' (DbType = Guid), @p4='?' (DbType = DateTime), @p5='?' (Size = 12), @p6='?' (DbType = Guid), @p7='?' (Size = 36)], CommandType='Text', CommandTimeout='30']
      INSERT INTO "Library" ("Id", "Artist", "AudioUrl", "PurchaseId", "SavedAt", "Title", "TrackId", "UserId")
      VALUES (@p0, @p1, @p2, @p3, @p4, @p5, @p6, @p7);
info: Cambrian.Api.Middleware.RequestLoggingMiddleware[0]
      HTTP GET /download/db3b9640-1ee3-4142-8ebe-c87b9933b16f  401 in 2ms [rid:294633eb4321 uid:anon]
info: Microsoft.EntityFrameworkCore.Database.Command[20101]
      Executed DbCommand (0ms) [Parameters=[@p0='?' (DbType = Guid), @p1='?' (Size = 148), @p2='?' (Size = 36), @p3='?' (Size = 36), @p4='?' (Size = 36), @p5='?' (DbType = DateTime), @p6='?' (Size = 13), @p7='?' (DbType = Guid), @p8='?' (Size = 126), @p9='?' (Size = 13), @p10='?' (Size = 7)], CommandType='Text', CommandTimeout='30']
      INSERT INTO "LicenseCertificates" ("Id", "AllowedUses", "BuyerId", "CopyrightOwner", "CreatorId", "IssuedAt", "LicenseType", "PurchaseId", "Restrictions", "TrackId", "UsageType")
      VALUES (@p0, @p1, @p2, @p3, @p4, @p5, @p6, @p7, @p8, @p9, @p10);
[xUnit.net 00:00:01.56]     Cambrian.Api.Tests.DownloadTests.Download_WithPurchase_ReturnsDownloadUrl [FAIL]
[xUnit.net 00:00:01.56]       Assert.Equal() Failure: Values differ
[xUnit.net 00:00:01.56]       Expected: OK
[xUnit.net 00:00:01.56]       Actual:   Unauthorized
[xUnit.net 00:00:01.56]       Stack Trace:
[xUnit.net 00:00:01.56]         C:\Users\logan\cambrian-push-temp\tests\Cambrian.Api.Tests\DownloadTests.cs(36,0): at Cambrian.Api.Tests.DownloadTests.Download_WithPurchase_ReturnsDownloadUrl()
[xUnit.net 00:00:01.56]         --- End of stack trace from previous location ---
info: Cambrian.Api.Controllers.AuthController[0]
      EVENT: RegisterStarted
info: Cambrian.Api.Controllers.AuthController[0]
      EVENT: RegisterStarted
info: Microsoft.EntityFrameworkCore.Database.Command[20101]
      Executed DbCommand (0ms) [Parameters=[@p0='?' (DbType = Guid), @p1='?' (DbType = Int32), @p2='?' (Size = 36), @p3='?' (DbType = DateTime), @p4='?' (DbType = DateTime), @p5='?' (DbType = DateTime), @p6='?' (DbType = Guid), @p7='?' (Size = 13), @p8='?', @p9='?' (Size = 9), @p10='?', @p11='?' (DbType = Guid), @p12='?' (DbType = DateTime), @p13='?' (Size = 8)], CommandType='Text', CommandTimeout='30']
      INSERT INTO "Purchases" ("Id", "AmountCents", "BuyerId", "CompletedAt", "CreatedAt", "ExpiresAt", "LicenseId", "LicenseType", "PaymentMethod", "Status", "StripeSessionId", "TrackId", "UpdatedAt", "UsageType")
      VALUES (@p0, @p1, @p2, @p3, @p4, @p5, @p6, @p7, @p8, @p9, @p10, @p11, @p12, @p13);
  Passed Cambrian.Api.Tests.StripeWebhookServiceTests.HandleStripeAsync_Dev_ReplayedEventId_DoesNotReprocessTrackPurchase [8 ms]
  Passed Cambrian.Api.Tests.StripeWebhookServiceTests.HandleStripeAsync_Dev_SubscriptionCheckout_UpgradesTier [5 ms]
  Passed Cambrian.Api.Tests.CreatorIdentityTests.UsernameAvailability_TooShort_ReturnsFalse [108 ms]
  Passed Cambrian.Api.Tests.CreatorIdentityTests.UsernameAvailability_TakenUsername_ReturnsFalse [186 ms]
  Failed Cambrian.Api.Tests.StorefrontTests.Storefront_Stats_ShowsEarnings_WhenEnabled [213 ms]
  Error Message:
   System.Net.Http.HttpRequestException : Response status code does not indicate success: 401 (Unauthorized).
  Stack Trace:
     at System.Net.Http.HttpResponseMessage.EnsureSuccessStatusCode()
   at Cambrian.Api.Tests.StorefrontTests.Storefront_Stats_ShowsEarnings_WhenEnabled() in C:\Users\logan\cambrian-push-temp\tests\Cambrian.Api.Tests\StorefrontTests.cs:line 292
--- End of stack trace from previous location ---
  Failed Cambrian.Api.Tests.CreatorProfileContractTests.Collections_ReturnsExpectedShape [381 ms]
  Error Message:
   System.Net.Http.HttpRequestException : Response status code does not indicate success: 401 (Unauthorized).
  Stack Trace:
     at System.Net.Http.HttpResponseMessage.EnsureSuccessStatusCode()
   at Cambrian.Api.Tests.CreatorProfileContractTests.Collections_ReturnsExpectedShape() in C:\Users\logan\cambrian-push-temp\tests\Cambrian.Api.Tests\CreatorProfileContractTests.cs:line 138
--- End of stack trace from previous location ---
  Failed Cambrian.Api.Tests.DownloadTests.Download_WithPurchase_ReturnsDownloadUrl [411 ms]
  Error Message:
   Assert.Equal() Failure: Values differ
Expected: OK
Actual:   Unauthorized
  Stack Trace:
     at Cambrian.Api.Tests.DownloadTests.Download_WithPurchase_ReturnsDownloadUrl() in C:\Users\logan\cambrian-push-temp\tests\Cambrian.Api.Tests\DownloadTests.cs:line 36
--- End of stack trace from previous location ---
info: Microsoft.EntityFrameworkCore.Database.Command[20101]
      Executed DbCommand (0ms) [Parameters=[@__creatorId_0='?' (DbType = Guid)], CommandType='Text', CommandTimeout='30']
      SELECT COUNT(*)
      FROM "Tracks" AS "t"
      WHERE "t"."CreatorUuid" = @__creatorId_0
info: Cambrian.Api.Controllers.WebhookController[0]
      EVENT: StripeWebhookReceived payloadLength:320 signaturePresent:False
warn: Cambrian.Infrastructure.Stripe.StripeWebhookService[0]
      Processing webhook WITHOUT signature verification (Development only)
info: Microsoft.EntityFrameworkCore.Database.Command[20101]
      Executed DbCommand (0ms) [Parameters=[@__creatorId_0='?' (DbType = Guid)], CommandType='Text', CommandTimeout='30']
      SELECT COUNT(*)
      FROM "Purchases" AS "p"
      WHERE EXISTS (
          SELECT 1
          FROM "Tracks" AS "t"
          WHERE "t"."CreatorUuid" = @__creatorId_0 AND "t"."Id" = "p"."TrackId") AND "p"."Status" = 'completed'
info: Cambrian.Infrastructure.Stripe.StripeWebhookService[0]
      Stripe webhook received (dev): checkout.session.completed
info: Microsoft.EntityFrameworkCore.Database.Command[20101]
      Executed DbCommand (0ms) [Parameters=[@__eventId_0='?' (Size = 43)], CommandType='Text', CommandTimeout='30']
      SELECT EXISTS (
          SELECT 1
          FROM "StripeWebhookEvents" AS "s"
          WHERE "s"."EventId" = @__eventId_0)
info: Cambrian.Api.Middleware.RequestLoggingMiddleware[0]
      HTTP GET /api/creators/by-username/testuser-2cc79e0ab2e  200 in 50ms [rid:257fa74596ec uid:anon]
info: Cambrian.Api.Controllers.AuthController[0]
      EVENT: RegisterStarted
info: Microsoft.EntityFrameworkCore.Database.Command[20101]
      Executed DbCommand (0ms) [Parameters=[@__get_Item_0='?' (DbType = Guid)], CommandType='Text', CommandTimeout='30']
      SELECT "t"."Id", "t"."AudioUrl", "t"."CambrianTrackId", "t"."CopyrightBuyoutPriceCents", "t"."CopyrightOwnerId", "t"."CopyrightTransferredAt", "t"."CoverArtUrl", "t"."CreatedAt", "t"."CreatorId", "t"."CreatorUuid", "t"."Description", "t"."Duration", "t"."ExclusivePriceCents", "t"."ExclusiveSold", "t"."Genre", "t"."Instrumental", "t"."LicenseType", "t"."Mood", "t"."NonExclusivePriceCents", "t"."OriginalCreatorId", "t"."Price", "t"."Status", "t"."Tags", "t"."Tempo", "t"."Title", "t"."Visibility"
      FROM "Tracks" AS "t"
      WHERE "t"."Id" = @__get_Item_0
      LIMIT 1
info: Microsoft.EntityFrameworkCore.Database.Command[20101]
      Executed DbCommand (0ms) [Parameters=[@__normalizedUserName_0='?' (Size = 49)], CommandType='Text', CommandTimeout='30']
      SELECT "a"."Id", "a"."AccessFailedCount", "a"."Bio", "a"."ConcurrencyStamp", "a"."CoverImageUrl", "a"."CreatedAt", "a"."CreatorTier", "a"."DisplayName", "a"."Email", "a"."EmailConfirmed", "a"."LockoutEnabled", "a"."LockoutEnd", "a"."NormalizedEmail", "a"."NormalizedUserName", "a"."PasswordHash", "a"."PasswordResetCode", "a"."PasswordResetCodeExpiry", "a"."PhoneNumber", "a"."PhoneNumberConfirmed", "a"."Plan", "a"."ProfileImageUrl", "a"."Role", "a"."SecurityStamp", "a"."Status", "a"."StripeAccountId", "a"."SubscriptionEndDate", "a"."SubscriptionStatus", "a"."Tier", "a"."TwoFactorEnabled", "a"."UploadCount", "a"."UserName", "a"."VerifiedCreator", "a"."WalletBalanceCents"
      FROM "AspNetUsers" AS "a"
      WHERE "a"."NormalizedUserName" = @__normalizedUserName_0
      LIMIT 1
info: Microsoft.EntityFrameworkCore.Database.Command[20101]
      Executed DbCommand (0ms) [Parameters=[@__normalizedEmail_0='?' (Size = 49)], CommandType='Text', CommandTimeout='30']
      SELECT "a"."Id", "a"."AccessFailedCount", "a"."Bio", "a"."ConcurrencyStamp", "a"."CoverImageUrl", "a"."CreatedAt", "a"."CreatorTier", "a"."DisplayName", "a"."Email", "a"."EmailConfirmed", "a"."LockoutEnabled", "a"."LockoutEnd", "a"."NormalizedEmail", "a"."NormalizedUserName", "a"."PasswordHash", "a"."PasswordResetCode", "a"."PasswordResetCodeExpiry", "a"."PhoneNumber", "a"."PhoneNumberConfirmed", "a"."Plan", "a"."ProfileImageUrl", "a"."Role", "a"."SecurityStamp", "a"."Status", "a"."StripeAccountId", "a"."SubscriptionEndDate", "a"."SubscriptionStatus", "a"."Tier", "a"."TwoFactorEnabled", "a"."UploadCount", "a"."UserName", "a"."VerifiedCreator", "a"."WalletBalanceCents"
      FROM "AspNetUsers" AS "a"
      WHERE "a"."NormalizedEmail" = @__normalizedEmail_0
      LIMIT 2
info: Microsoft.EntityFrameworkCore.Database.Command[20101]
      Executed DbCommand (0ms) [Parameters=[@p0='?' (Size = 36), @p1='?' (DbType = Int32), @p2='?', @p3='?' (Size = 36), @p4='?', @p5='?' (DbType = DateTime), @p6='?' (DbType = Int32), @p7='?' (Size = 8), @p8='?' (Size = 49), @p9='?' (DbType = Boolean), @p10='?' (DbType = Boolean), @p11='?' (DbType = DateTimeOffset), @p12='?' (Size = 49), @p13='?' (Size = 49), @p14='?' (Size = 84), @p15='?', @p16='?' (DbType = DateTime), @p17='?', @p18='?' (DbType = Boolean), @p19='?', @p20='?', @p21='?' (Size = 4), @p22='?' (Size = 32), @p23='?' (Size = 6), @p24='?', @p25='?' (DbType = DateTime), @p26='?' (Size = 8), @p27='?' (Size = 4), @p28='?' (DbType = Boolean), @p29='?' (DbType = Int32), @p30='?' (Size = 49), @p31='?' (DbType = Boolean), @p32='?' (DbType = Int64)], CommandType='Text', CommandTimeout='30']
      INSERT INTO "AspNetUsers" ("Id", "AccessFailedCount", "Bio", "ConcurrencyStamp", "CoverImageUrl", "CreatedAt", "CreatorTier", "DisplayName", "Email", "EmailConfirmed", "LockoutEnabled", "LockoutEnd", "NormalizedEmail", "NormalizedUserName", "PasswordHash", "PasswordResetCode", "PasswordResetCodeExpiry", "PhoneNumber", "PhoneNumberConfirmed", "Plan", "ProfileImageUrl", "Role", "SecurityStamp", "Status", "StripeAccountId", "SubscriptionEndDate", "SubscriptionStatus", "Tier", "TwoFactorEnabled", "UploadCount", "UserName", "VerifiedCreator", "WalletBalanceCents")
      VALUES (@p0, @p1, @p2, @p3, @p4, @p5, @p6, @p7, @p8, @p9, @p10, @p11, @p12, @p13, @p14, @p15, @p16, @p17, @p18, @p19, @p20, @p21, @p22, @p23, @p24, @p25, @p26, @p27, @p28, @p29, @p30, @p31, @p32);
info: Cambrian.Api.Controllers.AuthController[0]
      EVENT: RegisterCompleted userId:2379ec02-1c16-477e-826d-ae68d2838614 tier:free
info: Cambrian.Api.Middleware.RequestLoggingMiddleware[0]
      HTTP POST /auth/register  201 in 55ms [rid:517869c8547a uid:anon]
info: Microsoft.EntityFrameworkCore.Database.Command[20101]
      Executed DbCommand (0ms) [Parameters=[@__userId_0='?' (Size = 36), @__trackId_1='?' (DbType = Guid), @__licenseType_2='?' (Size = 13)], CommandType='Text', CommandTimeout='30']
      SELECT "p"."Id", "p"."AmountCents", "p"."BuyerId", "p"."CompletedAt", "p"."CreatedAt", "p"."ExpiresAt", "p"."LicenseId", "p"."LicenseType", "p"."PaymentMethod", "p"."Status", "p"."StripeSessionId", "p"."TrackId", "p"."UpdatedAt", "p"."UsageType"
      FROM "Purchases" AS "p"
      WHERE "p"."BuyerId" = @__userId_0 AND "p"."TrackId" = @__trackId_1 AND "p"."LicenseType" = @__licenseType_2
      LIMIT 1
info: Microsoft.EntityFrameworkCore.Database.Command[20101]
      Executed DbCommand (0ms) [Parameters=[@__email_0='?' (Size = 49)], CommandType='Text', CommandTimeout='30']
      SELECT "a"."Id", "a"."AccessFailedCount", "a"."Bio", "a"."ConcurrencyStamp", "a"."CoverImageUrl", "a"."CreatedAt", "a"."CreatorTier", "a"."DisplayName", "a"."Email", "a"."EmailConfirmed", "a"."LockoutEnabled", "a"."LockoutEnd", "a"."NormalizedEmail", "a"."NormalizedUserName", "a"."PasswordHash", "a"."PasswordResetCode", "a"."PasswordResetCodeExpiry", "a"."PhoneNumber", "a"."PhoneNumberConfirmed", "a"."Plan", "a"."ProfileImageUrl", "a"."Role", "a"."SecurityStamp", "a"."Status", "a"."StripeAccountId", "a"."SubscriptionEndDate", "a"."SubscriptionStatus", "a"."Tier", "a"."TwoFactorEnabled", "a"."UploadCount", "a"."UserName", "a"."VerifiedCreator", "a"."WalletBalanceCents"
      FROM "AspNetUsers" AS "a"
      WHERE "a"."Email" = @__email_0
      LIMIT 1
info: Microsoft.EntityFrameworkCore.Database.Command[20101]
      Executed DbCommand (0ms) [Parameters=[@p2='?' (Size = 36), @p3='?' (Size = 36), @p0='?' (Size = 7), @p1='?' (Size = 7)], CommandType='Text', CommandTimeout='30']
      UPDATE "AspNetUsers" SET "Role" = @p0, "Tier" = @p1
      WHERE "Id" = @p2 AND "ConcurrencyStamp" = @p3
      RETURNING 1;
info: Cambrian.Infrastructure.Stripe.StripeWebhookService[0]
      Duplicate purchase skipped for user 12ad5131-1aee-4f4d-9589-8ec64b1f939a track 61353eb9-6812-4f00-99c9-deb8dc71aeac
info: Cambrian.Api.Controllers.AuthController[0]
      EVENT: LoginStarted
info: Microsoft.EntityFrameworkCore.Database.Command[20101]
      Executed DbCommand (0ms) [Parameters=[@__normalizedEmail_0='?' (Size = 49)], CommandType='Text', CommandTimeout='30']
      SELECT "a"."Id", "a"."AccessFailedCount", "a"."Bio", "a"."ConcurrencyStamp", "a"."CoverImageUrl", "a"."CreatedAt", "a"."CreatorTier", "a"."DisplayName", "a"."Email", "a"."EmailConfirmed", "a"."LockoutEnabled", "a"."LockoutEnd", "a"."NormalizedEmail", "a"."NormalizedUserName", "a"."PasswordHash", "a"."PasswordResetCode", "a"."PasswordResetCodeExpiry", "a"."PhoneNumber", "a"."PhoneNumberConfirmed", "a"."Plan", "a"."ProfileImageUrl", "a"."Role", "a"."SecurityStamp", "a"."Status", "a"."StripeAccountId", "a"."SubscriptionEndDate", "a"."SubscriptionStatus", "a"."Tier", "a"."TwoFactorEnabled", "a"."UploadCount", "a"."UserName", "a"."VerifiedCreator", "a"."WalletBalanceCents"
      FROM "AspNetUsers" AS "a"
      WHERE "a"."NormalizedEmail" = @__normalizedEmail_0
      LIMIT 2
info: Microsoft.EntityFrameworkCore.Database.Command[20101]
      Executed DbCommand (0ms) [Parameters=[@__userId_0='?' (Size = 36), @__trackId_1='?' (DbType = Guid)], CommandType='Text', CommandTimeout='30']
      SELECT "l"."Id", "l"."Artist", "l"."AudioUrl", "l"."PurchaseId", "l"."SavedAt", "l"."Title", "l"."TrackId", "l"."UserId"
      FROM "Library" AS "l"
      WHERE "l"."UserId" = @__userId_0 AND "l"."TrackId" = @__trackId_1
      LIMIT 1
info: Cambrian.Infrastructure.Stripe.StripeWebhookService[0]
      Library item back-filled for duplicate purchase: User=12ad5131-1aee-4f4d-9589-8ec64b1f939a Track=61353eb9-6812-4f00-99c9-deb8dc71aeac
info: Microsoft.EntityFrameworkCore.Database.Command[20101]
      Executed DbCommand (0ms) [Parameters=[@__normalizedUserName_0='?' (Size = 54)], CommandType='Text', CommandTimeout='30']
      SELECT "a"."Id", "a"."AccessFailedCount", "a"."Bio", "a"."ConcurrencyStamp", "a"."CoverImageUrl", "a"."CreatedAt", "a"."CreatorTier", "a"."DisplayName", "a"."Email", "a"."EmailConfirmed", "a"."LockoutEnabled", "a"."LockoutEnd", "a"."NormalizedEmail", "a"."NormalizedUserName", "a"."PasswordHash", "a"."PasswordResetCode", "a"."PasswordResetCodeExpiry", "a"."PhoneNumber", "a"."PhoneNumberConfirmed", "a"."Plan", "a"."ProfileImageUrl", "a"."Role", "a"."SecurityStamp", "a"."Status", "a"."StripeAccountId", "a"."SubscriptionEndDate", "a"."SubscriptionStatus", "a"."Tier", "a"."TwoFactorEnabled", "a"."UploadCount", "a"."UserName", "a"."VerifiedCreator", "a"."WalletBalanceCents"
      FROM "AspNetUsers" AS "a"
      WHERE "a"."NormalizedUserName" = @__normalizedUserName_0
      LIMIT 1
info: Microsoft.EntityFrameworkCore.Database.Command[20101]
      Executed DbCommand (0ms) [Parameters=[@__normalizedEmail_0='?' (Size = 54)], CommandType='Text', CommandTimeout='30']
      SELECT "a"."Id", "a"."AccessFailedCount", "a"."Bio", "a"."ConcurrencyStamp", "a"."CoverImageUrl", "a"."CreatedAt", "a"."CreatorTier", "a"."DisplayName", "a"."Email", "a"."EmailConfirmed", "a"."LockoutEnabled", "a"."LockoutEnd", "a"."NormalizedEmail", "a"."NormalizedUserName", "a"."PasswordHash", "a"."PasswordResetCode", "a"."PasswordResetCodeExpiry", "a"."PhoneNumber", "a"."PhoneNumberConfirmed", "a"."Plan", "a"."ProfileImageUrl", "a"."Role", "a"."SecurityStamp", "a"."Status", "a"."StripeAccountId", "a"."SubscriptionEndDate", "a"."SubscriptionStatus", "a"."Tier", "a"."TwoFactorEnabled", "a"."UploadCount", "a"."UserName", "a"."VerifiedCreator", "a"."WalletBalanceCents"
      FROM "AspNetUsers" AS "a"
      WHERE "a"."NormalizedEmail" = @__normalizedEmail_0
      LIMIT 2
info: Microsoft.EntityFrameworkCore.Database.Command[20101]
      Executed DbCommand (0ms) [Parameters=[@p0='?' (Size = 36), @p1='?' (DbType = Int32), @p2='?', @p3='?' (Size = 36), @p4='?', @p5='?' (DbType = DateTime), @p6='?' (DbType = Int32), @p7='?' (Size = 8), @p8='?' (Size = 54), @p9='?' (DbType = Boolean), @p10='?' (DbType = Boolean), @p11='?' (DbType = DateTimeOffset), @p12='?' (Size = 54), @p13='?' (Size = 54), @p14='?' (Size = 84), @p15='?', @p16='?' (DbType = DateTime), @p17='?', @p18='?' (DbType = Boolean), @p19='?', @p20='?', @p21='?' (Size = 4), @p22='?' (Size = 32), @p23='?' (Size = 6), @p24='?', @p25='?' (DbType = DateTime), @p26='?' (Size = 8), @p27='?' (Size = 4), @p28='?' (DbType = Boolean), @p29='?' (DbType = Int32), @p30='?' (Size = 54), @p31='?' (DbType = Boolean), @p32='?' (DbType = Int64)], CommandType='Text', CommandTimeout='30']
      INSERT INTO "AspNetUsers" ("Id", "AccessFailedCount", "Bio", "ConcurrencyStamp", "CoverImageUrl", "CreatedAt", "CreatorTier", "DisplayName", "Email", "EmailConfirmed", "LockoutEnabled", "LockoutEnd", "NormalizedEmail", "NormalizedUserName", "PasswordHash", "PasswordResetCode", "PasswordResetCodeExpiry", "PhoneNumber", "PhoneNumberConfirmed", "Plan", "ProfileImageUrl", "Role", "SecurityStamp", "Status", "StripeAccountId", "SubscriptionEndDate", "SubscriptionStatus", "Tier", "TwoFactorEnabled", "UploadCount", "UserName", "VerifiedCreator", "WalletBalanceCents")
      VALUES (@p0, @p1, @p2, @p3, @p4, @p5, @p6, @p7, @p8, @p9, @p10, @p11, @p12, @p13, @p14, @p15, @p16, @p17, @p18, @p19, @p20, @p21, @p22, @p23, @p24, @p25, @p26, @p27, @p28, @p29, @p30, @p31, @p32);
info: Cambrian.Api.Controllers.AuthController[0]
      EVENT: RegisterCompleted userId:4dbfc73a-2c70-43a1-b869-aedb16572389 tier:free
info: Microsoft.EntityFrameworkCore.Database.Command[20101]
      Executed DbCommand (0ms) [Parameters=[@p0='?' (DbType = Guid), @p1='?', @p2='?' (Size = 20), @p3='?' (DbType = Guid), @p4='?' (DbType = DateTime), @p5='?' (Size = 12), @p6='?' (DbType = Guid), @p7='?' (Size = 36)], CommandType='Text', CommandTimeout='30']
      INSERT INTO "Library" ("Id", "Artist", "AudioUrl", "PurchaseId", "SavedAt", "Title", "TrackId", "UserId")
      VALUES (@p0, @p1, @p2, @p3, @p4, @p5, @p6, @p7);
info: Cambrian.Api.Middleware.RequestLoggingMiddleware[0]
      HTTP POST /auth/register  201 in 67ms [rid:e50e4f52efa9 uid:anon]
info: Microsoft.EntityFrameworkCore.Database.Command[20101]
      Executed DbCommand (0ms) [Parameters=[@p0='?' (DbType = Guid), @p1='?' (Size = 43), @p2='?' (Size = 26), @p3='?' (Size = 320), @p4='?' (DbType = Boolean), @p5='?' (DbType = DateTime)], CommandType='Text', CommandTimeout='30']
      INSERT INTO "StripeWebhookEvents" ("Id", "EventId", "EventType", "Payload", "Processed", "ProcessedAt")
      VALUES (@p0, @p1, @p2, @p3, @p4, @p5);
info: Microsoft.EntityFrameworkCore.Database.Command[20101]
      Executed DbCommand (0ms) [Parameters=[], CommandType='Text', CommandTimeout='30']
      SELECT "a"."Id", "a"."AccessFailedCount", "a"."Bio", "a"."ConcurrencyStamp", "a"."CoverImageUrl", "a"."CreatedAt", "a"."CreatorTier", "a"."DisplayName", "a"."Email", "a"."EmailConfirmed", "a"."LockoutEnabled", "a"."LockoutEnd", "a"."NormalizedEmail", "a"."NormalizedUserName", "a"."PasswordHash", "a"."PasswordResetCode", "a"."PasswordResetCodeExpiry", "a"."PhoneNumber", "a"."PhoneNumberConfirmed", "a"."Plan", "a"."ProfileImageUrl", "a"."Role", "a"."SecurityStamp", "a"."Status", "a"."StripeAccountId", "a"."SubscriptionEndDate", "a"."SubscriptionStatus", "a"."Tier", "a"."TwoFactorEnabled", "a"."UploadCount", "a"."UserName", "a"."VerifiedCreator", "a"."WalletBalanceCents"
      FROM "AspNetUsers" AS "a"
info: Microsoft.EntityFrameworkCore.Database.Command[20101]
      Executed DbCommand (0ms) [Parameters=[@p2='?' (Size = 36), @p3='?' (Size = 36), @p0='?' (Size = 7), @p1='?' (Size = 7)], CommandType='Text', CommandTimeout='30']
      UPDATE "AspNetUsers" SET "Role" = @p0, "Tier" = @p1
      WHERE "Id" = @p2 AND "ConcurrencyStamp" = @p3
      RETURNING 1;
info: Cambrian.Api.Controllers.WebhookController[0]
      EVENT: StripeWebhookProcessed
info: Cambrian.Api.Middleware.RequestLoggingMiddleware[0]
      HTTP POST /webhook/stripe  200 in 39ms [rid:b39d9558cbc8 uid:anon]
info: Cambrian.Api.Controllers.AuthController[0]
      EVENT: LoginStarted
info: Microsoft.EntityFrameworkCore.Database.Command[20101]
      Executed DbCommand (0ms) [Parameters=[@__normalizedEmail_0='?' (Size = 54)], CommandType='Text', CommandTimeout='30']
      SELECT "a"."Id", "a"."AccessFailedCount", "a"."Bio", "a"."ConcurrencyStamp", "a"."CoverImageUrl", "a"."CreatedAt", "a"."CreatorTier", "a"."DisplayName", "a"."Email", "a"."EmailConfirmed", "a"."LockoutEnabled", "a"."LockoutEnd", "a"."NormalizedEmail", "a"."NormalizedUserName", "a"."PasswordHash", "a"."PasswordResetCode", "a"."PasswordResetCodeExpiry", "a"."PhoneNumber", "a"."PhoneNumberConfirmed", "a"."Plan", "a"."ProfileImageUrl", "a"."Role", "a"."SecurityStamp", "a"."Status", "a"."StripeAccountId", "a"."SubscriptionEndDate", "a"."SubscriptionStatus", "a"."Tier", "a"."TwoFactorEnabled", "a"."UploadCount", "a"."UserName", "a"."VerifiedCreator", "a"."WalletBalanceCents"
      FROM "AspNetUsers" AS "a"
      WHERE "a"."NormalizedEmail" = @__normalizedEmail_0
      LIMIT 2
info: Microsoft.EntityFrameworkCore.Database.Command[20101]
      Executed DbCommand (0ms) [Parameters=[@__buyerId_0='?' (Size = 36), @__trackId_1='?' (DbType = Guid)], CommandType='Text', CommandTimeout='30']
      SELECT "p"."Id", "p"."AmountCents", "p"."BuyerId", "p"."CompletedAt", "p"."CreatedAt", "p"."ExpiresAt", "p"."LicenseId", "p"."LicenseType", "p"."PaymentMethod", "p"."Status", "p"."StripeSessionId", "p"."TrackId", "p"."UpdatedAt", "p"."UsageType"
      FROM "Purchases" AS "p"
      WHERE "p"."BuyerId" = @__buyerId_0 AND "p"."TrackId" = @__trackId_1
info: Microsoft.EntityFrameworkCore.Database.Command[20101]
      Executed DbCommand (0ms) [Parameters=[@__buyerId_0='?' (Size = 36), @__trackId_1='?' (DbType = Guid)], CommandType='Text', CommandTimeout='30']
      SELECT "l"."Id", "l"."Artist", "l"."AudioUrl", "l"."PurchaseId", "l"."SavedAt", "l"."Title", "l"."TrackId", "l"."UserId"
      FROM "Library" AS "l"
      WHERE "l"."UserId" = @__buyerId_0 AND "l"."TrackId" = @__trackId_1
      LIMIT 1
info: Microsoft.EntityFrameworkCore.Database.Command[20101]
      Executed DbCommand (0ms) [Parameters=[@__normalizedUserName_0='?' (Size = 30)], CommandType='Text', CommandTimeout='30']
      SELECT "a"."Id", "a"."AccessFailedCount", "a"."Bio", "a"."ConcurrencyStamp", "a"."CoverImageUrl", "a"."CreatedAt", "a"."CreatorTier", "a"."DisplayName", "a"."Email", "a"."EmailConfirmed", "a"."LockoutEnabled", "a"."LockoutEnd", "a"."NormalizedEmail", "a"."NormalizedUserName", "a"."PasswordHash", "a"."PasswordResetCode", "a"."PasswordResetCodeExpiry", "a"."PhoneNumber", "a"."PhoneNumberConfirmed", "a"."Plan", "a"."ProfileImageUrl", "a"."Role", "a"."SecurityStamp", "a"."Status", "a"."StripeAccountId", "a"."SubscriptionEndDate", "a"."SubscriptionStatus", "a"."Tier", "a"."TwoFactorEnabled", "a"."UploadCount", "a"."UserName", "a"."VerifiedCreator", "a"."WalletBalanceCents"
      FROM "AspNetUsers" AS "a"
      WHERE "a"."NormalizedUserName" = @__normalizedUserName_0
      LIMIT 1
info: Microsoft.EntityFrameworkCore.Database.Command[20101]
      Executed DbCommand (0ms) [Parameters=[@__normalizedEmail_0='?' (Size = 30)], CommandType='Text', CommandTimeout='30']
      SELECT "a"."Id", "a"."AccessFailedCount", "a"."Bio", "a"."ConcurrencyStamp", "a"."CoverImageUrl", "a"."CreatedAt", "a"."CreatorTier", "a"."DisplayName", "a"."Email", "a"."EmailConfirmed", "a"."LockoutEnabled", "a"."LockoutEnd", "a"."NormalizedEmail", "a"."NormalizedUserName", "a"."PasswordHash", "a"."PasswordResetCode", "a"."PasswordResetCodeExpiry", "a"."PhoneNumber", "a"."PhoneNumberConfirmed", "a"."Plan", "a"."ProfileImageUrl", "a"."Role", "a"."SecurityStamp", "a"."Status", "a"."StripeAccountId", "a"."SubscriptionEndDate", "a"."SubscriptionStatus", "a"."Tier", "a"."TwoFactorEnabled", "a"."UploadCount", "a"."UserName", "a"."VerifiedCreator", "a"."WalletBalanceCents"
      FROM "AspNetUsers" AS "a"
      WHERE "a"."NormalizedEmail" = @__normalizedEmail_0
      LIMIT 2
info: Microsoft.EntityFrameworkCore.Database.Command[20101]
      Executed DbCommand (0ms) [Parameters=[@p0='?' (Size = 36), @p1='?' (DbType = Int32), @p2='?', @p3='?' (Size = 36), @p4='?', @p5='?' (DbType = DateTime), @p6='?' (DbType = Int32), @p7='?' (Size = 8), @p8='?' (Size = 30), @p9='?' (DbType = Boolean), @p10='?' (DbType = Boolean), @p11='?' (DbType = DateTimeOffset), @p12='?' (Size = 30), @p13='?' (Size = 30), @p14='?' (Size = 84), @p15='?', @p16='?' (DbType = DateTime), @p17='?', @p18='?' (DbType = Boolean), @p19='?', @p20='?', @p21='?' (Size = 4), @p22='?' (Size = 32), @p23='?' (Size = 6), @p24='?', @p25='?' (DbType = DateTime), @p26='?' (Size = 8), @p27='?' (Size = 4), @p28='?' (DbType = Boolean), @p29='?' (DbType = Int32), @p30='?' (Size = 30), @p31='?' (DbType = Boolean), @p32='?' (DbType = Int64)], CommandType='Text', CommandTimeout='30']
      INSERT INTO "AspNetUsers" ("Id", "AccessFailedCount", "Bio", "ConcurrencyStamp", "CoverImageUrl", "CreatedAt", "CreatorTier", "DisplayName", "Email", "EmailConfirmed", "LockoutEnabled", "LockoutEnd", "NormalizedEmail", "NormalizedUserName", "PasswordHash", "PasswordResetCode", "PasswordResetCodeExpiry", "PhoneNumber", "PhoneNumberConfirmed", "Plan", "ProfileImageUrl", "Role", "SecurityStamp", "Status", "StripeAccountId", "SubscriptionEndDate", "SubscriptionStatus", "Tier", "TwoFactorEnabled", "UploadCount", "UserName", "VerifiedCreator", "WalletBalanceCents")
      VALUES (@p0, @p1, @p2, @p3, @p4, @p5, @p6, @p7, @p8, @p9, @p10, @p11, @p12, @p13, @p14, @p15, @p16, @p17, @p18, @p19, @p20, @p21, @p22, @p23, @p24, @p25, @p26, @p27, @p28, @p29, @p30, @p31, @p32);
info: Cambrian.Api.Controllers.AuthController[0]
      EVENT: RegisterCompleted userId:1fe1a317-b2b4-4428-bd4a-13bf79ffff96 tier:free
info: Cambrian.Api.Middleware.RequestLoggingMiddleware[0]
      HTTP POST /auth/register  201 in 51ms [rid:6f1b2db8c593 uid:anon]
info: Microsoft.EntityFrameworkCore.Database.Command[20101]
      Executed DbCommand (0ms) [Parameters=[@__normalizedEmail_0='?' (Size = 30)], CommandType='Text', CommandTimeout='30']
      SELECT "a"."Id", "a"."AccessFailedCount", "a"."Bio", "a"."ConcurrencyStamp", "a"."CoverImageUrl", "a"."CreatedAt", "a"."CreatorTier", "a"."DisplayName", "a"."Email", "a"."EmailConfirmed", "a"."LockoutEnabled", "a"."LockoutEnd", "a"."NormalizedEmail", "a"."NormalizedUserName", "a"."PasswordHash", "a"."PasswordResetCode", "a"."PasswordResetCodeExpiry", "a"."PhoneNumber", "a"."PhoneNumberConfirmed", "a"."Plan", "a"."ProfileImageUrl", "a"."Role", "a"."SecurityStamp", "a"."Status", "a"."StripeAccountId", "a"."SubscriptionEndDate", "a"."SubscriptionStatus", "a"."Tier", "a"."TwoFactorEnabled", "a"."UploadCount", "a"."UserName", "a"."VerifiedCreator", "a"."WalletBalanceCents"
      FROM "AspNetUsers" AS "a"
      WHERE "a"."NormalizedEmail" = @__normalizedEmail_0
      LIMIT 2
info: Microsoft.EntityFrameworkCore.Database.Command[20101]
      Executed DbCommand (0ms) [Parameters=[@p0='?' (DbType = Guid), @p1='?' (Size = 20), @p2='?' (Size = 17), @p3='?' (DbType = Int32), @p4='?', @p5='?' (DbType = DateTime), @p6='?', @p7='?' (DbType = DateTime), @p8='?' (Size = 36), @p9='?' (DbType = Guid), @p10='?', @p11='?', @p12='?' (DbType = Int32), @p13='?' (DbType = Boolean), @p14='?' (Size = 7), @p15='?' (DbType = Boolean), @p16='?' (Size = 8), @p17='?', @p18='?' (DbType = Int32), @p19='?', @p20='?' (DbType = Decimal), @p21='?' (Size = 9), @p22='?', @p23='?', @p24='?' (Size = 15), @p25='?' (Size = 6)], CommandType='Text', CommandTimeout='30']
      INSERT INTO "Tracks" ("Id", "AudioUrl", "CambrianTrackId", "CopyrightBuyoutPriceCents", "CopyrightOwnerId", "CopyrightTransferredAt", "CoverArtUrl", "CreatedAt", "CreatorId", "CreatorUuid", "Description", "Duration", "ExclusivePriceCents", "ExclusiveSold", "Genre", "Instrumental", "LicenseType", "Mood", "NonExclusivePriceCents", "OriginalCreatorId", "Price", "Status", "Tags", "Tempo", "Title", "Visibility")
      VALUES (@p0, @p1, @p2, @p3, @p4, @p5, @p6, @p7, @p8, @p9, @p10, @p11, @p12, @p13, @p14, @p15, @p16, @p17, @p18, @p19, @p20, @p21, @p22, @p23, @p24, @p25);
info: Cambrian.Api.Controllers.AuthController[0]
      EVENT: RegisterStarted
info: Cambrian.Api.Controllers.AuthController[0]
      EVENT: RegisterStarted
info: Microsoft.EntityFrameworkCore.Database.Command[20101]
      Executed DbCommand (0ms) [Parameters=[@__normalizedUserName_0='?' (Size = 31)], CommandType='Text', CommandTimeout='30']
      SELECT "a"."Id", "a"."AccessFailedCount", "a"."Bio", "a"."ConcurrencyStamp", "a"."CoverImageUrl", "a"."CreatedAt", "a"."CreatorTier", "a"."DisplayName", "a"."Email", "a"."EmailConfirmed", "a"."LockoutEnabled", "a"."LockoutEnd", "a"."NormalizedEmail", "a"."NormalizedUserName", "a"."PasswordHash", "a"."PasswordResetCode", "a"."PasswordResetCodeExpiry", "a"."PhoneNumber", "a"."PhoneNumberConfirmed", "a"."Plan", "a"."ProfileImageUrl", "a"."Role", "a"."SecurityStamp", "a"."Status", "a"."StripeAccountId", "a"."SubscriptionEndDate", "a"."SubscriptionStatus", "a"."Tier", "a"."TwoFactorEnabled", "a"."UploadCount", "a"."UserName", "a"."VerifiedCreator", "a"."WalletBalanceCents"
      FROM "AspNetUsers" AS "a"
      WHERE "a"."NormalizedUserName" = @__normalizedUserName_0
      LIMIT 1
info: Microsoft.EntityFrameworkCore.Database.Command[20101]
      Executed DbCommand (0ms) [Parameters=[@__normalizedEmail_0='?' (Size = 31)], CommandType='Text', CommandTimeout='30']
      SELECT "a"."Id", "a"."AccessFailedCount", "a"."Bio", "a"."ConcurrencyStamp", "a"."CoverImageUrl", "a"."CreatedAt", "a"."CreatorTier", "a"."DisplayName", "a"."Email", "a"."EmailConfirmed", "a"."LockoutEnabled", "a"."LockoutEnd", "a"."NormalizedEmail", "a"."NormalizedUserName", "a"."PasswordHash", "a"."PasswordResetCode", "a"."PasswordResetCodeExpiry", "a"."PhoneNumber", "a"."PhoneNumberConfirmed", "a"."Plan", "a"."ProfileImageUrl", "a"."Role", "a"."SecurityStamp", "a"."Status", "a"."StripeAccountId", "a"."SubscriptionEndDate", "a"."SubscriptionStatus", "a"."Tier", "a"."TwoFactorEnabled", "a"."UploadCount", "a"."UserName", "a"."VerifiedCreator", "a"."WalletBalanceCents"
      FROM "AspNetUsers" AS "a"
      WHERE "a"."NormalizedEmail" = @__normalizedEmail_0
      LIMIT 2
info: Microsoft.EntityFrameworkCore.Database.Command[20101]
      Executed DbCommand (0ms) [Parameters=[@p0='?' (Size = 36), @p1='?' (DbType = Int32), @p2='?', @p3='?' (Size = 36), @p4='?', @p5='?' (DbType = DateTime), @p6='?' (DbType = Int32), @p7='?' (Size = 8), @p8='?' (Size = 31), @p9='?' (DbType = Boolean), @p10='?' (DbType = Boolean), @p11='?' (DbType = DateTimeOffset), @p12='?' (Size = 31), @p13='?' (Size = 31), @p14='?' (Size = 84), @p15='?', @p16='?' (DbType = DateTime), @p17='?', @p18='?' (DbType = Boolean), @p19='?', @p20='?', @p21='?' (Size = 4), @p22='?' (Size = 32), @p23='?' (Size = 6), @p24='?', @p25='?' (DbType = DateTime), @p26='?' (Size = 8), @p27='?' (Size = 4), @p28='?' (DbType = Boolean), @p29='?' (DbType = Int32), @p30='?' (Size = 31), @p31='?' (DbType = Boolean), @p32='?' (DbType = Int64)], CommandType='Text', CommandTimeout='30']
      INSERT INTO "AspNetUsers" ("Id", "AccessFailedCount", "Bio", "ConcurrencyStamp", "CoverImageUrl", "CreatedAt", "CreatorTier", "DisplayName", "Email", "EmailConfirmed", "LockoutEnabled", "LockoutEnd", "NormalizedEmail", "NormalizedUserName", "PasswordHash", "PasswordResetCode", "PasswordResetCodeExpiry", "PhoneNumber", "PhoneNumberConfirmed", "Plan", "ProfileImageUrl", "Role", "SecurityStamp", "Status", "StripeAccountId", "SubscriptionEndDate", "SubscriptionStatus", "Tier", "TwoFactorEnabled", "UploadCount", "UserName", "VerifiedCreator", "WalletBalanceCents")
      VALUES (@p0, @p1, @p2, @p3, @p4, @p5, @p6, @p7, @p8, @p9, @p10, @p11, @p12, @p13, @p14, @p15, @p16, @p17, @p18, @p19, @p20, @p21, @p22, @p23, @p24, @p25, @p26, @p27, @p28, @p29, @p30, @p31, @p32);
info: Cambrian.Api.Controllers.AuthController[0]
      EVENT: RegisterCompleted userId:cab470ad-c373-4491-9cac-157dd3ab4bac tier:free
info: Cambrian.Api.Middleware.RequestLoggingMiddleware[0]
      HTTP POST /auth/register  201 in 59ms [rid:91736e83b5a3 uid:anon]
info: Microsoft.EntityFrameworkCore.Database.Command[20101]
      Executed DbCommand (0ms) [Parameters=[@__normalizedEmail_0='?' (Size = 31)], CommandType='Text', CommandTimeout='30']
      SELECT "a"."Id", "a"."AccessFailedCount", "a"."Bio", "a"."ConcurrencyStamp", "a"."CoverImageUrl", "a"."CreatedAt", "a"."CreatorTier", "a"."DisplayName", "a"."Email", "a"."EmailConfirmed", "a"."LockoutEnabled", "a"."LockoutEnd", "a"."NormalizedEmail", "a"."NormalizedUserName", "a"."PasswordHash", "a"."PasswordResetCode", "a"."PasswordResetCodeExpiry", "a"."PhoneNumber", "a"."PhoneNumberConfirmed", "a"."Plan", "a"."ProfileImageUrl", "a"."Role", "a"."SecurityStamp", "a"."Status", "a"."StripeAccountId", "a"."SubscriptionEndDate", "a"."SubscriptionStatus", "a"."Tier", "a"."TwoFactorEnabled", "a"."UploadCount", "a"."UserName", "a"."VerifiedCreator", "a"."WalletBalanceCents"
      FROM "AspNetUsers" AS "a"
      WHERE "a"."NormalizedEmail" = @__normalizedEmail_0
      LIMIT 2
info: Microsoft.EntityFrameworkCore.Database.Command[20101]
      Executed DbCommand (0ms) [Parameters=[@p0='?' (DbType = Guid), @p1='?' (Size = 20), @p2='?' (Size = 17), @p3='?' (DbType = Int32), @p4='?', @p5='?' (DbType = DateTime), @p6='?', @p7='?' (DbType = DateTime), @p8='?' (Size = 36), @p9='?' (DbType = Guid), @p10='?', @p11='?', @p12='?' (DbType = Int32), @p13='?' (DbType = Boolean), @p14='?' (Size = 7), @p15='?' (DbType = Boolean), @p16='?' (Size = 8), @p17='?', @p18='?' (DbType = Int32), @p19='?', @p20='?' (DbType = Decimal), @p21='?' (Size = 9), @p22='?', @p23='?', @p24='?' (Size = 16), @p25='?' (Size = 6)], CommandType='Text', CommandTimeout='30']
      INSERT INTO "Tracks" ("Id", "AudioUrl", "CambrianTrackId", "CopyrightBuyoutPriceCents", "CopyrightOwnerId", "CopyrightTransferredAt", "CoverArtUrl", "CreatedAt", "CreatorId", "CreatorUuid", "Description", "Duration", "ExclusivePriceCents", "ExclusiveSold", "Genre", "Instrumental", "LicenseType", "Mood", "NonExclusivePriceCents", "OriginalCreatorId", "Price", "Status", "Tags", "Tempo", "Title", "Visibility")
      VALUES (@p0, @p1, @p2, @p3, @p4, @p5, @p6, @p7, @p8, @p9, @p10, @p11, @p12, @p13, @p14, @p15, @p16, @p17, @p18, @p19, @p20, @p21, @p22, @p23, @p24, @p25);
info: Cambrian.Api.Controllers.AuthController[0]
      EVENT: RegisterStarted
info: Microsoft.EntityFrameworkCore.Database.Command[20101]
      Executed DbCommand (0ms) [Parameters=[@__normalizedUserName_0='?' (Size = 48)], CommandType='Text', CommandTimeout='30']
      SELECT "a"."Id", "a"."AccessFailedCount", "a"."Bio", "a"."ConcurrencyStamp", "a"."CoverImageUrl", "a"."CreatedAt", "a"."CreatorTier", "a"."DisplayName", "a"."Email", "a"."EmailConfirmed", "a"."LockoutEnabled", "a"."LockoutEnd", "a"."NormalizedEmail", "a"."NormalizedUserName", "a"."PasswordHash", "a"."PasswordResetCode", "a"."PasswordResetCodeExpiry", "a"."PhoneNumber", "a"."PhoneNumberConfirmed", "a"."Plan", "a"."ProfileImageUrl", "a"."Role", "a"."SecurityStamp", "a"."Status", "a"."StripeAccountId", "a"."SubscriptionEndDate", "a"."SubscriptionStatus", "a"."Tier", "a"."TwoFactorEnabled", "a"."UploadCount", "a"."UserName", "a"."VerifiedCreator", "a"."WalletBalanceCents"
      FROM "AspNetUsers" AS "a"
      WHERE "a"."NormalizedUserName" = @__normalizedUserName_0
      LIMIT 1
info: Microsoft.EntityFrameworkCore.Database.Command[20101]
      Executed DbCommand (0ms) [Parameters=[@__normalizedEmail_0='?' (Size = 48)], CommandType='Text', CommandTimeout='30']
      SELECT "a"."Id", "a"."AccessFailedCount", "a"."Bio", "a"."ConcurrencyStamp", "a"."CoverImageUrl", "a"."CreatedAt", "a"."CreatorTier", "a"."DisplayName", "a"."Email", "a"."EmailConfirmed", "a"."LockoutEnabled", "a"."LockoutEnd", "a"."NormalizedEmail", "a"."NormalizedUserName", "a"."PasswordHash", "a"."PasswordResetCode", "a"."PasswordResetCodeExpiry", "a"."PhoneNumber", "a"."PhoneNumberConfirmed", "a"."Plan", "a"."ProfileImageUrl", "a"."Role", "a"."SecurityStamp", "a"."Status", "a"."StripeAccountId", "a"."SubscriptionEndDate", "a"."SubscriptionStatus", "a"."Tier", "a"."TwoFactorEnabled", "a"."UploadCount", "a"."UserName", "a"."VerifiedCreator", "a"."WalletBalanceCents"
      FROM "AspNetUsers" AS "a"
      WHERE "a"."NormalizedEmail" = @__normalizedEmail_0
      LIMIT 2
info: Microsoft.EntityFrameworkCore.Database.Command[20101]
      Executed DbCommand (0ms) [Parameters=[@p0='?' (Size = 36), @p1='?' (DbType = Int32), @p2='?', @p3='?' (Size = 36), @p4='?', @p5='?' (DbType = DateTime), @p6='?' (DbType = Int32), @p7='?' (Size = 8), @p8='?' (Size = 48), @p9='?' (DbType = Boolean), @p10='?' (DbType = Boolean), @p11='?' (DbType = DateTimeOffset), @p12='?' (Size = 48), @p13='?' (Size = 48), @p14='?' (Size = 84), @p15='?', @p16='?' (DbType = DateTime), @p17='?', @p18='?' (DbType = Boolean), @p19='?', @p20='?', @p21='?' (Size = 4), @p22='?' (Size = 32), @p23='?' (Size = 6), @p24='?', @p25='?' (DbType = DateTime), @p26='?' (Size = 8), @p27='?' (Size = 4), @p28='?' (DbType = Boolean), @p29='?' (DbType = Int32), @p30='?' (Size = 48), @p31='?' (DbType = Boolean), @p32='?' (DbType = Int64)], CommandType='Text', CommandTimeout='30']
      INSERT INTO "AspNetUsers" ("Id", "AccessFailedCount", "Bio", "ConcurrencyStamp", "CoverImageUrl", "CreatedAt", "CreatorTier", "DisplayName", "Email", "EmailConfirmed", "LockoutEnabled", "LockoutEnd", "NormalizedEmail", "NormalizedUserName", "PasswordHash", "PasswordResetCode", "PasswordResetCodeExpiry", "PhoneNumber", "PhoneNumberConfirmed", "Plan", "ProfileImageUrl", "Role", "SecurityStamp", "Status", "StripeAccountId", "SubscriptionEndDate", "SubscriptionStatus", "Tier", "TwoFactorEnabled", "UploadCount", "UserName", "VerifiedCreator", "WalletBalanceCents")
      VALUES (@p0, @p1, @p2, @p3, @p4, @p5, @p6, @p7, @p8, @p9, @p10, @p11, @p12, @p13, @p14, @p15, @p16, @p17, @p18, @p19, @p20, @p21, @p22, @p23, @p24, @p25, @p26, @p27, @p28, @p29, @p30, @p31, @p32);
info: Cambrian.Api.Controllers.AuthController[0]
      EVENT: RegisterCompleted userId:9a5106e0-4748-43a4-894e-15cf99f1c383 tier:free
info: Cambrian.Api.Middleware.RequestLoggingMiddleware[0]
      HTTP POST /auth/register  201 in 68ms [rid:83143b14594f uid:anon]
info: Microsoft.EntityFrameworkCore.Database.Command[20101]
      Executed DbCommand (0ms) [Parameters=[@__normalizedEmail_0='?' (Size = 48)], CommandType='Text', CommandTimeout='30']
      SELECT "a"."Id", "a"."AccessFailedCount", "a"."Bio", "a"."ConcurrencyStamp", "a"."CoverImageUrl", "a"."CreatedAt", "a"."CreatorTier", "a"."DisplayName", "a"."Email", "a"."EmailConfirmed", "a"."LockoutEnabled", "a"."LockoutEnd", "a"."NormalizedEmail", "a"."NormalizedUserName", "a"."PasswordHash", "a"."PasswordResetCode", "a"."PasswordResetCodeExpiry", "a"."PhoneNumber", "a"."PhoneNumberConfirmed", "a"."Plan", "a"."ProfileImageUrl", "a"."Role", "a"."SecurityStamp", "a"."Status", "a"."StripeAccountId", "a"."SubscriptionEndDate", "a"."SubscriptionStatus", "a"."Tier", "a"."TwoFactorEnabled", "a"."UploadCount", "a"."UserName", "a"."VerifiedCreator", "a"."WalletBalanceCents"
      FROM "AspNetUsers" AS "a"
      WHERE "a"."NormalizedEmail" = @__normalizedEmail_0
      LIMIT 2
info: Microsoft.EntityFrameworkCore.Database.Command[20101]
      Executed DbCommand (0ms) [Parameters=[@p0='?' (DbType = Guid), @p1='?', @p2='?', @p3='?' (DbType = DateTime), @p4='?' (Size = 9), @p5='?', @p6='?', @p7='?' (DbType = DateTime), @p8='?' (Size = 36), @p9='?' (Size = 20)], CommandType='Text', CommandTimeout='30']
      INSERT INTO "Creators" ("Id", "Bio", "CoverImageUrl", "CreatedAt", "DisplayName", "ProfileImageUrl", "SocialLinks", "UpdatedAt", "UserId", "Username")
      VALUES (@p0, @p1, @p2, @p3, @p4, @p5, @p6, @p7, @p8, @p9);
info: Microsoft.EntityFrameworkCore.Database.Command[20101]
      Executed DbCommand (0ms) [Parameters=[@__userId_0='?' (Size = 36)], CommandType='Text', CommandTimeout='30']
      SELECT "s"."Id", "s"."ExpiresAt", "s"."Plan", "s"."StartedAt", "s"."Status", "s"."UserId"
      FROM "Subscriptions" AS "s"
      WHERE "s"."UserId" = @__userId_0 AND "s"."Status" = 'active'
      ORDER BY "s"."StartedAt" DESC
      LIMIT 1
info: Cambrian.Api.Controllers.AuthController[0]
      EVENT: LoginCompleted userId:4dbfc73a-2c70-43a1-b869-aedb16572389 tier:free
info: Cambrian.Api.Middleware.RequestLoggingMiddleware[0]
      HTTP POST /auth/login  200 in 52ms [rid:650dc24227e0 uid:anon]
info: Microsoft.EntityFrameworkCore.Database.Command[20101]
      Executed DbCommand (0ms) [Parameters=[@__userId_0='?' (Size = 36)], CommandType='Text', CommandTimeout='30']
      SELECT "s"."Id", "s"."ExpiresAt", "s"."Plan", "s"."StartedAt", "s"."Status", "s"."UserId"
      FROM "Subscriptions" AS "s"
      WHERE "s"."UserId" = @__userId_0 AND "s"."Status" = 'active'
      ORDER BY "s"."StartedAt" DESC
      LIMIT 1
info: Cambrian.Api.Controllers.AuthController[0]
      EVENT: LoginCompleted userId:2379ec02-1c16-477e-826d-ae68d2838614 tier:free
info: Cambrian.Api.Middleware.RequestLoggingMiddleware[0]
      HTTP POST /auth/login  200 in 63ms [rid:da13f1c9961b uid:anon]
info: Cambrian.Api.Middleware.RequestLoggingMiddleware[0]
      HTTP PUT /creator-profile/me  401 in 0ms [rid:186197b74730 uid:anon]
info: Microsoft.EntityFrameworkCore.Database.Command[20101]
      Executed DbCommand (0ms) [Parameters=[@p0='?' (DbType = Guid), @p1='?' (Size = 20), @p2='?' (Size = 17), @p3='?' (DbType = Int32), @p4='?', @p5='?' (DbType = DateTime), @p6='?', @p7='?' (DbType = DateTime), @p8='?' (Size = 36), @p9='?' (DbType = Guid), @p10='?', @p11='?', @p12='?' (DbType = Int32), @p13='?' (DbType = Boolean), @p14='?' (Size = 7), @p15='?' (DbType = Boolean), @p16='?' (Size = 8), @p17='?', @p18='?' (DbType = Int32), @p19='?', @p20='?' (DbType = Decimal), @p21='?' (Size = 9), @p22='?', @p23='?', @p24='?' (Size = 12), @p25='?' (Size = 6)], CommandType='Text', CommandTimeout='30']
      INSERT INTO "Tracks" ("Id", "AudioUrl", "CambrianTrackId", "CopyrightBuyoutPriceCents", "CopyrightOwnerId", "CopyrightTransferredAt", "CoverArtUrl", "CreatedAt", "CreatorId", "CreatorUuid", "Description", "Duration", "ExclusivePriceCents", "ExclusiveSold", "Genre", "Instrumental", "LicenseType", "Mood", "NonExclusivePriceCents", "OriginalCreatorId", "Price", "Status", "Tags", "Tempo", "Title", "Visibility")
      VALUES (@p0, @p1, @p2, @p3, @p4, @p5, @p6, @p7, @p8, @p9, @p10, @p11, @p12, @p13, @p14, @p15, @p16, @p17, @p18, @p19, @p20, @p21, @p22, @p23, @p24, @p25);
info: Microsoft.EntityFrameworkCore.Database.Command[20101]
      Executed DbCommand (0ms) [Parameters=[@__normalizedEmail_0='?' (Size = 49)], CommandType='Text', CommandTimeout='30']
      SELECT "a"."Id", "a"."AccessFailedCount", "a"."Bio", "a"."ConcurrencyStamp", "a"."CoverImageUrl", "a"."CreatedAt", "a"."CreatorTier", "a"."DisplayName", "a"."Email", "a"."EmailConfirmed", "a"."LockoutEnabled", "a"."LockoutEnd", "a"."NormalizedEmail", "a"."NormalizedUserName", "a"."PasswordHash", "a"."PasswordResetCode", "a"."PasswordResetCodeExpiry", "a"."PhoneNumber", "a"."PhoneNumberConfirmed", "a"."Plan", "a"."ProfileImageUrl", "a"."Role", "a"."SecurityStamp", "a"."Status", "a"."StripeAccountId", "a"."SubscriptionEndDate", "a"."SubscriptionStatus", "a"."Tier", "a"."TwoFactorEnabled", "a"."UploadCount", "a"."UserName", "a"."VerifiedCreator", "a"."WalletBalanceCents"
      FROM "AspNetUsers" AS "a"
      WHERE "a"."NormalizedEmail" = @__normalizedEmail_0
      LIMIT 2
info: Cambrian.Api.Middleware.RequestLoggingMiddleware[0]
      HTTP PUT /creator-profile/me  401 in 0ms [rid:cdd7e3054282 uid:anon]
[xUnit.net 00:00:01.67]     Cambrian.Api.Tests.CreatorProfileContractTests.GetBySlug_ReturnsExpectedShape_AfterCreation [FAIL]
[xUnit.net 00:00:01.67]       System.Net.Http.HttpRequestException : Response status code does not indicate success: 401 (Unauthorized).
[xUnit.net 00:00:01.67]       Stack Trace:
[xUnit.net 00:00:01.67]            at System.Net.Http.HttpResponseMessage.EnsureSuccessStatusCode()
[xUnit.net 00:00:01.67]         C:\Users\logan\cambrian-push-temp\tests\Cambrian.Api.Tests\CreatorProfileContractTests.cs(107,0): at Cambrian.Api.Tests.CreatorProfileContractTests.GetBySlug_ReturnsExpectedShape_AfterCreation()
[xUnit.net 00:00:01.67]         --- End of stack trace from previous location ---
[xUnit.net 00:00:01.67]     Cambrian.Api.Tests.StorefrontTests.PinnedTracks_Update_ReturnsSavedIds [FAIL]
[xUnit.net 00:00:01.67]       System.Net.Http.HttpRequestException : Response status code does not indicate success: 401 (Unauthorized).
[xUnit.net 00:00:01.67]       Stack Trace:
[xUnit.net 00:00:01.67]            at System.Net.Http.HttpResponseMessage.EnsureSuccessStatusCode()
[xUnit.net 00:00:01.67]         C:\Users\logan\cambrian-push-temp\tests\Cambrian.Api.Tests\StorefrontTests.cs(372,0): at Cambrian.Api.Tests.StorefrontTests.PinnedTracks_Update_ReturnsSavedIds()
[xUnit.net 00:00:01.67]         --- End of stack trace from previous location ---
info: Cambrian.Api.Controllers.AuthController[0]
      EVENT: RegisterStarted
info: Microsoft.EntityFrameworkCore.Database.Command[20101]
      Executed DbCommand (0ms) [Parameters=[@__name_0='?' (Size = 18)], CommandType='Text', CommandTimeout='30']
      SELECT "f"."Id", "f"."CreatedAt", "f"."Enabled", "f"."Name", "f"."RolloutPercentage", "f"."UpdatedAt"
      FROM "FeatureFlags" AS "f"
      WHERE "f"."Name" = @__name_0
      LIMIT 1
  Passed Cambrian.Api.Tests.LicenseCertificateIntegrationTests.LicenseCertificate_Fields_MatchExpectedShape [412 ms]
  Passed Cambrian.Api.Tests.CreatorIdentityTests.GetByUsername_Resolves_To_CreatorId [140 ms]
  Passed Cambrian.Api.Tests.WebhookEndToEndTests.WebhookStripe_DuplicatePurchase_BackfillsLibraryItem [469 ms]
  Failed Cambrian.Api.Tests.CreatorProfileContractTests.GetBySlug_ReturnsExpectedShape_AfterCreation [125 ms]
  Error Message:
   System.Net.Http.HttpRequestException : Response status code does not indicate success: 401 (Unauthorized).
  Stack Trace:
     at System.Net.Http.HttpResponseMessage.EnsureSuccessStatusCode()
   at Cambrian.Api.Tests.CreatorProfileContractTests.GetBySlug_ReturnsExpectedShape_AfterCreation() in C:\Users\logan\cambrian-push-temp\tests\Cambrian.Api.Tests\CreatorProfileContractTests.cs:line 107
--- End of stack trace from previous location ---
  Failed Cambrian.Api.Tests.StorefrontTests.PinnedTracks_Update_ReturnsSavedIds [125 ms]
  Error Message:
   System.Net.Http.HttpRequestException : Response status code does not indicate success: 401 (Unauthorized).
  Stack Trace:
     at System.Net.Http.HttpResponseMessage.EnsureSuccessStatusCode()
   at Cambrian.Api.Tests.StorefrontTests.PinnedTracks_Update_ReturnsSavedIds() in C:\Users\logan\cambrian-push-temp\tests\Cambrian.Api.Tests\StorefrontTests.cs:line 372
--- End of stack trace from previous location ---
info: Cambrian.Api.Controllers.AuthController[0]
      EVENT: RegisterStarted
info: Microsoft.EntityFrameworkCore.Database.Command[20101]
      Executed DbCommand (0ms) [Parameters=[@__creatorId_0='?' (DbType = Guid)], CommandType='Text', CommandTimeout='30']
      SELECT "c"."Id", "c"."Bio", "c"."CoverImageUrl", "c"."CreatedAt", "c"."DisplayName", "c"."ProfileImageUrl", "c"."SocialLinks", "c"."UpdatedAt", "c"."UserId", "c"."Username"
      FROM "Creators" AS "c"
      WHERE "c"."Id" = @__creatorId_0
      LIMIT 1
info: Microsoft.EntityFrameworkCore.Database.Command[20101]
      Executed DbCommand (0ms) [Parameters=[@__creatorId_0='?' (DbType = Guid)], CommandType='Text', CommandTimeout='30']
      SELECT COUNT(*)
      FROM "Tracks" AS "t"
      WHERE "t"."CreatorUuid" = @__creatorId_0
info: Microsoft.EntityFrameworkCore.Database.Command[20101]
      Executed DbCommand (0ms) [Parameters=[@__creatorId_0='?' (DbType = Guid)], CommandType='Text', CommandTimeout='30']
      SELECT COUNT(*)
      FROM "Purchases" AS "p"
      WHERE EXISTS (
          SELECT 1
          FROM "Tracks" AS "t"
          WHERE "t"."CreatorUuid" = @__creatorId_0 AND "t"."Id" = "p"."TrackId") AND "p"."Status" = 'completed'
info: Microsoft.EntityFrameworkCore.Database.Command[20101]
      Executed DbCommand (0ms) [Parameters=[@__creatorId_0='?' (DbType = Guid)], CommandType='Text', CommandTimeout='30']
      SELECT "c"."Id", "c"."Bio", "c"."CoverImageUrl", "c"."CreatedAt", "c"."DisplayName", "c"."ProfileImageUrl", "c"."SocialLinks", "c"."UpdatedAt", "c"."UserId", "c"."Username"
      FROM "Creators" AS "c"
      WHERE "c"."Id" = @__creatorId_0
      LIMIT 1
info: Microsoft.EntityFrameworkCore.Database.Command[20101]
      Executed DbCommand (0ms) [Parameters=[@__creatorId_0='?' (DbType = Guid), @__p_2='?' (DbType = Int32), @__p_1='?' (DbType = Int32)], CommandType='Text', CommandTimeout='30']
      SELECT "t"."Id", "t"."AudioUrl", "t"."CambrianTrackId", "t"."CopyrightBuyoutPriceCents", "t"."CopyrightOwnerId", "t"."CopyrightTransferredAt", "t"."CoverArtUrl", "t"."CreatedAt", "t"."CreatorId", "t"."CreatorUuid", "t"."Description", "t"."Duration", "t"."ExclusivePriceCents", "t"."ExclusiveSold", "t"."Genre", "t"."Instrumental", "t"."LicenseType", "t"."Mood", "t"."NonExclusivePriceCents", "t"."OriginalCreatorId", "t"."Price", "t"."Status", "t"."Tags", "t"."Tempo", "t"."Title", "t"."Visibility"
      FROM "Tracks" AS "t"
      WHERE "t"."CreatorUuid" = @__creatorId_0 AND "t"."Visibility" = 'public' AND NOT ("t"."ExclusiveSold") AND "t"."Status" <> 'copyright_transferred'
      ORDER BY "t"."CreatedAt" DESC
      LIMIT @__p_2 OFFSET @__p_1
info: Cambrian.Api.Middleware.RequestLoggingMiddleware[0]
      HTTP GET /api/creators/ceccbdf2-4c2b-43b1-864c-948b18a8e20f/tracks  200 in 20ms [rid:807cb1143fa3 uid:anon]
info: Microsoft.EntityFrameworkCore.Database.Command[20101]
      Executed DbCommand (0ms) [Parameters=[@__normalizedUserName_0='?' (Size = 28)], CommandType='Text', CommandTimeout='30']
      SELECT "a"."Id", "a"."AccessFailedCount", "a"."Bio", "a"."ConcurrencyStamp", "a"."CoverImageUrl", "a"."CreatedAt", "a"."CreatorTier", "a"."DisplayName", "a"."Email", "a"."EmailConfirmed", "a"."LockoutEnabled", "a"."LockoutEnd", "a"."NormalizedEmail", "a"."NormalizedUserName", "a"."PasswordHash", "a"."PasswordResetCode", "a"."PasswordResetCodeExpiry", "a"."PhoneNumber", "a"."PhoneNumberConfirmed", "a"."Plan", "a"."ProfileImageUrl", "a"."Role", "a"."SecurityStamp", "a"."Status", "a"."StripeAccountId", "a"."SubscriptionEndDate", "a"."SubscriptionStatus", "a"."Tier", "a"."TwoFactorEnabled", "a"."UploadCount", "a"."UserName", "a"."VerifiedCreator", "a"."WalletBalanceCents"
      FROM "AspNetUsers" AS "a"
      WHERE "a"."NormalizedUserName" = @__normalizedUserName_0
      LIMIT 1
info: Cambrian.Api.Controllers.AuthController[0]
      EVENT: RegisterStarted
info: Microsoft.EntityFrameworkCore.Database.Command[20101]
      Executed DbCommand (0ms) [Parameters=[@__normalizedEmail_0='?' (Size = 28)], CommandType='Text', CommandTimeout='30']
      SELECT "a"."Id", "a"."AccessFailedCount", "a"."Bio", "a"."ConcurrencyStamp", "a"."CoverImageUrl", "a"."CreatedAt", "a"."CreatorTier", "a"."DisplayName", "a"."Email", "a"."EmailConfirmed", "a"."LockoutEnabled", "a"."LockoutEnd", "a"."NormalizedEmail", "a"."NormalizedUserName", "a"."PasswordHash", "a"."PasswordResetCode", "a"."PasswordResetCodeExpiry", "a"."PhoneNumber", "a"."PhoneNumberConfirmed", "a"."Plan", "a"."ProfileImageUrl", "a"."Role", "a"."SecurityStamp", "a"."Status", "a"."StripeAccountId", "a"."SubscriptionEndDate", "a"."SubscriptionStatus", "a"."Tier", "a"."TwoFactorEnabled", "a"."UploadCount", "a"."UserName", "a"."VerifiedCreator", "a"."WalletBalanceCents"
      FROM "AspNetUsers" AS "a"
      WHERE "a"."NormalizedEmail" = @__normalizedEmail_0
      LIMIT 2
info: Microsoft.EntityFrameworkCore.Database.Command[20101]
      Executed DbCommand (0ms) [Parameters=[@p0='?' (Size = 36), @p1='?' (DbType = Int32), @p2='?', @p3='?' (Size = 36), @p4='?', @p5='?' (DbType = DateTime), @p6='?' (DbType = Int32), @p7='?' (Size = 8), @p8='?' (Size = 28), @p9='?' (DbType = Boolean), @p10='?' (DbType = Boolean), @p11='?' (DbType = DateTimeOffset), @p12='?' (Size = 28), @p13='?' (Size = 28), @p14='?' (Size = 84), @p15='?', @p16='?' (DbType = DateTime), @p17='?', @p18='?' (DbType = Boolean), @p19='?', @p20='?', @p21='?' (Size = 4), @p22='?' (Size = 32), @p23='?' (Size = 6), @p24='?', @p25='?' (DbType = DateTime), @p26='?' (Size = 8), @p27='?' (Size = 4), @p28='?' (DbType = Boolean), @p29='?' (DbType = Int32), @p30='?' (Size = 28), @p31='?' (DbType = Boolean), @p32='?' (DbType = Int64)], CommandType='Text', CommandTimeout='30']
      INSERT INTO "AspNetUsers" ("Id", "AccessFailedCount", "Bio", "ConcurrencyStamp", "CoverImageUrl", "CreatedAt", "CreatorTier", "DisplayName", "Email", "EmailConfirmed", "LockoutEnabled", "LockoutEnd", "NormalizedEmail", "NormalizedUserName", "PasswordHash", "PasswordResetCode", "PasswordResetCodeExpiry", "PhoneNumber", "PhoneNumberConfirmed", "Plan", "ProfileImageUrl", "Role", "SecurityStamp", "Status", "StripeAccountId", "SubscriptionEndDate", "SubscriptionStatus", "Tier", "TwoFactorEnabled", "UploadCount", "UserName", "VerifiedCreator", "WalletBalanceCents")
      VALUES (@p0, @p1, @p2, @p3, @p4, @p5, @p6, @p7, @p8, @p9, @p10, @p11, @p12, @p13, @p14, @p15, @p16, @p17, @p18, @p19, @p20, @p21, @p22, @p23, @p24, @p25, @p26, @p27, @p28, @p29, @p30, @p31, @p32);
info: Cambrian.Api.Controllers.AuthController[0]
      EVENT: RegisterCompleted userId:217dc6c2-b83c-46af-abb0-3d4444775a08 tier:free
info: Cambrian.Api.Middleware.RequestLoggingMiddleware[0]
      HTTP POST /auth/register  201 in 68ms [rid:63d3e1ee0d75 uid:anon]
info: Microsoft.EntityFrameworkCore.Database.Command[20101]
      Executed DbCommand (0ms) [Parameters=[@__normalizedEmail_0='?' (Size = 28)], CommandType='Text', CommandTimeout='30']
      SELECT "a"."Id", "a"."AccessFailedCount", "a"."Bio", "a"."ConcurrencyStamp", "a"."CoverImageUrl", "a"."CreatedAt", "a"."CreatorTier", "a"."DisplayName", "a"."Email", "a"."EmailConfirmed", "a"."LockoutEnabled", "a"."LockoutEnd", "a"."NormalizedEmail", "a"."NormalizedUserName", "a"."PasswordHash", "a"."PasswordResetCode", "a"."PasswordResetCodeExpiry", "a"."PhoneNumber", "a"."PhoneNumberConfirmed", "a"."Plan", "a"."ProfileImageUrl", "a"."Role", "a"."SecurityStamp", "a"."Status", "a"."StripeAccountId", "a"."SubscriptionEndDate", "a"."SubscriptionStatus", "a"."Tier", "a"."TwoFactorEnabled", "a"."UploadCount", "a"."UserName", "a"."VerifiedCreator", "a"."WalletBalanceCents"
      FROM "AspNetUsers" AS "a"
      WHERE "a"."NormalizedEmail" = @__normalizedEmail_0
      LIMIT 2
info: Microsoft.EntityFrameworkCore.Database.Command[20101]
      Executed DbCommand (0ms) [Parameters=[@p0='?' (DbType = Guid), @p1='?' (Size = 13), @p2='?', @p3='?' (DbType = Guid), @p4='?' (DbType = DateTime), @p5='?' (Size = 12), @p6='?' (DbType = Guid), @p7='?' (Size = 36)], CommandType='Text', CommandTimeout='30']
      INSERT INTO "Library" ("Id", "Artist", "AudioUrl", "PurchaseId", "SavedAt", "Title", "TrackId", "UserId")
      VALUES (@p0, @p1, @p2, @p3, @p4, @p5, @p6, @p7);
info: Cambrian.Api.Middleware.RequestLoggingMiddleware[0]
      HTTP GET /download/5294f51f-f3c1-424c-a612-d63f905fbd9a/signed  401 in 0ms [rid:6e31a76912a8 uid:anon]
[xUnit.net 00:00:01.69]     Cambrian.Api.Tests.DownloadTests.SignedUrl_WithPurchase_ReturnsUrlAndExpiry [FAIL]
[xUnit.net 00:00:01.69]       Assert.Equal() Failure: Values differ
[xUnit.net 00:00:01.69]       Expected: OK
[xUnit.net 00:00:01.69]       Actual:   Unauthorized
[xUnit.net 00:00:01.69]       Stack Trace:
[xUnit.net 00:00:01.69]         C:\Users\logan\cambrian-push-temp\tests\Cambrian.Api.Tests\DownloadTests.cs(99,0): at Cambrian.Api.Tests.DownloadTests.SignedUrl_WithPurchase_ReturnsUrlAndExpiry()
[xUnit.net 00:00:01.69]         --- End of stack trace from previous location ---
info: Cambrian.Api.Middleware.RequestLoggingMiddleware[0]
      HTTP GET /download/1c637011-e71c-4871-8f17-24704aed7570  401 in 0ms [rid:2ce7d7a1ef9d uid:anon]
info: Microsoft.EntityFrameworkCore.Database.Command[20101]
      Executed DbCommand (0ms) [Parameters=[@__normalizedUserName_0='?' (Size = 27)], CommandType='Text', CommandTimeout='30']
      SELECT "a"."Id", "a"."AccessFailedCount", "a"."Bio", "a"."ConcurrencyStamp", "a"."CoverImageUrl", "a"."CreatedAt", "a"."CreatorTier", "a"."DisplayName", "a"."Email", "a"."EmailConfirmed", "a"."LockoutEnabled", "a"."LockoutEnd", "a"."NormalizedEmail", "a"."NormalizedUserName", "a"."PasswordHash", "a"."PasswordResetCode", "a"."PasswordResetCodeExpiry", "a"."PhoneNumber", "a"."PhoneNumberConfirmed", "a"."Plan", "a"."ProfileImageUrl", "a"."Role", "a"."SecurityStamp", "a"."Status", "a"."StripeAccountId", "a"."SubscriptionEndDate", "a"."SubscriptionStatus", "a"."Tier", "a"."TwoFactorEnabled", "a"."UploadCount", "a"."UserName", "a"."VerifiedCreator", "a"."WalletBalanceCents"
      FROM "AspNetUsers" AS "a"
      WHERE "a"."NormalizedUserName" = @__normalizedUserName_0
      LIMIT 1
info: Microsoft.EntityFrameworkCore.Database.Command[20101]
      Executed DbCommand (0ms) [Parameters=[@__normalizedEmail_0='?' (Size = 27)], CommandType='Text', CommandTimeout='30']
      SELECT "a"."Id", "a"."AccessFailedCount", "a"."Bio", "a"."ConcurrencyStamp", "a"."CoverImageUrl", "a"."CreatedAt", "a"."CreatorTier", "a"."DisplayName", "a"."Email", "a"."EmailConfirmed", "a"."LockoutEnabled", "a"."LockoutEnd", "a"."NormalizedEmail", "a"."NormalizedUserName", "a"."PasswordHash", "a"."PasswordResetCode", "a"."PasswordResetCodeExpiry", "a"."PhoneNumber", "a"."PhoneNumberConfirmed", "a"."Plan", "a"."ProfileImageUrl", "a"."Role", "a"."SecurityStamp", "a"."Status", "a"."StripeAccountId", "a"."SubscriptionEndDate", "a"."SubscriptionStatus", "a"."Tier", "a"."TwoFactorEnabled", "a"."UploadCount", "a"."UserName", "a"."VerifiedCreator", "a"."WalletBalanceCents"
      FROM "AspNetUsers" AS "a"
      WHERE "a"."NormalizedEmail" = @__normalizedEmail_0
      LIMIT 2
info: Microsoft.EntityFrameworkCore.Database.Command[20101]
      Executed DbCommand (0ms) [Parameters=[@p0='?' (Size = 36), @p1='?' (DbType = Int32), @p2='?', @p3='?' (Size = 36), @p4='?', @p5='?' (DbType = DateTime), @p6='?' (DbType = Int32), @p7='?' (Size = 8), @p8='?' (Size = 27), @p9='?' (DbType = Boolean), @p10='?' (DbType = Boolean), @p11='?' (DbType = DateTimeOffset), @p12='?' (Size = 27), @p13='?' (Size = 27), @p14='?' (Size = 84), @p15='?', @p16='?' (DbType = DateTime), @p17='?', @p18='?' (DbType = Boolean), @p19='?', @p20='?', @p21='?' (Size = 4), @p22='?' (Size = 32), @p23='?' (Size = 6), @p24='?', @p25='?' (DbType = DateTime), @p26='?' (Size = 8), @p27='?' (Size = 4), @p28='?' (DbType = Boolean), @p29='?' (DbType = Int32), @p30='?' (Size = 27), @p31='?' (DbType = Boolean), @p32='?' (DbType = Int64)], CommandType='Text', CommandTimeout='30']
      INSERT INTO "AspNetUsers" ("Id", "AccessFailedCount", "Bio", "ConcurrencyStamp", "CoverImageUrl", "CreatedAt", "CreatorTier", "DisplayName", "Email", "EmailConfirmed", "LockoutEnabled", "LockoutEnd", "NormalizedEmail", "NormalizedUserName", "PasswordHash", "PasswordResetCode", "PasswordResetCodeExpiry", "PhoneNumber", "PhoneNumberConfirmed", "Plan", "ProfileImageUrl", "Role", "SecurityStamp", "Status", "StripeAccountId", "SubscriptionEndDate", "SubscriptionStatus", "Tier", "TwoFactorEnabled", "UploadCount", "UserName", "VerifiedCreator", "WalletBalanceCents")
      VALUES (@p0, @p1, @p2, @p3, @p4, @p5, @p6, @p7, @p8, @p9, @p10, @p11, @p12, @p13, @p14, @p15, @p16, @p17, @p18, @p19, @p20, @p21, @p22, @p23, @p24, @p25, @p26, @p27, @p28, @p29, @p30, @p31, @p32);
info: Cambrian.Api.Controllers.AuthController[0]
      EVENT: RegisterCompleted userId:87bd5c03-31f3-446e-b856-e1c950787f73 tier:free
info: Cambrian.Api.Middleware.RequestLoggingMiddleware[0]
      HTTP POST /auth/register  201 in 77ms [rid:d8b7166ed1c0 uid:anon]
info: Cambrian.Api.Controllers.AuthController[0]
      EVENT: RegisterStarted
info: Microsoft.EntityFrameworkCore.Database.Command[20101]
      Executed DbCommand (0ms) [Parameters=[@__normalizedEmail_0='?' (Size = 27)], CommandType='Text', CommandTimeout='30']
      SELECT "a"."Id", "a"."AccessFailedCount", "a"."Bio", "a"."ConcurrencyStamp", "a"."CoverImageUrl", "a"."CreatedAt", "a"."CreatorTier", "a"."DisplayName", "a"."Email", "a"."EmailConfirmed", "a"."LockoutEnabled", "a"."LockoutEnd", "a"."NormalizedEmail", "a"."NormalizedUserName", "a"."PasswordHash", "a"."PasswordResetCode", "a"."PasswordResetCodeExpiry", "a"."PhoneNumber", "a"."PhoneNumberConfirmed", "a"."Plan", "a"."ProfileImageUrl", "a"."Role", "a"."SecurityStamp", "a"."Status", "a"."StripeAccountId", "a"."SubscriptionEndDate", "a"."SubscriptionStatus", "a"."Tier", "a"."TwoFactorEnabled", "a"."UploadCount", "a"."UserName", "a"."VerifiedCreator", "a"."WalletBalanceCents"
      FROM "AspNetUsers" AS "a"
      WHERE "a"."NormalizedEmail" = @__normalizedEmail_0
      LIMIT 2
info: Microsoft.EntityFrameworkCore.Database.Command[20101]
      Executed DbCommand (0ms) [Parameters=[@p0='?' (DbType = Guid), @p1='?' (Size = 20), @p2='?' (Size = 17), @p3='?' (DbType = Int32), @p4='?', @p5='?' (DbType = DateTime), @p6='?', @p7='?' (DbType = DateTime), @p8='?' (Size = 36), @p9='?' (DbType = Guid), @p10='?', @p11='?', @p12='?' (DbType = Int32), @p13='?' (DbType = Boolean), @p14='?' (Size = 7), @p15='?' (DbType = Boolean), @p16='?' (Size = 8), @p17='?', @p18='?' (DbType = Int32), @p19='?', @p20='?' (DbType = Decimal), @p21='?' (Size = 9), @p22='?', @p23='?', @p24='?' (Size = 12), @p25='?' (Size = 6)], CommandType='Text', CommandTimeout='30']
      INSERT INTO "Tracks" ("Id", "AudioUrl", "CambrianTrackId", "CopyrightBuyoutPriceCents", "CopyrightOwnerId", "CopyrightTransferredAt", "CoverArtUrl", "CreatedAt", "CreatorId", "CreatorUuid", "Description", "Duration", "ExclusivePriceCents", "ExclusiveSold", "Genre", "Instrumental", "LicenseType", "Mood", "NonExclusivePriceCents", "OriginalCreatorId", "Price", "Status", "Tags", "Tempo", "Title", "Visibility")
      VALUES (@p0, @p1, @p2, @p3, @p4, @p5, @p6, @p7, @p8, @p9, @p10, @p11, @p12, @p13, @p14, @p15, @p16, @p17, @p18, @p19, @p20, @p21, @p22, @p23, @p24, @p25);
info: Cambrian.Api.Controllers.AuthController[0]
      EVENT: RegisterStarted
info: Microsoft.EntityFrameworkCore.Database.Command[20101]
      Executed DbCommand (0ms) [Parameters=[@__normalizedUserName_0='?' (Size = 29)], CommandType='Text', CommandTimeout='30']
      SELECT "a"."Id", "a"."AccessFailedCount", "a"."Bio", "a"."ConcurrencyStamp", "a"."CoverImageUrl", "a"."CreatedAt", "a"."CreatorTier", "a"."DisplayName", "a"."Email", "a"."EmailConfirmed", "a"."LockoutEnabled", "a"."LockoutEnd", "a"."NormalizedEmail", "a"."NormalizedUserName", "a"."PasswordHash", "a"."PasswordResetCode", "a"."PasswordResetCodeExpiry", "a"."PhoneNumber", "a"."PhoneNumberConfirmed", "a"."Plan", "a"."ProfileImageUrl", "a"."Role", "a"."SecurityStamp", "a"."Status", "a"."StripeAccountId", "a"."SubscriptionEndDate", "a"."SubscriptionStatus", "a"."Tier", "a"."TwoFactorEnabled", "a"."UploadCount", "a"."UserName", "a"."VerifiedCreator", "a"."WalletBalanceCents"
      FROM "AspNetUsers" AS "a"
      WHERE "a"."NormalizedUserName" = @__normalizedUserName_0
      LIMIT 1
info: Microsoft.EntityFrameworkCore.Database.Command[20101]
      Executed DbCommand (0ms) [Parameters=[@__normalizedEmail_0='?' (Size = 29)], CommandType='Text', CommandTimeout='30']
      SELECT "a"."Id", "a"."AccessFailedCount", "a"."Bio", "a"."ConcurrencyStamp", "a"."CoverImageUrl", "a"."CreatedAt", "a"."CreatorTier", "a"."DisplayName", "a"."Email", "a"."EmailConfirmed", "a"."LockoutEnabled", "a"."LockoutEnd", "a"."NormalizedEmail", "a"."NormalizedUserName", "a"."PasswordHash", "a"."PasswordResetCode", "a"."PasswordResetCodeExpiry", "a"."PhoneNumber", "a"."PhoneNumberConfirmed", "a"."Plan", "a"."ProfileImageUrl", "a"."Role", "a"."SecurityStamp", "a"."Status", "a"."StripeAccountId", "a"."SubscriptionEndDate", "a"."SubscriptionStatus", "a"."Tier", "a"."TwoFactorEnabled", "a"."UploadCount", "a"."UserName", "a"."VerifiedCreator", "a"."WalletBalanceCents"
      FROM "AspNetUsers" AS "a"
      WHERE "a"."NormalizedEmail" = @__normalizedEmail_0
      LIMIT 2
info: Microsoft.EntityFrameworkCore.Database.Command[20101]
      Executed DbCommand (0ms) [Parameters=[@p0='?' (Size = 36), @p1='?' (DbType = Int32), @p2='?', @p3='?' (Size = 36), @p4='?', @p5='?' (DbType = DateTime), @p6='?' (DbType = Int32), @p7='?' (Size = 8), @p8='?' (Size = 29), @p9='?' (DbType = Boolean), @p10='?' (DbType = Boolean), @p11='?' (DbType = DateTimeOffset), @p12='?' (Size = 29), @p13='?' (Size = 29), @p14='?' (Size = 84), @p15='?', @p16='?' (DbType = DateTime), @p17='?', @p18='?' (DbType = Boolean), @p19='?', @p20='?', @p21='?' (Size = 4), @p22='?' (Size = 32), @p23='?' (Size = 6), @p24='?', @p25='?' (DbType = DateTime), @p26='?' (Size = 8), @p27='?' (Size = 4), @p28='?' (DbType = Boolean), @p29='?' (DbType = Int32), @p30='?' (Size = 29), @p31='?' (DbType = Boolean), @p32='?' (DbType = Int64)], CommandType='Text', CommandTimeout='30']
      INSERT INTO "AspNetUsers" ("Id", "AccessFailedCount", "Bio", "ConcurrencyStamp", "CoverImageUrl", "CreatedAt", "CreatorTier", "DisplayName", "Email", "EmailConfirmed", "LockoutEnabled", "LockoutEnd", "NormalizedEmail", "NormalizedUserName", "PasswordHash", "PasswordResetCode", "PasswordResetCodeExpiry", "PhoneNumber", "PhoneNumberConfirmed", "Plan", "ProfileImageUrl", "Role", "SecurityStamp", "Status", "StripeAccountId", "SubscriptionEndDate", "SubscriptionStatus", "Tier", "TwoFactorEnabled", "UploadCount", "UserName", "VerifiedCreator", "WalletBalanceCents")
      VALUES (@p0, @p1, @p2, @p3, @p4, @p5, @p6, @p7, @p8, @p9, @p10, @p11, @p12, @p13, @p14, @p15, @p16, @p17, @p18, @p19, @p20, @p21, @p22, @p23, @p24, @p25, @p26, @p27, @p28, @p29, @p30, @p31, @p32);
info: Cambrian.Api.Controllers.AuthController[0]
      EVENT: RegisterCompleted userId:ba297f69-8eaf-4aee-934f-e2a54365cabc tier:free
info: Cambrian.Api.Middleware.RequestLoggingMiddleware[0]
      HTTP POST /auth/register  201 in 72ms [rid:81e0d434863f uid:anon]
info: Microsoft.EntityFrameworkCore.Database.Command[20101]
      Executed DbCommand (0ms) [Parameters=[@__normalizedEmail_0='?' (Size = 29)], CommandType='Text', CommandTimeout='30']
      SELECT "a"."Id", "a"."AccessFailedCount", "a"."Bio", "a"."ConcurrencyStamp", "a"."CoverImageUrl", "a"."CreatedAt", "a"."CreatorTier", "a"."DisplayName", "a"."Email", "a"."EmailConfirmed", "a"."LockoutEnabled", "a"."LockoutEnd", "a"."NormalizedEmail", "a"."NormalizedUserName", "a"."PasswordHash", "a"."PasswordResetCode", "a"."PasswordResetCodeExpiry", "a"."PhoneNumber", "a"."PhoneNumberConfirmed", "a"."Plan", "a"."ProfileImageUrl", "a"."Role", "a"."SecurityStamp", "a"."Status", "a"."StripeAccountId", "a"."SubscriptionEndDate", "a"."SubscriptionStatus", "a"."Tier", "a"."TwoFactorEnabled", "a"."UploadCount", "a"."UserName", "a"."VerifiedCreator", "a"."WalletBalanceCents"
      FROM "AspNetUsers" AS "a"
      WHERE "a"."NormalizedEmail" = @__normalizedEmail_0
      LIMIT 2
info: Microsoft.EntityFrameworkCore.Database.Command[20101]
      Executed DbCommand (0ms) [Parameters=[@__get_Item_0='?' (DbType = Guid)], CommandType='Text', CommandTimeout='30']
      SELECT "t"."Id", "t"."AudioUrl", "t"."CambrianTrackId", "t"."CopyrightBuyoutPriceCents", "t"."CopyrightOwnerId", "t"."CopyrightTransferredAt", "t"."CoverArtUrl", "t"."CreatedAt", "t"."CreatorId", "t"."CreatorUuid", "t"."Description", "t"."Duration", "t"."ExclusivePriceCents", "t"."ExclusiveSold", "t"."Genre", "t"."Instrumental", "t"."LicenseType", "t"."Mood", "t"."NonExclusivePriceCents", "t"."OriginalCreatorId", "t"."Price", "t"."Status", "t"."Tags", "t"."Tempo", "t"."Title", "t"."Visibility"
      FROM "Tracks" AS "t"
      WHERE "t"."Id" = @__get_Item_0
      LIMIT 1
info: Microsoft.EntityFrameworkCore.Database.Command[20101]
      Executed DbCommand (0ms) [Parameters=[@p0='?' (DbType = Guid), @p1='?' (DbType = Int32), @p2='?' (Size = 36), @p3='?' (DbType = DateTime), @p4='?' (DbType = DateTime), @p5='?' (DbType = DateTime), @p6='?' (DbType = Guid), @p7='?' (Size = 13), @p8='?' (Size = 6), @p9='?' (Size = 9), @p10='?', @p11='?' (DbType = Guid), @p12='?' (DbType = DateTime), @p13='?' (Size = 7)], CommandType='Text', CommandTimeout='30']
      INSERT INTO "Purchases" ("Id", "AmountCents", "BuyerId", "CompletedAt", "CreatedAt", "ExpiresAt", "LicenseId", "LicenseType", "PaymentMethod", "Status", "StripeSessionId", "TrackId", "UpdatedAt", "UsageType")
      VALUES (@p0, @p1, @p2, @p3, @p4, @p5, @p6, @p7, @p8, @p9, @p10, @p11, @p12, @p13);
info: Microsoft.EntityFrameworkCore.Database.Command[20101]
      Executed DbCommand (0ms) [Parameters=[@p0='?' (DbType = Guid), @p1='?' (Size = 19), @p2='?' (Size = 36), @p3='?', @p4='?' (Size = 36), @p5='?' (DbType = DateTime), @p6='?' (Size = 13), @p7='?' (DbType = Guid), @p8='?' (Size = 36), @p9='?' (Size = 17), @p10='?' (Size = 7)], CommandType='Text', CommandTimeout='30']
      INSERT INTO "LicenseCertificates" ("Id", "AllowedUses", "BuyerId", "CopyrightOwner", "CreatorId", "IssuedAt", "LicenseType", "PurchaseId", "Restrictions", "TrackId", "UsageType")
      VALUES (@p0, @p1, @p2, @p3, @p4, @p5, @p6, @p7, @p8, @p9, @p10);
info: Cambrian.Api.Controllers.AuthController[0]
      EVENT: RegisterStarted
info: Microsoft.EntityFrameworkCore.Database.Command[20101]
      Executed DbCommand (0ms) [Parameters=[@__normalizedUserName_0='?' (Size = 48)], CommandType='Text', CommandTimeout='30']
      SELECT "a"."Id", "a"."AccessFailedCount", "a"."Bio", "a"."ConcurrencyStamp", "a"."CoverImageUrl", "a"."CreatedAt", "a"."CreatorTier", "a"."DisplayName", "a"."Email", "a"."EmailConfirmed", "a"."LockoutEnabled", "a"."LockoutEnd", "a"."NormalizedEmail", "a"."NormalizedUserName", "a"."PasswordHash", "a"."PasswordResetCode", "a"."PasswordResetCodeExpiry", "a"."PhoneNumber", "a"."PhoneNumberConfirmed", "a"."Plan", "a"."ProfileImageUrl", "a"."Role", "a"."SecurityStamp", "a"."Status", "a"."StripeAccountId", "a"."SubscriptionEndDate", "a"."SubscriptionStatus", "a"."Tier", "a"."TwoFactorEnabled", "a"."UploadCount", "a"."UserName", "a"."VerifiedCreator", "a"."WalletBalanceCents"
      FROM "AspNetUsers" AS "a"
      WHERE "a"."NormalizedUserName" = @__normalizedUserName_0
      LIMIT 1
info: Microsoft.EntityFrameworkCore.Database.Command[20101]
      Executed DbCommand (0ms) [Parameters=[@__normalizedEmail_0='?' (Size = 48)], CommandType='Text', CommandTimeout='30']
      SELECT "a"."Id", "a"."AccessFailedCount", "a"."Bio", "a"."ConcurrencyStamp", "a"."CoverImageUrl", "a"."CreatedAt", "a"."CreatorTier", "a"."DisplayName", "a"."Email", "a"."EmailConfirmed", "a"."LockoutEnabled", "a"."LockoutEnd", "a"."NormalizedEmail", "a"."NormalizedUserName", "a"."PasswordHash", "a"."PasswordResetCode", "a"."PasswordResetCodeExpiry", "a"."PhoneNumber", "a"."PhoneNumberConfirmed", "a"."Plan", "a"."ProfileImageUrl", "a"."Role", "a"."SecurityStamp", "a"."Status", "a"."StripeAccountId", "a"."SubscriptionEndDate", "a"."SubscriptionStatus", "a"."Tier", "a"."TwoFactorEnabled", "a"."UploadCount", "a"."UserName", "a"."VerifiedCreator", "a"."WalletBalanceCents"
      FROM "AspNetUsers" AS "a"
      WHERE "a"."NormalizedEmail" = @__normalizedEmail_0
      LIMIT 2
info: Microsoft.EntityFrameworkCore.Database.Command[20101]
      Executed DbCommand (0ms) [Parameters=[@p0='?' (Size = 36), @p1='?' (DbType = Int32), @p2='?', @p3='?' (Size = 36), @p4='?', @p5='?' (DbType = DateTime), @p6='?' (DbType = Int32), @p7='?' (Size = 8), @p8='?' (Size = 48), @p9='?' (DbType = Boolean), @p10='?' (DbType = Boolean), @p11='?' (DbType = DateTimeOffset), @p12='?' (Size = 48), @p13='?' (Size = 48), @p14='?' (Size = 84), @p15='?', @p16='?' (DbType = DateTime), @p17='?', @p18='?' (DbType = Boolean), @p19='?', @p20='?', @p21='?' (Size = 4), @p22='?' (Size = 32), @p23='?' (Size = 6), @p24='?', @p25='?' (DbType = DateTime), @p26='?' (Size = 8), @p27='?' (Size = 4), @p28='?' (DbType = Boolean), @p29='?' (DbType = Int32), @p30='?' (Size = 48), @p31='?' (DbType = Boolean), @p32='?' (DbType = Int64)], CommandType='Text', CommandTimeout='30']
      INSERT INTO "AspNetUsers" ("Id", "AccessFailedCount", "Bio", "ConcurrencyStamp", "CoverImageUrl", "CreatedAt", "CreatorTier", "DisplayName", "Email", "EmailConfirmed", "LockoutEnabled", "LockoutEnd", "NormalizedEmail", "NormalizedUserName", "PasswordHash", "PasswordResetCode", "PasswordResetCodeExpiry", "PhoneNumber", "PhoneNumberConfirmed", "Plan", "ProfileImageUrl", "Role", "SecurityStamp", "Status", "StripeAccountId", "SubscriptionEndDate", "SubscriptionStatus", "Tier", "TwoFactorEnabled", "UploadCount", "UserName", "VerifiedCreator", "WalletBalanceCents")
      VALUES (@p0, @p1, @p2, @p3, @p4, @p5, @p6, @p7, @p8, @p9, @p10, @p11, @p12, @p13, @p14, @p15, @p16, @p17, @p18, @p19, @p20, @p21, @p22, @p23, @p24, @p25, @p26, @p27, @p28, @p29, @p30, @p31, @p32);
info: Cambrian.Api.Controllers.AuthController[0]
      EVENT: RegisterCompleted userId:f775e807-69ca-481b-bedf-0bf47ac3e521 tier:free
info: Cambrian.Api.Middleware.RequestLoggingMiddleware[0]
      HTTP POST /auth/register  201 in 48ms [rid:50357bf06e28 uid:anon]
info: Microsoft.EntityFrameworkCore.Database.Command[20101]
      Executed DbCommand (0ms) [Parameters=[@__email_0='?' (Size = 48)], CommandType='Text', CommandTimeout='30']
      SELECT "a"."Id", "a"."AccessFailedCount", "a"."Bio", "a"."ConcurrencyStamp", "a"."CoverImageUrl", "a"."CreatedAt", "a"."CreatorTier", "a"."DisplayName", "a"."Email", "a"."EmailConfirmed", "a"."LockoutEnabled", "a"."LockoutEnd", "a"."NormalizedEmail", "a"."NormalizedUserName", "a"."PasswordHash", "a"."PasswordResetCode", "a"."PasswordResetCodeExpiry", "a"."PhoneNumber", "a"."PhoneNumberConfirmed", "a"."Plan", "a"."ProfileImageUrl", "a"."Role", "a"."SecurityStamp", "a"."Status", "a"."StripeAccountId", "a"."SubscriptionEndDate", "a"."SubscriptionStatus", "a"."Tier", "a"."TwoFactorEnabled", "a"."UploadCount", "a"."UserName", "a"."VerifiedCreator", "a"."WalletBalanceCents"
      FROM "AspNetUsers" AS "a"
      WHERE "a"."Email" = @__email_0
      LIMIT 1
info: Microsoft.EntityFrameworkCore.Database.Command[20101]
      Executed DbCommand (0ms) [Parameters=[@p2='?' (Size = 36), @p3='?' (Size = 36), @p0='?' (Size = 7), @p1='?' (Size = 7)], CommandType='Text', CommandTimeout='30']
      UPDATE "AspNetUsers" SET "Role" = @p0, "Tier" = @p1
      WHERE "Id" = @p2 AND "ConcurrencyStamp" = @p3
      RETURNING 1;
info: Cambrian.Api.Controllers.AuthController[0]
      EVENT: LoginStarted
info: Microsoft.EntityFrameworkCore.Database.Command[20101]
      Executed DbCommand (0ms) [Parameters=[@__normalizedEmail_0='?' (Size = 48)], CommandType='Text', CommandTimeout='30']
      SELECT "a"."Id", "a"."AccessFailedCount", "a"."Bio", "a"."ConcurrencyStamp", "a"."CoverImageUrl", "a"."CreatedAt", "a"."CreatorTier", "a"."DisplayName", "a"."Email", "a"."EmailConfirmed", "a"."LockoutEnabled", "a"."LockoutEnd", "a"."NormalizedEmail", "a"."NormalizedUserName", "a"."PasswordHash", "a"."PasswordResetCode", "a"."PasswordResetCodeExpiry", "a"."PhoneNumber", "a"."PhoneNumberConfirmed", "a"."Plan", "a"."ProfileImageUrl", "a"."Role", "a"."SecurityStamp", "a"."Status", "a"."StripeAccountId", "a"."SubscriptionEndDate", "a"."SubscriptionStatus", "a"."Tier", "a"."TwoFactorEnabled", "a"."UploadCount", "a"."UserName", "a"."VerifiedCreator", "a"."WalletBalanceCents"
      FROM "AspNetUsers" AS "a"
      WHERE "a"."NormalizedEmail" = @__normalizedEmail_0
      LIMIT 2
info: Microsoft.EntityFrameworkCore.Database.Command[20101]
      Executed DbCommand (0ms) [Parameters=[@__normalizedUserName_0='?' (Size = 58)], CommandType='Text', CommandTimeout='30']
      SELECT "a"."Id", "a"."AccessFailedCount", "a"."Bio", "a"."ConcurrencyStamp", "a"."CoverImageUrl", "a"."CreatedAt", "a"."CreatorTier", "a"."DisplayName", "a"."Email", "a"."EmailConfirmed", "a"."LockoutEnabled", "a"."LockoutEnd", "a"."NormalizedEmail", "a"."NormalizedUserName", "a"."PasswordHash", "a"."PasswordResetCode", "a"."PasswordResetCodeExpiry", "a"."PhoneNumber", "a"."PhoneNumberConfirmed", "a"."Plan", "a"."ProfileImageUrl", "a"."Role", "a"."SecurityStamp", "a"."Status", "a"."StripeAccountId", "a"."SubscriptionEndDate", "a"."SubscriptionStatus", "a"."Tier", "a"."TwoFactorEnabled", "a"."UploadCount", "a"."UserName", "a"."VerifiedCreator", "a"."WalletBalanceCents"
      FROM "AspNetUsers" AS "a"
      WHERE "a"."NormalizedUserName" = @__normalizedUserName_0
      LIMIT 1
info: Microsoft.EntityFrameworkCore.Database.Command[20101]
      Executed DbCommand (0ms) [Parameters=[@__normalizedEmail_0='?' (Size = 58)], CommandType='Text', CommandTimeout='30']
      SELECT "a"."Id", "a"."AccessFailedCount", "a"."Bio", "a"."ConcurrencyStamp", "a"."CoverImageUrl", "a"."CreatedAt", "a"."CreatorTier", "a"."DisplayName", "a"."Email", "a"."EmailConfirmed", "a"."LockoutEnabled", "a"."LockoutEnd", "a"."NormalizedEmail", "a"."NormalizedUserName", "a"."PasswordHash", "a"."PasswordResetCode", "a"."PasswordResetCodeExpiry", "a"."PhoneNumber", "a"."PhoneNumberConfirmed", "a"."Plan", "a"."ProfileImageUrl", "a"."Role", "a"."SecurityStamp", "a"."Status", "a"."StripeAccountId", "a"."SubscriptionEndDate", "a"."SubscriptionStatus", "a"."Tier", "a"."TwoFactorEnabled", "a"."UploadCount", "a"."UserName", "a"."VerifiedCreator", "a"."WalletBalanceCents"
      FROM "AspNetUsers" AS "a"
      WHERE "a"."NormalizedEmail" = @__normalizedEmail_0
      LIMIT 2
info: Microsoft.EntityFrameworkCore.Database.Command[20101]
      Executed DbCommand (0ms) [Parameters=[@p0='?' (Size = 36), @p1='?' (DbType = Int32), @p2='?', @p3='?' (Size = 36), @p4='?', @p5='?' (DbType = DateTime), @p6='?' (DbType = Int32), @p7='?' (Size = 8), @p8='?' (Size = 58), @p9='?' (DbType = Boolean), @p10='?' (DbType = Boolean), @p11='?' (DbType = DateTimeOffset), @p12='?' (Size = 58), @p13='?' (Size = 58), @p14='?' (Size = 84), @p15='?', @p16='?' (DbType = DateTime), @p17='?', @p18='?' (DbType = Boolean), @p19='?', @p20='?', @p21='?' (Size = 4), @p22='?' (Size = 32), @p23='?' (Size = 6), @p24='?', @p25='?' (DbType = DateTime), @p26='?' (Size = 8), @p27='?' (Size = 4), @p28='?' (DbType = Boolean), @p29='?' (DbType = Int32), @p30='?' (Size = 58), @p31='?' (DbType = Boolean), @p32='?' (DbType = Int64)], CommandType='Text', CommandTimeout='30']
      INSERT INTO "AspNetUsers" ("Id", "AccessFailedCount", "Bio", "ConcurrencyStamp", "CoverImageUrl", "CreatedAt", "CreatorTier", "DisplayName", "Email", "EmailConfirmed", "LockoutEnabled", "LockoutEnd", "NormalizedEmail", "NormalizedUserName", "PasswordHash", "PasswordResetCode", "PasswordResetCodeExpiry", "PhoneNumber", "PhoneNumberConfirmed", "Plan", "ProfileImageUrl", "Role", "SecurityStamp", "Status", "StripeAccountId", "SubscriptionEndDate", "SubscriptionStatus", "Tier", "TwoFactorEnabled", "UploadCount", "UserName", "VerifiedCreator", "WalletBalanceCents")
      VALUES (@p0, @p1, @p2, @p3, @p4, @p5, @p6, @p7, @p8, @p9, @p10, @p11, @p12, @p13, @p14, @p15, @p16, @p17, @p18, @p19, @p20, @p21, @p22, @p23, @p24, @p25, @p26, @p27, @p28, @p29, @p30, @p31, @p32);
info: Cambrian.Api.Controllers.AuthController[0]
      EVENT: RegisterCompleted userId:b712ce09-e8ee-4d38-ba41-a31024f6d6f5 tier:free
info: Cambrian.Api.Middleware.RequestLoggingMiddleware[0]
      HTTP POST /auth/register  201 in 77ms [rid:34f7611eba46 uid:anon]
info: Microsoft.EntityFrameworkCore.Database.Command[20101]
      Executed DbCommand (0ms) [Parameters=[], CommandType='Text', CommandTimeout='30']
      SELECT "a"."Id", "a"."AccessFailedCount", "a"."Bio", "a"."ConcurrencyStamp", "a"."CoverImageUrl", "a"."CreatedAt", "a"."CreatorTier", "a"."DisplayName", "a"."Email", "a"."EmailConfirmed", "a"."LockoutEnabled", "a"."LockoutEnd", "a"."NormalizedEmail", "a"."NormalizedUserName", "a"."PasswordHash", "a"."PasswordResetCode", "a"."PasswordResetCodeExpiry", "a"."PhoneNumber", "a"."PhoneNumberConfirmed", "a"."Plan", "a"."ProfileImageUrl", "a"."Role", "a"."SecurityStamp", "a"."Status", "a"."StripeAccountId", "a"."SubscriptionEndDate", "a"."SubscriptionStatus", "a"."Tier", "a"."TwoFactorEnabled", "a"."UploadCount", "a"."UserName", "a"."VerifiedCreator", "a"."WalletBalanceCents"
      FROM "AspNetUsers" AS "a"
info: Microsoft.EntityFrameworkCore.Database.Command[20101]
      Executed DbCommand (0ms) [Parameters=[@p2='?' (Size = 36), @p3='?' (Size = 36), @p0='?' (Size = 7), @p1='?' (Size = 7)], CommandType='Text', CommandTimeout='30']
      UPDATE "AspNetUsers" SET "Role" = @p0, "Tier" = @p1
      WHERE "Id" = @p2 AND "ConcurrencyStamp" = @p3
      RETURNING 1;
info: Cambrian.Api.Controllers.AuthController[0]
      EVENT: LoginStarted
info: Microsoft.EntityFrameworkCore.Database.Command[20101]
      Executed DbCommand (0ms) [Parameters=[@__normalizedEmail_0='?' (Size = 58)], CommandType='Text', CommandTimeout='30']
      SELECT "a"."Id", "a"."AccessFailedCount", "a"."Bio", "a"."ConcurrencyStamp", "a"."CoverImageUrl", "a"."CreatedAt", "a"."CreatorTier", "a"."DisplayName", "a"."Email", "a"."EmailConfirmed", "a"."LockoutEnabled", "a"."LockoutEnd", "a"."NormalizedEmail", "a"."NormalizedUserName", "a"."PasswordHash", "a"."PasswordResetCode", "a"."PasswordResetCodeExpiry", "a"."PhoneNumber", "a"."PhoneNumberConfirmed", "a"."Plan", "a"."ProfileImageUrl", "a"."Role", "a"."SecurityStamp", "a"."Status", "a"."StripeAccountId", "a"."SubscriptionEndDate", "a"."SubscriptionStatus", "a"."Tier", "a"."TwoFactorEnabled", "a"."UploadCount", "a"."UserName", "a"."VerifiedCreator", "a"."WalletBalanceCents"
      FROM "AspNetUsers" AS "a"
      WHERE "a"."NormalizedEmail" = @__normalizedEmail_0
      LIMIT 2
info: Microsoft.EntityFrameworkCore.Database.Command[20101]
      Executed DbCommand (0ms) [Parameters=[@__normalizedUserName_0='?' (Size = 49)], CommandType='Text', CommandTimeout='30']
      SELECT "a"."Id", "a"."AccessFailedCount", "a"."Bio", "a"."ConcurrencyStamp", "a"."CoverImageUrl", "a"."CreatedAt", "a"."CreatorTier", "a"."DisplayName", "a"."Email", "a"."EmailConfirmed", "a"."LockoutEnabled", "a"."LockoutEnd", "a"."NormalizedEmail", "a"."NormalizedUserName", "a"."PasswordHash", "a"."PasswordResetCode", "a"."PasswordResetCodeExpiry", "a"."PhoneNumber", "a"."PhoneNumberConfirmed", "a"."Plan", "a"."ProfileImageUrl", "a"."Role", "a"."SecurityStamp", "a"."Status", "a"."StripeAccountId", "a"."SubscriptionEndDate", "a"."SubscriptionStatus", "a"."Tier", "a"."TwoFactorEnabled", "a"."UploadCount", "a"."UserName", "a"."VerifiedCreator", "a"."WalletBalanceCents"
      FROM "AspNetUsers" AS "a"
      WHERE "a"."NormalizedUserName" = @__normalizedUserName_0
      LIMIT 1
info: Microsoft.EntityFrameworkCore.Database.Command[20101]
      Executed DbCommand (0ms) [Parameters=[@__normalizedEmail_0='?' (Size = 49)], CommandType='Text', CommandTimeout='30']
      SELECT "a"."Id", "a"."AccessFailedCount", "a"."Bio", "a"."ConcurrencyStamp", "a"."CoverImageUrl", "a"."CreatedAt", "a"."CreatorTier", "a"."DisplayName", "a"."Email", "a"."EmailConfirmed", "a"."LockoutEnabled", "a"."LockoutEnd", "a"."NormalizedEmail", "a"."NormalizedUserName", "a"."PasswordHash", "a"."PasswordResetCode", "a"."PasswordResetCodeExpiry", "a"."PhoneNumber", "a"."PhoneNumberConfirmed", "a"."Plan", "a"."ProfileImageUrl", "a"."Role", "a"."SecurityStamp", "a"."Status", "a"."StripeAccountId", "a"."SubscriptionEndDate", "a"."SubscriptionStatus", "a"."Tier", "a"."TwoFactorEnabled", "a"."UploadCount", "a"."UserName", "a"."VerifiedCreator", "a"."WalletBalanceCents"
      FROM "AspNetUsers" AS "a"
      WHERE "a"."NormalizedEmail" = @__normalizedEmail_0
      LIMIT 2
info: Microsoft.EntityFrameworkCore.Database.Command[20101]
      Executed DbCommand (0ms) [Parameters=[@__normalizedUserName_0='?' (Size = 25)], CommandType='Text', CommandTimeout='30']
      SELECT "a"."Id", "a"."AccessFailedCount", "a"."Bio", "a"."ConcurrencyStamp", "a"."CoverImageUrl", "a"."CreatedAt", "a"."CreatorTier", "a"."DisplayName", "a"."Email", "a"."EmailConfirmed", "a"."LockoutEnabled", "a"."LockoutEnd", "a"."NormalizedEmail", "a"."NormalizedUserName", "a"."PasswordHash", "a"."PasswordResetCode", "a"."PasswordResetCodeExpiry", "a"."PhoneNumber", "a"."PhoneNumberConfirmed", "a"."Plan", "a"."ProfileImageUrl", "a"."Role", "a"."SecurityStamp", "a"."Status", "a"."StripeAccountId", "a"."SubscriptionEndDate", "a"."SubscriptionStatus", "a"."Tier", "a"."TwoFactorEnabled", "a"."UploadCount", "a"."UserName", "a"."VerifiedCreator", "a"."WalletBalanceCents"
      FROM "AspNetUsers" AS "a"
      WHERE "a"."NormalizedUserName" = @__normalizedUserName_0
      LIMIT 1
info: Microsoft.EntityFrameworkCore.Database.Command[20101]
      Executed DbCommand (0ms) [Parameters=[@p0='?' (Size = 36), @p1='?' (DbType = Int32), @p2='?', @p3='?' (Size = 36), @p4='?', @p5='?' (DbType = DateTime), @p6='?' (DbType = Int32), @p7='?' (Size = 8), @p8='?' (Size = 49), @p9='?' (DbType = Boolean), @p10='?' (DbType = Boolean), @p11='?' (DbType = DateTimeOffset), @p12='?' (Size = 49), @p13='?' (Size = 49), @p14='?' (Size = 84), @p15='?', @p16='?' (DbType = DateTime), @p17='?', @p18='?' (DbType = Boolean), @p19='?', @p20='?', @p21='?' (Size = 4), @p22='?' (Size = 32), @p23='?' (Size = 6), @p24='?', @p25='?' (DbType = DateTime), @p26='?' (Size = 8), @p27='?' (Size = 4), @p28='?' (DbType = Boolean), @p29='?' (DbType = Int32), @p30='?' (Size = 49), @p31='?' (DbType = Boolean), @p32='?' (DbType = Int64)], CommandType='Text', CommandTimeout='30']
      INSERT INTO "AspNetUsers" ("Id", "AccessFailedCount", "Bio", "ConcurrencyStamp", "CoverImageUrl", "CreatedAt", "CreatorTier", "DisplayName", "Email", "EmailConfirmed", "LockoutEnabled", "LockoutEnd", "NormalizedEmail", "NormalizedUserName", "PasswordHash", "PasswordResetCode", "PasswordResetCodeExpiry", "PhoneNumber", "PhoneNumberConfirmed", "Plan", "ProfileImageUrl", "Role", "SecurityStamp", "Status", "StripeAccountId", "SubscriptionEndDate", "SubscriptionStatus", "Tier", "TwoFactorEnabled", "UploadCount", "UserName", "VerifiedCreator", "WalletBalanceCents")
      VALUES (@p0, @p1, @p2, @p3, @p4, @p5, @p6, @p7, @p8, @p9, @p10, @p11, @p12, @p13, @p14, @p15, @p16, @p17, @p18, @p19, @p20, @p21, @p22, @p23, @p24, @p25, @p26, @p27, @p28, @p29, @p30, @p31, @p32);
info: Microsoft.EntityFrameworkCore.Database.Command[20101]
      Executed DbCommand (0ms) [Parameters=[@__normalizedEmail_0='?' (Size = 25)], CommandType='Text', CommandTimeout='30']
      SELECT "a"."Id", "a"."AccessFailedCount", "a"."Bio", "a"."ConcurrencyStamp", "a"."CoverImageUrl", "a"."CreatedAt", "a"."CreatorTier", "a"."DisplayName", "a"."Email", "a"."EmailConfirmed", "a"."LockoutEnabled", "a"."LockoutEnd", "a"."NormalizedEmail", "a"."NormalizedUserName", "a"."PasswordHash", "a"."PasswordResetCode", "a"."PasswordResetCodeExpiry", "a"."PhoneNumber", "a"."PhoneNumberConfirmed", "a"."Plan", "a"."ProfileImageUrl", "a"."Role", "a"."SecurityStamp", "a"."Status", "a"."StripeAccountId", "a"."SubscriptionEndDate", "a"."SubscriptionStatus", "a"."Tier", "a"."TwoFactorEnabled", "a"."UploadCount", "a"."UserName", "a"."VerifiedCreator", "a"."WalletBalanceCents"
      FROM "AspNetUsers" AS "a"
      WHERE "a"."NormalizedEmail" = @__normalizedEmail_0
      LIMIT 2
info: Cambrian.Api.Controllers.AuthController[0]
      EVENT: RegisterCompleted userId:43b3c8cd-21a9-432a-9618-505c4880ecab tier:free
info: Cambrian.Api.Middleware.RequestLoggingMiddleware[0]
      HTTP POST /auth/register  201 in 64ms [rid:355f0d13487d uid:anon]
info: Microsoft.EntityFrameworkCore.Database.Command[20101]
      Executed DbCommand (0ms) [Parameters=[@p0='?' (Size = 36), @p1='?' (DbType = Int32), @p2='?', @p3='?' (Size = 36), @p4='?', @p5='?' (DbType = DateTime), @p6='?' (DbType = Int32), @p7='?' (Size = 8), @p8='?' (Size = 25), @p9='?' (DbType = Boolean), @p10='?' (DbType = Boolean), @p11='?' (DbType = DateTimeOffset), @p12='?' (Size = 25), @p13='?' (Size = 25), @p14='?' (Size = 84), @p15='?', @p16='?' (DbType = DateTime), @p17='?', @p18='?' (DbType = Boolean), @p19='?', @p20='?', @p21='?' (Size = 4), @p22='?' (Size = 32), @p23='?' (Size = 6), @p24='?', @p25='?' (DbType = DateTime), @p26='?' (Size = 8), @p27='?' (Size = 4), @p28='?' (DbType = Boolean), @p29='?' (DbType = Int32), @p30='?' (Size = 25), @p31='?' (DbType = Boolean), @p32='?' (DbType = Int64)], CommandType='Text', CommandTimeout='30']
      INSERT INTO "AspNetUsers" ("Id", "AccessFailedCount", "Bio", "ConcurrencyStamp", "CoverImageUrl", "CreatedAt", "CreatorTier", "DisplayName", "Email", "EmailConfirmed", "LockoutEnabled", "LockoutEnd", "NormalizedEmail", "NormalizedUserName", "PasswordHash", "PasswordResetCode", "PasswordResetCodeExpiry", "PhoneNumber", "PhoneNumberConfirmed", "Plan", "ProfileImageUrl", "Role", "SecurityStamp", "Status", "StripeAccountId", "SubscriptionEndDate", "SubscriptionStatus", "Tier", "TwoFactorEnabled", "UploadCount", "UserName", "VerifiedCreator", "WalletBalanceCents")
      VALUES (@p0, @p1, @p2, @p3, @p4, @p5, @p6, @p7, @p8, @p9, @p10, @p11, @p12, @p13, @p14, @p15, @p16, @p17, @p18, @p19, @p20, @p21, @p22, @p23, @p24, @p25, @p26, @p27, @p28, @p29, @p30, @p31, @p32);
info: Cambrian.Api.Controllers.AuthController[0]
      EVENT: RegisterCompleted userId:369b068e-8048-4ed1-a118-43fe4ff3b48c tier:free
info: Cambrian.Api.Middleware.RequestLoggingMiddleware[0]
      HTTP POST /auth/register  201 in 52ms [rid:a318d9693fca uid:anon]
info: Microsoft.EntityFrameworkCore.Database.Command[20101]
      Executed DbCommand (0ms) [Parameters=[@__normalizedEmail_0='?' (Size = 25)], CommandType='Text', CommandTimeout='30']
      SELECT "a"."Id", "a"."AccessFailedCount", "a"."Bio", "a"."ConcurrencyStamp", "a"."CoverImageUrl", "a"."CreatedAt", "a"."CreatorTier", "a"."DisplayName", "a"."Email", "a"."EmailConfirmed", "a"."LockoutEnabled", "a"."LockoutEnd", "a"."NormalizedEmail", "a"."NormalizedUserName", "a"."PasswordHash", "a"."PasswordResetCode", "a"."PasswordResetCodeExpiry", "a"."PhoneNumber", "a"."PhoneNumberConfirmed", "a"."Plan", "a"."ProfileImageUrl", "a"."Role", "a"."SecurityStamp", "a"."Status", "a"."StripeAccountId", "a"."SubscriptionEndDate", "a"."SubscriptionStatus", "a"."Tier", "a"."TwoFactorEnabled", "a"."UploadCount", "a"."UserName", "a"."VerifiedCreator", "a"."WalletBalanceCents"
      FROM "AspNetUsers" AS "a"
      WHERE "a"."NormalizedEmail" = @__normalizedEmail_0
      LIMIT 2
info: Microsoft.EntityFrameworkCore.Database.Command[20101]
      Executed DbCommand (0ms) [Parameters=[@__normalizedEmail_0='?' (Size = 49)], CommandType='Text', CommandTimeout='30']
      SELECT "a"."Id", "a"."AccessFailedCount", "a"."Bio", "a"."ConcurrencyStamp", "a"."CoverImageUrl", "a"."CreatedAt", "a"."CreatorTier", "a"."DisplayName", "a"."Email", "a"."EmailConfirmed", "a"."LockoutEnabled", "a"."LockoutEnd", "a"."NormalizedEmail", "a"."NormalizedUserName", "a"."PasswordHash", "a"."PasswordResetCode", "a"."PasswordResetCodeExpiry", "a"."PhoneNumber", "a"."PhoneNumberConfirmed", "a"."Plan", "a"."ProfileImageUrl", "a"."Role", "a"."SecurityStamp", "a"."Status", "a"."StripeAccountId", "a"."SubscriptionEndDate", "a"."SubscriptionStatus", "a"."Tier", "a"."TwoFactorEnabled", "a"."UploadCount", "a"."UserName", "a"."VerifiedCreator", "a"."WalletBalanceCents"
      FROM "AspNetUsers" AS "a"
      WHERE "a"."NormalizedEmail" = @__normalizedEmail_0
      LIMIT 2
info: Cambrian.Api.Controllers.WebhookController[0]
      EVENT: StripeWebhookReceived payloadLength:320 signaturePresent:False
warn: Cambrian.Infrastructure.Stripe.StripeWebhookService[0]
      Processing webhook WITHOUT signature verification (Development only)
info: Microsoft.EntityFrameworkCore.Database.Command[20101]
      Executed DbCommand (0ms) [Parameters=[@p0='?' (DbType = Guid), @p1='?', @p2='?', @p3='?' (DbType = DateTime), @p4='?' (Size = 12), @p5='?', @p6='?', @p7='?' (DbType = DateTime), @p8='?' (Size = 36), @p9='?' (Size = 20)], CommandType='Text', CommandTimeout='30']
      INSERT INTO "Creators" ("Id", "Bio", "CoverImageUrl", "CreatedAt", "DisplayName", "ProfileImageUrl", "SocialLinks", "UpdatedAt", "UserId", "Username")
      VALUES (@p0, @p1, @p2, @p3, @p4, @p5, @p6, @p7, @p8, @p9);
info: Cambrian.Infrastructure.Stripe.StripeWebhookService[0]
      Stripe webhook received (dev): checkout.session.completed
info: Microsoft.EntityFrameworkCore.Database.Command[20101]
      Executed DbCommand (0ms) [Parameters=[@__eventId_0='?' (Size = 43)], CommandType='Text', CommandTimeout='30']
      SELECT EXISTS (
          SELECT 1
          FROM "StripeWebhookEvents" AS "s"
          WHERE "s"."EventId" = @__eventId_0)
info: Microsoft.EntityFrameworkCore.Database.Command[20101]
      Executed DbCommand (0ms) [Parameters=[@__get_Item_0='?' (DbType = Guid)], CommandType='Text', CommandTimeout='30']
      SELECT "t"."Id", "t"."AudioUrl", "t"."CambrianTrackId", "t"."CopyrightBuyoutPriceCents", "t"."CopyrightOwnerId", "t"."CopyrightTransferredAt", "t"."CoverArtUrl", "t"."CreatedAt", "t"."CreatorId", "t"."CreatorUuid", "t"."Description", "t"."Duration", "t"."ExclusivePriceCents", "t"."ExclusiveSold", "t"."Genre", "t"."Instrumental", "t"."LicenseType", "t"."Mood", "t"."NonExclusivePriceCents", "t"."OriginalCreatorId", "t"."Price", "t"."Status", "t"."Tags", "t"."Tempo", "t"."Title", "t"."Visibility"
      FROM "Tracks" AS "t"
      WHERE "t"."Id" = @__get_Item_0
      LIMIT 1
info: Microsoft.EntityFrameworkCore.Database.Command[20101]
      Executed DbCommand (0ms) [Parameters=[@__userId_0='?' (Size = 36), @__trackId_1='?' (DbType = Guid), @__licenseType_2='?' (Size = 13)], CommandType='Text', CommandTimeout='30']
      SELECT "p"."Id", "p"."AmountCents", "p"."BuyerId", "p"."CompletedAt", "p"."CreatedAt", "p"."ExpiresAt", "p"."LicenseId", "p"."LicenseType", "p"."PaymentMethod", "p"."Status", "p"."StripeSessionId", "p"."TrackId", "p"."UpdatedAt", "p"."UsageType"
      FROM "Purchases" AS "p"
      WHERE "p"."BuyerId" = @__userId_0 AND "p"."TrackId" = @__trackId_1 AND "p"."LicenseType" = @__licenseType_2
      LIMIT 1
info: Cambrian.Infrastructure.Stripe.StripeWebhookService[0]
      PURCHASE_TIMELINE: Creating purchase userId:369b068e-8048-4ed1-a118-43fe4ff3b48c trackId:4d2292e0-3124-4452-952d-881de4b43b2c license:non-exclusive amount:2999c sessionId:(null)
info: Microsoft.EntityFrameworkCore.Database.Command[20101]
      Executed DbCommand (0ms) [Parameters=[@__userId_0='?' (Size = 36), @__trackId_1='?' (DbType = Guid)], CommandType='Text', CommandTimeout='30']
      SELECT "l"."Id", "l"."Artist", "l"."AudioUrl", "l"."PurchaseId", "l"."SavedAt", "l"."Title", "l"."TrackId", "l"."UserId"
      FROM "Library" AS "l"
      WHERE "l"."UserId" = @__userId_0 AND "l"."TrackId" = @__trackId_1
      LIMIT 1
info: Microsoft.EntityFrameworkCore.Database.Command[20101]
      Executed DbCommand (0ms) [Parameters=[@__creatorId_0='?' (DbType = Guid)], CommandType='Text', CommandTimeout='30']
      SELECT "c"."Id", "c"."Bio", "c"."CoverImageUrl", "c"."CreatedAt", "c"."DisplayName", "c"."ProfileImageUrl", "c"."SocialLinks", "c"."UpdatedAt", "c"."UserId", "c"."Username"
      FROM "Creators" AS "c"
      WHERE "c"."Id" = @__creatorId_0
      LIMIT 1
info: Microsoft.EntityFrameworkCore.Database.Command[20101]
      Executed DbCommand (0ms) [Parameters=[@__normalizedUserName_0='?' (Size = 30)], CommandType='Text', CommandTimeout='30']
      SELECT "a"."Id", "a"."AccessFailedCount", "a"."Bio", "a"."ConcurrencyStamp", "a"."CoverImageUrl", "a"."CreatedAt", "a"."CreatorTier", "a"."DisplayName", "a"."Email", "a"."EmailConfirmed", "a"."LockoutEnabled", "a"."LockoutEnd", "a"."NormalizedEmail", "a"."NormalizedUserName", "a"."PasswordHash", "a"."PasswordResetCode", "a"."PasswordResetCodeExpiry", "a"."PhoneNumber", "a"."PhoneNumberConfirmed", "a"."Plan", "a"."ProfileImageUrl", "a"."Role", "a"."SecurityStamp", "a"."Status", "a"."StripeAccountId", "a"."SubscriptionEndDate", "a"."SubscriptionStatus", "a"."Tier", "a"."TwoFactorEnabled", "a"."UploadCount", "a"."UserName", "a"."VerifiedCreator", "a"."WalletBalanceCents"
      FROM "AspNetUsers" AS "a"
      WHERE "a"."NormalizedUserName" = @__normalizedUserName_0
      LIMIT 1
info: Microsoft.EntityFrameworkCore.Database.Command[20101]
      Executed DbCommand (0ms) [Parameters=[@__creatorId_0='?' (DbType = Guid)], CommandType='Text', CommandTimeout='30']
      SELECT COUNT(*)
      FROM "Tracks" AS "t"
      WHERE "t"."CreatorUuid" = @__creatorId_0
info: Microsoft.EntityFrameworkCore.Database.Command[20101]
      Executed DbCommand (0ms) [Parameters=[@__normalizedEmail_0='?' (Size = 30)], CommandType='Text', CommandTimeout='30']
      SELECT "a"."Id", "a"."AccessFailedCount", "a"."Bio", "a"."ConcurrencyStamp", "a"."CoverImageUrl", "a"."CreatedAt", "a"."CreatorTier", "a"."DisplayName", "a"."Email", "a"."EmailConfirmed", "a"."LockoutEnabled", "a"."LockoutEnd", "a"."NormalizedEmail", "a"."NormalizedUserName", "a"."PasswordHash", "a"."PasswordResetCode", "a"."PasswordResetCodeExpiry", "a"."PhoneNumber", "a"."PhoneNumberConfirmed", "a"."Plan", "a"."ProfileImageUrl", "a"."Role", "a"."SecurityStamp", "a"."Status", "a"."StripeAccountId", "a"."SubscriptionEndDate", "a"."SubscriptionStatus", "a"."Tier", "a"."TwoFactorEnabled", "a"."UploadCount", "a"."UserName", "a"."VerifiedCreator", "a"."WalletBalanceCents"
      FROM "AspNetUsers" AS "a"
      WHERE "a"."NormalizedEmail" = @__normalizedEmail_0
      LIMIT 2
info: Microsoft.EntityFrameworkCore.Database.Command[20101]
      Executed DbCommand (0ms) [Parameters=[@__creatorId_0='?' (DbType = Guid)], CommandType='Text', CommandTimeout='30']
      SELECT COUNT(*)
      FROM "Purchases" AS "p"
      WHERE EXISTS (
          SELECT 1
          FROM "Tracks" AS "t"
          WHERE "t"."CreatorUuid" = @__creatorId_0 AND "t"."Id" = "p"."TrackId") AND "p"."Status" = 'completed'
info: Cambrian.Api.Middleware.RequestLoggingMiddleware[0]
      HTTP GET /api/creators/0276858c-3ee7-47ee-a8f0-1ef4d3957716  200 in 4ms [rid:cf778cd2908a uid:anon]
info: Microsoft.EntityFrameworkCore.Database.Command[20101]
      Executed DbCommand (0ms) [Parameters=[@p0='?' (Size = 36), @p1='?' (DbType = Int32), @p2='?', @p3='?' (Size = 36), @p4='?', @p5='?' (DbType = DateTime), @p6='?' (DbType = Int32), @p7='?' (Size = 8), @p8='?' (Size = 30), @p9='?' (DbType = Boolean), @p10='?' (DbType = Boolean), @p11='?' (DbType = DateTimeOffset), @p12='?' (Size = 30), @p13='?' (Size = 30), @p14='?' (Size = 84), @p15='?', @p16='?' (DbType = DateTime), @p17='?', @p18='?' (DbType = Boolean), @p19='?', @p20='?', @p21='?' (Size = 4), @p22='?' (Size = 32), @p23='?' (Size = 6), @p24='?', @p25='?' (DbType = DateTime), @p26='?' (Size = 8), @p27='?' (Size = 4), @p28='?' (DbType = Boolean), @p29='?' (DbType = Int32), @p30='?' (Size = 30), @p31='?' (DbType = Boolean), @p32='?' (DbType = Int64)], CommandType='Text', CommandTimeout='30']
      INSERT INTO "AspNetUsers" ("Id", "AccessFailedCount", "Bio", "ConcurrencyStamp", "CoverImageUrl", "CreatedAt", "CreatorTier", "DisplayName", "Email", "EmailConfirmed", "LockoutEnabled", "LockoutEnd", "NormalizedEmail", "NormalizedUserName", "PasswordHash", "PasswordResetCode", "PasswordResetCodeExpiry", "PhoneNumber", "PhoneNumberConfirmed", "Plan", "ProfileImageUrl", "Role", "SecurityStamp", "Status", "StripeAccountId", "SubscriptionEndDate", "SubscriptionStatus", "Tier", "TwoFactorEnabled", "UploadCount", "UserName", "VerifiedCreator", "WalletBalanceCents")
      VALUES (@p0, @p1, @p2, @p3, @p4, @p5, @p6, @p7, @p8, @p9, @p10, @p11, @p12, @p13, @p14, @p15, @p16, @p17, @p18, @p19, @p20, @p21, @p22, @p23, @p24, @p25, @p26, @p27, @p28, @p29, @p30, @p31, @p32);
info: Cambrian.Api.Controllers.AuthController[0]
      EVENT: RegisterCompleted userId:17b65434-71c7-4ac3-97bf-7771c8c54f6d tier:free
info: Cambrian.Api.Middleware.RequestLoggingMiddleware[0]
      HTTP POST /auth/register  201 in 52ms [rid:3841e02b6c31 uid:anon]
info: Cambrian.Api.Controllers.AuthController[0]
      EVENT: RegisterStarted
info: Microsoft.EntityFrameworkCore.Database.Command[20101]
      Executed DbCommand (0ms) [Parameters=[@__p_0='?' (Size = 36)], CommandType='Text', CommandTimeout='30']
      SELECT "a"."Id", "a"."AccessFailedCount", "a"."Bio", "a"."ConcurrencyStamp", "a"."CoverImageUrl", "a"."CreatedAt", "a"."CreatorTier", "a"."DisplayName", "a"."Email", "a"."EmailConfirmed", "a"."LockoutEnabled", "a"."LockoutEnd", "a"."NormalizedEmail", "a"."NormalizedUserName", "a"."PasswordHash", "a"."PasswordResetCode", "a"."PasswordResetCodeExpiry", "a"."PhoneNumber", "a"."PhoneNumberConfirmed", "a"."Plan", "a"."ProfileImageUrl", "a"."Role", "a"."SecurityStamp", "a"."Status", "a"."StripeAccountId", "a"."SubscriptionEndDate", "a"."SubscriptionStatus", "a"."Tier", "a"."TwoFactorEnabled", "a"."UploadCount", "a"."UserName", "a"."VerifiedCreator", "a"."WalletBalanceCents"
      FROM "AspNetUsers" AS "a"
      WHERE "a"."Id" = @__p_0
      LIMIT 1
info: Microsoft.EntityFrameworkCore.Database.Command[20101]
      Executed DbCommand (0ms) [Parameters=[@__normalizedUserName_0='?' (Size = 22)], CommandType='Text', CommandTimeout='30']
      SELECT "a"."Id", "a"."AccessFailedCount", "a"."Bio", "a"."ConcurrencyStamp", "a"."CoverImageUrl", "a"."CreatedAt", "a"."CreatorTier", "a"."DisplayName", "a"."Email", "a"."EmailConfirmed", "a"."LockoutEnabled", "a"."LockoutEnd", "a"."NormalizedEmail", "a"."NormalizedUserName", "a"."PasswordHash", "a"."PasswordResetCode", "a"."PasswordResetCodeExpiry", "a"."PhoneNumber", "a"."PhoneNumberConfirmed", "a"."Plan", "a"."ProfileImageUrl", "a"."Role", "a"."SecurityStamp", "a"."Status", "a"."StripeAccountId", "a"."SubscriptionEndDate", "a"."SubscriptionStatus", "a"."Tier", "a"."TwoFactorEnabled", "a"."UploadCount", "a"."UserName", "a"."VerifiedCreator", "a"."WalletBalanceCents"
      FROM "AspNetUsers" AS "a"
      WHERE "a"."NormalizedUserName" = @__normalizedUserName_0
      LIMIT 1
info: Microsoft.EntityFrameworkCore.Database.Command[20101]
      Executed DbCommand (0ms) [Parameters=[@__creatorId_0='?' (DbType = Guid)], CommandType='Text', CommandTimeout='30']
      SELECT "c"."Id", "c"."Bio", "c"."CoverImageUrl", "c"."CreatedAt", "c"."DisplayName", "c"."ProfileImageUrl", "c"."SocialLinks", "c"."UpdatedAt", "c"."UserId", "c"."Username"
      FROM "Creators" AS "c"
      WHERE "c"."Id" = @__creatorId_0
      LIMIT 1
info: Microsoft.EntityFrameworkCore.Database.Command[20101]
      Executed DbCommand (0ms) [Parameters=[@__normalizedEmail_0='?' (Size = 22)], CommandType='Text', CommandTimeout='30']
      SELECT "a"."Id", "a"."AccessFailedCount", "a"."Bio", "a"."ConcurrencyStamp", "a"."CoverImageUrl", "a"."CreatedAt", "a"."CreatorTier", "a"."DisplayName", "a"."Email", "a"."EmailConfirmed", "a"."LockoutEnabled", "a"."LockoutEnd", "a"."NormalizedEmail", "a"."NormalizedUserName", "a"."PasswordHash", "a"."PasswordResetCode", "a"."PasswordResetCodeExpiry", "a"."PhoneNumber", "a"."PhoneNumberConfirmed", "a"."Plan", "a"."ProfileImageUrl", "a"."Role", "a"."SecurityStamp", "a"."Status", "a"."StripeAccountId", "a"."SubscriptionEndDate", "a"."SubscriptionStatus", "a"."Tier", "a"."TwoFactorEnabled", "a"."UploadCount", "a"."UserName", "a"."VerifiedCreator", "a"."WalletBalanceCents"
      FROM "AspNetUsers" AS "a"
      WHERE "a"."NormalizedEmail" = @__normalizedEmail_0
      LIMIT 2
info: Cambrian.Api.Middleware.RequestLoggingMiddleware[0]
      HTTP GET /api/creators/f8c5f99e-6615-431c-a0d7-a2ae7437a992/tracks  404 in 1ms [rid:12acc236d4c7 uid:anon]
info: Microsoft.EntityFrameworkCore.Database.Command[20101]
      Executed DbCommand (0ms) [Parameters=[@p0='?' (Size = 36), @p1='?' (DbType = Int32), @p2='?', @p3='?' (Size = 36), @p4='?', @p5='?' (DbType = DateTime), @p6='?' (DbType = Int32), @p7='?' (Size = 8), @p8='?' (Size = 22), @p9='?' (DbType = Boolean), @p10='?' (DbType = Boolean), @p11='?' (DbType = DateTimeOffset), @p12='?' (Size = 22), @p13='?' (Size = 22), @p14='?' (Size = 84), @p15='?', @p16='?' (DbType = DateTime), @p17='?', @p18='?' (DbType = Boolean), @p19='?', @p20='?', @p21='?' (Size = 4), @p22='?' (Size = 32), @p23='?' (Size = 6), @p24='?', @p25='?' (DbType = DateTime), @p26='?' (Size = 8), @p27='?' (Size = 4), @p28='?' (DbType = Boolean), @p29='?' (DbType = Int32), @p30='?' (Size = 22), @p31='?' (DbType = Boolean), @p32='?' (DbType = Int64)], CommandType='Text', CommandTimeout='30']
      INSERT INTO "AspNetUsers" ("Id", "AccessFailedCount", "Bio", "ConcurrencyStamp", "CoverImageUrl", "CreatedAt", "CreatorTier", "DisplayName", "Email", "EmailConfirmed", "LockoutEnabled", "LockoutEnd", "NormalizedEmail", "NormalizedUserName", "PasswordHash", "PasswordResetCode", "PasswordResetCodeExpiry", "PhoneNumber", "PhoneNumberConfirmed", "Plan", "ProfileImageUrl", "Role", "SecurityStamp", "Status", "StripeAccountId", "SubscriptionEndDate", "SubscriptionStatus", "Tier", "TwoFactorEnabled", "UploadCount", "UserName", "VerifiedCreator", "WalletBalanceCents")
      VALUES (@p0, @p1, @p2, @p3, @p4, @p5, @p6, @p7, @p8, @p9, @p10, @p11, @p12, @p13, @p14, @p15, @p16, @p17, @p18, @p19, @p20, @p21, @p22, @p23, @p24, @p25, @p26, @p27, @p28, @p29, @p30, @p31, @p32);
info: Cambrian.Api.Controllers.AuthController[0]
      EVENT: RegisterCompleted userId:76e230d2-0d85-47f2-b154-7ba484788f62 tier:free
info: Cambrian.Api.Middleware.RequestLoggingMiddleware[0]
      HTTP POST /auth/register  201 in 65ms [rid:5f967b2ed695 uid:anon]
info: Cambrian.Api.Middleware.RequestLoggingMiddleware[0]
      HTTP GET /download/not-a-guid  401 in 0ms [rid:9d8687eb3c5d uid:anon]
info: Microsoft.EntityFrameworkCore.Database.Command[20101]
      Executed DbCommand (0ms) [Parameters=[@__normalized_0='?' (Size = 20)], CommandType='Text', CommandTimeout='30']
      SELECT "c"."Id", "c"."Bio", "c"."CoverImageUrl", "c"."CreatedAt", "c"."DisplayName", "c"."ProfileImageUrl", "c"."SocialLinks", "c"."UpdatedAt", "c"."UserId", "c"."Username"
      FROM "Creators" AS "c"
      WHERE "c"."Username" = @__normalized_0
      LIMIT 1
warn: Cambrian.Api.Controllers.CreatorsController[0]
      CreatorLookup: username=nonexistent-user-xyz not found
[xUnit.net 00:00:01.77]     Cambrian.Api.Tests.DownloadTests.Download_InvalidGuid_Returns400 [FAIL]
[xUnit.net 00:00:01.77]       Assert.Equal() Failure: Values differ
[xUnit.net 00:00:01.77]       Expected: BadRequest
[xUnit.net 00:00:01.77]       Actual:   Unauthorized
[xUnit.net 00:00:01.77]       Stack Trace:
[xUnit.net 00:00:01.77]         C:\Users\logan\cambrian-push-temp\tests\Cambrian.Api.Tests\DownloadTests.cs(79,0): at Cambrian.Api.Tests.DownloadTests.Download_InvalidGuid_Returns400()
[xUnit.net 00:00:01.77]         --- End of stack trace from previous location ---
info: Cambrian.Api.Middleware.RequestLoggingMiddleware[0]
      HTTP GET /api/creators/by-username/nonexistent-user-xyz  404 in 7ms [rid:727c2e60f9bb uid:anon]
info: Cambrian.Api.Controllers.AuthController[0]
      EVENT: RegisterStarted
info: Cambrian.Api.Middleware.RequestLoggingMiddleware[0]
      HTTP GET /api/creators/username-availability  400 in 0ms [rid:2a0504f5ca43 uid:anon]
  Passed Cambrian.Api.Tests.CreatorIdentityTests.GetTracks_DoesNot_Leak_Email_In_Artist [97 ms]
  Failed Cambrian.Api.Tests.DownloadTests.SignedUrl_WithPurchase_ReturnsUrlAndExpiry [132 ms]
  Error Message:
   Assert.Equal() Failure: Values differ
Expected: OK
Actual:   Unauthorized
  Stack Trace:
     at Cambrian.Api.Tests.DownloadTests.SignedUrl_WithPurchase_ReturnsUrlAndExpiry() in C:\Users\logan\cambrian-push-temp\tests\Cambrian.Api.Tests\DownloadTests.cs:line 99
--- End of stack trace from previous location ---
  Passed Cambrian.Api.Tests.DownloadTests.Download_Unauthenticated_Returns401 [2 ms]
  Passed Cambrian.Api.Tests.CreatorIdentityTests.GetById_ExistingCreator_ReturnsPublicDto_NoEmail [73 ms]
  Passed Cambrian.Api.Tests.CreatorIdentityTests.GetTracks_NonExistentCreator_Returns404 [2 ms]
  Failed Cambrian.Api.Tests.DownloadTests.Download_InvalidGuid_Returns400 [69 ms]
  Error Message:
   Assert.Equal() Failure: Values differ
Expected: BadRequest
Actual:   Unauthorized
  Stack Trace:
     at Cambrian.Api.Tests.DownloadTests.Download_InvalidGuid_Returns400() in C:\Users\logan\cambrian-push-temp\tests\Cambrian.Api.Tests\DownloadTests.cs:line 79
--- End of stack trace from previous location ---
  Passed Cambrian.Api.Tests.CreatorIdentityTests.GetByUsername_NonExistent_Returns404 [9 ms]
info: Cambrian.Infrastructure.Stripe.StripeWebhookService[0]
      Credited creator 87bd5c03-31f3-446e-b856-e1c950787f73 with 1949 cents (fee=35.00%) for track 4d2292e0-3124-4452-952d-881de4b43b2c
info: Microsoft.EntityFrameworkCore.Database.Command[20101]
      Executed DbCommand (0ms) [Parameters=[@__purchaseId_0='?' (DbType = Guid)], CommandType='Text', CommandTimeout='30']
      SELECT "l"."Id", "l"."AllowedUses", "l"."BuyerId", "l"."CopyrightOwner", "l"."CreatorId", "l"."IssuedAt", "l"."LicenseType", "l"."PurchaseId", "l"."Restrictions", "l"."TrackId", "l"."UsageType", "a"."Id", "a"."AccessFailedCount", "a"."Bio", "a"."ConcurrencyStamp", "a"."CoverImageUrl", "a"."CreatedAt", "a"."CreatorTier", "a"."DisplayName", "a"."Email", "a"."EmailConfirmed", "a"."LockoutEnabled", "a"."LockoutEnd", "a"."NormalizedEmail", "a"."NormalizedUserName", "a"."PasswordHash", "a"."PasswordResetCode", "a"."PasswordResetCodeExpiry", "a"."PhoneNumber", "a"."PhoneNumberConfirmed", "a"."Plan", "a"."ProfileImageUrl", "a"."Role", "a"."SecurityStamp", "a"."Status", "a"."StripeAccountId", "a"."SubscriptionEndDate", "a"."SubscriptionStatus", "a"."Tier", "a"."TwoFactorEnabled", "a"."UploadCount", "a"."UserName", "a"."VerifiedCreator", "a"."WalletBalanceCents", "a0"."Id", "a0"."AccessFailedCount", "a0"."Bio", "a0"."ConcurrencyStamp", "a0"."CoverImageUrl", "a0"."CreatedAt", "a0"."CreatorTier", "a0"."DisplayName", "a0"."Email", "a0"."EmailConfirmed", "a0"."LockoutEnabled", "a0"."LockoutEnd", "a0"."NormalizedEmail", "a0"."NormalizedUserName", "a0"."PasswordHash", "a0"."PasswordResetCode", "a0"."PasswordResetCodeExpiry", "a0"."PhoneNumber", "a0"."PhoneNumberConfirmed", "a0"."Plan", "a0"."ProfileImageUrl", "a0"."Role", "a0"."SecurityStamp", "a0"."Status", "a0"."StripeAccountId", "a0"."SubscriptionEndDate", "a0"."SubscriptionStatus", "a0"."Tier", "a0"."TwoFactorEnabled", "a0"."UploadCount", "a0"."UserName", "a0"."VerifiedCreator", "a0"."WalletBalanceCents"
      FROM "LicenseCertificates" AS "l"
      INNER JOIN "AspNetUsers" AS "a" ON "l"."BuyerId" = "a"."Id"
      INNER JOIN "AspNetUsers" AS "a0" ON "l"."CreatorId" = "a0"."Id"
      WHERE "l"."PurchaseId" = @__purchaseId_0
      LIMIT 1
info: Cambrian.Api.Middleware.RequestLoggingMiddleware[0]
      HTTP POST /api/uploads/creator-image-url  401 in 0ms [rid:b5dd0a596619 uid:anon]
info: Microsoft.EntityFrameworkCore.Database.Command[20101]
      Executed DbCommand (0ms) [Parameters=[@p0='?' (DbType = Guid), @p1='?' (DbType = Int32), @p2='?' (Size = 36), @p3='?' (DbType = DateTime), @p4='?' (DbType = DateTime), @p5='?' (DbType = DateTime), @p6='?' (DbType = Guid), @p7='?' (Size = 13), @p8='?' (Size = 6), @p9='?' (Size = 9), @p10='?', @p11='?' (DbType = Guid), @p12='?' (DbType = DateTime), @p13='?' (Size = 8)], CommandType='Text', CommandTimeout='30']
      INSERT INTO "Purchases" ("Id", "AmountCents", "BuyerId", "CompletedAt", "CreatedAt", "ExpiresAt", "LicenseId", "LicenseType", "PaymentMethod", "Status", "StripeSessionId", "TrackId", "UpdatedAt", "UsageType")
      VALUES (@p0, @p1, @p2, @p3, @p4, @p5, @p6, @p7, @p8, @p9, @p10, @p11, @p12, @p13);
info: Microsoft.EntityFrameworkCore.Database.Command[20101]
      Executed DbCommand (0ms) [Parameters=[@p0='?' (DbType = Guid), @p1='?' (Size = 43), @p2='?' (Size = 26), @p3='?' (Size = 320), @p4='?' (DbType = Boolean), @p5='?' (DbType = DateTime)], CommandType='Text', CommandTimeout='30']
      INSERT INTO "StripeWebhookEvents" ("Id", "EventId", "EventType", "Payload", "Processed", "ProcessedAt")
      VALUES (@p0, @p1, @p2, @p3, @p4, @p5);
info: Microsoft.EntityFrameworkCore.Database.Command[20101]
      Executed DbCommand (0ms) [Parameters=[@p0='?' (DbType = Guid), @p1='?' (DbType = Int64), @p2='?' (DbType = DateTime), @p3='?' (Size = 34), @p4='?' (DbType = Guid), @p5='?' (Size = 6), @p6='?' (Size = 36)], CommandType='Text', CommandTimeout='30']
      INSERT INTO "WalletTransactions" ("Id", "AmountCents", "CreatedAt", "Description", "RelatedPurchaseId", "Type", "UserId")
      VALUES (@p0, @p1, @p2, @p3, @p4, @p5, @p6);
info: Microsoft.EntityFrameworkCore.Database.Command[20101]
      Executed DbCommand (0ms) [Parameters=[@p0='?' (DbType = Guid), @p1='?', @p2='?' (Size = 20), @p3='?' (DbType = Guid), @p4='?' (DbType = DateTime), @p5='?' (Size = 12), @p6='?' (DbType = Guid), @p7='?' (Size = 36)], CommandType='Text', CommandTimeout='30']
      INSERT INTO "Library" ("Id", "Artist", "AudioUrl", "PurchaseId", "SavedAt", "Title", "TrackId", "UserId")
      VALUES (@p0, @p1, @p2, @p3, @p4, @p5, @p6, @p7);
info: Microsoft.EntityFrameworkCore.Database.Command[20101]
      Executed DbCommand (0ms) [Parameters=[@p0='?' (DbType = Guid), @p1='?' (Size = 148), @p2='?' (Size = 36), @p3='?' (Size = 36), @p4='?' (Size = 36), @p5='?' (DbType = DateTime), @p6='?' (Size = 13), @p7='?' (DbType = Guid), @p8='?' (Size = 126), @p9='?' (Size = 17), @p10='?' (Size = 8)], CommandType='Text', CommandTimeout='30']
      INSERT INTO "LicenseCertificates" ("Id", "AllowedUses", "BuyerId", "CopyrightOwner", "CreatorId", "IssuedAt", "LicenseType", "PurchaseId", "Restrictions", "TrackId", "UsageType")
      VALUES (@p0, @p1, @p2, @p3, @p4, @p5, @p6, @p7, @p8, @p9, @p10);
info: Cambrian.Infrastructure.Stripe.StripeWebhookService[0]
      License certificate issued: PurchaseId=7b30c7f2-b6c0-4bf7-ac90-91bef7ca41a1 LicenseId=43337418-7040-443d-9faa-9aba46982410
info: Cambrian.Api.Middleware.RequestLoggingMiddleware[0]
      HTTP GET /api/creators/by-username/%20  400 in 2ms [rid:f5d1088e435c uid:anon]
info: Microsoft.EntityFrameworkCore.Database.Command[20101]
      Executed DbCommand (0ms) [Parameters=[@p1='?' (DbType = Guid), @p0='?' (DbType = Guid)], CommandType='Text', CommandTimeout='30']
      UPDATE "Purchases" SET "LicenseId" = @p0
      WHERE "Id" = @p1
      RETURNING 1;
info: Cambrian.Infrastructure.Stripe.StripeWebhookService[0]
      PURCHASE_TIMELINE: Purchase complete & library granted: User=369b068e-8048-4ed1-a118-43fe4ff3b48c Track=4d2292e0-3124-4452-952d-881de4b43b2c License=non-exclusive PurchaseId=7b30c7f2-b6c0-4bf7-ac90-91bef7ca41a1
info: Cambrian.Api.Controllers.AuthController[0]
      EVENT: RegisterStarted
info: Microsoft.EntityFrameworkCore.Database.Command[20101]
      Executed DbCommand (0ms) [Parameters=[@__userId_0='?' (Size = 36), @__trackId_1='?' (DbType = Guid)], CommandType='Text', CommandTimeout='30']
      SELECT EXISTS (
          SELECT 1
          FROM "Library" AS "l"
          WHERE "l"."UserId" = @__userId_0 AND "l"."TrackId" = @__trackId_1)
info: Cambrian.Api.Controllers.WebhookController[0]
      EVENT: StripeWebhookProcessed
info: Cambrian.Api.Middleware.RequestLoggingMiddleware[0]
      HTTP POST /webhook/stripe  200 in 36ms [rid:d8fb09b36bee uid:anon]
info: Microsoft.EntityFrameworkCore.Database.Command[20101]
      Executed DbCommand (0ms) [Parameters=[@__buyerId_0='?' (Size = 36), @__trackId_1='?' (DbType = Guid)], CommandType='Text', CommandTimeout='30']
      SELECT "p"."Id", "p"."AmountCents", "p"."BuyerId", "p"."CompletedAt", "p"."CreatedAt", "p"."ExpiresAt", "p"."LicenseId", "p"."LicenseType", "p"."PaymentMethod", "p"."Status", "p"."StripeSessionId", "p"."TrackId", "p"."UpdatedAt", "p"."UsageType"
      FROM "Purchases" AS "p"
      WHERE "p"."BuyerId" = @__buyerId_0 AND "p"."TrackId" = @__trackId_1
      LIMIT 1
info: Microsoft.EntityFrameworkCore.Database.Command[20101]
      Executed DbCommand (0ms) [Parameters=[@__buyerId_0='?' (Size = 36), @__trackId_1='?' (DbType = Guid)], CommandType='Text', CommandTimeout='30']
      SELECT "l"."Id", "l"."Artist", "l"."AudioUrl", "l"."PurchaseId", "l"."SavedAt", "l"."Title", "l"."TrackId", "l"."UserId"
      FROM "Library" AS "l"
      WHERE "l"."UserId" = @__buyerId_0 AND "l"."TrackId" = @__trackId_1
      LIMIT 1
info: Microsoft.EntityFrameworkCore.Database.Command[20101]
      Executed DbCommand (0ms) [Parameters=[@__purchase_Id_0='?' (DbType = Guid)], CommandType='Text', CommandTimeout='30']
      SELECT "l"."Id", "l"."AllowedUses", "l"."BuyerId", "l"."CopyrightOwner", "l"."CreatorId", "l"."IssuedAt", "l"."LicenseType", "l"."PurchaseId", "l"."Restrictions", "l"."TrackId", "l"."UsageType"
      FROM "LicenseCertificates" AS "l"
      WHERE "l"."PurchaseId" = @__purchase_Id_0
      LIMIT 1
info: Microsoft.EntityFrameworkCore.Database.Command[20101]
      Executed DbCommand (0ms) [Parameters=[@__userId_0='?' (Size = 36)], CommandType='Text', CommandTimeout='30']
      SELECT "s"."Id", "s"."ExpiresAt", "s"."Plan", "s"."StartedAt", "s"."Status", "s"."UserId"
      FROM "Subscriptions" AS "s"
      WHERE "s"."UserId" = @__userId_0 AND "s"."Status" = 'active'
      ORDER BY "s"."StartedAt" DESC
      LIMIT 1
info: Cambrian.Api.Controllers.AuthController[0]
      EVENT: LoginCompleted userId:b712ce09-e8ee-4d38-ba41-a31024f6d6f5 tier:free
info: Cambrian.Api.Middleware.RequestLoggingMiddleware[0]
      HTTP POST /auth/login  200 in 51ms [rid:11a4cb8f2edc uid:anon]
info: Cambrian.Api.Controllers.AuthController[0]
      EVENT: RegisterStarted
info: Cambrian.Api.Middleware.RequestLoggingMiddleware[0]
      HTTP PUT /creator-profile/me  401 in 0ms [rid:bf11c573a067 uid:anon]
info: Microsoft.EntityFrameworkCore.Database.Command[20101]
      Executed DbCommand (0ms) [Parameters=[@__userId_0='?' (Size = 36)], CommandType='Text', CommandTimeout='30']
      SELECT "s"."Id", "s"."ExpiresAt", "s"."Plan", "s"."StartedAt", "s"."Status", "s"."UserId"
      FROM "Subscriptions" AS "s"
      WHERE "s"."UserId" = @__userId_0 AND "s"."Status" = 'active'
      ORDER BY "s"."StartedAt" DESC
      LIMIT 1
info: Cambrian.Api.Controllers.AuthController[0]
      EVENT: LoginCompleted userId:f775e807-69ca-481b-bedf-0bf47ac3e521 tier:free
info: Cambrian.Api.Middleware.RequestLoggingMiddleware[0]
      HTTP POST /auth/login  200 in 77ms [rid:aaa5c61fdeee uid:anon]
[xUnit.net 00:00:01.80]     Cambrian.Api.Tests.CreatorProfileContractTests.UpsertProfile_ReturnsExpectedShape [FAIL]
[xUnit.net 00:00:01.80]       System.Net.Http.HttpRequestException : Response status code does not indicate success: 401 (Unauthorized).
info: Microsoft.EntityFrameworkCore.Database.Command[20101]
      Executed DbCommand (0ms) [Parameters=[@__normalizedEmail_0='?' (Size = 48)], CommandType='Text', CommandTimeout='30']
[xUnit.net 00:00:01.80]       Stack Trace:
      SELECT "a"."Id", "a"."AccessFailedCount", "a"."Bio", "a"."ConcurrencyStamp", "a"."CoverImageUrl", "a"."CreatedAt", "a"."CreatorTier", "a"."DisplayName", "a"."Email", "a"."EmailConfirmed", "a"."LockoutEnabled", "a"."LockoutEnd", "a"."NormalizedEmail", "a"."NormalizedUserName", "a"."PasswordHash", "a"."PasswordResetCode", "a"."PasswordResetCodeExpiry", "a"."PhoneNumber", "a"."PhoneNumberConfirmed", "a"."Plan", "a"."ProfileImageUrl", "a"."Role", "a"."SecurityStamp", "a"."Status", "a"."StripeAccountId", "a"."SubscriptionEndDate", "a"."SubscriptionStatus", "a"."Tier", "a"."TwoFactorEnabled", "a"."UploadCount", "a"."UserName", "a"."VerifiedCreator", "a"."WalletBalanceCents"
      FROM "AspNetUsers" AS "a"
      WHERE "a"."NormalizedEmail" = @__normalizedEmail_0
      LIMIT 2
[xUnit.net 00:00:01.80]            at System.Net.Http.HttpResponseMessage.EnsureSuccessStatusCode()
[xUnit.net 00:00:01.80]         C:\Users\logan\cambrian-push-temp\tests\Cambrian.Api.Tests\CreatorProfileContractTests.cs(61,0): at Cambrian.Api.Tests.CreatorProfileContractTests.UpsertProfile_ReturnsExpectedShape()
[xUnit.net 00:00:01.80]         --- End of stack trace from previous location ---
info: Cambrian.Api.Middleware.RequestLoggingMiddleware[0]
      HTTP GET /creator-profile/me  401 in 0ms [rid:cb37ed3bc128 uid:anon]
info: Cambrian.Api.Middleware.RequestLoggingMiddleware[0]
      HTTP PUT /creator-profile/me  401 in 1ms [rid:86a001b9e07f uid:anon]
[xUnit.net 00:00:01.81]     Cambrian.Api.Tests.StorefrontTests.Storefront_OnlyReturnsPublicTracks [FAIL]
[xUnit.net 00:00:01.81]       System.Net.Http.HttpRequestException : Response status code does not indicate success: 401 (Unauthorized).
[xUnit.net 00:00:01.81]       Stack Trace:
[xUnit.net 00:00:01.81]            at System.Net.Http.HttpResponseMessage.EnsureSuccessStatusCode()
[xUnit.net 00:00:01.81]         C:\Users\logan\cambrian-push-temp\tests\Cambrian.Api.Tests\StorefrontTests.cs(118,0): at Cambrian.Api.Tests.StorefrontTests.Storefront_OnlyReturnsPublicTracks()
[xUnit.net 00:00:01.81]         --- End of stack trace from previous location ---
info: Microsoft.EntityFrameworkCore.Database.Command[20101]
      Executed DbCommand (0ms) [Parameters=[@__name_0='?' (Size = 18)], CommandType='Text', CommandTimeout='30']
      SELECT "f"."Id", "f"."CreatedAt", "f"."Enabled", "f"."Name", "f"."RolloutPercentage", "f"."UpdatedAt"
      FROM "FeatureFlags" AS "f"
      WHERE "f"."Name" = @__name_0
      LIMIT 1
  Passed Cambrian.Api.Tests.CreatorIdentityTests.UsernameAvailability_Missing_ReturnsError [2 ms]
  Passed Cambrian.Api.Tests.CreatorIdentityTests.UploadCreatorImage_Unauthenticated_Returns401 [4 ms]
  Passed Cambrian.Api.Tests.CreatorIdentityTests.GetByUsername_EmptyUsername_ReturnsError [4 ms]
  Passed Cambrian.Api.Tests.WebhookEndToEndTests.WebhookStripe_CheckoutCompleted_CreatesPurchaseAndLibraryItem [180 ms]
  Failed Cambrian.Api.Tests.CreatorProfileContractTests.UpsertProfile_ReturnsExpectedShape [136 ms]
  Error Message:
   System.Net.Http.HttpRequestException : Response status code does not indicate success: 401 (Unauthorized).
  Stack Trace:
     at System.Net.Http.HttpResponseMessage.EnsureSuccessStatusCode()
   at Cambrian.Api.Tests.CreatorProfileContractTests.UpsertProfile_ReturnsExpectedShape() in C:\Users\logan\cambrian-push-temp\tests\Cambrian.Api.Tests\CreatorProfileContractTests.cs:line 61
--- End of stack trace from previous location ---
  Passed Cambrian.Api.Tests.CreatorProfileContractTests.GetMyProfile_Unauthenticated_Returns401 [2 ms]
  Failed Cambrian.Api.Tests.StorefrontTests.Storefront_OnlyReturnsPublicTracks [133 ms]
  Error Message:
   System.Net.Http.HttpRequestException : Response status code does not indicate success: 401 (Unauthorized).
  Stack Trace:
     at System.Net.Http.HttpResponseMessage.EnsureSuccessStatusCode()
   at Cambrian.Api.Tests.StorefrontTests.Storefront_OnlyReturnsPublicTracks() in C:\Users\logan\cambrian-push-temp\tests\Cambrian.Api.Tests\StorefrontTests.cs:line 118
--- End of stack trace from previous location ---
info: Cambrian.Api.Controllers.AuthController[0]
      EVENT: RegisterStarted
info: Microsoft.EntityFrameworkCore.Database.Command[20101]
      Executed DbCommand (0ms) [Parameters=[@__ToLower_0='?' (Size = 20)], CommandType='Text', CommandTimeout='30']
      SELECT "c"."Id", "c"."BannerImageUrl", "c"."Bio", "c"."CreatedAt", "c"."Niche", "c"."PinnedTrackIds", "c"."ProfileImageUrl", "c"."ShowDownloadStats", "c"."ShowEarnings", "c"."Slug", "c"."SocialLinks", "c"."UpdatedAt", "c"."UserId"
      FROM "CreatorProfiles" AS "c"
      WHERE lower("c"."Slug") = @__ToLower_0
      LIMIT 1
info: Cambrian.Api.Middleware.RequestLoggingMiddleware[0]
      HTTP GET /creator-profile/nonexistent-slug-xyz  404 in 9ms [rid:34abd27f5180 uid:anon]
info: Cambrian.Api.Controllers.AuthController[0]
      EVENT: RegisterStarted
info: Microsoft.EntityFrameworkCore.Database.Command[20101]
      Executed DbCommand (0ms) [Parameters=[@__normalizedUserName_0='?' (Size = 31)], CommandType='Text', CommandTimeout='30']
      SELECT "a"."Id", "a"."AccessFailedCount", "a"."Bio", "a"."ConcurrencyStamp", "a"."CoverImageUrl", "a"."CreatedAt", "a"."CreatorTier", "a"."DisplayName", "a"."Email", "a"."EmailConfirmed", "a"."LockoutEnabled", "a"."LockoutEnd", "a"."NormalizedEmail", "a"."NormalizedUserName", "a"."PasswordHash", "a"."PasswordResetCode", "a"."PasswordResetCodeExpiry", "a"."PhoneNumber", "a"."PhoneNumberConfirmed", "a"."Plan", "a"."ProfileImageUrl", "a"."Role", "a"."SecurityStamp", "a"."Status", "a"."StripeAccountId", "a"."SubscriptionEndDate", "a"."SubscriptionStatus", "a"."Tier", "a"."TwoFactorEnabled", "a"."UploadCount", "a"."UserName", "a"."VerifiedCreator", "a"."WalletBalanceCents"
      FROM "AspNetUsers" AS "a"
      WHERE "a"."NormalizedUserName" = @__normalizedUserName_0
      LIMIT 1
info: Microsoft.EntityFrameworkCore.Database.Command[20101]
      Executed DbCommand (0ms) [Parameters=[@__normalizedEmail_0='?' (Size = 31)], CommandType='Text', CommandTimeout='30']
      SELECT "a"."Id", "a"."AccessFailedCount", "a"."Bio", "a"."ConcurrencyStamp", "a"."CoverImageUrl", "a"."CreatedAt", "a"."CreatorTier", "a"."DisplayName", "a"."Email", "a"."EmailConfirmed", "a"."LockoutEnabled", "a"."LockoutEnd", "a"."NormalizedEmail", "a"."NormalizedUserName", "a"."PasswordHash", "a"."PasswordResetCode", "a"."PasswordResetCodeExpiry", "a"."PhoneNumber", "a"."PhoneNumberConfirmed", "a"."Plan", "a"."ProfileImageUrl", "a"."Role", "a"."SecurityStamp", "a"."Status", "a"."StripeAccountId", "a"."SubscriptionEndDate", "a"."SubscriptionStatus", "a"."Tier", "a"."TwoFactorEnabled", "a"."UploadCount", "a"."UserName", "a"."VerifiedCreator", "a"."WalletBalanceCents"
      FROM "AspNetUsers" AS "a"
      WHERE "a"."NormalizedEmail" = @__normalizedEmail_0
      LIMIT 2
info: Microsoft.EntityFrameworkCore.Database.Command[20101]
      Executed DbCommand (0ms) [Parameters=[@p0='?' (Size = 36), @p1='?' (DbType = Int32), @p2='?', @p3='?' (Size = 36), @p4='?', @p5='?' (DbType = DateTime), @p6='?' (DbType = Int32), @p7='?' (Size = 8), @p8='?' (Size = 31), @p9='?' (DbType = Boolean), @p10='?' (DbType = Boolean), @p11='?' (DbType = DateTimeOffset), @p12='?' (Size = 31), @p13='?' (Size = 31), @p14='?' (Size = 84), @p15='?', @p16='?' (DbType = DateTime), @p17='?', @p18='?' (DbType = Boolean), @p19='?', @p20='?', @p21='?' (Size = 4), @p22='?' (Size = 32), @p23='?' (Size = 6), @p24='?', @p25='?' (DbType = DateTime), @p26='?' (Size = 8), @p27='?' (Size = 4), @p28='?' (DbType = Boolean), @p29='?' (DbType = Int32), @p30='?' (Size = 31), @p31='?' (DbType = Boolean), @p32='?' (DbType = Int64)], CommandType='Text', CommandTimeout='30']
      INSERT INTO "AspNetUsers" ("Id", "AccessFailedCount", "Bio", "ConcurrencyStamp", "CoverImageUrl", "CreatedAt", "CreatorTier", "DisplayName", "Email", "EmailConfirmed", "LockoutEnabled", "LockoutEnd", "NormalizedEmail", "NormalizedUserName", "PasswordHash", "PasswordResetCode", "PasswordResetCodeExpiry", "PhoneNumber", "PhoneNumberConfirmed", "Plan", "ProfileImageUrl", "Role", "SecurityStamp", "Status", "StripeAccountId", "SubscriptionEndDate", "SubscriptionStatus", "Tier", "TwoFactorEnabled", "UploadCount", "UserName", "VerifiedCreator", "WalletBalanceCents")
      VALUES (@p0, @p1, @p2, @p3, @p4, @p5, @p6, @p7, @p8, @p9, @p10, @p11, @p12, @p13, @p14, @p15, @p16, @p17, @p18, @p19, @p20, @p21, @p22, @p23, @p24, @p25, @p26, @p27, @p28, @p29, @p30, @p31, @p32);
info: Cambrian.Api.Controllers.AuthController[0]
      EVENT: RegisterCompleted userId:71c2e1c5-24a6-42be-8194-d7b0a9f342c0 tier:free
info: Cambrian.Api.Middleware.RequestLoggingMiddleware[0]
      HTTP POST /auth/register  201 in 68ms [rid:b80c8afe1757 uid:anon]
info: Microsoft.EntityFrameworkCore.Database.Command[20101]
      Executed DbCommand (0ms) [Parameters=[@__normalizedEmail_0='?' (Size = 31)], CommandType='Text', CommandTimeout='30']
      SELECT "a"."Id", "a"."AccessFailedCount", "a"."Bio", "a"."ConcurrencyStamp", "a"."CoverImageUrl", "a"."CreatedAt", "a"."CreatorTier", "a"."DisplayName", "a"."Email", "a"."EmailConfirmed", "a"."LockoutEnabled", "a"."LockoutEnd", "a"."NormalizedEmail", "a"."NormalizedUserName", "a"."PasswordHash", "a"."PasswordResetCode", "a"."PasswordResetCodeExpiry", "a"."PhoneNumber", "a"."PhoneNumberConfirmed", "a"."Plan", "a"."ProfileImageUrl", "a"."Role", "a"."SecurityStamp", "a"."Status", "a"."StripeAccountId", "a"."SubscriptionEndDate", "a"."SubscriptionStatus", "a"."Tier", "a"."TwoFactorEnabled", "a"."UploadCount", "a"."UserName", "a"."VerifiedCreator", "a"."WalletBalanceCents"
      FROM "AspNetUsers" AS "a"
      WHERE "a"."NormalizedEmail" = @__normalizedEmail_0
      LIMIT 2
info: Microsoft.EntityFrameworkCore.Database.Command[20101]
      Executed DbCommand (0ms) [Parameters=[@__normalizedUserName_0='?' (Size = 47)], CommandType='Text', CommandTimeout='30']
      SELECT "a"."Id", "a"."AccessFailedCount", "a"."Bio", "a"."ConcurrencyStamp", "a"."CoverImageUrl", "a"."CreatedAt", "a"."CreatorTier", "a"."DisplayName", "a"."Email", "a"."EmailConfirmed", "a"."LockoutEnabled", "a"."LockoutEnd", "a"."NormalizedEmail", "a"."NormalizedUserName", "a"."PasswordHash", "a"."PasswordResetCode", "a"."PasswordResetCodeExpiry", "a"."PhoneNumber", "a"."PhoneNumberConfirmed", "a"."Plan", "a"."ProfileImageUrl", "a"."Role", "a"."SecurityStamp", "a"."Status", "a"."StripeAccountId", "a"."SubscriptionEndDate", "a"."SubscriptionStatus", "a"."Tier", "a"."TwoFactorEnabled", "a"."UploadCount", "a"."UserName", "a"."VerifiedCreator", "a"."WalletBalanceCents"
      FROM "AspNetUsers" AS "a"
      WHERE "a"."NormalizedUserName" = @__normalizedUserName_0
      LIMIT 1
info: Microsoft.EntityFrameworkCore.Database.Command[20101]
      Executed DbCommand (0ms) [Parameters=[@__normalizedEmail_0='?' (Size = 47)], CommandType='Text', CommandTimeout='30']
      SELECT "a"."Id", "a"."AccessFailedCount", "a"."Bio", "a"."ConcurrencyStamp", "a"."CoverImageUrl", "a"."CreatedAt", "a"."CreatorTier", "a"."DisplayName", "a"."Email", "a"."EmailConfirmed", "a"."LockoutEnabled", "a"."LockoutEnd", "a"."NormalizedEmail", "a"."NormalizedUserName", "a"."PasswordHash", "a"."PasswordResetCode", "a"."PasswordResetCodeExpiry", "a"."PhoneNumber", "a"."PhoneNumberConfirmed", "a"."Plan", "a"."ProfileImageUrl", "a"."Role", "a"."SecurityStamp", "a"."Status", "a"."StripeAccountId", "a"."SubscriptionEndDate", "a"."SubscriptionStatus", "a"."Tier", "a"."TwoFactorEnabled", "a"."UploadCount", "a"."UserName", "a"."VerifiedCreator", "a"."WalletBalanceCents"
      FROM "AspNetUsers" AS "a"
      WHERE "a"."NormalizedEmail" = @__normalizedEmail_0
      LIMIT 2
info: Microsoft.EntityFrameworkCore.Database.Command[20101]
      Executed DbCommand (0ms) [Parameters=[@p0='?' (DbType = Guid), @p1='?' (Size = 20), @p2='?' (Size = 17), @p3='?' (DbType = Int32), @p4='?', @p5='?' (DbType = DateTime), @p6='?', @p7='?' (DbType = DateTime), @p8='?' (Size = 36), @p9='?' (DbType = Guid), @p10='?', @p11='?', @p12='?' (DbType = Int32), @p13='?' (DbType = Boolean), @p14='?' (Size = 7), @p15='?' (DbType = Boolean), @p16='?' (Size = 8), @p17='?', @p18='?' (DbType = Int32), @p19='?', @p20='?' (DbType = Decimal), @p21='?' (Size = 9), @p22='?', @p23='?', @p24='?' (Size = 11), @p25='?' (Size = 6)], CommandType='Text', CommandTimeout='30']
      INSERT INTO "Tracks" ("Id", "AudioUrl", "CambrianTrackId", "CopyrightBuyoutPriceCents", "CopyrightOwnerId", "CopyrightTransferredAt", "CoverArtUrl", "CreatedAt", "CreatorId", "CreatorUuid", "Description", "Duration", "ExclusivePriceCents", "ExclusiveSold", "Genre", "Instrumental", "LicenseType", "Mood", "NonExclusivePriceCents", "OriginalCreatorId", "Price", "Status", "Tags", "Tempo", "Title", "Visibility")
      VALUES (@p0, @p1, @p2, @p3, @p4, @p5, @p6, @p7, @p8, @p9, @p10, @p11, @p12, @p13, @p14, @p15, @p16, @p17, @p18, @p19, @p20, @p21, @p22, @p23, @p24, @p25);
info: Microsoft.EntityFrameworkCore.Database.Command[20101]
      Executed DbCommand (0ms) [Parameters=[@p0='?' (Size = 36), @p1='?' (DbType = Int32), @p2='?', @p3='?' (Size = 36), @p4='?', @p5='?' (DbType = DateTime), @p6='?' (DbType = Int32), @p7='?' (Size = 8), @p8='?' (Size = 47), @p9='?' (DbType = Boolean), @p10='?' (DbType = Boolean), @p11='?' (DbType = DateTimeOffset), @p12='?' (Size = 47), @p13='?' (Size = 47), @p14='?' (Size = 84), @p15='?', @p16='?' (DbType = DateTime), @p17='?', @p18='?' (DbType = Boolean), @p19='?', @p20='?', @p21='?' (Size = 4), @p22='?' (Size = 32), @p23='?' (Size = 6), @p24='?', @p25='?' (DbType = DateTime), @p26='?' (Size = 8), @p27='?' (Size = 4), @p28='?' (DbType = Boolean), @p29='?' (DbType = Int32), @p30='?' (Size = 47), @p31='?' (DbType = Boolean), @p32='?' (DbType = Int64)], CommandType='Text', CommandTimeout='30']
      INSERT INTO "AspNetUsers" ("Id", "AccessFailedCount", "Bio", "ConcurrencyStamp", "CoverImageUrl", "CreatedAt", "CreatorTier", "DisplayName", "Email", "EmailConfirmed", "LockoutEnabled", "LockoutEnd", "NormalizedEmail", "NormalizedUserName", "PasswordHash", "PasswordResetCode", "PasswordResetCodeExpiry", "PhoneNumber", "PhoneNumberConfirmed", "Plan", "ProfileImageUrl", "Role", "SecurityStamp", "Status", "StripeAccountId", "SubscriptionEndDate", "SubscriptionStatus", "Tier", "TwoFactorEnabled", "UploadCount", "UserName", "VerifiedCreator", "WalletBalanceCents")
      VALUES (@p0, @p1, @p2, @p3, @p4, @p5, @p6, @p7, @p8, @p9, @p10, @p11, @p12, @p13, @p14, @p15, @p16, @p17, @p18, @p19, @p20, @p21, @p22, @p23, @p24, @p25, @p26, @p27, @p28, @p29, @p30, @p31, @p32);
info: Cambrian.Api.Controllers.AuthController[0]
      EVENT: RegisterCompleted userId:d64978c3-dc6a-4391-9feb-cbe9547b5994 tier:free
info: Cambrian.Api.Controllers.AuthController[0]
      EVENT: RegisterStarted
info: Cambrian.Api.Middleware.RequestLoggingMiddleware[0]
      HTTP POST /auth/register  201 in 56ms [rid:728a0f485a4a uid:anon]
info: Microsoft.EntityFrameworkCore.Database.Command[20101]
      Executed DbCommand (0ms) [Parameters=[@__normalizedUserName_0='?' (Size = 30)], CommandType='Text', CommandTimeout='30']
      SELECT "a"."Id", "a"."AccessFailedCount", "a"."Bio", "a"."ConcurrencyStamp", "a"."CoverImageUrl", "a"."CreatedAt", "a"."CreatorTier", "a"."DisplayName", "a"."Email", "a"."EmailConfirmed", "a"."LockoutEnabled", "a"."LockoutEnd", "a"."NormalizedEmail", "a"."NormalizedUserName", "a"."PasswordHash", "a"."PasswordResetCode", "a"."PasswordResetCodeExpiry", "a"."PhoneNumber", "a"."PhoneNumberConfirmed", "a"."Plan", "a"."ProfileImageUrl", "a"."Role", "a"."SecurityStamp", "a"."Status", "a"."StripeAccountId", "a"."SubscriptionEndDate", "a"."SubscriptionStatus", "a"."Tier", "a"."TwoFactorEnabled", "a"."UploadCount", "a"."UserName", "a"."VerifiedCreator", "a"."WalletBalanceCents"
      FROM "AspNetUsers" AS "a"
      WHERE "a"."NormalizedUserName" = @__normalizedUserName_0
      LIMIT 1
info: Microsoft.EntityFrameworkCore.Database.Command[20101]
      Executed DbCommand (0ms) [Parameters=[@__normalizedEmail_0='?' (Size = 30)], CommandType='Text', CommandTimeout='30']
      SELECT "a"."Id", "a"."AccessFailedCount", "a"."Bio", "a"."ConcurrencyStamp", "a"."CoverImageUrl", "a"."CreatedAt", "a"."CreatorTier", "a"."DisplayName", "a"."Email", "a"."EmailConfirmed", "a"."LockoutEnabled", "a"."LockoutEnd", "a"."NormalizedEmail", "a"."NormalizedUserName", "a"."PasswordHash", "a"."PasswordResetCode", "a"."PasswordResetCodeExpiry", "a"."PhoneNumber", "a"."PhoneNumberConfirmed", "a"."Plan", "a"."ProfileImageUrl", "a"."Role", "a"."SecurityStamp", "a"."Status", "a"."StripeAccountId", "a"."SubscriptionEndDate", "a"."SubscriptionStatus", "a"."Tier", "a"."TwoFactorEnabled", "a"."UploadCount", "a"."UserName", "a"."VerifiedCreator", "a"."WalletBalanceCents"
      FROM "AspNetUsers" AS "a"
      WHERE "a"."NormalizedEmail" = @__normalizedEmail_0
      LIMIT 2
info: Microsoft.EntityFrameworkCore.Database.Command[20101]
      Executed DbCommand (0ms) [Parameters=[@__email_0='?' (Size = 47)], CommandType='Text', CommandTimeout='30']
      SELECT "a"."Id", "a"."AccessFailedCount", "a"."Bio", "a"."ConcurrencyStamp", "a"."CoverImageUrl", "a"."CreatedAt", "a"."CreatorTier", "a"."DisplayName", "a"."Email", "a"."EmailConfirmed", "a"."LockoutEnabled", "a"."LockoutEnd", "a"."NormalizedEmail", "a"."NormalizedUserName", "a"."PasswordHash", "a"."PasswordResetCode", "a"."PasswordResetCodeExpiry", "a"."PhoneNumber", "a"."PhoneNumberConfirmed", "a"."Plan", "a"."ProfileImageUrl", "a"."Role", "a"."SecurityStamp", "a"."Status", "a"."StripeAccountId", "a"."SubscriptionEndDate", "a"."SubscriptionStatus", "a"."Tier", "a"."TwoFactorEnabled", "a"."UploadCount", "a"."UserName", "a"."VerifiedCreator", "a"."WalletBalanceCents"
      FROM "AspNetUsers" AS "a"
      WHERE "a"."Email" = @__email_0
      LIMIT 1
info: Microsoft.EntityFrameworkCore.Database.Command[20101]
      Executed DbCommand (0ms) [Parameters=[@p0='?' (Size = 36), @p1='?' (DbType = Int32), @p2='?', @p3='?' (Size = 36), @p4='?', @p5='?' (DbType = DateTime), @p6='?' (DbType = Int32), @p7='?' (Size = 8), @p8='?' (Size = 30), @p9='?' (DbType = Boolean), @p10='?' (DbType = Boolean), @p11='?' (DbType = DateTimeOffset), @p12='?' (Size = 30), @p13='?' (Size = 30), @p14='?' (Size = 84), @p15='?', @p16='?' (DbType = DateTime), @p17='?', @p18='?' (DbType = Boolean), @p19='?', @p20='?', @p21='?' (Size = 4), @p22='?' (Size = 32), @p23='?' (Size = 6), @p24='?', @p25='?' (DbType = DateTime), @p26='?' (Size = 8), @p27='?' (Size = 4), @p28='?' (DbType = Boolean), @p29='?' (DbType = Int32), @p30='?' (Size = 30), @p31='?' (DbType = Boolean), @p32='?' (DbType = Int64)], CommandType='Text', CommandTimeout='30']
      INSERT INTO "AspNetUsers" ("Id", "AccessFailedCount", "Bio", "ConcurrencyStamp", "CoverImageUrl", "CreatedAt", "CreatorTier", "DisplayName", "Email", "EmailConfirmed", "LockoutEnabled", "LockoutEnd", "NormalizedEmail", "NormalizedUserName", "PasswordHash", "PasswordResetCode", "PasswordResetCodeExpiry", "PhoneNumber", "PhoneNumberConfirmed", "Plan", "ProfileImageUrl", "Role", "SecurityStamp", "Status", "StripeAccountId", "SubscriptionEndDate", "SubscriptionStatus", "Tier", "TwoFactorEnabled", "UploadCount", "UserName", "VerifiedCreator", "WalletBalanceCents")
      VALUES (@p0, @p1, @p2, @p3, @p4, @p5, @p6, @p7, @p8, @p9, @p10, @p11, @p12, @p13, @p14, @p15, @p16, @p17, @p18, @p19, @p20, @p21, @p22, @p23, @p24, @p25, @p26, @p27, @p28, @p29, @p30, @p31, @p32);
info: Cambrian.Api.Controllers.AuthController[0]
      EVENT: RegisterCompleted userId:167c54ca-6b8e-43ba-b8f2-4d6b4f1a755f tier:free
info: Cambrian.Api.Middleware.RequestLoggingMiddleware[0]
      HTTP POST /auth/register  201 in 85ms [rid:6ea39bdf0af0 uid:anon]
info: Microsoft.EntityFrameworkCore.Database.Command[20101]
      Executed DbCommand (0ms) [Parameters=[@p2='?' (Size = 36), @p3='?' (Size = 36), @p0='?' (Size = 7), @p1='?' (Size = 7)], CommandType='Text', CommandTimeout='30']
      UPDATE "AspNetUsers" SET "Role" = @p0, "Tier" = @p1
      WHERE "Id" = @p2 AND "ConcurrencyStamp" = @p3
      RETURNING 1;
info: Cambrian.Api.Middleware.RequestLoggingMiddleware[0]
      HTTP GET /licenses  401 in 0ms [rid:17b77254e3a4 uid:anon]
[xUnit.net 00:00:01.85]     Cambrian.Api.Tests.LicenseCertificateIntegrationTests.LicenseCertificate_ContainsRequiredFields [FAIL]
[xUnit.net 00:00:01.85]       Assert.Equal() Failure: Values differ
[xUnit.net 00:00:01.85]       Expected: OK
[xUnit.net 00:00:01.85]       Actual:   Unauthorized
[xUnit.net 00:00:01.85]       Stack Trace:
[xUnit.net 00:00:01.85]         C:\Users\logan\cambrian-push-temp\tests\Cambrian.Api.Tests\LicenseCertificateIntegrationTests.cs(136,0): at Cambrian.Api.Tests.LicenseCertificateIntegrationTests.LicenseCertificate_ContainsRequiredFields()
[xUnit.net 00:00:01.85]         --- End of stack trace from previous location ---
info: Cambrian.Api.Controllers.AuthController[0]
      EVENT: LoginStarted
info: Cambrian.Api.Controllers.AuthController[0]
      EVENT: RegisterStarted
info: Microsoft.EntityFrameworkCore.Database.Command[20101]
      Executed DbCommand (0ms) [Parameters=[@__normalizedEmail_0='?' (Size = 47)], CommandType='Text', CommandTimeout='30']
      SELECT "a"."Id", "a"."AccessFailedCount", "a"."Bio", "a"."ConcurrencyStamp", "a"."CoverImageUrl", "a"."CreatedAt", "a"."CreatorTier", "a"."DisplayName", "a"."Email", "a"."EmailConfirmed", "a"."LockoutEnabled", "a"."LockoutEnd", "a"."NormalizedEmail", "a"."NormalizedUserName", "a"."PasswordHash", "a"."PasswordResetCode", "a"."PasswordResetCodeExpiry", "a"."PhoneNumber", "a"."PhoneNumberConfirmed", "a"."Plan", "a"."ProfileImageUrl", "a"."Role", "a"."SecurityStamp", "a"."Status", "a"."StripeAccountId", "a"."SubscriptionEndDate", "a"."SubscriptionStatus", "a"."Tier", "a"."TwoFactorEnabled", "a"."UploadCount", "a"."UserName", "a"."VerifiedCreator", "a"."WalletBalanceCents"
      FROM "AspNetUsers" AS "a"
      WHERE "a"."NormalizedEmail" = @__normalizedEmail_0
      LIMIT 2
info: Microsoft.EntityFrameworkCore.Database.Command[20101]
      Executed DbCommand (0ms) [Parameters=[@__normalizedUserName_0='?' (Size = 48)], CommandType='Text', CommandTimeout='30']
      SELECT "a"."Id", "a"."AccessFailedCount", "a"."Bio", "a"."ConcurrencyStamp", "a"."CoverImageUrl", "a"."CreatedAt", "a"."CreatorTier", "a"."DisplayName", "a"."Email", "a"."EmailConfirmed", "a"."LockoutEnabled", "a"."LockoutEnd", "a"."NormalizedEmail", "a"."NormalizedUserName", "a"."PasswordHash", "a"."PasswordResetCode", "a"."PasswordResetCodeExpiry", "a"."PhoneNumber", "a"."PhoneNumberConfirmed", "a"."Plan", "a"."ProfileImageUrl", "a"."Role", "a"."SecurityStamp", "a"."Status", "a"."StripeAccountId", "a"."SubscriptionEndDate", "a"."SubscriptionStatus", "a"."Tier", "a"."TwoFactorEnabled", "a"."UploadCount", "a"."UserName", "a"."VerifiedCreator", "a"."WalletBalanceCents"
      FROM "AspNetUsers" AS "a"
      WHERE "a"."NormalizedUserName" = @__normalizedUserName_0
      LIMIT 1
info: Microsoft.EntityFrameworkCore.Database.Command[20101]
      Executed DbCommand (0ms) [Parameters=[@__normalizedEmail_0='?' (Size = 48)], CommandType='Text', CommandTimeout='30']
      SELECT "a"."Id", "a"."AccessFailedCount", "a"."Bio", "a"."ConcurrencyStamp", "a"."CoverImageUrl", "a"."CreatedAt", "a"."CreatorTier", "a"."DisplayName", "a"."Email", "a"."EmailConfirmed", "a"."LockoutEnabled", "a"."LockoutEnd", "a"."NormalizedEmail", "a"."NormalizedUserName", "a"."PasswordHash", "a"."PasswordResetCode", "a"."PasswordResetCodeExpiry", "a"."PhoneNumber", "a"."PhoneNumberConfirmed", "a"."Plan", "a"."ProfileImageUrl", "a"."Role", "a"."SecurityStamp", "a"."Status", "a"."StripeAccountId", "a"."SubscriptionEndDate", "a"."SubscriptionStatus", "a"."Tier", "a"."TwoFactorEnabled", "a"."UploadCount", "a"."UserName", "a"."VerifiedCreator", "a"."WalletBalanceCents"
      FROM "AspNetUsers" AS "a"
      WHERE "a"."NormalizedEmail" = @__normalizedEmail_0
      LIMIT 2
info: Microsoft.EntityFrameworkCore.Database.Command[20101]
      Executed DbCommand (0ms) [Parameters=[@p0='?' (Size = 36), @p1='?' (DbType = Int32), @p2='?', @p3='?' (Size = 36), @p4='?', @p5='?' (DbType = DateTime), @p6='?' (DbType = Int32), @p7='?' (Size = 8), @p8='?' (Size = 48), @p9='?' (DbType = Boolean), @p10='?' (DbType = Boolean), @p11='?' (DbType = DateTimeOffset), @p12='?' (Size = 48), @p13='?' (Size = 48), @p14='?' (Size = 84), @p15='?', @p16='?' (DbType = DateTime), @p17='?', @p18='?' (DbType = Boolean), @p19='?', @p20='?', @p21='?' (Size = 4), @p22='?' (Size = 32), @p23='?' (Size = 6), @p24='?', @p25='?' (DbType = DateTime), @p26='?' (Size = 8), @p27='?' (Size = 4), @p28='?' (DbType = Boolean), @p29='?' (DbType = Int32), @p30='?' (Size = 48), @p31='?' (DbType = Boolean), @p32='?' (DbType = Int64)], CommandType='Text', CommandTimeout='30']
      INSERT INTO "AspNetUsers" ("Id", "AccessFailedCount", "Bio", "ConcurrencyStamp", "CoverImageUrl", "CreatedAt", "CreatorTier", "DisplayName", "Email", "EmailConfirmed", "LockoutEnabled", "LockoutEnd", "NormalizedEmail", "NormalizedUserName", "PasswordHash", "PasswordResetCode", "PasswordResetCodeExpiry", "PhoneNumber", "PhoneNumberConfirmed", "Plan", "ProfileImageUrl", "Role", "SecurityStamp", "Status", "StripeAccountId", "SubscriptionEndDate", "SubscriptionStatus", "Tier", "TwoFactorEnabled", "UploadCount", "UserName", "VerifiedCreator", "WalletBalanceCents")
      VALUES (@p0, @p1, @p2, @p3, @p4, @p5, @p6, @p7, @p8, @p9, @p10, @p11, @p12, @p13, @p14, @p15, @p16, @p17, @p18, @p19, @p20, @p21, @p22, @p23, @p24, @p25, @p26, @p27, @p28, @p29, @p30, @p31, @p32);
info: Cambrian.Api.Controllers.AuthController[0]
      EVENT: RegisterCompleted userId:b4f504e7-2ba3-4f1d-ae9b-a7fe3173594f tier:free
info: Cambrian.Api.Middleware.RequestLoggingMiddleware[0]
      HTTP POST /auth/register  201 in 46ms [rid:47204c26a432 uid:anon]
info: Microsoft.EntityFrameworkCore.Database.Command[20101]
      Executed DbCommand (0ms) [Parameters=[@__email_0='?' (Size = 48)], CommandType='Text', CommandTimeout='30']
      SELECT "a"."Id", "a"."AccessFailedCount", "a"."Bio", "a"."ConcurrencyStamp", "a"."CoverImageUrl", "a"."CreatedAt", "a"."CreatorTier", "a"."DisplayName", "a"."Email", "a"."EmailConfirmed", "a"."LockoutEnabled", "a"."LockoutEnd", "a"."NormalizedEmail", "a"."NormalizedUserName", "a"."PasswordHash", "a"."PasswordResetCode", "a"."PasswordResetCodeExpiry", "a"."PhoneNumber", "a"."PhoneNumberConfirmed", "a"."Plan", "a"."ProfileImageUrl", "a"."Role", "a"."SecurityStamp", "a"."Status", "a"."StripeAccountId", "a"."SubscriptionEndDate", "a"."SubscriptionStatus", "a"."Tier", "a"."TwoFactorEnabled", "a"."UploadCount", "a"."UserName", "a"."VerifiedCreator", "a"."WalletBalanceCents"
      FROM "AspNetUsers" AS "a"
      WHERE "a"."Email" = @__email_0
      LIMIT 1
info: Microsoft.EntityFrameworkCore.Database.Command[20101]
      Executed DbCommand (0ms) [Parameters=[@p2='?' (Size = 36), @p3='?' (Size = 36), @p0='?' (Size = 7), @p1='?' (Size = 7)], CommandType='Text', CommandTimeout='30']
      UPDATE "AspNetUsers" SET "Role" = @p0, "Tier" = @p1
      WHERE "Id" = @p2 AND "ConcurrencyStamp" = @p3
      RETURNING 1;
info: Cambrian.Api.Controllers.AuthController[0]
      EVENT: LoginStarted
info: Microsoft.EntityFrameworkCore.Database.Command[20101]
      Executed DbCommand (0ms) [Parameters=[@__normalizedEmail_0='?' (Size = 48)], CommandType='Text', CommandTimeout='30']
      SELECT "a"."Id", "a"."AccessFailedCount", "a"."Bio", "a"."ConcurrencyStamp", "a"."CoverImageUrl", "a"."CreatedAt", "a"."CreatorTier", "a"."DisplayName", "a"."Email", "a"."EmailConfirmed", "a"."LockoutEnabled", "a"."LockoutEnd", "a"."NormalizedEmail", "a"."NormalizedUserName", "a"."PasswordHash", "a"."PasswordResetCode", "a"."PasswordResetCodeExpiry", "a"."PhoneNumber", "a"."PhoneNumberConfirmed", "a"."Plan", "a"."ProfileImageUrl", "a"."Role", "a"."SecurityStamp", "a"."Status", "a"."StripeAccountId", "a"."SubscriptionEndDate", "a"."SubscriptionStatus", "a"."Tier", "a"."TwoFactorEnabled", "a"."UploadCount", "a"."UserName", "a"."VerifiedCreator", "a"."WalletBalanceCents"
      FROM "AspNetUsers" AS "a"
      WHERE "a"."NormalizedEmail" = @__normalizedEmail_0
      LIMIT 2
info: Microsoft.EntityFrameworkCore.Database.Command[20101]
      Executed DbCommand (0ms) [Parameters=[@__normalizedUserName_0='?' (Size = 28)], CommandType='Text', CommandTimeout='30']
      SELECT "a"."Id", "a"."AccessFailedCount", "a"."Bio", "a"."ConcurrencyStamp", "a"."CoverImageUrl", "a"."CreatedAt", "a"."CreatorTier", "a"."DisplayName", "a"."Email", "a"."EmailConfirmed", "a"."LockoutEnabled", "a"."LockoutEnd", "a"."NormalizedEmail", "a"."NormalizedUserName", "a"."PasswordHash", "a"."PasswordResetCode", "a"."PasswordResetCodeExpiry", "a"."PhoneNumber", "a"."PhoneNumberConfirmed", "a"."Plan", "a"."ProfileImageUrl", "a"."Role", "a"."SecurityStamp", "a"."Status", "a"."StripeAccountId", "a"."SubscriptionEndDate", "a"."SubscriptionStatus", "a"."Tier", "a"."TwoFactorEnabled", "a"."UploadCount", "a"."UserName", "a"."VerifiedCreator", "a"."WalletBalanceCents"
      FROM "AspNetUsers" AS "a"
      WHERE "a"."NormalizedUserName" = @__normalizedUserName_0
      LIMIT 1
info: Microsoft.EntityFrameworkCore.Database.Command[20101]
      Executed DbCommand (0ms) [Parameters=[@__normalizedEmail_0='?' (Size = 28)], CommandType='Text', CommandTimeout='30']
      SELECT "a"."Id", "a"."AccessFailedCount", "a"."Bio", "a"."ConcurrencyStamp", "a"."CoverImageUrl", "a"."CreatedAt", "a"."CreatorTier", "a"."DisplayName", "a"."Email", "a"."EmailConfirmed", "a"."LockoutEnabled", "a"."LockoutEnd", "a"."NormalizedEmail", "a"."NormalizedUserName", "a"."PasswordHash", "a"."PasswordResetCode", "a"."PasswordResetCodeExpiry", "a"."PhoneNumber", "a"."PhoneNumberConfirmed", "a"."Plan", "a"."ProfileImageUrl", "a"."Role", "a"."SecurityStamp", "a"."Status", "a"."StripeAccountId", "a"."SubscriptionEndDate", "a"."SubscriptionStatus", "a"."Tier", "a"."TwoFactorEnabled", "a"."UploadCount", "a"."UserName", "a"."VerifiedCreator", "a"."WalletBalanceCents"
      FROM "AspNetUsers" AS "a"
      WHERE "a"."NormalizedEmail" = @__normalizedEmail_0
      LIMIT 2
info: Microsoft.EntityFrameworkCore.Database.Command[20101]
      Executed DbCommand (0ms) [Parameters=[@p0='?' (Size = 36), @p1='?' (DbType = Int32), @p2='?', @p3='?' (Size = 36), @p4='?', @p5='?' (DbType = DateTime), @p6='?' (DbType = Int32), @p7='?' (Size = 8), @p8='?' (Size = 28), @p9='?' (DbType = Boolean), @p10='?' (DbType = Boolean), @p11='?' (DbType = DateTimeOffset), @p12='?' (Size = 28), @p13='?' (Size = 28), @p14='?' (Size = 84), @p15='?', @p16='?' (DbType = DateTime), @p17='?', @p18='?' (DbType = Boolean), @p19='?', @p20='?', @p21='?' (Size = 4), @p22='?' (Size = 32), @p23='?' (Size = 6), @p24='?', @p25='?' (DbType = DateTime), @p26='?' (Size = 8), @p27='?' (Size = 4), @p28='?' (DbType = Boolean), @p29='?' (DbType = Int32), @p30='?' (Size = 28), @p31='?' (DbType = Boolean), @p32='?' (DbType = Int64)], CommandType='Text', CommandTimeout='30']
      INSERT INTO "AspNetUsers" ("Id", "AccessFailedCount", "Bio", "ConcurrencyStamp", "CoverImageUrl", "CreatedAt", "CreatorTier", "DisplayName", "Email", "EmailConfirmed", "LockoutEnabled", "LockoutEnd", "NormalizedEmail", "NormalizedUserName", "PasswordHash", "PasswordResetCode", "PasswordResetCodeExpiry", "PhoneNumber", "PhoneNumberConfirmed", "Plan", "ProfileImageUrl", "Role", "SecurityStamp", "Status", "StripeAccountId", "SubscriptionEndDate", "SubscriptionStatus", "Tier", "TwoFactorEnabled", "UploadCount", "UserName", "VerifiedCreator", "WalletBalanceCents")
      VALUES (@p0, @p1, @p2, @p3, @p4, @p5, @p6, @p7, @p8, @p9, @p10, @p11, @p12, @p13, @p14, @p15, @p16, @p17, @p18, @p19, @p20, @p21, @p22, @p23, @p24, @p25, @p26, @p27, @p28, @p29, @p30, @p31, @p32);
info: Cambrian.Api.Controllers.AuthController[0]
      EVENT: RegisterCompleted userId:d02cc4e0-5418-4200-a94d-0d37c43fbb59 tier:free
info: Cambrian.Api.Middleware.RequestLoggingMiddleware[0]
      HTTP POST /auth/register  201 in 77ms [rid:0a224c3fceca uid:anon]
info: Microsoft.EntityFrameworkCore.Database.Command[20101]
      Executed DbCommand (0ms) [Parameters=[@__normalizedEmail_0='?' (Size = 28)], CommandType='Text', CommandTimeout='30']
      SELECT "a"."Id", "a"."AccessFailedCount", "a"."Bio", "a"."ConcurrencyStamp", "a"."CoverImageUrl", "a"."CreatedAt", "a"."CreatorTier", "a"."DisplayName", "a"."Email", "a"."EmailConfirmed", "a"."LockoutEnabled", "a"."LockoutEnd", "a"."NormalizedEmail", "a"."NormalizedUserName", "a"."PasswordHash", "a"."PasswordResetCode", "a"."PasswordResetCodeExpiry", "a"."PhoneNumber", "a"."PhoneNumberConfirmed", "a"."Plan", "a"."ProfileImageUrl", "a"."Role", "a"."SecurityStamp", "a"."Status", "a"."StripeAccountId", "a"."SubscriptionEndDate", "a"."SubscriptionStatus", "a"."Tier", "a"."TwoFactorEnabled", "a"."UploadCount", "a"."UserName", "a"."VerifiedCreator", "a"."WalletBalanceCents"
      FROM "AspNetUsers" AS "a"
      WHERE "a"."NormalizedEmail" = @__normalizedEmail_0
      LIMIT 2
info: Microsoft.EntityFrameworkCore.Database.Command[20101]
      Executed DbCommand (0ms) [Parameters=[@p0='?' (DbType = Guid), @p1='?' (Size = 20), @p2='?' (Size = 17), @p3='?' (DbType = Int32), @p4='?', @p5='?' (DbType = DateTime), @p6='?', @p7='?' (DbType = DateTime), @p8='?' (Size = 36), @p9='?' (DbType = Guid), @p10='?', @p11='?', @p12='?' (DbType = Int32), @p13='?' (DbType = Boolean), @p14='?' (Size = 7), @p15='?' (DbType = Boolean), @p16='?' (Size = 8), @p17='?', @p18='?' (DbType = Int32), @p19='?', @p20='?' (DbType = Decimal), @p21='?' (Size = 9), @p22='?', @p23='?', @p24='?' (Size = 12), @p25='?' (Size = 6)], CommandType='Text', CommandTimeout='30']
      INSERT INTO "Tracks" ("Id", "AudioUrl", "CambrianTrackId", "CopyrightBuyoutPriceCents", "CopyrightOwnerId", "CopyrightTransferredAt", "CoverArtUrl", "CreatedAt", "CreatorId", "CreatorUuid", "Description", "Duration", "ExclusivePriceCents", "ExclusiveSold", "Genre", "Instrumental", "LicenseType", "Mood", "NonExclusivePriceCents", "OriginalCreatorId", "Price", "Status", "Tags", "Tempo", "Title", "Visibility")
      VALUES (@p0, @p1, @p2, @p3, @p4, @p5, @p6, @p7, @p8, @p9, @p10, @p11, @p12, @p13, @p14, @p15, @p16, @p17, @p18, @p19, @p20, @p21, @p22, @p23, @p24, @p25);
info: Microsoft.EntityFrameworkCore.Database.Command[20101]
      Executed DbCommand (0ms) [Parameters=[@__normalizedUserName_0='?' (Size = 51)], CommandType='Text', CommandTimeout='30']
      SELECT "a"."Id", "a"."AccessFailedCount", "a"."Bio", "a"."ConcurrencyStamp", "a"."CoverImageUrl", "a"."CreatedAt", "a"."CreatorTier", "a"."DisplayName", "a"."Email", "a"."EmailConfirmed", "a"."LockoutEnabled", "a"."LockoutEnd", "a"."NormalizedEmail", "a"."NormalizedUserName", "a"."PasswordHash", "a"."PasswordResetCode", "a"."PasswordResetCodeExpiry", "a"."PhoneNumber", "a"."PhoneNumberConfirmed", "a"."Plan", "a"."ProfileImageUrl", "a"."Role", "a"."SecurityStamp", "a"."Status", "a"."StripeAccountId", "a"."SubscriptionEndDate", "a"."SubscriptionStatus", "a"."Tier", "a"."TwoFactorEnabled", "a"."UploadCount", "a"."UserName", "a"."VerifiedCreator", "a"."WalletBalanceCents"
      FROM "AspNetUsers" AS "a"
      WHERE "a"."NormalizedUserName" = @__normalizedUserName_0
      LIMIT 1
info: Microsoft.EntityFrameworkCore.Database.Command[20101]
      Executed DbCommand (0ms) [Parameters=[@__normalizedEmail_0='?' (Size = 51)], CommandType='Text', CommandTimeout='30']
      SELECT "a"."Id", "a"."AccessFailedCount", "a"."Bio", "a"."ConcurrencyStamp", "a"."CoverImageUrl", "a"."CreatedAt", "a"."CreatorTier", "a"."DisplayName", "a"."Email", "a"."EmailConfirmed", "a"."LockoutEnabled", "a"."LockoutEnd", "a"."NormalizedEmail", "a"."NormalizedUserName", "a"."PasswordHash", "a"."PasswordResetCode", "a"."PasswordResetCodeExpiry", "a"."PhoneNumber", "a"."PhoneNumberConfirmed", "a"."Plan", "a"."ProfileImageUrl", "a"."Role", "a"."SecurityStamp", "a"."Status", "a"."StripeAccountId", "a"."SubscriptionEndDate", "a"."SubscriptionStatus", "a"."Tier", "a"."TwoFactorEnabled", "a"."UploadCount", "a"."UserName", "a"."VerifiedCreator", "a"."WalletBalanceCents"
      FROM "AspNetUsers" AS "a"
      WHERE "a"."NormalizedEmail" = @__normalizedEmail_0
      LIMIT 2
info: Microsoft.EntityFrameworkCore.Database.Command[20101]
      Executed DbCommand (0ms) [Parameters=[@p0='?' (Size = 36), @p1='?' (DbType = Int32), @p2='?', @p3='?' (Size = 36), @p4='?', @p5='?' (DbType = DateTime), @p6='?' (DbType = Int32), @p7='?' (Size = 8), @p8='?' (Size = 51), @p9='?' (DbType = Boolean), @p10='?' (DbType = Boolean), @p11='?' (DbType = DateTimeOffset), @p12='?' (Size = 51), @p13='?' (Size = 51), @p14='?' (Size = 84), @p15='?', @p16='?' (DbType = DateTime), @p17='?', @p18='?' (DbType = Boolean), @p19='?', @p20='?', @p21='?' (Size = 4), @p22='?' (Size = 32), @p23='?' (Size = 6), @p24='?', @p25='?' (DbType = DateTime), @p26='?' (Size = 8), @p27='?' (Size = 4), @p28='?' (DbType = Boolean), @p29='?' (DbType = Int32), @p30='?' (Size = 51), @p31='?' (DbType = Boolean), @p32='?' (DbType = Int64)], CommandType='Text', CommandTimeout='30']
      INSERT INTO "AspNetUsers" ("Id", "AccessFailedCount", "Bio", "ConcurrencyStamp", "CoverImageUrl", "CreatedAt", "CreatorTier", "DisplayName", "Email", "EmailConfirmed", "LockoutEnabled", "LockoutEnd", "NormalizedEmail", "NormalizedUserName", "PasswordHash", "PasswordResetCode", "PasswordResetCodeExpiry", "PhoneNumber", "PhoneNumberConfirmed", "Plan", "ProfileImageUrl", "Role", "SecurityStamp", "Status", "StripeAccountId", "SubscriptionEndDate", "SubscriptionStatus", "Tier", "TwoFactorEnabled", "UploadCount", "UserName", "VerifiedCreator", "WalletBalanceCents")
      VALUES (@p0, @p1, @p2, @p3, @p4, @p5, @p6, @p7, @p8, @p9, @p10, @p11, @p12, @p13, @p14, @p15, @p16, @p17, @p18, @p19, @p20, @p21, @p22, @p23, @p24, @p25, @p26, @p27, @p28, @p29, @p30, @p31, @p32);
info: Cambrian.Api.Controllers.AuthController[0]
      EVENT: RegisterStarted
info: Cambrian.Api.Controllers.AuthController[0]
      EVENT: RegisterCompleted userId:7beeeca3-c50a-4883-ae4d-4b4801f57108 tier:free
info: Cambrian.Api.Middleware.RequestLoggingMiddleware[0]
      HTTP POST /auth/register  201 in 71ms [rid:3a86ad0a8b10 uid:anon]
info: Microsoft.EntityFrameworkCore.Database.Command[20101]
      Executed DbCommand (0ms) [Parameters=[], CommandType='Text', CommandTimeout='30']
      SELECT "a"."Id", "a"."AccessFailedCount", "a"."Bio", "a"."ConcurrencyStamp", "a"."CoverImageUrl", "a"."CreatedAt", "a"."CreatorTier", "a"."DisplayName", "a"."Email", "a"."EmailConfirmed", "a"."LockoutEnabled", "a"."LockoutEnd", "a"."NormalizedEmail", "a"."NormalizedUserName", "a"."PasswordHash", "a"."PasswordResetCode", "a"."PasswordResetCodeExpiry", "a"."PhoneNumber", "a"."PhoneNumberConfirmed", "a"."Plan", "a"."ProfileImageUrl", "a"."Role", "a"."SecurityStamp", "a"."Status", "a"."StripeAccountId", "a"."SubscriptionEndDate", "a"."SubscriptionStatus", "a"."Tier", "a"."TwoFactorEnabled", "a"."UploadCount", "a"."UserName", "a"."VerifiedCreator", "a"."WalletBalanceCents"
      FROM "AspNetUsers" AS "a"
info: Microsoft.EntityFrameworkCore.Database.Command[20101]
      Executed DbCommand (0ms) [Parameters=[@p2='?' (Size = 36), @p3='?' (Size = 36), @p0='?' (Size = 7), @p1='?' (Size = 7)], CommandType='Text', CommandTimeout='30']
      UPDATE "AspNetUsers" SET "Role" = @p0, "Tier" = @p1
      WHERE "Id" = @p2 AND "ConcurrencyStamp" = @p3
      RETURNING 1;
info: Cambrian.Api.Controllers.AuthController[0]
      EVENT: LoginStarted
info: Microsoft.EntityFrameworkCore.Database.Command[20101]
      Executed DbCommand (0ms) [Parameters=[@__normalizedEmail_0='?' (Size = 51)], CommandType='Text', CommandTimeout='30']
      SELECT "a"."Id", "a"."AccessFailedCount", "a"."Bio", "a"."ConcurrencyStamp", "a"."CoverImageUrl", "a"."CreatedAt", "a"."CreatorTier", "a"."DisplayName", "a"."Email", "a"."EmailConfirmed", "a"."LockoutEnabled", "a"."LockoutEnd", "a"."NormalizedEmail", "a"."NormalizedUserName", "a"."PasswordHash", "a"."PasswordResetCode", "a"."PasswordResetCodeExpiry", "a"."PhoneNumber", "a"."PhoneNumberConfirmed", "a"."Plan", "a"."ProfileImageUrl", "a"."Role", "a"."SecurityStamp", "a"."Status", "a"."StripeAccountId", "a"."SubscriptionEndDate", "a"."SubscriptionStatus", "a"."Tier", "a"."TwoFactorEnabled", "a"."UploadCount", "a"."UserName", "a"."VerifiedCreator", "a"."WalletBalanceCents"
      FROM "AspNetUsers" AS "a"
      WHERE "a"."NormalizedEmail" = @__normalizedEmail_0
      LIMIT 2
info: Microsoft.EntityFrameworkCore.Database.Command[20101]
      Executed DbCommand (0ms) [Parameters=[@__normalizedUserName_0='?' (Size = 29)], CommandType='Text', CommandTimeout='30']
      SELECT "a"."Id", "a"."AccessFailedCount", "a"."Bio", "a"."ConcurrencyStamp", "a"."CoverImageUrl", "a"."CreatedAt", "a"."CreatorTier", "a"."DisplayName", "a"."Email", "a"."EmailConfirmed", "a"."LockoutEnabled", "a"."LockoutEnd", "a"."NormalizedEmail", "a"."NormalizedUserName", "a"."PasswordHash", "a"."PasswordResetCode", "a"."PasswordResetCodeExpiry", "a"."PhoneNumber", "a"."PhoneNumberConfirmed", "a"."Plan", "a"."ProfileImageUrl", "a"."Role", "a"."SecurityStamp", "a"."Status", "a"."StripeAccountId", "a"."SubscriptionEndDate", "a"."SubscriptionStatus", "a"."Tier", "a"."TwoFactorEnabled", "a"."UploadCount", "a"."UserName", "a"."VerifiedCreator", "a"."WalletBalanceCents"
      FROM "AspNetUsers" AS "a"
      WHERE "a"."NormalizedUserName" = @__normalizedUserName_0
      LIMIT 1
info: Microsoft.EntityFrameworkCore.Database.Command[20101]
      Executed DbCommand (0ms) [Parameters=[@__normalizedEmail_0='?' (Size = 29)], CommandType='Text', CommandTimeout='30']
      SELECT "a"."Id", "a"."AccessFailedCount", "a"."Bio", "a"."ConcurrencyStamp", "a"."CoverImageUrl", "a"."CreatedAt", "a"."CreatorTier", "a"."DisplayName", "a"."Email", "a"."EmailConfirmed", "a"."LockoutEnabled", "a"."LockoutEnd", "a"."NormalizedEmail", "a"."NormalizedUserName", "a"."PasswordHash", "a"."PasswordResetCode", "a"."PasswordResetCodeExpiry", "a"."PhoneNumber", "a"."PhoneNumberConfirmed", "a"."Plan", "a"."ProfileImageUrl", "a"."Role", "a"."SecurityStamp", "a"."Status", "a"."StripeAccountId", "a"."SubscriptionEndDate", "a"."SubscriptionStatus", "a"."Tier", "a"."TwoFactorEnabled", "a"."UploadCount", "a"."UserName", "a"."VerifiedCreator", "a"."WalletBalanceCents"
      FROM "AspNetUsers" AS "a"
      WHERE "a"."NormalizedEmail" = @__normalizedEmail_0
      LIMIT 2
info: Microsoft.EntityFrameworkCore.Database.Command[20101]
      Executed DbCommand (0ms) [Parameters=[@p0='?' (Size = 36), @p1='?' (DbType = Int32), @p2='?', @p3='?' (Size = 36), @p4='?', @p5='?' (DbType = DateTime), @p6='?' (DbType = Int32), @p7='?' (Size = 8), @p8='?' (Size = 29), @p9='?' (DbType = Boolean), @p10='?' (DbType = Boolean), @p11='?' (DbType = DateTimeOffset), @p12='?' (Size = 29), @p13='?' (Size = 29), @p14='?' (Size = 84), @p15='?', @p16='?' (DbType = DateTime), @p17='?', @p18='?' (DbType = Boolean), @p19='?', @p20='?', @p21='?' (Size = 4), @p22='?' (Size = 32), @p23='?' (Size = 6), @p24='?', @p25='?' (DbType = DateTime), @p26='?' (Size = 8), @p27='?' (Size = 4), @p28='?' (DbType = Boolean), @p29='?' (DbType = Int32), @p30='?' (Size = 29), @p31='?' (DbType = Boolean), @p32='?' (DbType = Int64)], CommandType='Text', CommandTimeout='30']
      INSERT INTO "AspNetUsers" ("Id", "AccessFailedCount", "Bio", "ConcurrencyStamp", "CoverImageUrl", "CreatedAt", "CreatorTier", "DisplayName", "Email", "EmailConfirmed", "LockoutEnabled", "LockoutEnd", "NormalizedEmail", "NormalizedUserName", "PasswordHash", "PasswordResetCode", "PasswordResetCodeExpiry", "PhoneNumber", "PhoneNumberConfirmed", "Plan", "ProfileImageUrl", "Role", "SecurityStamp", "Status", "StripeAccountId", "SubscriptionEndDate", "SubscriptionStatus", "Tier", "TwoFactorEnabled", "UploadCount", "UserName", "VerifiedCreator", "WalletBalanceCents")
      VALUES (@p0, @p1, @p2, @p3, @p4, @p5, @p6, @p7, @p8, @p9, @p10, @p11, @p12, @p13, @p14, @p15, @p16, @p17, @p18, @p19, @p20, @p21, @p22, @p23, @p24, @p25, @p26, @p27, @p28, @p29, @p30, @p31, @p32);
info: Cambrian.Api.Controllers.AuthController[0]
      EVENT: RegisterCompleted userId:76450239-a78c-4b57-9a79-616666478ccd tier:free
info: Cambrian.Api.Middleware.RequestLoggingMiddleware[0]
      HTTP POST /auth/register  201 in 59ms [rid:9d2e76fcc1cc uid:anon]
info: Cambrian.Api.Middleware.RequestLoggingMiddleware[0]
      HTTP GET /download/efda1415-6e76-49da-83d2-d5b2c4d3108d  401 in 0ms [rid:ba2693c8c518 uid:anon]
[xUnit.net 00:00:01.91]     Cambrian.Api.Tests.DownloadTests.Download_WithoutPurchase_Returns403 [FAIL]
[xUnit.net 00:00:01.91]       Assert.Equal() Failure: Values differ
[xUnit.net 00:00:01.91]       Expected: Forbidden
[xUnit.net 00:00:01.91]       Actual:   Unauthorized
[xUnit.net 00:00:01.91]       Stack Trace:
[xUnit.net 00:00:01.91]         C:\Users\logan\cambrian-push-temp\tests\Cambrian.Api.Tests\DownloadTests.cs(60,0): at Cambrian.Api.Tests.DownloadTests.Download_WithoutPurchase_Returns403()
[xUnit.net 00:00:01.91]         --- End of stack trace from previous location ---
info: Microsoft.EntityFrameworkCore.Database.Command[20101]
      Executed DbCommand (0ms) [Parameters=[@__normalizedUserName_0='?' (Size = 24)], CommandType='Text', CommandTimeout='30']
      SELECT "a"."Id", "a"."AccessFailedCount", "a"."Bio", "a"."ConcurrencyStamp", "a"."CoverImageUrl", "a"."CreatedAt", "a"."CreatorTier", "a"."DisplayName", "a"."Email", "a"."EmailConfirmed", "a"."LockoutEnabled", "a"."LockoutEnd", "a"."NormalizedEmail", "a"."NormalizedUserName", "a"."PasswordHash", "a"."PasswordResetCode", "a"."PasswordResetCodeExpiry", "a"."PhoneNumber", "a"."PhoneNumberConfirmed", "a"."Plan", "a"."ProfileImageUrl", "a"."Role", "a"."SecurityStamp", "a"."Status", "a"."StripeAccountId", "a"."SubscriptionEndDate", "a"."SubscriptionStatus", "a"."Tier", "a"."TwoFactorEnabled", "a"."UploadCount", "a"."UserName", "a"."VerifiedCreator", "a"."WalletBalanceCents"
      FROM "AspNetUsers" AS "a"
      WHERE "a"."NormalizedUserName" = @__normalizedUserName_0
      LIMIT 1
info: Microsoft.EntityFrameworkCore.Database.Command[20101]
      Executed DbCommand (0ms) [Parameters=[@__normalizedEmail_0='?' (Size = 24)], CommandType='Text', CommandTimeout='30']
      SELECT "a"."Id", "a"."AccessFailedCount", "a"."Bio", "a"."ConcurrencyStamp", "a"."CoverImageUrl", "a"."CreatedAt", "a"."CreatorTier", "a"."DisplayName", "a"."Email", "a"."EmailConfirmed", "a"."LockoutEnabled", "a"."LockoutEnd", "a"."NormalizedEmail", "a"."NormalizedUserName", "a"."PasswordHash", "a"."PasswordResetCode", "a"."PasswordResetCodeExpiry", "a"."PhoneNumber", "a"."PhoneNumberConfirmed", "a"."Plan", "a"."ProfileImageUrl", "a"."Role", "a"."SecurityStamp", "a"."Status", "a"."StripeAccountId", "a"."SubscriptionEndDate", "a"."SubscriptionStatus", "a"."Tier", "a"."TwoFactorEnabled", "a"."UploadCount", "a"."UserName", "a"."VerifiedCreator", "a"."WalletBalanceCents"
      FROM "AspNetUsers" AS "a"
      WHERE "a"."NormalizedEmail" = @__normalizedEmail_0
      LIMIT 2
info: Microsoft.EntityFrameworkCore.Database.Command[20101]
      Executed DbCommand (0ms) [Parameters=[@p0='?' (Size = 36), @p1='?' (DbType = Int32), @p2='?', @p3='?' (Size = 36), @p4='?', @p5='?' (DbType = DateTime), @p6='?' (DbType = Int32), @p7='?' (Size = 8), @p8='?' (Size = 24), @p9='?' (DbType = Boolean), @p10='?' (DbType = Boolean), @p11='?' (DbType = DateTimeOffset), @p12='?' (Size = 24), @p13='?' (Size = 24), @p14='?' (Size = 84), @p15='?', @p16='?' (DbType = DateTime), @p17='?', @p18='?' (DbType = Boolean), @p19='?', @p20='?', @p21='?' (Size = 4), @p22='?' (Size = 32), @p23='?' (Size = 6), @p24='?', @p25='?' (DbType = DateTime), @p26='?' (Size = 8), @p27='?' (Size = 4), @p28='?' (DbType = Boolean), @p29='?' (DbType = Int32), @p30='?' (Size = 24), @p31='?' (DbType = Boolean), @p32='?' (DbType = Int64)], CommandType='Text', CommandTimeout='30']
      INSERT INTO "AspNetUsers" ("Id", "AccessFailedCount", "Bio", "ConcurrencyStamp", "CoverImageUrl", "CreatedAt", "CreatorTier", "DisplayName", "Email", "EmailConfirmed", "LockoutEnabled", "LockoutEnd", "NormalizedEmail", "NormalizedUserName", "PasswordHash", "PasswordResetCode", "PasswordResetCodeExpiry", "PhoneNumber", "PhoneNumberConfirmed", "Plan", "ProfileImageUrl", "Role", "SecurityStamp", "Status", "StripeAccountId", "SubscriptionEndDate", "SubscriptionStatus", "Tier", "TwoFactorEnabled", "UploadCount", "UserName", "VerifiedCreator", "WalletBalanceCents")
      VALUES (@p0, @p1, @p2, @p3, @p4, @p5, @p6, @p7, @p8, @p9, @p10, @p11, @p12, @p13, @p14, @p15, @p16, @p17, @p18, @p19, @p20, @p21, @p22, @p23, @p24, @p25, @p26, @p27, @p28, @p29, @p30, @p31, @p32);
info: Cambrian.Api.Controllers.AuthController[0]
      EVENT: RegisterCompleted userId:33e1d847-0bfa-4de2-99ff-d1615ea32363 tier:free
info: Cambrian.Api.Middleware.RequestLoggingMiddleware[0]
      HTTP POST /auth/register  201 in 62ms [rid:96dd1334e444 uid:anon]
info: Microsoft.EntityFrameworkCore.Database.Command[20101]
      Executed DbCommand (0ms) [Parameters=[@__normalizedEmail_0='?' (Size = 24)], CommandType='Text', CommandTimeout='30']
      SELECT "a"."Id", "a"."AccessFailedCount", "a"."Bio", "a"."ConcurrencyStamp", "a"."CoverImageUrl", "a"."CreatedAt", "a"."CreatorTier", "a"."DisplayName", "a"."Email", "a"."EmailConfirmed", "a"."LockoutEnabled", "a"."LockoutEnd", "a"."NormalizedEmail", "a"."NormalizedUserName", "a"."PasswordHash", "a"."PasswordResetCode", "a"."PasswordResetCodeExpiry", "a"."PhoneNumber", "a"."PhoneNumberConfirmed", "a"."Plan", "a"."ProfileImageUrl", "a"."Role", "a"."SecurityStamp", "a"."Status", "a"."StripeAccountId", "a"."SubscriptionEndDate", "a"."SubscriptionStatus", "a"."Tier", "a"."TwoFactorEnabled", "a"."UploadCount", "a"."UserName", "a"."VerifiedCreator", "a"."WalletBalanceCents"
      FROM "AspNetUsers" AS "a"
      WHERE "a"."NormalizedEmail" = @__normalizedEmail_0
      LIMIT 2
info: Cambrian.Api.Controllers.AuthController[0]
      EVENT: RegisterStarted
info: Microsoft.EntityFrameworkCore.Database.Command[20101]
      Executed DbCommand (0ms) [Parameters=[@__userId_0='?' (Size = 36)], CommandType='Text', CommandTimeout='30']
      SELECT "s"."Id", "s"."ExpiresAt", "s"."Plan", "s"."StartedAt", "s"."Status", "s"."UserId"
      FROM "Subscriptions" AS "s"
      WHERE "s"."UserId" = @__userId_0 AND "s"."Status" = 'active'
      ORDER BY "s"."StartedAt" DESC
      LIMIT 1
info: Cambrian.Api.Controllers.AuthController[0]
      EVENT: LoginCompleted userId:b4f504e7-2ba3-4f1d-ae9b-a7fe3173594f tier:free
[xUnit.net 00:00:01.92]     Cambrian.Api.Tests.StorefrontTests.PinnedTracks_ClearPins [FAIL]
info: Cambrian.Api.Middleware.RequestLoggingMiddleware[0]
      HTTP POST /auth/login  200 in 58ms [rid:6d298c783d52 uid:anon]
info: Cambrian.Api.Middleware.RequestLoggingMiddleware[0]
      HTTP PUT /creator-profile/me  401 in 0ms [rid:46ebba109dfe uid:anon]
[xUnit.net 00:00:01.92]       System.Net.Http.HttpRequestException : Response status code does not indicate success: 401 (Unauthorized).
[xUnit.net 00:00:01.92]       Stack Trace:
[xUnit.net 00:00:01.92]            at System.Net.Http.HttpResponseMessage.EnsureSuccessStatusCode()
[xUnit.net 00:00:01.92]         C:\Users\logan\cambrian-push-temp\tests\Cambrian.Api.Tests\StorefrontTests.cs(396,0): at Cambrian.Api.Tests.StorefrontTests.PinnedTracks_ClearPins()
[xUnit.net 00:00:01.92]         --- End of stack trace from previous location ---
info: Microsoft.EntityFrameworkCore.Database.Command[20101]
      Executed DbCommand (0ms) [Parameters=[@__name_0='?' (Size = 18)], CommandType='Text', CommandTimeout='30']
      SELECT "f"."Id", "f"."CreatedAt", "f"."Enabled", "f"."Name", "f"."RolloutPercentage", "f"."UpdatedAt"
      FROM "FeatureFlags" AS "f"
      WHERE "f"."Name" = @__name_0
      LIMIT 1
info: Microsoft.EntityFrameworkCore.Database.Command[20101]
      Executed DbCommand (0ms) [Parameters=[@__userId_0='?' (Size = 36)], CommandType='Text', CommandTimeout='30']
      SELECT "s"."Id", "s"."ExpiresAt", "s"."Plan", "s"."StartedAt", "s"."Status", "s"."UserId"
      FROM "Subscriptions" AS "s"
      WHERE "s"."UserId" = @__userId_0 AND "s"."Status" = 'active'
      ORDER BY "s"."StartedAt" DESC
      LIMIT 1
info: Cambrian.Api.Controllers.AuthController[0]
      EVENT: LoginCompleted userId:d64978c3-dc6a-4391-9feb-cbe9547b5994 tier:free
info: Cambrian.Api.Middleware.RequestLoggingMiddleware[0]
      HTTP POST /auth/login  200 in 73ms [rid:e6ffb894d247 uid:anon]
info: Cambrian.Api.Controllers.AuthController[0]
      EVENT: RegisterStarted
info: Cambrian.Api.Middleware.RequestLoggingMiddleware[0]
      HTTP PUT /api/creator/me  401 in 0ms [rid:a5cbe0d68314 uid:anon]
[xUnit.net 00:00:01.92]     Cambrian.Api.Tests.CreatorIdentityTests.UpdateMyProfile_DuplicateUsername_Returns409 [FAIL]
[xUnit.net 00:00:01.92]       System.Net.Http.HttpRequestException : Response status code does not indicate success: 401 (Unauthorized).
[xUnit.net 00:00:01.92]       Stack Trace:
[xUnit.net 00:00:01.92]            at System.Net.Http.HttpResponseMessage.EnsureSuccessStatusCode()
[xUnit.net 00:00:01.92]         C:\Users\logan\cambrian-push-temp\tests\Cambrian.Api.Tests\CreatorIdentityTests.cs(266,0): at Cambrian.Api.Tests.CreatorIdentityTests.UpdateMyProfile_DuplicateUsername_Returns409()
[xUnit.net 00:00:01.92]         --- End of stack trace from previous location ---
info: Cambrian.Api.Controllers.AuthController[0]
      EVENT: RegisterStarted
info: Microsoft.EntityFrameworkCore.Database.Command[20101]
      Executed DbCommand (0ms) [Parameters=[@__userId_0='?' (Size = 36)], CommandType='Text', CommandTimeout='30']
      SELECT "s"."Id", "s"."ExpiresAt", "s"."Plan", "s"."StartedAt", "s"."Status", "s"."UserId"
      FROM "Subscriptions" AS "s"
      WHERE "s"."UserId" = @__userId_0 AND "s"."Status" = 'active'
      ORDER BY "s"."StartedAt" DESC
      LIMIT 1
info: Cambrian.Api.Controllers.AuthController[0]
      EVENT: LoginCompleted userId:7beeeca3-c50a-4883-ae4d-4b4801f57108 tier:free
info: Cambrian.Api.Middleware.RequestLoggingMiddleware[0]
      HTTP POST /auth/login  200 in 46ms [rid:e6cc4aeb23d7 uid:anon]
info: Cambrian.Api.Middleware.RequestLoggingMiddleware[0]
      HTTP PUT /creator-profile/me  401 in 0ms [rid:1fc8bee65ee5 uid:anon]
[xUnit.net 00:00:01.94]     Cambrian.Api.Tests.CreatorProfileContractTests.SlugConflict_Returns409 [FAIL]
[xUnit.net 00:00:01.94]       System.Net.Http.HttpRequestException : Response status code does not indicate success: 401 (Unauthorized).
[xUnit.net 00:00:01.94]       Stack Trace:
[xUnit.net 00:00:01.94]            at System.Net.Http.HttpResponseMessage.EnsureSuccessStatusCode()
[xUnit.net 00:00:01.94]         C:\Users\logan\cambrian-push-temp\tests\Cambrian.Api.Tests\CreatorProfileContractTests.cs(189,0): at Cambrian.Api.Tests.CreatorProfileContractTests.SlugConflict_Returns409()
[xUnit.net 00:00:01.94]         --- End of stack trace from previous location ---
info: Microsoft.EntityFrameworkCore.Database.Command[20101]
      Executed DbCommand (0ms) [Parameters=[@__normalizedUserName_0='?' (Size = 26)], CommandType='Text', CommandTimeout='30']
      SELECT "a"."Id", "a"."AccessFailedCount", "a"."Bio", "a"."ConcurrencyStamp", "a"."CoverImageUrl", "a"."CreatedAt", "a"."CreatorTier", "a"."DisplayName", "a"."Email", "a"."EmailConfirmed", "a"."LockoutEnabled", "a"."LockoutEnd", "a"."NormalizedEmail", "a"."NormalizedUserName", "a"."PasswordHash", "a"."PasswordResetCode", "a"."PasswordResetCodeExpiry", "a"."PhoneNumber", "a"."PhoneNumberConfirmed", "a"."Plan", "a"."ProfileImageUrl", "a"."Role", "a"."SecurityStamp", "a"."Status", "a"."StripeAccountId", "a"."SubscriptionEndDate", "a"."SubscriptionStatus", "a"."Tier", "a"."TwoFactorEnabled", "a"."UploadCount", "a"."UserName", "a"."VerifiedCreator", "a"."WalletBalanceCents"
      FROM "AspNetUsers" AS "a"
      WHERE "a"."NormalizedUserName" = @__normalizedUserName_0
      LIMIT 1
info: Microsoft.EntityFrameworkCore.Database.Command[20101]
      Executed DbCommand (0ms) [Parameters=[@__normalizedEmail_0='?' (Size = 26)], CommandType='Text', CommandTimeout='30']
      SELECT "a"."Id", "a"."AccessFailedCount", "a"."Bio", "a"."ConcurrencyStamp", "a"."CoverImageUrl", "a"."CreatedAt", "a"."CreatorTier", "a"."DisplayName", "a"."Email", "a"."EmailConfirmed", "a"."LockoutEnabled", "a"."LockoutEnd", "a"."NormalizedEmail", "a"."NormalizedUserName", "a"."PasswordHash", "a"."PasswordResetCode", "a"."PasswordResetCodeExpiry", "a"."PhoneNumber", "a"."PhoneNumberConfirmed", "a"."Plan", "a"."ProfileImageUrl", "a"."Role", "a"."SecurityStamp", "a"."Status", "a"."StripeAccountId", "a"."SubscriptionEndDate", "a"."SubscriptionStatus", "a"."Tier", "a"."TwoFactorEnabled", "a"."UploadCount", "a"."UserName", "a"."VerifiedCreator", "a"."WalletBalanceCents"
      FROM "AspNetUsers" AS "a"
      WHERE "a"."NormalizedEmail" = @__normalizedEmail_0
      LIMIT 2
info: Microsoft.EntityFrameworkCore.Database.Command[20101]
      Executed DbCommand (0ms) [Parameters=[@p0='?' (Size = 36), @p1='?' (DbType = Int32), @p2='?', @p3='?' (Size = 36), @p4='?', @p5='?' (DbType = DateTime), @p6='?' (DbType = Int32), @p7='?' (Size = 8), @p8='?' (Size = 26), @p9='?' (DbType = Boolean), @p10='?' (DbType = Boolean), @p11='?' (DbType = DateTimeOffset), @p12='?' (Size = 26), @p13='?' (Size = 26), @p14='?' (Size = 84), @p15='?', @p16='?' (DbType = DateTime), @p17='?', @p18='?' (DbType = Boolean), @p19='?', @p20='?', @p21='?' (Size = 4), @p22='?' (Size = 32), @p23='?' (Size = 6), @p24='?', @p25='?' (DbType = DateTime), @p26='?' (Size = 8), @p27='?' (Size = 4), @p28='?' (DbType = Boolean), @p29='?' (DbType = Int32), @p30='?' (Size = 26), @p31='?' (DbType = Boolean), @p32='?' (DbType = Int64)], CommandType='Text', CommandTimeout='30']
      INSERT INTO "AspNetUsers" ("Id", "AccessFailedCount", "Bio", "ConcurrencyStamp", "CoverImageUrl", "CreatedAt", "CreatorTier", "DisplayName", "Email", "EmailConfirmed", "LockoutEnabled", "LockoutEnd", "NormalizedEmail", "NormalizedUserName", "PasswordHash", "PasswordResetCode", "PasswordResetCodeExpiry", "PhoneNumber", "PhoneNumberConfirmed", "Plan", "ProfileImageUrl", "Role", "SecurityStamp", "Status", "StripeAccountId", "SubscriptionEndDate", "SubscriptionStatus", "Tier", "TwoFactorEnabled", "UploadCount", "UserName", "VerifiedCreator", "WalletBalanceCents")
      VALUES (@p0, @p1, @p2, @p3, @p4, @p5, @p6, @p7, @p8, @p9, @p10, @p11, @p12, @p13, @p14, @p15, @p16, @p17, @p18, @p19, @p20, @p21, @p22, @p23, @p24, @p25, @p26, @p27, @p28, @p29, @p30, @p31, @p32);
info: Cambrian.Api.Controllers.AuthController[0]
      EVENT: RegisterCompleted userId:136cae9b-fcb5-4530-9ad4-992659cde8db tier:free
info: Cambrian.Api.Middleware.RequestLoggingMiddleware[0]
      HTTP POST /auth/register  201 in 66ms [rid:44946f7c5427 uid:anon]
info: Microsoft.EntityFrameworkCore.Database.Command[20101]
      Executed DbCommand (0ms) [Parameters=[@__normalizedEmail_0='?' (Size = 26)], CommandType='Text', CommandTimeout='30']
      SELECT "a"."Id", "a"."AccessFailedCount", "a"."Bio", "a"."ConcurrencyStamp", "a"."CoverImageUrl", "a"."CreatedAt", "a"."CreatorTier", "a"."DisplayName", "a"."Email", "a"."EmailConfirmed", "a"."LockoutEnabled", "a"."LockoutEnd", "a"."NormalizedEmail", "a"."NormalizedUserName", "a"."PasswordHash", "a"."PasswordResetCode", "a"."PasswordResetCodeExpiry", "a"."PhoneNumber", "a"."PhoneNumberConfirmed", "a"."Plan", "a"."ProfileImageUrl", "a"."Role", "a"."SecurityStamp", "a"."Status", "a"."StripeAccountId", "a"."SubscriptionEndDate", "a"."SubscriptionStatus", "a"."Tier", "a"."TwoFactorEnabled", "a"."UploadCount", "a"."UserName", "a"."VerifiedCreator", "a"."WalletBalanceCents"
      FROM "AspNetUsers" AS "a"
      WHERE "a"."NormalizedEmail" = @__normalizedEmail_0
      LIMIT 2
info: Cambrian.Api.Controllers.WebhookController[0]
      EVENT: StripeWebhookReceived payloadLength:318 signaturePresent:False
warn: Cambrian.Infrastructure.Stripe.StripeWebhookService[0]
      Processing webhook WITHOUT signature verification (Development only)
info: Cambrian.Infrastructure.Stripe.StripeWebhookService[0]
      Stripe webhook received (dev): checkout.session.completed
info: Microsoft.EntityFrameworkCore.Database.Command[20101]
      Executed DbCommand (0ms) [Parameters=[@__eventId_0='?' (Size = 41)], CommandType='Text', CommandTimeout='30']
      SELECT EXISTS (
          SELECT 1
          FROM "StripeWebhookEvents" AS "s"
          WHERE "s"."EventId" = @__eventId_0)
info: Microsoft.EntityFrameworkCore.Database.Command[20101]
      Executed DbCommand (0ms) [Parameters=[@__get_Item_0='?' (DbType = Guid)], CommandType='Text', CommandTimeout='30']
      SELECT "t"."Id", "t"."AudioUrl", "t"."CambrianTrackId", "t"."CopyrightBuyoutPriceCents", "t"."CopyrightOwnerId", "t"."CopyrightTransferredAt", "t"."CoverArtUrl", "t"."CreatedAt", "t"."CreatorId", "t"."CreatorUuid", "t"."Description", "t"."Duration", "t"."ExclusivePriceCents", "t"."ExclusiveSold", "t"."Genre", "t"."Instrumental", "t"."LicenseType", "t"."Mood", "t"."NonExclusivePriceCents", "t"."OriginalCreatorId", "t"."Price", "t"."Status", "t"."Tags", "t"."Tempo", "t"."Title", "t"."Visibility"
      FROM "Tracks" AS "t"
      WHERE "t"."Id" = @__get_Item_0
      LIMIT 1
info: Microsoft.EntityFrameworkCore.Database.Command[20101]
      Executed DbCommand (0ms) [Parameters=[@__userId_0='?' (Size = 36), @__trackId_1='?' (DbType = Guid), @__licenseType_2='?' (Size = 13)], CommandType='Text', CommandTimeout='30']
      SELECT "p"."Id", "p"."AmountCents", "p"."BuyerId", "p"."CompletedAt", "p"."CreatedAt", "p"."ExpiresAt", "p"."LicenseId", "p"."LicenseType", "p"."PaymentMethod", "p"."Status", "p"."StripeSessionId", "p"."TrackId", "p"."UpdatedAt", "p"."UsageType"
      FROM "Purchases" AS "p"
      WHERE "p"."BuyerId" = @__userId_0 AND "p"."TrackId" = @__trackId_1 AND "p"."LicenseType" = @__licenseType_2
      LIMIT 1
info: Cambrian.Infrastructure.Stripe.StripeWebhookService[0]
      PURCHASE_TIMELINE: Creating purchase userId:136cae9b-fcb5-4530-9ad4-992659cde8db trackId:8554702a-82f1-4db8-a4b0-f7f5b249c5a6 license:non-exclusive amount:4999c sessionId:(null)
info: Microsoft.EntityFrameworkCore.Database.Command[20101]
      Executed DbCommand (0ms) [Parameters=[@__userId_0='?' (Size = 36), @__trackId_1='?' (DbType = Guid)], CommandType='Text', CommandTimeout='30']
      SELECT "l"."Id", "l"."Artist", "l"."AudioUrl", "l"."PurchaseId", "l"."SavedAt", "l"."Title", "l"."TrackId", "l"."UserId"
      FROM "Library" AS "l"
      WHERE "l"."UserId" = @__userId_0 AND "l"."TrackId" = @__trackId_1
      LIMIT 1
info: Microsoft.EntityFrameworkCore.Database.Command[20101]
      Executed DbCommand (0ms) [Parameters=[@__p_0='?' (Size = 36)], CommandType='Text', CommandTimeout='30']
      SELECT "a"."Id", "a"."AccessFailedCount", "a"."Bio", "a"."ConcurrencyStamp", "a"."CoverImageUrl", "a"."CreatedAt", "a"."CreatorTier", "a"."DisplayName", "a"."Email", "a"."EmailConfirmed", "a"."LockoutEnabled", "a"."LockoutEnd", "a"."NormalizedEmail", "a"."NormalizedUserName", "a"."PasswordHash", "a"."PasswordResetCode", "a"."PasswordResetCodeExpiry", "a"."PhoneNumber", "a"."PhoneNumberConfirmed", "a"."Plan", "a"."ProfileImageUrl", "a"."Role", "a"."SecurityStamp", "a"."Status", "a"."StripeAccountId", "a"."SubscriptionEndDate", "a"."SubscriptionStatus", "a"."Tier", "a"."TwoFactorEnabled", "a"."UploadCount", "a"."UserName", "a"."VerifiedCreator", "a"."WalletBalanceCents"
      FROM "AspNetUsers" AS "a"
      WHERE "a"."Id" = @__p_0
      LIMIT 1
info: Cambrian.Infrastructure.Stripe.StripeWebhookService[0]
      Credited creator d02cc4e0-5418-4200-a94d-0d37c43fbb59 with 3249 cents (fee=35.00%) for track 8554702a-82f1-4db8-a4b0-f7f5b249c5a6
info: Microsoft.EntityFrameworkCore.Database.Command[20101]
      Executed DbCommand (0ms) [Parameters=[@__purchaseId_0='?' (DbType = Guid)], CommandType='Text', CommandTimeout='30']
      SELECT "l"."Id", "l"."AllowedUses", "l"."BuyerId", "l"."CopyrightOwner", "l"."CreatorId", "l"."IssuedAt", "l"."LicenseType", "l"."PurchaseId", "l"."Restrictions", "l"."TrackId", "l"."UsageType", "a"."Id", "a"."AccessFailedCount", "a"."Bio", "a"."ConcurrencyStamp", "a"."CoverImageUrl", "a"."CreatedAt", "a"."CreatorTier", "a"."DisplayName", "a"."Email", "a"."EmailConfirmed", "a"."LockoutEnabled", "a"."LockoutEnd", "a"."NormalizedEmail", "a"."NormalizedUserName", "a"."PasswordHash", "a"."PasswordResetCode", "a"."PasswordResetCodeExpiry", "a"."PhoneNumber", "a"."PhoneNumberConfirmed", "a"."Plan", "a"."ProfileImageUrl", "a"."Role", "a"."SecurityStamp", "a"."Status", "a"."StripeAccountId", "a"."SubscriptionEndDate", "a"."SubscriptionStatus", "a"."Tier", "a"."TwoFactorEnabled", "a"."UploadCount", "a"."UserName", "a"."VerifiedCreator", "a"."WalletBalanceCents", "a0"."Id", "a0"."AccessFailedCount", "a0"."Bio", "a0"."ConcurrencyStamp", "a0"."CoverImageUrl", "a0"."CreatedAt", "a0"."CreatorTier", "a0"."DisplayName", "a0"."Email", "a0"."EmailConfirmed", "a0"."LockoutEnabled", "a0"."LockoutEnd", "a0"."NormalizedEmail", "a0"."NormalizedUserName", "a0"."PasswordHash", "a0"."PasswordResetCode", "a0"."PasswordResetCodeExpiry", "a0"."PhoneNumber", "a0"."PhoneNumberConfirmed", "a0"."Plan", "a0"."ProfileImageUrl", "a0"."Role", "a0"."SecurityStamp", "a0"."Status", "a0"."StripeAccountId", "a0"."SubscriptionEndDate", "a0"."SubscriptionStatus", "a0"."Tier", "a0"."TwoFactorEnabled", "a0"."UploadCount", "a0"."UserName", "a0"."VerifiedCreator", "a0"."WalletBalanceCents"
      FROM "LicenseCertificates" AS "l"
      INNER JOIN "AspNetUsers" AS "a" ON "l"."BuyerId" = "a"."Id"
      INNER JOIN "AspNetUsers" AS "a0" ON "l"."CreatorId" = "a0"."Id"
      WHERE "l"."PurchaseId" = @__purchaseId_0
      LIMIT 1
info: Microsoft.EntityFrameworkCore.Database.Command[20101]
      Executed DbCommand (0ms) [Parameters=[@p0='?' (DbType = Guid), @p1='?' (DbType = Int32), @p2='?' (Size = 36), @p3='?' (DbType = DateTime), @p4='?' (DbType = DateTime), @p5='?' (DbType = DateTime), @p6='?' (DbType = Guid), @p7='?' (Size = 13), @p8='?' (Size = 6), @p9='?' (Size = 9), @p10='?', @p11='?' (DbType = Guid), @p12='?' (DbType = DateTime), @p13='?' (Size = 8)], CommandType='Text', CommandTimeout='30']
      INSERT INTO "Purchases" ("Id", "AmountCents", "BuyerId", "CompletedAt", "CreatedAt", "ExpiresAt", "LicenseId", "LicenseType", "PaymentMethod", "Status", "StripeSessionId", "TrackId", "UpdatedAt", "UsageType")
      VALUES (@p0, @p1, @p2, @p3, @p4, @p5, @p6, @p7, @p8, @p9, @p10, @p11, @p12, @p13);
info: Microsoft.EntityFrameworkCore.Database.Command[20101]
      Executed DbCommand (0ms) [Parameters=[@p0='?' (DbType = Guid), @p1='?' (Size = 41), @p2='?' (Size = 26), @p3='?' (Size = 318), @p4='?' (DbType = Boolean), @p5='?' (DbType = DateTime)], CommandType='Text', CommandTimeout='30']
      INSERT INTO "StripeWebhookEvents" ("Id", "EventId", "EventType", "Payload", "Processed", "ProcessedAt")
      VALUES (@p0, @p1, @p2, @p3, @p4, @p5);
info: Microsoft.EntityFrameworkCore.Database.Command[20101]
      Executed DbCommand (0ms) [Parameters=[@p0='?' (DbType = Guid), @p1='?' (DbType = Int64), @p2='?' (DbType = DateTime), @p3='?' (Size = 34), @p4='?' (DbType = Guid), @p5='?' (Size = 6), @p6='?' (Size = 36)], CommandType='Text', CommandTimeout='30']
      INSERT INTO "WalletTransactions" ("Id", "AmountCents", "CreatedAt", "Description", "RelatedPurchaseId", "Type", "UserId")
      VALUES (@p0, @p1, @p2, @p3, @p4, @p5, @p6);
info: Microsoft.EntityFrameworkCore.Database.Command[20101]
      Executed DbCommand (0ms) [Parameters=[@p0='?' (DbType = Guid), @p1='?', @p2='?' (Size = 20), @p3='?' (DbType = Guid), @p4='?' (DbType = DateTime), @p5='?' (Size = 12), @p6='?' (DbType = Guid), @p7='?' (Size = 36)], CommandType='Text', CommandTimeout='30']
      INSERT INTO "Library" ("Id", "Artist", "AudioUrl", "PurchaseId", "SavedAt", "Title", "TrackId", "UserId")
      VALUES (@p0, @p1, @p2, @p3, @p4, @p5, @p6, @p7);
info: Microsoft.EntityFrameworkCore.Database.Command[20101]
      Executed DbCommand (0ms) [Parameters=[@p0='?' (DbType = Guid), @p1='?' (Size = 148), @p2='?' (Size = 36), @p3='?' (Size = 36), @p4='?' (Size = 36), @p5='?' (DbType = DateTime), @p6='?' (Size = 13), @p7='?' (DbType = Guid), @p8='?' (Size = 126), @p9='?' (Size = 17), @p10='?' (Size = 8)], CommandType='Text', CommandTimeout='30']
      INSERT INTO "LicenseCertificates" ("Id", "AllowedUses", "BuyerId", "CopyrightOwner", "CreatorId", "IssuedAt", "LicenseType", "PurchaseId", "Restrictions", "TrackId", "UsageType")
      VALUES (@p0, @p1, @p2, @p3, @p4, @p5, @p6, @p7, @p8, @p9, @p10);
info: Cambrian.Infrastructure.Stripe.StripeWebhookService[0]
      License certificate issued: PurchaseId=f4ad0aa7-cfa0-4ec4-8a5f-71c2a143dca9 LicenseId=0805ff19-f7bd-4fb4-9334-46d5591c32ae
info: Microsoft.EntityFrameworkCore.Database.Command[20101]
      Executed DbCommand (0ms) [Parameters=[@p1='?' (DbType = Guid), @p0='?' (DbType = Guid)], CommandType='Text', CommandTimeout='30']
      UPDATE "Purchases" SET "LicenseId" = @p0
      WHERE "Id" = @p1
      RETURNING 1;
info: Cambrian.Infrastructure.Stripe.StripeWebhookService[0]
      PURCHASE_TIMELINE: Purchase complete & library granted: User=136cae9b-fcb5-4530-9ad4-992659cde8db Track=8554702a-82f1-4db8-a4b0-f7f5b249c5a6 License=non-exclusive PurchaseId=f4ad0aa7-cfa0-4ec4-8a5f-71c2a143dca9
info: Microsoft.EntityFrameworkCore.Database.Command[20101]
      Executed DbCommand (0ms) [Parameters=[@__userId_0='?' (Size = 36), @__trackId_1='?' (DbType = Guid)], CommandType='Text', CommandTimeout='30']
      SELECT EXISTS (
          SELECT 1
          FROM "Library" AS "l"
          WHERE "l"."UserId" = @__userId_0 AND "l"."TrackId" = @__trackId_1)
info: Cambrian.Api.Controllers.WebhookController[0]
      EVENT: StripeWebhookProcessed
info: Cambrian.Api.Middleware.RequestLoggingMiddleware[0]
      HTTP POST /webhook/stripe  200 in 6ms [rid:a42b98e544b1 uid:anon]
info: Cambrian.Api.Controllers.WebhookController[0]
      EVENT: StripeWebhookReceived payloadLength:318 signaturePresent:False
warn: Cambrian.Infrastructure.Stripe.StripeWebhookService[0]
      Processing webhook WITHOUT signature verification (Development only)
info: Cambrian.Infrastructure.Stripe.StripeWebhookService[0]
      Stripe webhook received (dev): checkout.session.completed
info: Microsoft.EntityFrameworkCore.Database.Command[20101]
      Executed DbCommand (0ms) [Parameters=[@__eventId_0='?' (Size = 41)], CommandType='Text', CommandTimeout='30']
      SELECT EXISTS (
          SELECT 1
          FROM "StripeWebhookEvents" AS "s"
          WHERE "s"."EventId" = @__eventId_0)
info: Cambrian.Infrastructure.Stripe.StripeWebhookService[0]
      Skipping duplicate Stripe webhook event evt_idem_3e8ff977a362438fb1bcfd9142de08a8
info: Cambrian.Api.Controllers.WebhookController[0]
      EVENT: StripeWebhookProcessed
info: Cambrian.Api.Middleware.RequestLoggingMiddleware[0]
      HTTP POST /webhook/stripe  200 in 0ms [rid:2f277474b2a0 uid:anon]
info: Microsoft.EntityFrameworkCore.Database.Command[20101]
      Executed DbCommand (0ms) [Parameters=[@__buyerId_0='?' (Size = 36), @__trackId_1='?' (DbType = Guid)], CommandType='Text', CommandTimeout='30']
      SELECT "p"."Id", "p"."AmountCents", "p"."BuyerId", "p"."CompletedAt", "p"."CreatedAt", "p"."ExpiresAt", "p"."LicenseId", "p"."LicenseType", "p"."PaymentMethod", "p"."Status", "p"."StripeSessionId", "p"."TrackId", "p"."UpdatedAt", "p"."UsageType"
      FROM "Purchases" AS "p"
      WHERE "p"."BuyerId" = @__buyerId_0 AND "p"."TrackId" = @__trackId_1
info: Microsoft.EntityFrameworkCore.Database.Command[20101]
      Executed DbCommand (0ms) [Parameters=[@__buyerId_0='?' (Size = 36), @__trackId_1='?' (DbType = Guid)], CommandType='Text', CommandTimeout='30']
      SELECT "l"."Id", "l"."Artist", "l"."AudioUrl", "l"."PurchaseId", "l"."SavedAt", "l"."Title", "l"."TrackId", "l"."UserId"
      FROM "Library" AS "l"
      WHERE "l"."UserId" = @__buyerId_0 AND "l"."TrackId" = @__trackId_1
info: Microsoft.EntityFrameworkCore.Database.Command[20101]
      Executed DbCommand (0ms) [Parameters=[@__eventId_0='?' (Size = 41)], CommandType='Text', CommandTimeout='30']
      SELECT "s"."Id", "s"."EventId", "s"."EventType", "s"."Payload", "s"."Processed", "s"."ProcessedAt"
      FROM "StripeWebhookEvents" AS "s"
      WHERE "s"."EventId" = @__eventId_0
info: Microsoft.EntityFrameworkCore.Database.Command[20101]
      Executed DbCommand (0ms) [Parameters=[@__normalizedUserName_0='?' (Size = 49)], CommandType='Text', CommandTimeout='30']
      SELECT "a"."Id", "a"."AccessFailedCount", "a"."Bio", "a"."ConcurrencyStamp", "a"."CoverImageUrl", "a"."CreatedAt", "a"."CreatorTier", "a"."DisplayName", "a"."Email", "a"."EmailConfirmed", "a"."LockoutEnabled", "a"."LockoutEnd", "a"."NormalizedEmail", "a"."NormalizedUserName", "a"."PasswordHash", "a"."PasswordResetCode", "a"."PasswordResetCodeExpiry", "a"."PhoneNumber", "a"."PhoneNumberConfirmed", "a"."Plan", "a"."ProfileImageUrl", "a"."Role", "a"."SecurityStamp", "a"."Status", "a"."StripeAccountId", "a"."SubscriptionEndDate", "a"."SubscriptionStatus", "a"."Tier", "a"."TwoFactorEnabled", "a"."UploadCount", "a"."UserName", "a"."VerifiedCreator", "a"."WalletBalanceCents"
      FROM "AspNetUsers" AS "a"
      WHERE "a"."NormalizedUserName" = @__normalizedUserName_0
      LIMIT 1
  Passed Cambrian.Api.Tests.CreatorProfileContractTests.GetBySlug_NonExistent_Returns404 [11 ms]
  Failed Cambrian.Api.Tests.LicenseCertificateIntegrationTests.LicenseCertificate_ContainsRequiredFields [286 ms]
  Error Message:
   Assert.Equal() Failure: Values differ
Expected: OK
Actual:   Unauthorized
  Stack Trace:
     at Cambrian.Api.Tests.LicenseCertificateIntegrationTests.LicenseCertificate_ContainsRequiredFields() in C:\Users\logan\cambrian-push-temp\tests\Cambrian.Api.Tests\LicenseCertificateIntegrationTests.cs:line 136
--- End of stack trace from previous location ---
  Failed Cambrian.Api.Tests.DownloadTests.Download_WithoutPurchase_Returns403 [133 ms]
  Error Message:
   Assert.Equal() Failure: Values differ
Expected: Forbidden
Actual:   Unauthorized
  Stack Trace:
     at Cambrian.Api.Tests.DownloadTests.Download_WithoutPurchase_Returns403() in C:\Users\logan\cambrian-push-temp\tests\Cambrian.Api.Tests\DownloadTests.cs:line 60
--- End of stack trace from previous location ---
  Failed Cambrian.Api.Tests.StorefrontTests.PinnedTracks_ClearPins [109 ms]
  Error Message:
   System.Net.Http.HttpRequestException : Response status code does not indicate success: 401 (Unauthorized).
  Stack Trace:
     at System.Net.Http.HttpResponseMessage.EnsureSuccessStatusCode()
   at Cambrian.Api.Tests.StorefrontTests.PinnedTracks_ClearPins() in C:\Users\logan\cambrian-push-temp\tests\Cambrian.Api.Tests\StorefrontTests.cs:line 396
--- End of stack trace from previous location ---
  Failed Cambrian.Api.Tests.CreatorIdentityTests.UpdateMyProfile_DuplicateUsername_Returns409 [136 ms]
  Error Message:
   System.Net.Http.HttpRequestException : Response status code does not indicate success: 401 (Unauthorized).
  Stack Trace:
     at System.Net.Http.HttpResponseMessage.EnsureSuccessStatusCode()
   at Cambrian.Api.Tests.CreatorIdentityTests.UpdateMyProfile_DuplicateUsername_Returns409() in C:\Users\logan\cambrian-push-temp\tests\Cambrian.Api.Tests\CreatorIdentityTests.cs:line 266
--- End of stack trace from previous location ---
  Failed Cambrian.Api.Tests.CreatorProfileContractTests.SlugConflict_Returns409 [123 ms]
  Error Message:
   System.Net.Http.HttpRequestException : Response status code does not indicate success: 401 (Unauthorized).
  Stack Trace:
     at System.Net.Http.HttpResponseMessage.EnsureSuccessStatusCode()
   at Cambrian.Api.Tests.CreatorProfileContractTests.SlugConflict_Returns409() in C:\Users\logan\cambrian-push-temp\tests\Cambrian.Api.Tests\CreatorProfileContractTests.cs:line 189
--- End of stack trace from previous location ---
  Passed Cambrian.Api.Tests.WebhookEndToEndTests.WebhookStripe_ReplayedEvent_DoesNotDuplicate [170 ms]
info: Microsoft.EntityFrameworkCore.Database.Command[20101]
      Executed DbCommand (0ms) [Parameters=[@__normalizedEmail_0='?' (Size = 49)], CommandType='Text', CommandTimeout='30']
      SELECT "a"."Id", "a"."AccessFailedCount", "a"."Bio", "a"."ConcurrencyStamp", "a"."CoverImageUrl", "a"."CreatedAt", "a"."CreatorTier", "a"."DisplayName", "a"."Email", "a"."EmailConfirmed", "a"."LockoutEnabled", "a"."LockoutEnd", "a"."NormalizedEmail", "a"."NormalizedUserName", "a"."PasswordHash", "a"."PasswordResetCode", "a"."PasswordResetCodeExpiry", "a"."PhoneNumber", "a"."PhoneNumberConfirmed", "a"."Plan", "a"."ProfileImageUrl", "a"."Role", "a"."SecurityStamp", "a"."Status", "a"."StripeAccountId", "a"."SubscriptionEndDate", "a"."SubscriptionStatus", "a"."Tier", "a"."TwoFactorEnabled", "a"."UploadCount", "a"."UserName", "a"."VerifiedCreator", "a"."WalletBalanceCents"
      FROM "AspNetUsers" AS "a"
      WHERE "a"."NormalizedEmail" = @__normalizedEmail_0
      LIMIT 2
info: Cambrian.Api.Controllers.AuthController[0]
      EVENT: RegisterStarted
info: Microsoft.EntityFrameworkCore.Database.Command[20101]
      Executed DbCommand (0ms) [Parameters=[@p0='?' (Size = 36), @p1='?' (DbType = Int32), @p2='?', @p3='?' (Size = 36), @p4='?', @p5='?' (DbType = DateTime), @p6='?' (DbType = Int32), @p7='?' (Size = 8), @p8='?' (Size = 49), @p9='?' (DbType = Boolean), @p10='?' (DbType = Boolean), @p11='?' (DbType = DateTimeOffset), @p12='?' (Size = 49), @p13='?' (Size = 49), @p14='?' (Size = 84), @p15='?', @p16='?' (DbType = DateTime), @p17='?', @p18='?' (DbType = Boolean), @p19='?', @p20='?', @p21='?' (Size = 4), @p22='?' (Size = 32), @p23='?' (Size = 6), @p24='?', @p25='?' (DbType = DateTime), @p26='?' (Size = 8), @p27='?' (Size = 4), @p28='?' (DbType = Boolean), @p29='?' (DbType = Int32), @p30='?' (Size = 49), @p31='?' (DbType = Boolean), @p32='?' (DbType = Int64)], CommandType='Text', CommandTimeout='30']
      INSERT INTO "AspNetUsers" ("Id", "AccessFailedCount", "Bio", "ConcurrencyStamp", "CoverImageUrl", "CreatedAt", "CreatorTier", "DisplayName", "Email", "EmailConfirmed", "LockoutEnabled", "LockoutEnd", "NormalizedEmail", "NormalizedUserName", "PasswordHash", "PasswordResetCode", "PasswordResetCodeExpiry", "PhoneNumber", "PhoneNumberConfirmed", "Plan", "ProfileImageUrl", "Role", "SecurityStamp", "Status", "StripeAccountId", "SubscriptionEndDate", "SubscriptionStatus", "Tier", "TwoFactorEnabled", "UploadCount", "UserName", "VerifiedCreator", "WalletBalanceCents")
      VALUES (@p0, @p1, @p2, @p3, @p4, @p5, @p6, @p7, @p8, @p9, @p10, @p11, @p12, @p13, @p14, @p15, @p16, @p17, @p18, @p19, @p20, @p21, @p22, @p23, @p24, @p25, @p26, @p27, @p28, @p29, @p30, @p31, @p32);
info: Cambrian.Api.Controllers.AuthController[0]
      EVENT: RegisterCompleted userId:2e36775c-bb96-411e-9b96-bdcde2820035 tier:free
info: Cambrian.Api.Middleware.RequestLoggingMiddleware[0]
      HTTP POST /auth/register  201 in 52ms [rid:659134090b13 uid:anon]
info: Microsoft.EntityFrameworkCore.Database.Command[20101]
      Executed DbCommand (0ms) [Parameters=[@__email_0='?' (Size = 49)], CommandType='Text', CommandTimeout='30']
      SELECT "a"."Id", "a"."AccessFailedCount", "a"."Bio", "a"."ConcurrencyStamp", "a"."CoverImageUrl", "a"."CreatedAt", "a"."CreatorTier", "a"."DisplayName", "a"."Email", "a"."EmailConfirmed", "a"."LockoutEnabled", "a"."LockoutEnd", "a"."NormalizedEmail", "a"."NormalizedUserName", "a"."PasswordHash", "a"."PasswordResetCode", "a"."PasswordResetCodeExpiry", "a"."PhoneNumber", "a"."PhoneNumberConfirmed", "a"."Plan", "a"."ProfileImageUrl", "a"."Role", "a"."SecurityStamp", "a"."Status", "a"."StripeAccountId", "a"."SubscriptionEndDate", "a"."SubscriptionStatus", "a"."Tier", "a"."TwoFactorEnabled", "a"."UploadCount", "a"."UserName", "a"."VerifiedCreator", "a"."WalletBalanceCents"
      FROM "AspNetUsers" AS "a"
      WHERE "a"."Email" = @__email_0
      LIMIT 1
info: Microsoft.EntityFrameworkCore.Database.Command[20101]
      Executed DbCommand (0ms) [Parameters=[@p2='?' (Size = 36), @p3='?' (Size = 36), @p0='?' (Size = 7), @p1='?' (Size = 7)], CommandType='Text', CommandTimeout='30']
      UPDATE "AspNetUsers" SET "Role" = @p0, "Tier" = @p1
      WHERE "Id" = @p2 AND "ConcurrencyStamp" = @p3
      RETURNING 1;
info: Cambrian.Api.Controllers.AuthController[0]
      EVENT: LoginStarted
info: Microsoft.EntityFrameworkCore.Database.Command[20101]
      Executed DbCommand (0ms) [Parameters=[@__normalizedEmail_0='?' (Size = 49)], CommandType='Text', CommandTimeout='30']
      SELECT "a"."Id", "a"."AccessFailedCount", "a"."Bio", "a"."ConcurrencyStamp", "a"."CoverImageUrl", "a"."CreatedAt", "a"."CreatorTier", "a"."DisplayName", "a"."Email", "a"."EmailConfirmed", "a"."LockoutEnabled", "a"."LockoutEnd", "a"."NormalizedEmail", "a"."NormalizedUserName", "a"."PasswordHash", "a"."PasswordResetCode", "a"."PasswordResetCodeExpiry", "a"."PhoneNumber", "a"."PhoneNumberConfirmed", "a"."Plan", "a"."ProfileImageUrl", "a"."Role", "a"."SecurityStamp", "a"."Status", "a"."StripeAccountId", "a"."SubscriptionEndDate", "a"."SubscriptionStatus", "a"."Tier", "a"."TwoFactorEnabled", "a"."UploadCount", "a"."UserName", "a"."VerifiedCreator", "a"."WalletBalanceCents"
      FROM "AspNetUsers" AS "a"
      WHERE "a"."NormalizedEmail" = @__normalizedEmail_0
      LIMIT 2
info: Microsoft.EntityFrameworkCore.Database.Command[20101]
      Executed DbCommand (0ms) [Parameters=[@__normalizedUserName_0='?' (Size = 50)], CommandType='Text', CommandTimeout='30']
      SELECT "a"."Id", "a"."AccessFailedCount", "a"."Bio", "a"."ConcurrencyStamp", "a"."CoverImageUrl", "a"."CreatedAt", "a"."CreatorTier", "a"."DisplayName", "a"."Email", "a"."EmailConfirmed", "a"."LockoutEnabled", "a"."LockoutEnd", "a"."NormalizedEmail", "a"."NormalizedUserName", "a"."PasswordHash", "a"."PasswordResetCode", "a"."PasswordResetCodeExpiry", "a"."PhoneNumber", "a"."PhoneNumberConfirmed", "a"."Plan", "a"."ProfileImageUrl", "a"."Role", "a"."SecurityStamp", "a"."Status", "a"."StripeAccountId", "a"."SubscriptionEndDate", "a"."SubscriptionStatus", "a"."Tier", "a"."TwoFactorEnabled", "a"."UploadCount", "a"."UserName", "a"."VerifiedCreator", "a"."WalletBalanceCents"
      FROM "AspNetUsers" AS "a"
      WHERE "a"."NormalizedUserName" = @__normalizedUserName_0
      LIMIT 1
info: Microsoft.EntityFrameworkCore.Database.Command[20101]
      Executed DbCommand (0ms) [Parameters=[@__normalizedEmail_0='?' (Size = 50)], CommandType='Text', CommandTimeout='30']
      SELECT "a"."Id", "a"."AccessFailedCount", "a"."Bio", "a"."ConcurrencyStamp", "a"."CoverImageUrl", "a"."CreatedAt", "a"."CreatorTier", "a"."DisplayName", "a"."Email", "a"."EmailConfirmed", "a"."LockoutEnabled", "a"."LockoutEnd", "a"."NormalizedEmail", "a"."NormalizedUserName", "a"."PasswordHash", "a"."PasswordResetCode", "a"."PasswordResetCodeExpiry", "a"."PhoneNumber", "a"."PhoneNumberConfirmed", "a"."Plan", "a"."ProfileImageUrl", "a"."Role", "a"."SecurityStamp", "a"."Status", "a"."StripeAccountId", "a"."SubscriptionEndDate", "a"."SubscriptionStatus", "a"."Tier", "a"."TwoFactorEnabled", "a"."UploadCount", "a"."UserName", "a"."VerifiedCreator", "a"."WalletBalanceCents"
      FROM "AspNetUsers" AS "a"
      WHERE "a"."NormalizedEmail" = @__normalizedEmail_0
      LIMIT 2
info: Microsoft.EntityFrameworkCore.Database.Command[20101]
      Executed DbCommand (0ms) [Parameters=[@p0='?' (Size = 36), @p1='?' (DbType = Int32), @p2='?', @p3='?' (Size = 36), @p4='?', @p5='?' (DbType = DateTime), @p6='?' (DbType = Int32), @p7='?' (Size = 8), @p8='?' (Size = 50), @p9='?' (DbType = Boolean), @p10='?' (DbType = Boolean), @p11='?' (DbType = DateTimeOffset), @p12='?' (Size = 50), @p13='?' (Size = 50), @p14='?' (Size = 84), @p15='?', @p16='?' (DbType = DateTime), @p17='?', @p18='?' (DbType = Boolean), @p19='?', @p20='?', @p21='?' (Size = 4), @p22='?' (Size = 32), @p23='?' (Size = 6), @p24='?', @p25='?' (DbType = DateTime), @p26='?' (Size = 8), @p27='?' (Size = 4), @p28='?' (DbType = Boolean), @p29='?' (DbType = Int32), @p30='?' (Size = 50), @p31='?' (DbType = Boolean), @p32='?' (DbType = Int64)], CommandType='Text', CommandTimeout='30']
      INSERT INTO "AspNetUsers" ("Id", "AccessFailedCount", "Bio", "ConcurrencyStamp", "CoverImageUrl", "CreatedAt", "CreatorTier", "DisplayName", "Email", "EmailConfirmed", "LockoutEnabled", "LockoutEnd", "NormalizedEmail", "NormalizedUserName", "PasswordHash", "PasswordResetCode", "PasswordResetCodeExpiry", "PhoneNumber", "PhoneNumberConfirmed", "Plan", "ProfileImageUrl", "Role", "SecurityStamp", "Status", "StripeAccountId", "SubscriptionEndDate", "SubscriptionStatus", "Tier", "TwoFactorEnabled", "UploadCount", "UserName", "VerifiedCreator", "WalletBalanceCents")
      VALUES (@p0, @p1, @p2, @p3, @p4, @p5, @p6, @p7, @p8, @p9, @p10, @p11, @p12, @p13, @p14, @p15, @p16, @p17, @p18, @p19, @p20, @p21, @p22, @p23, @p24, @p25, @p26, @p27, @p28, @p29, @p30, @p31, @p32);
info: Cambrian.Api.Controllers.AuthController[0]
      EVENT: RegisterCompleted userId:8c100a38-f193-4cb8-a9ef-980e59a51277 tier:free
info: Cambrian.Api.Middleware.RequestLoggingMiddleware[0]
      HTTP POST /auth/register  201 in 53ms [rid:4cf775c3161f uid:anon]
info: Microsoft.EntityFrameworkCore.Database.Command[20101]
      Executed DbCommand (0ms) [Parameters=[@__normalizedUserName_0='?' (Size = 26)], CommandType='Text', CommandTimeout='30']
      SELECT "a"."Id", "a"."AccessFailedCount", "a"."Bio", "a"."ConcurrencyStamp", "a"."CoverImageUrl", "a"."CreatedAt", "a"."CreatorTier", "a"."DisplayName", "a"."Email", "a"."EmailConfirmed", "a"."LockoutEnabled", "a"."LockoutEnd", "a"."NormalizedEmail", "a"."NormalizedUserName", "a"."PasswordHash", "a"."PasswordResetCode", "a"."PasswordResetCodeExpiry", "a"."PhoneNumber", "a"."PhoneNumberConfirmed", "a"."Plan", "a"."ProfileImageUrl", "a"."Role", "a"."SecurityStamp", "a"."Status", "a"."StripeAccountId", "a"."SubscriptionEndDate", "a"."SubscriptionStatus", "a"."Tier", "a"."TwoFactorEnabled", "a"."UploadCount", "a"."UserName", "a"."VerifiedCreator", "a"."WalletBalanceCents"
      FROM "AspNetUsers" AS "a"
      WHERE "a"."NormalizedUserName" = @__normalizedUserName_0
      LIMIT 1
info: Microsoft.EntityFrameworkCore.Database.Command[20101]
      Executed DbCommand (0ms) [Parameters=[@__normalizedEmail_0='?' (Size = 26)], CommandType='Text', CommandTimeout='30']
      SELECT "a"."Id", "a"."AccessFailedCount", "a"."Bio", "a"."ConcurrencyStamp", "a"."CoverImageUrl", "a"."CreatedAt", "a"."CreatorTier", "a"."DisplayName", "a"."Email", "a"."EmailConfirmed", "a"."LockoutEnabled", "a"."LockoutEnd", "a"."NormalizedEmail", "a"."NormalizedUserName", "a"."PasswordHash", "a"."PasswordResetCode", "a"."PasswordResetCodeExpiry", "a"."PhoneNumber", "a"."PhoneNumberConfirmed", "a"."Plan", "a"."ProfileImageUrl", "a"."Role", "a"."SecurityStamp", "a"."Status", "a"."StripeAccountId", "a"."SubscriptionEndDate", "a"."SubscriptionStatus", "a"."Tier", "a"."TwoFactorEnabled", "a"."UploadCount", "a"."UserName", "a"."VerifiedCreator", "a"."WalletBalanceCents"
      FROM "AspNetUsers" AS "a"
      WHERE "a"."NormalizedEmail" = @__normalizedEmail_0
      LIMIT 2
info: Microsoft.EntityFrameworkCore.Database.Command[20101]
      Executed DbCommand (0ms) [Parameters=[@p0='?' (Size = 36), @p1='?' (DbType = Int32), @p2='?', @p3='?' (Size = 36), @p4='?', @p5='?' (DbType = DateTime), @p6='?' (DbType = Int32), @p7='?' (Size = 8), @p8='?' (Size = 26), @p9='?' (DbType = Boolean), @p10='?' (DbType = Boolean), @p11='?' (DbType = DateTimeOffset), @p12='?' (Size = 26), @p13='?' (Size = 26), @p14='?' (Size = 84), @p15='?', @p16='?' (DbType = DateTime), @p17='?', @p18='?' (DbType = Boolean), @p19='?', @p20='?', @p21='?' (Size = 4), @p22='?' (Size = 32), @p23='?' (Size = 6), @p24='?', @p25='?' (DbType = DateTime), @p26='?' (Size = 8), @p27='?' (Size = 4), @p28='?' (DbType = Boolean), @p29='?' (DbType = Int32), @p30='?' (Size = 26), @p31='?' (DbType = Boolean), @p32='?' (DbType = Int64)], CommandType='Text', CommandTimeout='30']
      INSERT INTO "AspNetUsers" ("Id", "AccessFailedCount", "Bio", "ConcurrencyStamp", "CoverImageUrl", "CreatedAt", "CreatorTier", "DisplayName", "Email", "EmailConfirmed", "LockoutEnabled", "LockoutEnd", "NormalizedEmail", "NormalizedUserName", "PasswordHash", "PasswordResetCode", "PasswordResetCodeExpiry", "PhoneNumber", "PhoneNumberConfirmed", "Plan", "ProfileImageUrl", "Role", "SecurityStamp", "Status", "StripeAccountId", "SubscriptionEndDate", "SubscriptionStatus", "Tier", "TwoFactorEnabled", "UploadCount", "UserName", "VerifiedCreator", "WalletBalanceCents")
      VALUES (@p0, @p1, @p2, @p3, @p4, @p5, @p6, @p7, @p8, @p9, @p10, @p11, @p12, @p13, @p14, @p15, @p16, @p17, @p18, @p19, @p20, @p21, @p22, @p23, @p24, @p25, @p26, @p27, @p28, @p29, @p30, @p31, @p32);
info: Cambrian.Api.Controllers.AuthController[0]
      EVENT: RegisterCompleted userId:a59cfe41-12f9-4a68-8268-86b8e2cbb509 tier:free
info: Cambrian.Api.Middleware.RequestLoggingMiddleware[0]
      HTTP POST /auth/register  201 in 66ms [rid:cd4032a03fcc uid:anon]
info: Cambrian.Api.Controllers.AuthController[0]
      EVENT: RegisterStarted
info: Microsoft.EntityFrameworkCore.Database.Command[20101]
      Executed DbCommand (0ms) [Parameters=[@__normalizedEmail_0='?' (Size = 26)], CommandType='Text', CommandTimeout='30']
      SELECT "a"."Id", "a"."AccessFailedCount", "a"."Bio", "a"."ConcurrencyStamp", "a"."CoverImageUrl", "a"."CreatedAt", "a"."CreatorTier", "a"."DisplayName", "a"."Email", "a"."EmailConfirmed", "a"."LockoutEnabled", "a"."LockoutEnd", "a"."NormalizedEmail", "a"."NormalizedUserName", "a"."PasswordHash", "a"."PasswordResetCode", "a"."PasswordResetCodeExpiry", "a"."PhoneNumber", "a"."PhoneNumberConfirmed", "a"."Plan", "a"."ProfileImageUrl", "a"."Role", "a"."SecurityStamp", "a"."Status", "a"."StripeAccountId", "a"."SubscriptionEndDate", "a"."SubscriptionStatus", "a"."Tier", "a"."TwoFactorEnabled", "a"."UploadCount", "a"."UserName", "a"."VerifiedCreator", "a"."WalletBalanceCents"
      FROM "AspNetUsers" AS "a"
      WHERE "a"."NormalizedEmail" = @__normalizedEmail_0
      LIMIT 2
info: Microsoft.EntityFrameworkCore.Database.Command[20101]
      Executed DbCommand (0ms) [Parameters=[@__purchaseId_0='?' (DbType = Guid)], CommandType='Text', CommandTimeout='30']
      SELECT "l"."Id", "l"."AllowedUses", "l"."BuyerId", "l"."CopyrightOwner", "l"."CreatorId", "l"."IssuedAt", "l"."LicenseType", "l"."PurchaseId", "l"."Restrictions", "l"."TrackId", "l"."UsageType", "a"."Id", "a"."AccessFailedCount", "a"."Bio", "a"."ConcurrencyStamp", "a"."CoverImageUrl", "a"."CreatedAt", "a"."CreatorTier", "a"."DisplayName", "a"."Email", "a"."EmailConfirmed", "a"."LockoutEnabled", "a"."LockoutEnd", "a"."NormalizedEmail", "a"."NormalizedUserName", "a"."PasswordHash", "a"."PasswordResetCode", "a"."PasswordResetCodeExpiry", "a"."PhoneNumber", "a"."PhoneNumberConfirmed", "a"."Plan", "a"."ProfileImageUrl", "a"."Role", "a"."SecurityStamp", "a"."Status", "a"."StripeAccountId", "a"."SubscriptionEndDate", "a"."SubscriptionStatus", "a"."Tier", "a"."TwoFactorEnabled", "a"."UploadCount", "a"."UserName", "a"."VerifiedCreator", "a"."WalletBalanceCents", "a0"."Id", "a0"."AccessFailedCount", "a0"."Bio", "a0"."ConcurrencyStamp", "a0"."CoverImageUrl", "a0"."CreatedAt", "a0"."CreatorTier", "a0"."DisplayName", "a0"."Email", "a0"."EmailConfirmed", "a0"."LockoutEnabled", "a0"."LockoutEnd", "a0"."NormalizedEmail", "a0"."NormalizedUserName", "a0"."PasswordHash", "a0"."PasswordResetCode", "a0"."PasswordResetCodeExpiry", "a0"."PhoneNumber", "a0"."PhoneNumberConfirmed", "a0"."Plan", "a0"."ProfileImageUrl", "a0"."Role", "a0"."SecurityStamp", "a0"."Status", "a0"."StripeAccountId", "a0"."SubscriptionEndDate", "a0"."SubscriptionStatus", "a0"."Tier", "a0"."TwoFactorEnabled", "a0"."UploadCount", "a0"."UserName", "a0"."VerifiedCreator", "a0"."WalletBalanceCents"
      FROM "LicenseCertificates" AS "l"
      INNER JOIN "AspNetUsers" AS "a" ON "l"."BuyerId" = "a"."Id"
      INNER JOIN "AspNetUsers" AS "a0" ON "l"."CreatorId" = "a0"."Id"
      WHERE "l"."PurchaseId" = @__purchaseId_0
      LIMIT 1
info: Microsoft.EntityFrameworkCore.Database.Command[20101]
      Executed DbCommand (0ms) [Parameters=[@p0='?' (DbType = Guid), @p1='?' (Size = 148), @p2='?' (Size = 36), @p3='?' (Size = 36), @p4='?' (Size = 36), @p5='?' (DbType = DateTime), @p6='?' (Size = 13), @p7='?' (DbType = Guid), @p8='?' (Size = 126), @p9='?' (Size = 13), @p10='?' (Size = 8)], CommandType='Text', CommandTimeout='30']
      INSERT INTO "LicenseCertificates" ("Id", "AllowedUses", "BuyerId", "CopyrightOwner", "CreatorId", "IssuedAt", "LicenseType", "PurchaseId", "Restrictions", "TrackId", "UsageType")
      VALUES (@p0, @p1, @p2, @p3, @p4, @p5, @p6, @p7, @p8, @p9, @p10);
info: Microsoft.EntityFrameworkCore.Database.Command[20101]
      Executed DbCommand (0ms) [Parameters=[@__purchaseId_0='?' (DbType = Guid)], CommandType='Text', CommandTimeout='30']
      SELECT "l"."Id", "l"."AllowedUses", "l"."BuyerId", "l"."CopyrightOwner", "l"."CreatorId", "l"."IssuedAt", "l"."LicenseType", "l"."PurchaseId", "l"."Restrictions", "l"."TrackId", "l"."UsageType", "a"."Id", "a"."AccessFailedCount", "a"."Bio", "a"."ConcurrencyStamp", "a"."CoverImageUrl", "a"."CreatedAt", "a"."CreatorTier", "a"."DisplayName", "a"."Email", "a"."EmailConfirmed", "a"."LockoutEnabled", "a"."LockoutEnd", "a"."NormalizedEmail", "a"."NormalizedUserName", "a"."PasswordHash", "a"."PasswordResetCode", "a"."PasswordResetCodeExpiry", "a"."PhoneNumber", "a"."PhoneNumberConfirmed", "a"."Plan", "a"."ProfileImageUrl", "a"."Role", "a"."SecurityStamp", "a"."Status", "a"."StripeAccountId", "a"."SubscriptionEndDate", "a"."SubscriptionStatus", "a"."Tier", "a"."TwoFactorEnabled", "a"."UploadCount", "a"."UserName", "a"."VerifiedCreator", "a"."WalletBalanceCents", "a0"."Id", "a0"."AccessFailedCount", "a0"."Bio", "a0"."ConcurrencyStamp", "a0"."CoverImageUrl", "a0"."CreatedAt", "a0"."CreatorTier", "a0"."DisplayName", "a0"."Email", "a0"."EmailConfirmed", "a0"."LockoutEnabled", "a0"."LockoutEnd", "a0"."NormalizedEmail", "a0"."NormalizedUserName", "a0"."PasswordHash", "a0"."PasswordResetCode", "a0"."PasswordResetCodeExpiry", "a0"."PhoneNumber", "a0"."PhoneNumberConfirmed", "a0"."Plan", "a0"."ProfileImageUrl", "a0"."Role", "a0"."SecurityStamp", "a0"."Status", "a0"."StripeAccountId", "a0"."SubscriptionEndDate", "a0"."SubscriptionStatus", "a0"."Tier", "a0"."TwoFactorEnabled", "a0"."UploadCount", "a0"."UserName", "a0"."VerifiedCreator", "a0"."WalletBalanceCents"
      FROM "LicenseCertificates" AS "l"
      INNER JOIN "AspNetUsers" AS "a" ON "l"."BuyerId" = "a"."Id"
      INNER JOIN "AspNetUsers" AS "a0" ON "l"."CreatorId" = "a0"."Id"
      WHERE "l"."PurchaseId" = @__purchaseId_0
      LIMIT 1
info: Microsoft.EntityFrameworkCore.Database.Command[20101]
      Executed DbCommand (0ms) [Parameters=[@__purchaseId_0='?' (DbType = Guid)], CommandType='Text', CommandTimeout='30']
      SELECT COUNT(*)
      FROM "LicenseCertificates" AS "l"
      WHERE "l"."PurchaseId" = @__purchaseId_0
info: Cambrian.Api.Controllers.AuthController[0]
      EVENT: RegisterStarted
info: Microsoft.EntityFrameworkCore.Database.Command[20101]
      Executed DbCommand (0ms) [Parameters=[@__normalizedUserName_0='?' (Size = 50)], CommandType='Text', CommandTimeout='30']
      SELECT "a"."Id", "a"."AccessFailedCount", "a"."Bio", "a"."ConcurrencyStamp", "a"."CoverImageUrl", "a"."CreatedAt", "a"."CreatorTier", "a"."DisplayName", "a"."Email", "a"."EmailConfirmed", "a"."LockoutEnabled", "a"."LockoutEnd", "a"."NormalizedEmail", "a"."NormalizedUserName", "a"."PasswordHash", "a"."PasswordResetCode", "a"."PasswordResetCodeExpiry", "a"."PhoneNumber", "a"."PhoneNumberConfirmed", "a"."Plan", "a"."ProfileImageUrl", "a"."Role", "a"."SecurityStamp", "a"."Status", "a"."StripeAccountId", "a"."SubscriptionEndDate", "a"."SubscriptionStatus", "a"."Tier", "a"."TwoFactorEnabled", "a"."UploadCount", "a"."UserName", "a"."VerifiedCreator", "a"."WalletBalanceCents"
      FROM "AspNetUsers" AS "a"
      WHERE "a"."NormalizedUserName" = @__normalizedUserName_0
      LIMIT 1
info: Microsoft.EntityFrameworkCore.Database.Command[20101]
      Executed DbCommand (0ms) [Parameters=[@__normalizedEmail_0='?' (Size = 50)], CommandType='Text', CommandTimeout='30']
      SELECT "a"."Id", "a"."AccessFailedCount", "a"."Bio", "a"."ConcurrencyStamp", "a"."CoverImageUrl", "a"."CreatedAt", "a"."CreatorTier", "a"."DisplayName", "a"."Email", "a"."EmailConfirmed", "a"."LockoutEnabled", "a"."LockoutEnd", "a"."NormalizedEmail", "a"."NormalizedUserName", "a"."PasswordHash", "a"."PasswordResetCode", "a"."PasswordResetCodeExpiry", "a"."PhoneNumber", "a"."PhoneNumberConfirmed", "a"."Plan", "a"."ProfileImageUrl", "a"."Role", "a"."SecurityStamp", "a"."Status", "a"."StripeAccountId", "a"."SubscriptionEndDate", "a"."SubscriptionStatus", "a"."Tier", "a"."TwoFactorEnabled", "a"."UploadCount", "a"."UserName", "a"."VerifiedCreator", "a"."WalletBalanceCents"
      FROM "AspNetUsers" AS "a"
      WHERE "a"."NormalizedEmail" = @__normalizedEmail_0
      LIMIT 2
info: Microsoft.EntityFrameworkCore.Database.Command[20101]
      Executed DbCommand (0ms) [Parameters=[@p0='?' (Size = 36), @p1='?' (DbType = Int32), @p2='?', @p3='?' (Size = 36), @p4='?', @p5='?' (DbType = DateTime), @p6='?' (DbType = Int32), @p7='?' (Size = 8), @p8='?' (Size = 50), @p9='?' (DbType = Boolean), @p10='?' (DbType = Boolean), @p11='?' (DbType = DateTimeOffset), @p12='?' (Size = 50), @p13='?' (Size = 50), @p14='?' (Size = 84), @p15='?', @p16='?' (DbType = DateTime), @p17='?', @p18='?' (DbType = Boolean), @p19='?', @p20='?', @p21='?' (Size = 4), @p22='?' (Size = 32), @p23='?' (Size = 6), @p24='?', @p25='?' (DbType = DateTime), @p26='?' (Size = 8), @p27='?' (Size = 4), @p28='?' (DbType = Boolean), @p29='?' (DbType = Int32), @p30='?' (Size = 50), @p31='?' (DbType = Boolean), @p32='?' (DbType = Int64)], CommandType='Text', CommandTimeout='30']
      INSERT INTO "AspNetUsers" ("Id", "AccessFailedCount", "Bio", "ConcurrencyStamp", "CoverImageUrl", "CreatedAt", "CreatorTier", "DisplayName", "Email", "EmailConfirmed", "LockoutEnabled", "LockoutEnd", "NormalizedEmail", "NormalizedUserName", "PasswordHash", "PasswordResetCode", "PasswordResetCodeExpiry", "PhoneNumber", "PhoneNumberConfirmed", "Plan", "ProfileImageUrl", "Role", "SecurityStamp", "Status", "StripeAccountId", "SubscriptionEndDate", "SubscriptionStatus", "Tier", "TwoFactorEnabled", "UploadCount", "UserName", "VerifiedCreator", "WalletBalanceCents")
      VALUES (@p0, @p1, @p2, @p3, @p4, @p5, @p6, @p7, @p8, @p9, @p10, @p11, @p12, @p13, @p14, @p15, @p16, @p17, @p18, @p19, @p20, @p21, @p22, @p23, @p24, @p25, @p26, @p27, @p28, @p29, @p30, @p31, @p32);
info: Cambrian.Api.Controllers.AuthController[0]
      EVENT: RegisterCompleted userId:5ed6cefb-5b95-4e26-ad2d-39488fad7ddd tier:free
info: Cambrian.Api.Middleware.RequestLoggingMiddleware[0]
      HTTP POST /auth/register  201 in 42ms [rid:7e8219bd25ea uid:anon]
info: Microsoft.EntityFrameworkCore.Database.Command[20101]
      Executed DbCommand (0ms) [Parameters=[@__normalizedEmail_0='?' (Size = 50)], CommandType='Text', CommandTimeout='30']
      SELECT "a"."Id", "a"."AccessFailedCount", "a"."Bio", "a"."ConcurrencyStamp", "a"."CoverImageUrl", "a"."CreatedAt", "a"."CreatorTier", "a"."DisplayName", "a"."Email", "a"."EmailConfirmed", "a"."LockoutEnabled", "a"."LockoutEnd", "a"."NormalizedEmail", "a"."NormalizedUserName", "a"."PasswordHash", "a"."PasswordResetCode", "a"."PasswordResetCodeExpiry", "a"."PhoneNumber", "a"."PhoneNumberConfirmed", "a"."Plan", "a"."ProfileImageUrl", "a"."Role", "a"."SecurityStamp", "a"."Status", "a"."StripeAccountId", "a"."SubscriptionEndDate", "a"."SubscriptionStatus", "a"."Tier", "a"."TwoFactorEnabled", "a"."UploadCount", "a"."UserName", "a"."VerifiedCreator", "a"."WalletBalanceCents"
      FROM "AspNetUsers" AS "a"
      WHERE "a"."NormalizedEmail" = @__normalizedEmail_0
      LIMIT 2
info: Microsoft.EntityFrameworkCore.Database.Command[20101]
      Executed DbCommand (0ms) [Parameters=[@__normalizedEmail_0='?' (Size = 50)], CommandType='Text', CommandTimeout='30']
      SELECT "a"."Id", "a"."AccessFailedCount", "a"."Bio", "a"."ConcurrencyStamp", "a"."CoverImageUrl", "a"."CreatedAt", "a"."CreatorTier", "a"."DisplayName", "a"."Email", "a"."EmailConfirmed", "a"."LockoutEnabled", "a"."LockoutEnd", "a"."NormalizedEmail", "a"."NormalizedUserName", "a"."PasswordHash", "a"."PasswordResetCode", "a"."PasswordResetCodeExpiry", "a"."PhoneNumber", "a"."PhoneNumberConfirmed", "a"."Plan", "a"."ProfileImageUrl", "a"."Role", "a"."SecurityStamp", "a"."Status", "a"."StripeAccountId", "a"."SubscriptionEndDate", "a"."SubscriptionStatus", "a"."Tier", "a"."TwoFactorEnabled", "a"."UploadCount", "a"."UserName", "a"."VerifiedCreator", "a"."WalletBalanceCents"
      FROM "AspNetUsers" AS "a"
      WHERE "a"."NormalizedEmail" = @__normalizedEmail_0
      LIMIT 2
info: Microsoft.EntityFrameworkCore.Database.Command[20101]
      Executed DbCommand (0ms) [Parameters=[@p0='?' (DbType = Guid), @p1='?', @p2='?', @p3='?' (DbType = DateTime), @p4='?', @p5='?', @p6='?', @p7='?' (DbType = DateTime), @p8='?' (Size = 36), @p9='?' (Size = 20)], CommandType='Text', CommandTimeout='30']
      INSERT INTO "Creators" ("Id", "Bio", "CoverImageUrl", "CreatedAt", "DisplayName", "ProfileImageUrl", "SocialLinks", "UpdatedAt", "UserId", "Username")
      VALUES (@p0, @p1, @p2, @p3, @p4, @p5, @p6, @p7, @p8, @p9);
info: Microsoft.EntityFrameworkCore.Database.Command[20101]
      Executed DbCommand (0ms) [Parameters=[@p0='?' (DbType = Guid), @p1='?', @p2='?', @p3='?' (DbType = DateTime), @p4='?', @p5='?', @p6='?', @p7='?' (DbType = DateTime), @p8='?' (Size = 36), @p9='?' (Size = 20)], CommandType='Text', CommandTimeout='30']
      INSERT INTO "Creators" ("Id", "Bio", "CoverImageUrl", "CreatedAt", "DisplayName", "ProfileImageUrl", "SocialLinks", "UpdatedAt", "UserId", "Username")
      VALUES (@p0, @p1, @p2, @p3, @p4, @p5, @p6, @p7, @p8, @p9);
info: Microsoft.EntityFrameworkCore.Database.Command[20101]
      Executed DbCommand (0ms) [Parameters=[@p0='?' (DbType = Guid), @p1='?' (Size = 20), @p2='?' (Size = 17), @p3='?' (DbType = Int32), @p4='?', @p5='?' (DbType = DateTime), @p6='?', @p7='?' (DbType = DateTime), @p8='?' (Size = 36), @p9='?' (DbType = Guid), @p10='?', @p11='?', @p12='?' (DbType = Int32), @p13='?' (DbType = Boolean), @p14='?' (Size = 7), @p15='?' (DbType = Boolean), @p16='?' (Size = 8), @p17='?', @p18='?' (DbType = Int32), @p19='?', @p20='?' (DbType = Decimal), @p21='?' (Size = 9), @p22='?', @p23='?', @p24='?' (Size = 9), @p25='?' (Size = 6)], CommandType='Text', CommandTimeout='30']
      INSERT INTO "Tracks" ("Id", "AudioUrl", "CambrianTrackId", "CopyrightBuyoutPriceCents", "CopyrightOwnerId", "CopyrightTransferredAt", "CoverArtUrl", "CreatedAt", "CreatorId", "CreatorUuid", "Description", "Duration", "ExclusivePriceCents", "ExclusiveSold", "Genre", "Instrumental", "LicenseType", "Mood", "NonExclusivePriceCents", "OriginalCreatorId", "Price", "Status", "Tags", "Tempo", "Title", "Visibility")
      VALUES (@p0, @p1, @p2, @p3, @p4, @p5, @p6, @p7, @p8, @p9, @p10, @p11, @p12, @p13, @p14, @p15, @p16, @p17, @p18, @p19, @p20, @p21, @p22, @p23, @p24, @p25);
info: Microsoft.EntityFrameworkCore.Database.Command[20101]
      Executed DbCommand (0ms) [Parameters=[@__normalizedUserName_0='?' (Size = 27)], CommandType='Text', CommandTimeout='30']
      SELECT "a"."Id", "a"."AccessFailedCount", "a"."Bio", "a"."ConcurrencyStamp", "a"."CoverImageUrl", "a"."CreatedAt", "a"."CreatorTier", "a"."DisplayName", "a"."Email", "a"."EmailConfirmed", "a"."LockoutEnabled", "a"."LockoutEnd", "a"."NormalizedEmail", "a"."NormalizedUserName", "a"."PasswordHash", "a"."PasswordResetCode", "a"."PasswordResetCodeExpiry", "a"."PhoneNumber", "a"."PhoneNumberConfirmed", "a"."Plan", "a"."ProfileImageUrl", "a"."Role", "a"."SecurityStamp", "a"."Status", "a"."StripeAccountId", "a"."SubscriptionEndDate", "a"."SubscriptionStatus", "a"."Tier", "a"."TwoFactorEnabled", "a"."UploadCount", "a"."UserName", "a"."VerifiedCreator", "a"."WalletBalanceCents"
      FROM "AspNetUsers" AS "a"
      WHERE "a"."NormalizedUserName" = @__normalizedUserName_0
      LIMIT 1
info: Microsoft.EntityFrameworkCore.Database.Command[20101]
      Executed DbCommand (0ms) [Parameters=[@p0='?' (DbType = Guid), @p1='?' (Size = 20), @p2='?' (Size = 17), @p3='?' (DbType = Int32), @p4='?', @p5='?' (DbType = DateTime), @p6='?', @p7='?' (DbType = DateTime), @p8='?' (Size = 36), @p9='?' (DbType = Guid), @p10='?', @p11='?', @p12='?' (DbType = Int32), @p13='?' (DbType = Boolean), @p14='?' (Size = 7), @p15='?' (DbType = Boolean), @p16='?' (Size = 8), @p17='?', @p18='?' (DbType = Int32), @p19='?', @p20='?' (DbType = Decimal), @p21='?' (Size = 9), @p22='?', @p23='?', @p24='?' (Size = 9), @p25='?' (Size = 6)], CommandType='Text', CommandTimeout='30']
      INSERT INTO "Tracks" ("Id", "AudioUrl", "CambrianTrackId", "CopyrightBuyoutPriceCents", "CopyrightOwnerId", "CopyrightTransferredAt", "CoverArtUrl", "CreatedAt", "CreatorId", "CreatorUuid", "Description", "Duration", "ExclusivePriceCents", "ExclusiveSold", "Genre", "Instrumental", "LicenseType", "Mood", "NonExclusivePriceCents", "OriginalCreatorId", "Price", "Status", "Tags", "Tempo", "Title", "Visibility")
      VALUES (@p0, @p1, @p2, @p3, @p4, @p5, @p6, @p7, @p8, @p9, @p10, @p11, @p12, @p13, @p14, @p15, @p16, @p17, @p18, @p19, @p20, @p21, @p22, @p23, @p24, @p25);
info: Microsoft.EntityFrameworkCore.Database.Command[20101]
      Executed DbCommand (0ms) [Parameters=[@__normalizedEmail_0='?' (Size = 27)], CommandType='Text', CommandTimeout='30']
      SELECT "a"."Id", "a"."AccessFailedCount", "a"."Bio", "a"."ConcurrencyStamp", "a"."CoverImageUrl", "a"."CreatedAt", "a"."CreatorTier", "a"."DisplayName", "a"."Email", "a"."EmailConfirmed", "a"."LockoutEnabled", "a"."LockoutEnd", "a"."NormalizedEmail", "a"."NormalizedUserName", "a"."PasswordHash", "a"."PasswordResetCode", "a"."PasswordResetCodeExpiry", "a"."PhoneNumber", "a"."PhoneNumberConfirmed", "a"."Plan", "a"."ProfileImageUrl", "a"."Role", "a"."SecurityStamp", "a"."Status", "a"."StripeAccountId", "a"."SubscriptionEndDate", "a"."SubscriptionStatus", "a"."Tier", "a"."TwoFactorEnabled", "a"."UploadCount", "a"."UserName", "a"."VerifiedCreator", "a"."WalletBalanceCents"
      FROM "AspNetUsers" AS "a"
      WHERE "a"."NormalizedEmail" = @__normalizedEmail_0
      LIMIT 2
info: Microsoft.EntityFrameworkCore.Database.Command[20101]
      Executed DbCommand (0ms) [Parameters=[@p0='?' (Size = 36), @p1='?' (DbType = Int32), @p2='?', @p3='?' (Size = 36), @p4='?', @p5='?' (DbType = DateTime), @p6='?' (DbType = Int32), @p7='?' (Size = 8), @p8='?' (Size = 27), @p9='?' (DbType = Boolean), @p10='?' (DbType = Boolean), @p11='?' (DbType = DateTimeOffset), @p12='?' (Size = 27), @p13='?' (Size = 27), @p14='?' (Size = 84), @p15='?', @p16='?' (DbType = DateTime), @p17='?', @p18='?' (DbType = Boolean), @p19='?', @p20='?', @p21='?' (Size = 4), @p22='?' (Size = 32), @p23='?' (Size = 6), @p24='?', @p25='?' (DbType = DateTime), @p26='?' (Size = 8), @p27='?' (Size = 4), @p28='?' (DbType = Boolean), @p29='?' (DbType = Int32), @p30='?' (Size = 27), @p31='?' (DbType = Boolean), @p32='?' (DbType = Int64)], CommandType='Text', CommandTimeout='30']
      INSERT INTO "AspNetUsers" ("Id", "AccessFailedCount", "Bio", "ConcurrencyStamp", "CoverImageUrl", "CreatedAt", "CreatorTier", "DisplayName", "Email", "EmailConfirmed", "LockoutEnabled", "LockoutEnd", "NormalizedEmail", "NormalizedUserName", "PasswordHash", "PasswordResetCode", "PasswordResetCodeExpiry", "PhoneNumber", "PhoneNumberConfirmed", "Plan", "ProfileImageUrl", "Role", "SecurityStamp", "Status", "StripeAccountId", "SubscriptionEndDate", "SubscriptionStatus", "Tier", "TwoFactorEnabled", "UploadCount", "UserName", "VerifiedCreator", "WalletBalanceCents")
      VALUES (@p0, @p1, @p2, @p3, @p4, @p5, @p6, @p7, @p8, @p9, @p10, @p11, @p12, @p13, @p14, @p15, @p16, @p17, @p18, @p19, @p20, @p21, @p22, @p23, @p24, @p25, @p26, @p27, @p28, @p29, @p30, @p31, @p32);
info: Cambrian.Api.Controllers.AuthController[0]
      EVENT: RegisterCompleted userId:655e4d30-343f-4b87-a5e5-28be55dbda91 tier:free
info: Microsoft.EntityFrameworkCore.Database.Command[20101]
      Executed DbCommand (0ms) [Parameters=[@__creatorId_0='?' (DbType = Guid)], CommandType='Text', CommandTimeout='30']
      SELECT "c"."Id", "c"."Bio", "c"."CoverImageUrl", "c"."CreatedAt", "c"."DisplayName", "c"."ProfileImageUrl", "c"."SocialLinks", "c"."UpdatedAt", "c"."UserId", "c"."Username"
      FROM "Creators" AS "c"
      WHERE "c"."Id" = @__creatorId_0
      LIMIT 1
info: Microsoft.EntityFrameworkCore.Database.Command[20101]
      Executed DbCommand (3ms) [Parameters=[@__creatorId_0='?' (DbType = Guid)], CommandType='Text', CommandTimeout='30']
      SELECT COUNT(*)
      FROM "Tracks" AS "t"
      WHERE "t"."CreatorUuid" = @__creatorId_0
info: Microsoft.EntityFrameworkCore.Database.Command[20101]
      Executed DbCommand (0ms) [Parameters=[@__creatorId_0='?' (DbType = Guid)], CommandType='Text', CommandTimeout='30']
      SELECT COUNT(*)
      FROM "Purchases" AS "p"
      WHERE EXISTS (
          SELECT 1
          FROM "Tracks" AS "t"
          WHERE "t"."CreatorUuid" = @__creatorId_0 AND "t"."Id" = "p"."TrackId") AND "p"."Status" = 'completed'
info: Microsoft.EntityFrameworkCore.Database.Command[20101]
      Executed DbCommand (0ms) [Parameters=[@__normalizedUserName_0='?' (Size = 24)], CommandType='Text', CommandTimeout='30']
      SELECT "a"."Id", "a"."AccessFailedCount", "a"."Bio", "a"."ConcurrencyStamp", "a"."CoverImageUrl", "a"."CreatedAt", "a"."CreatorTier", "a"."DisplayName", "a"."Email", "a"."EmailConfirmed", "a"."LockoutEnabled", "a"."LockoutEnd", "a"."NormalizedEmail", "a"."NormalizedUserName", "a"."PasswordHash", "a"."PasswordResetCode", "a"."PasswordResetCodeExpiry", "a"."PhoneNumber", "a"."PhoneNumberConfirmed", "a"."Plan", "a"."ProfileImageUrl", "a"."Role", "a"."SecurityStamp", "a"."Status", "a"."StripeAccountId", "a"."SubscriptionEndDate", "a"."SubscriptionStatus", "a"."Tier", "a"."TwoFactorEnabled", "a"."UploadCount", "a"."UserName", "a"."VerifiedCreator", "a"."WalletBalanceCents"
      FROM "AspNetUsers" AS "a"
      WHERE "a"."NormalizedUserName" = @__normalizedUserName_0
      LIMIT 1
info: Microsoft.EntityFrameworkCore.Database.Command[20101]
      Executed DbCommand (0ms) [Parameters=[@__creatorId_0='?' (DbType = Guid)], CommandType='Text', CommandTimeout='30']
      SELECT "c"."Id", "c"."Bio", "c"."CoverImageUrl", "c"."CreatedAt", "c"."DisplayName", "c"."ProfileImageUrl", "c"."SocialLinks", "c"."UpdatedAt", "c"."UserId", "c"."Username"
      FROM "Creators" AS "c"
      WHERE "c"."Id" = @__creatorId_0
      LIMIT 1
info: Microsoft.EntityFrameworkCore.Database.Command[20101]
      Executed DbCommand (0ms) [Parameters=[@__normalizedEmail_0='?' (Size = 24)], CommandType='Text', CommandTimeout='30']
      SELECT "a"."Id", "a"."AccessFailedCount", "a"."Bio", "a"."ConcurrencyStamp", "a"."CoverImageUrl", "a"."CreatedAt", "a"."CreatorTier", "a"."DisplayName", "a"."Email", "a"."EmailConfirmed", "a"."LockoutEnabled", "a"."LockoutEnd", "a"."NormalizedEmail", "a"."NormalizedUserName", "a"."PasswordHash", "a"."PasswordResetCode", "a"."PasswordResetCodeExpiry", "a"."PhoneNumber", "a"."PhoneNumberConfirmed", "a"."Plan", "a"."ProfileImageUrl", "a"."Role", "a"."SecurityStamp", "a"."Status", "a"."StripeAccountId", "a"."SubscriptionEndDate", "a"."SubscriptionStatus", "a"."Tier", "a"."TwoFactorEnabled", "a"."UploadCount", "a"."UserName", "a"."VerifiedCreator", "a"."WalletBalanceCents"
      FROM "AspNetUsers" AS "a"
      WHERE "a"."NormalizedEmail" = @__normalizedEmail_0
      LIMIT 2
info: Microsoft.EntityFrameworkCore.Database.Command[20101]
      Executed DbCommand (0ms) [Parameters=[@__creatorId_0='?' (DbType = Guid), @__p_2='?' (DbType = Int32), @__p_1='?' (DbType = Int32)], CommandType='Text', CommandTimeout='30']
      SELECT "t"."Id", "t"."AudioUrl", "t"."CambrianTrackId", "t"."CopyrightBuyoutPriceCents", "t"."CopyrightOwnerId", "t"."CopyrightTransferredAt", "t"."CoverArtUrl", "t"."CreatedAt", "t"."CreatorId", "t"."CreatorUuid", "t"."Description", "t"."Duration", "t"."ExclusivePriceCents", "t"."ExclusiveSold", "t"."Genre", "t"."Instrumental", "t"."LicenseType", "t"."Mood", "t"."NonExclusivePriceCents", "t"."OriginalCreatorId", "t"."Price", "t"."Status", "t"."Tags", "t"."Tempo", "t"."Title", "t"."Visibility"
      FROM "Tracks" AS "t"
      WHERE "t"."CreatorUuid" = @__creatorId_0 AND "t"."Visibility" = 'public' AND NOT ("t"."ExclusiveSold") AND "t"."Status" <> 'copyright_transferred'
      ORDER BY "t"."CreatedAt" DESC
      LIMIT @__p_2 OFFSET @__p_1
info: Cambrian.Api.Middleware.RequestLoggingMiddleware[0]
      HTTP GET /api/creators/114913d0-c468-4d2c-bb57-bda295182de6/tracks  200 in 4ms [rid:31d7deb27870 uid:anon]
info: Microsoft.EntityFrameworkCore.Database.Command[20101]
      Executed DbCommand (0ms) [Parameters=[@p0='?' (Size = 36), @p1='?' (DbType = Int32), @p2='?', @p3='?' (Size = 36), @p4='?', @p5='?' (DbType = DateTime), @p6='?' (DbType = Int32), @p7='?' (Size = 8), @p8='?' (Size = 24), @p9='?' (DbType = Boolean), @p10='?' (DbType = Boolean), @p11='?' (DbType = DateTimeOffset), @p12='?' (Size = 24), @p13='?' (Size = 24), @p14='?' (Size = 84), @p15='?', @p16='?' (DbType = DateTime), @p17='?', @p18='?' (DbType = Boolean), @p19='?', @p20='?', @p21='?' (Size = 4), @p22='?' (Size = 32), @p23='?' (Size = 6), @p24='?', @p25='?' (DbType = DateTime), @p26='?' (Size = 8), @p27='?' (Size = 4), @p28='?' (DbType = Boolean), @p29='?' (DbType = Int32), @p30='?' (Size = 24), @p31='?' (DbType = Boolean), @p32='?' (DbType = Int64)], CommandType='Text', CommandTimeout='30']
      INSERT INTO "AspNetUsers" ("Id", "AccessFailedCount", "Bio", "ConcurrencyStamp", "CoverImageUrl", "CreatedAt", "CreatorTier", "DisplayName", "Email", "EmailConfirmed", "LockoutEnabled", "LockoutEnd", "NormalizedEmail", "NormalizedUserName", "PasswordHash", "PasswordResetCode", "PasswordResetCodeExpiry", "PhoneNumber", "PhoneNumberConfirmed", "Plan", "ProfileImageUrl", "Role", "SecurityStamp", "Status", "StripeAccountId", "SubscriptionEndDate", "SubscriptionStatus", "Tier", "TwoFactorEnabled", "UploadCount", "UserName", "VerifiedCreator", "WalletBalanceCents")
      VALUES (@p0, @p1, @p2, @p3, @p4, @p5, @p6, @p7, @p8, @p9, @p10, @p11, @p12, @p13, @p14, @p15, @p16, @p17, @p18, @p19, @p20, @p21, @p22, @p23, @p24, @p25, @p26, @p27, @p28, @p29, @p30, @p31, @p32);
info: Cambrian.Api.Controllers.AuthController[0]
      EVENT: RegisterCompleted userId:17f4a678-1877-43f4-90e3-143a1a653fea tier:free
info: Cambrian.Api.Middleware.RequestLoggingMiddleware[0]
      HTTP POST /auth/register  201 in 46ms [rid:ccfd04a4ece7 uid:anon]
info: Microsoft.EntityFrameworkCore.Database.Command[20101]
      Executed DbCommand (0ms) [Parameters=[@__userId_0='?' (Size = 36)], CommandType='Text', CommandTimeout='30']
      SELECT "s"."Id", "s"."ExpiresAt", "s"."Plan", "s"."StartedAt", "s"."Status", "s"."UserId"
      FROM "Subscriptions" AS "s"
      WHERE "s"."UserId" = @__userId_0 AND "s"."Status" = 'active'
      ORDER BY "s"."StartedAt" DESC
      LIMIT 1
info: Cambrian.Api.Controllers.AuthController[0]
      EVENT: LoginCompleted userId:2e36775c-bb96-411e-9b96-bdcde2820035 tier:free
info: Cambrian.Api.Middleware.RequestLoggingMiddleware[0]
      HTTP POST /auth/login  200 in 58ms [rid:36365cddddb7 uid:anon]
info: Microsoft.EntityFrameworkCore.Database.Command[20101]
      Executed DbCommand (0ms) [Parameters=[@__normalizedEmail_0='?' (Size = 24)], CommandType='Text', CommandTimeout='30']
      SELECT "a"."Id", "a"."AccessFailedCount", "a"."Bio", "a"."ConcurrencyStamp", "a"."CoverImageUrl", "a"."CreatedAt", "a"."CreatorTier", "a"."DisplayName", "a"."Email", "a"."EmailConfirmed", "a"."LockoutEnabled", "a"."LockoutEnd", "a"."NormalizedEmail", "a"."NormalizedUserName", "a"."PasswordHash", "a"."PasswordResetCode", "a"."PasswordResetCodeExpiry", "a"."PhoneNumber", "a"."PhoneNumberConfirmed", "a"."Plan", "a"."ProfileImageUrl", "a"."Role", "a"."SecurityStamp", "a"."Status", "a"."StripeAccountId", "a"."SubscriptionEndDate", "a"."SubscriptionStatus", "a"."Tier", "a"."TwoFactorEnabled", "a"."UploadCount", "a"."UserName", "a"."VerifiedCreator", "a"."WalletBalanceCents"
      FROM "AspNetUsers" AS "a"
      WHERE "a"."NormalizedEmail" = @__normalizedEmail_0
      LIMIT 2
info: Microsoft.EntityFrameworkCore.Database.Command[20101]
      Executed DbCommand (0ms) [Parameters=[@__normalizedEmail_0='?' (Size = 49)], CommandType='Text', CommandTimeout='30']
      SELECT "a"."Id", "a"."AccessFailedCount", "a"."Bio", "a"."ConcurrencyStamp", "a"."CoverImageUrl", "a"."CreatedAt", "a"."CreatorTier", "a"."DisplayName", "a"."Email", "a"."EmailConfirmed", "a"."LockoutEnabled", "a"."LockoutEnd", "a"."NormalizedEmail", "a"."NormalizedUserName", "a"."PasswordHash", "a"."PasswordResetCode", "a"."PasswordResetCodeExpiry", "a"."PhoneNumber", "a"."PhoneNumberConfirmed", "a"."Plan", "a"."ProfileImageUrl", "a"."Role", "a"."SecurityStamp", "a"."Status", "a"."StripeAccountId", "a"."SubscriptionEndDate", "a"."SubscriptionStatus", "a"."Tier", "a"."TwoFactorEnabled", "a"."UploadCount", "a"."UserName", "a"."VerifiedCreator", "a"."WalletBalanceCents"
      FROM "AspNetUsers" AS "a"
      WHERE "a"."NormalizedEmail" = @__normalizedEmail_0
      LIMIT 2
info: Cambrian.Api.Middleware.RequestLoggingMiddleware[0]
      HTTP PUT /creator-profile/me  401 in 0ms [rid:36bd3b120a17 uid:anon]
info: Microsoft.EntityFrameworkCore.Database.Command[20101]
      Executed DbCommand (0ms) [Parameters=[@p0='?' (DbType = Guid), @p1='?' (Size = 20), @p2='?' (Size = 17), @p3='?' (DbType = Int32), @p4='?', @p5='?' (DbType = DateTime), @p6='?', @p7='?' (DbType = DateTime), @p8='?' (Size = 36), @p9='?' (DbType = Guid), @p10='?', @p11='?', @p12='?' (DbType = Int32), @p13='?' (DbType = Boolean), @p14='?' (Size = 7), @p15='?' (DbType = Boolean), @p16='?' (Size = 8), @p17='?', @p18='?' (DbType = Int32), @p19='?', @p20='?' (DbType = Decimal), @p21='?' (Size = 9), @p22='?', @p23='?', @p24='?' (Size = 13), @p25='?' (Size = 6)], CommandType='Text', CommandTimeout='30']
      INSERT INTO "Tracks" ("Id", "AudioUrl", "CambrianTrackId", "CopyrightBuyoutPriceCents", "CopyrightOwnerId", "CopyrightTransferredAt", "CoverArtUrl", "CreatedAt", "CreatorId", "CreatorUuid", "Description", "Duration", "ExclusivePriceCents", "ExclusiveSold", "Genre", "Instrumental", "LicenseType", "Mood", "NonExclusivePriceCents", "OriginalCreatorId", "Price", "Status", "Tags", "Tempo", "Title", "Visibility")
      VALUES (@p0, @p1, @p2, @p3, @p4, @p5, @p6, @p7, @p8, @p9, @p10, @p11, @p12, @p13, @p14, @p15, @p16, @p17, @p18, @p19, @p20, @p21, @p22, @p23, @p24, @p25);
info: Cambrian.Api.Controllers.AuthController[0]
      EVENT: RegisterStarted
info: Cambrian.Api.Middleware.RequestLoggingMiddleware[0]
      HTTP PUT /api/creator/me  401 in 0ms [rid:97fc33d92f9f uid:anon]
[xUnit.net 00:00:02.04]     Cambrian.Api.Tests.StorefrontTests.Storefront_Stats_HidesEarnings_WhenToggled [FAIL]
[xUnit.net 00:00:02.04]       System.Net.Http.HttpRequestException : Response status code does not indicate success: 401 (Unauthorized).
[xUnit.net 00:00:02.04]       Stack Trace:
[xUnit.net 00:00:02.04]            at System.Net.Http.HttpResponseMessage.EnsureSuccessStatusCode()
[xUnit.net 00:00:02.04]         C:\Users\logan\cambrian-push-temp\tests\Cambrian.Api.Tests\StorefrontTests.cs(262,0): at Cambrian.Api.Tests.StorefrontTests.Storefront_Stats_HidesEarnings_WhenToggled()
[xUnit.net 00:00:02.04]         --- End of stack trace from previous location ---
info: Microsoft.EntityFrameworkCore.Database.Command[20101]
      Executed DbCommand (0ms) [Parameters=[@__name_0='?' (Size = 18)], CommandType='Text', CommandTimeout='30']
      SELECT "f"."Id", "f"."CreatedAt", "f"."Enabled", "f"."Name", "f"."RolloutPercentage", "f"."UpdatedAt"
      FROM "FeatureFlags" AS "f"
      WHERE "f"."Name" = @__name_0
      LIMIT 1
info: Microsoft.EntityFrameworkCore.Database.Command[20101]
      Executed DbCommand (0ms) [Parameters=[@__name_0='?' (Size = 18)], CommandType='Text', CommandTimeout='30']
      SELECT "f"."Id", "f"."CreatedAt", "f"."Enabled", "f"."Name", "f"."RolloutPercentage", "f"."UpdatedAt"
      FROM "FeatureFlags" AS "f"
      WHERE "f"."Name" = @__name_0
      LIMIT 1
info: Microsoft.EntityFrameworkCore.Database.Command[20101]
      Executed DbCommand (0ms) [Parameters=[@p1='?' (DbType = Guid), @p0='?' (DbType = Boolean)], CommandType='Text', CommandTimeout='30']
      UPDATE "FeatureFlags" SET "Enabled" = @p0
      WHERE "Id" = @p1
      RETURNING 1;
info: Cambrian.Api.Controllers.AuthController[0]
      EVENT: RegisterStarted
info: Cambrian.Api.Middleware.RequestLoggingMiddleware[0]
      HTTP POST /auth/register  201 in 68ms [rid:0465d181a9f3 uid:anon]
info: Microsoft.EntityFrameworkCore.Database.Command[20101]
      Executed DbCommand (0ms) [Parameters=[@__normalizedEmail_0='?' (Size = 27)], CommandType='Text', CommandTimeout='30']
      SELECT "a"."Id", "a"."AccessFailedCount", "a"."Bio", "a"."ConcurrencyStamp", "a"."CoverImageUrl", "a"."CreatedAt", "a"."CreatorTier", "a"."DisplayName", "a"."Email", "a"."EmailConfirmed", "a"."LockoutEnabled", "a"."LockoutEnd", "a"."NormalizedEmail", "a"."NormalizedUserName", "a"."PasswordHash", "a"."PasswordResetCode", "a"."PasswordResetCodeExpiry", "a"."PhoneNumber", "a"."PhoneNumberConfirmed", "a"."Plan", "a"."ProfileImageUrl", "a"."Role", "a"."SecurityStamp", "a"."Status", "a"."StripeAccountId", "a"."SubscriptionEndDate", "a"."SubscriptionStatus", "a"."Tier", "a"."TwoFactorEnabled", "a"."UploadCount", "a"."UserName", "a"."VerifiedCreator", "a"."WalletBalanceCents"
      FROM "AspNetUsers" AS "a"
      WHERE "a"."NormalizedEmail" = @__normalizedEmail_0
      LIMIT 2
info: Cambrian.Api.Controllers.WebhookController[0]
      EVENT: StripeWebhookReceived payloadLength:197 signaturePresent:False
warn: Cambrian.Infrastructure.Stripe.StripeWebhookService[0]
      Processing webhook WITHOUT signature verification (Development only)
info: Cambrian.Infrastructure.Stripe.StripeWebhookService[0]
      Stripe webhook received (dev): checkout.session.completed
warn: Cambrian.Infrastructure.Stripe.StripeWebhookService[0]
      Stripe webhook received without an event ID; idempotency unavailable for checkout.session.completed
info: Microsoft.EntityFrameworkCore.Database.Command[20101]
      Executed DbCommand (0ms) [Parameters=[@__name_0='?' (Size = 18)], CommandType='Text', CommandTimeout='30']
      SELECT "f"."Id", "f"."CreatedAt", "f"."Enabled", "f"."Name", "f"."RolloutPercentage", "f"."UpdatedAt"
      FROM "FeatureFlags" AS "f"
      WHERE "f"."Name" = @__name_0
      LIMIT 1
info: Cambrian.Api.Middleware.RequestLoggingMiddleware[0]
      HTTP GET /creator-profile/any-slug/storefront  404 in 5ms [rid:17cb2bea34d1 uid:anon]
info: Microsoft.EntityFrameworkCore.Database.Command[20101]
      Executed DbCommand (0ms) [Parameters=[@__userId_0='?' (Size = 36)], CommandType='Text', CommandTimeout='30']
      SELECT "s"."Id", "s"."ExpiresAt", "s"."Plan", "s"."StartedAt", "s"."Status", "s"."UserId"
      FROM "Subscriptions" AS "s"
      WHERE "s"."UserId" = @__userId_0 AND "s"."Status" = 'active'
      LIMIT 1
info: Microsoft.EntityFrameworkCore.Database.Command[20101]
      Executed DbCommand (0ms) [Parameters=[@__name_0='?' (Size = 18)], CommandType='Text', CommandTimeout='30']
      SELECT "f"."Id", "f"."CreatedAt", "f"."Enabled", "f"."Name", "f"."RolloutPercentage", "f"."UpdatedAt"
      FROM "FeatureFlags" AS "f"
      WHERE "f"."Name" = @__name_0
      LIMIT 1
info: Microsoft.EntityFrameworkCore.Database.Command[20101]
      Executed DbCommand (0ms) [Parameters=[@p1='?' (DbType = Guid), @p0='?' (DbType = Boolean)], CommandType='Text', CommandTimeout='30']
      UPDATE "FeatureFlags" SET "Enabled" = @p0
      WHERE "Id" = @p1
      RETURNING 1;
info: Microsoft.EntityFrameworkCore.Database.Command[20101]
      Executed DbCommand (0ms) [Parameters=[@__name_0='?' (Size = 18)], CommandType='Text', CommandTimeout='30']
      SELECT "f"."Id", "f"."CreatedAt", "f"."Enabled", "f"."Name", "f"."RolloutPercentage", "f"."UpdatedAt"
      FROM "FeatureFlags" AS "f"
      WHERE "f"."Name" = @__name_0
      LIMIT 1
info: Cambrian.Api.Controllers.AuthController[0]
      EVENT: RegisterStarted
info: Microsoft.EntityFrameworkCore.Database.Command[20101]
      Executed DbCommand (0ms) [Parameters=[@__p_0='?' (Size = 36)], CommandType='Text', CommandTimeout='30']
      SELECT "a"."Id", "a"."AccessFailedCount", "a"."Bio", "a"."ConcurrencyStamp", "a"."CoverImageUrl", "a"."CreatedAt", "a"."CreatorTier", "a"."DisplayName", "a"."Email", "a"."EmailConfirmed", "a"."LockoutEnabled", "a"."LockoutEnd", "a"."NormalizedEmail", "a"."NormalizedUserName", "a"."PasswordHash", "a"."PasswordResetCode", "a"."PasswordResetCodeExpiry", "a"."PhoneNumber", "a"."PhoneNumberConfirmed", "a"."Plan", "a"."ProfileImageUrl", "a"."Role", "a"."SecurityStamp", "a"."Status", "a"."StripeAccountId", "a"."SubscriptionEndDate", "a"."SubscriptionStatus", "a"."Tier", "a"."TwoFactorEnabled", "a"."UploadCount", "a"."UserName", "a"."VerifiedCreator", "a"."WalletBalanceCents"
      FROM "AspNetUsers" AS "a"
      WHERE "a"."Id" = @__p_0
      LIMIT 1
info: Microsoft.EntityFrameworkCore.Database.Command[20101]
      Executed DbCommand (0ms) [Parameters=[@p2='?' (Size = 36), @p3='?' (Size = 36), @p0='?' (Size = 6), @p1='?' (Size = 7)], CommandType='Text', CommandTimeout='30']
      UPDATE "AspNetUsers" SET "SubscriptionStatus" = @p0, "Tier" = @p1
      WHERE "Id" = @p2 AND "ConcurrencyStamp" = @p3
      RETURNING 1;
info: Microsoft.EntityFrameworkCore.Database.Command[20101]
      Executed DbCommand (0ms) [Parameters=[@p0='?' (DbType = Guid), @p1='?' (DbType = DateTime), @p2='?' (Size = 7), @p3='?' (DbType = DateTime), @p4='?' (Size = 6), @p5='?' (Size = 36)], CommandType='Text', CommandTimeout='30']
      INSERT INTO "Subscriptions" ("Id", "ExpiresAt", "Plan", "StartedAt", "Status", "UserId")
      VALUES (@p0, @p1, @p2, @p3, @p4, @p5);
info: Cambrian.Infrastructure.Stripe.StripeWebhookService[0]
      Subscription activated: User=655e4d30-343f-4b87-a5e5-28be55dbda91 Plan=creator
info: Cambrian.Api.Controllers.WebhookController[0]
      EVENT: StripeWebhookProcessed
info: Cambrian.Api.Middleware.RequestLoggingMiddleware[0]
      HTTP POST /webhook/stripe  200 in 12ms [rid:8ecc8f1dbcc7 uid:anon]
info: Microsoft.EntityFrameworkCore.Database.Command[20101]
      Executed DbCommand (0ms) [Parameters=[@__p_0='?' (Size = 36)], CommandType='Text', CommandTimeout='30']
      SELECT "a"."Id", "a"."AccessFailedCount", "a"."Bio", "a"."ConcurrencyStamp", "a"."CoverImageUrl", "a"."CreatedAt", "a"."CreatorTier", "a"."DisplayName", "a"."Email", "a"."EmailConfirmed", "a"."LockoutEnabled", "a"."LockoutEnd", "a"."NormalizedEmail", "a"."NormalizedUserName", "a"."PasswordHash", "a"."PasswordResetCode", "a"."PasswordResetCodeExpiry", "a"."PhoneNumber", "a"."PhoneNumberConfirmed", "a"."Plan", "a"."ProfileImageUrl", "a"."Role", "a"."SecurityStamp", "a"."Status", "a"."StripeAccountId", "a"."SubscriptionEndDate", "a"."SubscriptionStatus", "a"."Tier", "a"."TwoFactorEnabled", "a"."UploadCount", "a"."UserName", "a"."VerifiedCreator", "a"."WalletBalanceCents"
      FROM "AspNetUsers" AS "a"
      WHERE "a"."Id" = @__p_0
      LIMIT 1
info: Microsoft.EntityFrameworkCore.Database.Command[20101]
      Executed DbCommand (0ms) [Parameters=[@__userId_0='?' (Size = 36)], CommandType='Text', CommandTimeout='30']
      SELECT "s"."Id", "s"."ExpiresAt", "s"."Plan", "s"."StartedAt", "s"."Status", "s"."UserId"
      FROM "Subscriptions" AS "s"
      WHERE "s"."UserId" = @__userId_0 AND "s"."Plan" = 'creator'
      LIMIT 1
info: Microsoft.EntityFrameworkCore.Database.Command[20101]
      Executed DbCommand (0ms) [Parameters=[@__normalizedUserName_0='?' (Size = 22)], CommandType='Text', CommandTimeout='30']
      SELECT "a"."Id", "a"."AccessFailedCount", "a"."Bio", "a"."ConcurrencyStamp", "a"."CoverImageUrl", "a"."CreatedAt", "a"."CreatorTier", "a"."DisplayName", "a"."Email", "a"."EmailConfirmed", "a"."LockoutEnabled", "a"."LockoutEnd", "a"."NormalizedEmail", "a"."NormalizedUserName", "a"."PasswordHash", "a"."PasswordResetCode", "a"."PasswordResetCodeExpiry", "a"."PhoneNumber", "a"."PhoneNumberConfirmed", "a"."Plan", "a"."ProfileImageUrl", "a"."Role", "a"."SecurityStamp", "a"."Status", "a"."StripeAccountId", "a"."SubscriptionEndDate", "a"."SubscriptionStatus", "a"."Tier", "a"."TwoFactorEnabled", "a"."UploadCount", "a"."UserName", "a"."VerifiedCreator", "a"."WalletBalanceCents"
      FROM "AspNetUsers" AS "a"
      WHERE "a"."NormalizedUserName" = @__normalizedUserName_0
      LIMIT 1
info: Microsoft.EntityFrameworkCore.Database.Command[20101]
      Executed DbCommand (0ms) [Parameters=[@__normalizedEmail_0='?' (Size = 22)], CommandType='Text', CommandTimeout='30']
      SELECT "a"."Id", "a"."AccessFailedCount", "a"."Bio", "a"."ConcurrencyStamp", "a"."CoverImageUrl", "a"."CreatedAt", "a"."CreatorTier", "a"."DisplayName", "a"."Email", "a"."EmailConfirmed", "a"."LockoutEnabled", "a"."LockoutEnd", "a"."NormalizedEmail", "a"."NormalizedUserName", "a"."PasswordHash", "a"."PasswordResetCode", "a"."PasswordResetCodeExpiry", "a"."PhoneNumber", "a"."PhoneNumberConfirmed", "a"."Plan", "a"."ProfileImageUrl", "a"."Role", "a"."SecurityStamp", "a"."Status", "a"."StripeAccountId", "a"."SubscriptionEndDate", "a"."SubscriptionStatus", "a"."Tier", "a"."TwoFactorEnabled", "a"."UploadCount", "a"."UserName", "a"."VerifiedCreator", "a"."WalletBalanceCents"
      FROM "AspNetUsers" AS "a"
      WHERE "a"."NormalizedEmail" = @__normalizedEmail_0
      LIMIT 2
info: Microsoft.EntityFrameworkCore.Database.Command[20101]
      Executed DbCommand (0ms) [Parameters=[@p0='?' (Size = 36), @p1='?' (DbType = Int32), @p2='?', @p3='?' (Size = 36), @p4='?', @p5='?' (DbType = DateTime), @p6='?' (DbType = Int32), @p7='?' (Size = 8), @p8='?' (Size = 22), @p9='?' (DbType = Boolean), @p10='?' (DbType = Boolean), @p11='?' (DbType = DateTimeOffset), @p12='?' (Size = 22), @p13='?' (Size = 22), @p14='?' (Size = 84), @p15='?', @p16='?' (DbType = DateTime), @p17='?', @p18='?' (DbType = Boolean), @p19='?', @p20='?', @p21='?' (Size = 4), @p22='?' (Size = 32), @p23='?' (Size = 6), @p24='?', @p25='?' (DbType = DateTime), @p26='?' (Size = 8), @p27='?' (Size = 4), @p28='?' (DbType = Boolean), @p29='?' (DbType = Int32), @p30='?' (Size = 22), @p31='?' (DbType = Boolean), @p32='?' (DbType = Int64)], CommandType='Text', CommandTimeout='30']
      INSERT INTO "AspNetUsers" ("Id", "AccessFailedCount", "Bio", "ConcurrencyStamp", "CoverImageUrl", "CreatedAt", "CreatorTier", "DisplayName", "Email", "EmailConfirmed", "LockoutEnabled", "LockoutEnd", "NormalizedEmail", "NormalizedUserName", "PasswordHash", "PasswordResetCode", "PasswordResetCodeExpiry", "PhoneNumber", "PhoneNumberConfirmed", "Plan", "ProfileImageUrl", "Role", "SecurityStamp", "Status", "StripeAccountId", "SubscriptionEndDate", "SubscriptionStatus", "Tier", "TwoFactorEnabled", "UploadCount", "UserName", "VerifiedCreator", "WalletBalanceCents")
      VALUES (@p0, @p1, @p2, @p3, @p4, @p5, @p6, @p7, @p8, @p9, @p10, @p11, @p12, @p13, @p14, @p15, @p16, @p17, @p18, @p19, @p20, @p21, @p22, @p23, @p24, @p25, @p26, @p27, @p28, @p29, @p30, @p31, @p32);
info: Cambrian.Api.Controllers.AuthController[0]
      EVENT: RegisterCompleted userId:610fa650-e316-4bc1-ad2a-6e6a600c2dcb tier:free
info: Cambrian.Api.Middleware.RequestLoggingMiddleware[0]
      HTTP POST /auth/register  201 in 44ms [rid:3ac1861fd28b uid:anon]
info: Microsoft.EntityFrameworkCore.Database.Command[20101]
      Executed DbCommand (0ms) [Parameters=[@__normalizedEmail_0='?' (Size = 22)], CommandType='Text', CommandTimeout='30']
      SELECT "a"."Id", "a"."AccessFailedCount", "a"."Bio", "a"."ConcurrencyStamp", "a"."CoverImageUrl", "a"."CreatedAt", "a"."CreatorTier", "a"."DisplayName", "a"."Email", "a"."EmailConfirmed", "a"."LockoutEnabled", "a"."LockoutEnd", "a"."NormalizedEmail", "a"."NormalizedUserName", "a"."PasswordHash", "a"."PasswordResetCode", "a"."PasswordResetCodeExpiry", "a"."PhoneNumber", "a"."PhoneNumberConfirmed", "a"."Plan", "a"."ProfileImageUrl", "a"."Role", "a"."SecurityStamp", "a"."Status", "a"."StripeAccountId", "a"."SubscriptionEndDate", "a"."SubscriptionStatus", "a"."Tier", "a"."TwoFactorEnabled", "a"."UploadCount", "a"."UserName", "a"."VerifiedCreator", "a"."WalletBalanceCents"
      FROM "AspNetUsers" AS "a"
      WHERE "a"."NormalizedEmail" = @__normalizedEmail_0
      LIMIT 2
info: Microsoft.EntityFrameworkCore.Database.Command[20101]
      Executed DbCommand (0ms) [Parameters=[@__normalizedUserName_0='?' (Size = 52)], CommandType='Text', CommandTimeout='30']
      SELECT "a"."Id", "a"."AccessFailedCount", "a"."Bio", "a"."ConcurrencyStamp", "a"."CoverImageUrl", "a"."CreatedAt", "a"."CreatorTier", "a"."DisplayName", "a"."Email", "a"."EmailConfirmed", "a"."LockoutEnabled", "a"."LockoutEnd", "a"."NormalizedEmail", "a"."NormalizedUserName", "a"."PasswordHash", "a"."PasswordResetCode", "a"."PasswordResetCodeExpiry", "a"."PhoneNumber", "a"."PhoneNumberConfirmed", "a"."Plan", "a"."ProfileImageUrl", "a"."Role", "a"."SecurityStamp", "a"."Status", "a"."StripeAccountId", "a"."SubscriptionEndDate", "a"."SubscriptionStatus", "a"."Tier", "a"."TwoFactorEnabled", "a"."UploadCount", "a"."UserName", "a"."VerifiedCreator", "a"."WalletBalanceCents"
      FROM "AspNetUsers" AS "a"
      WHERE "a"."NormalizedUserName" = @__normalizedUserName_0
      LIMIT 1
info: Microsoft.EntityFrameworkCore.Database.Command[20101]
      Executed DbCommand (0ms) [Parameters=[@__normalizedEmail_0='?' (Size = 52)], CommandType='Text', CommandTimeout='30']
      SELECT "a"."Id", "a"."AccessFailedCount", "a"."Bio", "a"."ConcurrencyStamp", "a"."CoverImageUrl", "a"."CreatedAt", "a"."CreatorTier", "a"."DisplayName", "a"."Email", "a"."EmailConfirmed", "a"."LockoutEnabled", "a"."LockoutEnd", "a"."NormalizedEmail", "a"."NormalizedUserName", "a"."PasswordHash", "a"."PasswordResetCode", "a"."PasswordResetCodeExpiry", "a"."PhoneNumber", "a"."PhoneNumberConfirmed", "a"."Plan", "a"."ProfileImageUrl", "a"."Role", "a"."SecurityStamp", "a"."Status", "a"."StripeAccountId", "a"."SubscriptionEndDate", "a"."SubscriptionStatus", "a"."Tier", "a"."TwoFactorEnabled", "a"."UploadCount", "a"."UserName", "a"."VerifiedCreator", "a"."WalletBalanceCents"
      FROM "AspNetUsers" AS "a"
      WHERE "a"."NormalizedEmail" = @__normalizedEmail_0
      LIMIT 2
info: Cambrian.Api.Middleware.RequestLoggingMiddleware[0]
      HTTP POST /checkout  401 in 0ms [rid:6ef4e1d9a73b uid:anon]
info: Microsoft.EntityFrameworkCore.Database.Command[20101]
      Executed DbCommand (0ms) [Parameters=[@p0='?' (Size = 36), @p1='?' (DbType = Int32), @p2='?', @p3='?' (Size = 36), @p4='?', @p5='?' (DbType = DateTime), @p6='?' (DbType = Int32), @p7='?' (Size = 8), @p8='?' (Size = 52), @p9='?' (DbType = Boolean), @p10='?' (DbType = Boolean), @p11='?' (DbType = DateTimeOffset), @p12='?' (Size = 52), @p13='?' (Size = 52), @p14='?' (Size = 84), @p15='?', @p16='?' (DbType = DateTime), @p17='?', @p18='?' (DbType = Boolean), @p19='?', @p20='?', @p21='?' (Size = 4), @p22='?' (Size = 32), @p23='?' (Size = 6), @p24='?', @p25='?' (DbType = DateTime), @p26='?' (Size = 8), @p27='?' (Size = 4), @p28='?' (DbType = Boolean), @p29='?' (DbType = Int32), @p30='?' (Size = 52), @p31='?' (DbType = Boolean), @p32='?' (DbType = Int64)], CommandType='Text', CommandTimeout='30']
      INSERT INTO "AspNetUsers" ("Id", "AccessFailedCount", "Bio", "ConcurrencyStamp", "CoverImageUrl", "CreatedAt", "CreatorTier", "DisplayName", "Email", "EmailConfirmed", "LockoutEnabled", "LockoutEnd", "NormalizedEmail", "NormalizedUserName", "PasswordHash", "PasswordResetCode", "PasswordResetCodeExpiry", "PhoneNumber", "PhoneNumberConfirmed", "Plan", "ProfileImageUrl", "Role", "SecurityStamp", "Status", "StripeAccountId", "SubscriptionEndDate", "SubscriptionStatus", "Tier", "TwoFactorEnabled", "UploadCount", "UserName", "VerifiedCreator", "WalletBalanceCents")
      VALUES (@p0, @p1, @p2, @p3, @p4, @p5, @p6, @p7, @p8, @p9, @p10, @p11, @p12, @p13, @p14, @p15, @p16, @p17, @p18, @p19, @p20, @p21, @p22, @p23, @p24, @p25, @p26, @p27, @p28, @p29, @p30, @p31, @p32);
info: Cambrian.Api.Controllers.AuthController[0]
      EVENT: RegisterCompleted userId:c18a8ac3-afd2-4260-a806-97da6903b54b tier:free
info: Cambrian.Api.Middleware.RequestLoggingMiddleware[0]
      HTTP POST /auth/register  201 in 44ms [rid:5da6d0e4db3a uid:anon]
[xUnit.net 00:00:02.08]     Cambrian.Api.Tests.LicenseCertificateIntegrationTests.ConfirmSession_CreatesPurchaseAndLicenseCertificate [FAIL]
[xUnit.net 00:00:02.08]       Assert.Equal() Failure: Values differ
[xUnit.net 00:00:02.08]       Expected: OK
[xUnit.net 00:00:02.08]       Actual:   Unauthorized
[xUnit.net 00:00:02.08]       Stack Trace:
[xUnit.net 00:00:02.08]         C:\Users\logan\cambrian-push-temp\tests\Cambrian.Api.Tests\LicenseCertificateIntegrationTests.cs(43,0): at Cambrian.Api.Tests.LicenseCertificateIntegrationTests.ConfirmSession_CreatesPurchaseAndLicenseCertificate()
[xUnit.net 00:00:02.08]         --- End of stack trace from previous location ---
info: Microsoft.EntityFrameworkCore.Database.Command[20101]
      Executed DbCommand (0ms) [Parameters=[@__email_0='?' (Size = 52)], CommandType='Text', CommandTimeout='30']
      SELECT "a"."Id", "a"."AccessFailedCount", "a"."Bio", "a"."ConcurrencyStamp", "a"."CoverImageUrl", "a"."CreatedAt", "a"."CreatorTier", "a"."DisplayName", "a"."Email", "a"."EmailConfirmed", "a"."LockoutEnabled", "a"."LockoutEnd", "a"."NormalizedEmail", "a"."NormalizedUserName", "a"."PasswordHash", "a"."PasswordResetCode", "a"."PasswordResetCodeExpiry", "a"."PhoneNumber", "a"."PhoneNumberConfirmed", "a"."Plan", "a"."ProfileImageUrl", "a"."Role", "a"."SecurityStamp", "a"."Status", "a"."StripeAccountId", "a"."SubscriptionEndDate", "a"."SubscriptionStatus", "a"."Tier", "a"."TwoFactorEnabled", "a"."UploadCount", "a"."UserName", "a"."VerifiedCreator", "a"."WalletBalanceCents"
      FROM "AspNetUsers" AS "a"
      WHERE "a"."Email" = @__email_0
      LIMIT 1
info: Microsoft.EntityFrameworkCore.Database.Command[20101]
      Executed DbCommand (0ms) [Parameters=[@p2='?' (Size = 36), @p3='?' (Size = 36), @p0='?' (Size = 7), @p1='?' (Size = 7)], CommandType='Text', CommandTimeout='30']
      UPDATE "AspNetUsers" SET "Role" = @p0, "Tier" = @p1
      WHERE "Id" = @p2 AND "ConcurrencyStamp" = @p3
      RETURNING 1;
  Passed Cambrian.Api.Tests.LicenseCertificateIntegrationTests.LicenseService_PreventsDuplicateCertificates [136 ms]
  Passed Cambrian.Api.Tests.CreatorIdentityTests.GetTracks_FiltersBy_CreatorUuid_Only [109 ms]
  Failed Cambrian.Api.Tests.StorefrontTests.Storefront_Stats_HidesEarnings_WhenToggled [116 ms]
  Error Message:
   System.Net.Http.HttpRequestException : Response status code does not indicate success: 401 (Unauthorized).
  Stack Trace:
     at System.Net.Http.HttpResponseMessage.EnsureSuccessStatusCode()
   at Cambrian.Api.Tests.StorefrontTests.Storefront_Stats_HidesEarnings_WhenToggled() in C:\Users\logan\cambrian-push-temp\tests\Cambrian.Api.Tests\StorefrontTests.cs:line 262
--- End of stack trace from previous location ---
  Passed Cambrian.Api.Tests.CreatorIdentityTests.UpdateMyProfile_Unauthenticated_Returns401 [2 ms]
  Passed Cambrian.Api.Tests.StorefrontTests.Storefront_FlagDisabled_Returns404 [9 ms]
  Passed Cambrian.Api.Tests.WebhookEndToEndTests.WebhookStripe_SubscriptionCheckout_UpgradesTier [87 ms]
  Failed Cambrian.Api.Tests.LicenseCertificateIntegrationTests.ConfirmSession_CreatesPurchaseAndLicenseCertificate [97 ms]
  Error Message:
   Assert.Equal() Failure: Values differ
Expected: OK
Actual:   Unauthorized
  Stack Trace:
     at Cambrian.Api.Tests.LicenseCertificateIntegrationTests.ConfirmSession_CreatesPurchaseAndLicenseCertificate() in C:\Users\logan\cambrian-push-temp\tests\Cambrian.Api.Tests\LicenseCertificateIntegrationTests.cs:line 43
--- End of stack trace from previous location ---
info: Cambrian.Api.Middleware.RequestLoggingMiddleware[0]
      HTTP GET /checkout/session/cs_test_123  401 in 0ms [rid:62fa18eb6e20 uid:anon]
info: Cambrian.Api.Controllers.AuthController[0]
      EVENT: LoginStarted
info: Microsoft.EntityFrameworkCore.Database.Command[20101]
      Executed DbCommand (0ms) [Parameters=[@__normalizedEmail_0='?' (Size = 52)], CommandType='Text', CommandTimeout='30']
      SELECT "a"."Id", "a"."AccessFailedCount", "a"."Bio", "a"."ConcurrencyStamp", "a"."CoverImageUrl", "a"."CreatedAt", "a"."CreatorTier", "a"."DisplayName", "a"."Email", "a"."EmailConfirmed", "a"."LockoutEnabled", "a"."LockoutEnd", "a"."NormalizedEmail", "a"."NormalizedUserName", "a"."PasswordHash", "a"."PasswordResetCode", "a"."PasswordResetCodeExpiry", "a"."PhoneNumber", "a"."PhoneNumberConfirmed", "a"."Plan", "a"."ProfileImageUrl", "a"."Role", "a"."SecurityStamp", "a"."Status", "a"."StripeAccountId", "a"."SubscriptionEndDate", "a"."SubscriptionStatus", "a"."Tier", "a"."TwoFactorEnabled", "a"."UploadCount", "a"."UserName", "a"."VerifiedCreator", "a"."WalletBalanceCents"
      FROM "AspNetUsers" AS "a"
      WHERE "a"."NormalizedEmail" = @__normalizedEmail_0
      LIMIT 2
info: Microsoft.EntityFrameworkCore.Database.Command[20101]
      Executed DbCommand (0ms) [Parameters=[@__normalizedUserName_0='?' (Size = 47)], CommandType='Text', CommandTimeout='30']
      SELECT "a"."Id", "a"."AccessFailedCount", "a"."Bio", "a"."ConcurrencyStamp", "a"."CoverImageUrl", "a"."CreatedAt", "a"."CreatorTier", "a"."DisplayName", "a"."Email", "a"."EmailConfirmed", "a"."LockoutEnabled", "a"."LockoutEnd", "a"."NormalizedEmail", "a"."NormalizedUserName", "a"."PasswordHash", "a"."PasswordResetCode", "a"."PasswordResetCodeExpiry", "a"."PhoneNumber", "a"."PhoneNumberConfirmed", "a"."Plan", "a"."ProfileImageUrl", "a"."Role", "a"."SecurityStamp", "a"."Status", "a"."StripeAccountId", "a"."SubscriptionEndDate", "a"."SubscriptionStatus", "a"."Tier", "a"."TwoFactorEnabled", "a"."UploadCount", "a"."UserName", "a"."VerifiedCreator", "a"."WalletBalanceCents"
      FROM "AspNetUsers" AS "a"
      WHERE "a"."NormalizedUserName" = @__normalizedUserName_0
      LIMIT 1
info: Microsoft.EntityFrameworkCore.Database.Command[20101]
      Executed DbCommand (0ms) [Parameters=[@__normalizedEmail_0='?' (Size = 47)], CommandType='Text', CommandTimeout='30']
      SELECT "a"."Id", "a"."AccessFailedCount", "a"."Bio", "a"."ConcurrencyStamp", "a"."CoverImageUrl", "a"."CreatedAt", "a"."CreatorTier", "a"."DisplayName", "a"."Email", "a"."EmailConfirmed", "a"."LockoutEnabled", "a"."LockoutEnd", "a"."NormalizedEmail", "a"."NormalizedUserName", "a"."PasswordHash", "a"."PasswordResetCode", "a"."PasswordResetCodeExpiry", "a"."PhoneNumber", "a"."PhoneNumberConfirmed", "a"."Plan", "a"."ProfileImageUrl", "a"."Role", "a"."SecurityStamp", "a"."Status", "a"."StripeAccountId", "a"."SubscriptionEndDate", "a"."SubscriptionStatus", "a"."Tier", "a"."TwoFactorEnabled", "a"."UploadCount", "a"."UserName", "a"."VerifiedCreator", "a"."WalletBalanceCents"
      FROM "AspNetUsers" AS "a"
      WHERE "a"."NormalizedEmail" = @__normalizedEmail_0
      LIMIT 2
info: Microsoft.EntityFrameworkCore.Database.Command[20101]
      Executed DbCommand (0ms) [Parameters=[@p0='?' (Size = 36), @p1='?' (DbType = Int32), @p2='?', @p3='?' (Size = 36), @p4='?', @p5='?' (DbType = DateTime), @p6='?' (DbType = Int32), @p7='?' (Size = 8), @p8='?' (Size = 47), @p9='?' (DbType = Boolean), @p10='?' (DbType = Boolean), @p11='?' (DbType = DateTimeOffset), @p12='?' (Size = 47), @p13='?' (Size = 47), @p14='?' (Size = 84), @p15='?', @p16='?' (DbType = DateTime), @p17='?', @p18='?' (DbType = Boolean), @p19='?', @p20='?', @p21='?' (Size = 4), @p22='?' (Size = 32), @p23='?' (Size = 6), @p24='?', @p25='?' (DbType = DateTime), @p26='?' (Size = 8), @p27='?' (Size = 4), @p28='?' (DbType = Boolean), @p29='?' (DbType = Int32), @p30='?' (Size = 47), @p31='?' (DbType = Boolean), @p32='?' (DbType = Int64)], CommandType='Text', CommandTimeout='30']
      INSERT INTO "AspNetUsers" ("Id", "AccessFailedCount", "Bio", "ConcurrencyStamp", "CoverImageUrl", "CreatedAt", "CreatorTier", "DisplayName", "Email", "EmailConfirmed", "LockoutEnabled", "LockoutEnd", "NormalizedEmail", "NormalizedUserName", "PasswordHash", "PasswordResetCode", "PasswordResetCodeExpiry", "PhoneNumber", "PhoneNumberConfirmed", "Plan", "ProfileImageUrl", "Role", "SecurityStamp", "Status", "StripeAccountId", "SubscriptionEndDate", "SubscriptionStatus", "Tier", "TwoFactorEnabled", "UploadCount", "UserName", "VerifiedCreator", "WalletBalanceCents")
      VALUES (@p0, @p1, @p2, @p3, @p4, @p5, @p6, @p7, @p8, @p9, @p10, @p11, @p12, @p13, @p14, @p15, @p16, @p17, @p18, @p19, @p20, @p21, @p22, @p23, @p24, @p25, @p26, @p27, @p28, @p29, @p30, @p31, @p32);
info: Cambrian.Api.Controllers.AuthController[0]
      EVENT: RegisterCompleted userId:0316cb00-7e86-4924-bc78-e70fc87c46a9 tier:free
info: Cambrian.Api.Middleware.RequestLoggingMiddleware[0]
      HTTP POST /auth/register  201 in 44ms [rid:997f2e98293c uid:anon]
info: Microsoft.EntityFrameworkCore.Database.Command[20101]
      Executed DbCommand (0ms) [Parameters=[@__email_0='?' (Size = 47)], CommandType='Text', CommandTimeout='30']
      SELECT "a"."Id", "a"."AccessFailedCount", "a"."Bio", "a"."ConcurrencyStamp", "a"."CoverImageUrl", "a"."CreatedAt", "a"."CreatorTier", "a"."DisplayName", "a"."Email", "a"."EmailConfirmed", "a"."LockoutEnabled", "a"."LockoutEnd", "a"."NormalizedEmail", "a"."NormalizedUserName", "a"."PasswordHash", "a"."PasswordResetCode", "a"."PasswordResetCodeExpiry", "a"."PhoneNumber", "a"."PhoneNumberConfirmed", "a"."Plan", "a"."ProfileImageUrl", "a"."Role", "a"."SecurityStamp", "a"."Status", "a"."StripeAccountId", "a"."SubscriptionEndDate", "a"."SubscriptionStatus", "a"."Tier", "a"."TwoFactorEnabled", "a"."UploadCount", "a"."UserName", "a"."VerifiedCreator", "a"."WalletBalanceCents"
      FROM "AspNetUsers" AS "a"
      WHERE "a"."Email" = @__email_0
      LIMIT 1
info: Microsoft.EntityFrameworkCore.Database.Command[20101]
      Executed DbCommand (0ms) [Parameters=[@p2='?' (Size = 36), @p3='?' (Size = 36), @p0='?' (Size = 7), @p1='?' (Size = 7)], CommandType='Text', CommandTimeout='30']
      UPDATE "AspNetUsers" SET "Role" = @p0, "Tier" = @p1
      WHERE "Id" = @p2 AND "ConcurrencyStamp" = @p3
      RETURNING 1;
info: Cambrian.Api.Controllers.AuthController[0]
      EVENT: LoginStarted
info: Microsoft.EntityFrameworkCore.Database.Command[20101]
      Executed DbCommand (0ms) [Parameters=[@__normalizedEmail_0='?' (Size = 47)], CommandType='Text', CommandTimeout='30']
      SELECT "a"."Id", "a"."AccessFailedCount", "a"."Bio", "a"."ConcurrencyStamp", "a"."CoverImageUrl", "a"."CreatedAt", "a"."CreatorTier", "a"."DisplayName", "a"."Email", "a"."EmailConfirmed", "a"."LockoutEnabled", "a"."LockoutEnd", "a"."NormalizedEmail", "a"."NormalizedUserName", "a"."PasswordHash", "a"."PasswordResetCode", "a"."PasswordResetCodeExpiry", "a"."PhoneNumber", "a"."PhoneNumberConfirmed", "a"."Plan", "a"."ProfileImageUrl", "a"."Role", "a"."SecurityStamp", "a"."Status", "a"."StripeAccountId", "a"."SubscriptionEndDate", "a"."SubscriptionStatus", "a"."Tier", "a"."TwoFactorEnabled", "a"."UploadCount", "a"."UserName", "a"."VerifiedCreator", "a"."WalletBalanceCents"
      FROM "AspNetUsers" AS "a"
      WHERE "a"."NormalizedEmail" = @__normalizedEmail_0
      LIMIT 2
info: Microsoft.EntityFrameworkCore.Database.Command[20101]
      Executed DbCommand (0ms) [Parameters=[@__userId_0='?' (Size = 36)], CommandType='Text', CommandTimeout='30']
      SELECT "s"."Id", "s"."ExpiresAt", "s"."Plan", "s"."StartedAt", "s"."Status", "s"."UserId"
      FROM "Subscriptions" AS "s"
      WHERE "s"."UserId" = @__userId_0 AND "s"."Status" = 'active'
      ORDER BY "s"."StartedAt" DESC
      LIMIT 1
info: Cambrian.Api.Controllers.AuthController[0]
      EVENT: LoginCompleted userId:c18a8ac3-afd2-4260-a806-97da6903b54b tier:free
info: Cambrian.Api.Middleware.RequestLoggingMiddleware[0]
      HTTP POST /auth/login  200 in 41ms [rid:ad76fada9e9f uid:anon]
info: Cambrian.Api.Middleware.RequestLoggingMiddleware[0]
      HTTP PUT /api/creator/me  401 in 0ms [rid:13b3d736b1a2 uid:anon]
[xUnit.net 00:00:02.13]     Cambrian.Api.Tests.CreatorIdentityTests.UpdateMyProfile_CreatorTier_CreatesProfile [FAIL]
[xUnit.net 00:00:02.13]       System.Net.Http.HttpRequestException : Response status code does not indicate success: 401 (Unauthorized).
[xUnit.net 00:00:02.13]       Stack Trace:
[xUnit.net 00:00:02.13]            at System.Net.Http.HttpResponseMessage.EnsureSuccessStatusCode()
[xUnit.net 00:00:02.13]         C:\Users\logan\cambrian-push-temp\tests\Cambrian.Api.Tests\CreatorIdentityTests.cs(245,0): at Cambrian.Api.Tests.CreatorIdentityTests.UpdateMyProfile_CreatorTier_CreatesProfile()
[xUnit.net 00:00:02.13]         --- End of stack trace from previous location ---
info: Microsoft.EntityFrameworkCore.Database.Command[20101]
      Executed DbCommand (0ms) [Parameters=[@__creatorId_0='?' (DbType = Guid)], CommandType='Text', CommandTimeout='30']
      SELECT "c"."Id", "c"."Bio", "c"."CoverImageUrl", "c"."CreatedAt", "c"."DisplayName", "c"."ProfileImageUrl", "c"."SocialLinks", "c"."UpdatedAt", "c"."UserId", "c"."Username"
      FROM "Creators" AS "c"
      WHERE "c"."Id" = @__creatorId_0
      LIMIT 1
warn: Cambrian.Api.Controllers.CreatorsController[0]
      CreatorLookup: UUID=9f7df8c7-10ea-4df6-8990-9fa43ad19cf0 not found
info: Cambrian.Api.Middleware.RequestLoggingMiddleware[0]
      HTTP GET /api/creators/9f7df8c7-10ea-4df6-8990-9fa43ad19cf0  404 in 1ms [rid:185adf31204c uid:anon]
info: Cambrian.Api.Controllers.AuthController[0]
      EVENT: RegisterStarted
info: Microsoft.EntityFrameworkCore.Database.Command[20101]
      Executed DbCommand (0ms) [Parameters=[@__userId_0='?' (Size = 36)], CommandType='Text', CommandTimeout='30']
      SELECT "s"."Id", "s"."ExpiresAt", "s"."Plan", "s"."StartedAt", "s"."Status", "s"."UserId"
      FROM "Subscriptions" AS "s"
      WHERE "s"."UserId" = @__userId_0 AND "s"."Status" = 'active'
      ORDER BY "s"."StartedAt" DESC
      LIMIT 1
info: Cambrian.Api.Controllers.AuthController[0]
      EVENT: LoginCompleted userId:0316cb00-7e86-4924-bc78-e70fc87c46a9 tier:free
info: Cambrian.Api.Middleware.RequestLoggingMiddleware[0]
      HTTP POST /auth/login  200 in 41ms [rid:cbc6572dc3e2 uid:anon]
info: Microsoft.EntityFrameworkCore.Database.Command[20101]
      Executed DbCommand (0ms) [Parameters=[@__normalizedEmail_0='?' (Size = 47)], CommandType='Text', CommandTimeout='30']
      SELECT "a"."Id", "a"."AccessFailedCount", "a"."Bio", "a"."ConcurrencyStamp", "a"."CoverImageUrl", "a"."CreatedAt", "a"."CreatorTier", "a"."DisplayName", "a"."Email", "a"."EmailConfirmed", "a"."LockoutEnabled", "a"."LockoutEnd", "a"."NormalizedEmail", "a"."NormalizedUserName", "a"."PasswordHash", "a"."PasswordResetCode", "a"."PasswordResetCodeExpiry", "a"."PhoneNumber", "a"."PhoneNumberConfirmed", "a"."Plan", "a"."ProfileImageUrl", "a"."Role", "a"."SecurityStamp", "a"."Status", "a"."StripeAccountId", "a"."SubscriptionEndDate", "a"."SubscriptionStatus", "a"."Tier", "a"."TwoFactorEnabled", "a"."UploadCount", "a"."UserName", "a"."VerifiedCreator", "a"."WalletBalanceCents"
      FROM "AspNetUsers" AS "a"
      WHERE "a"."NormalizedEmail" = @__normalizedEmail_0
      LIMIT 2
info: Cambrian.Api.Middleware.RequestLoggingMiddleware[0]
      HTTP PUT /creator-profile/me  401 in 0ms [rid:3fdeb2ae4bca uid:anon]
[xUnit.net 00:00:02.14]     Cambrian.Api.Tests.StorefrontTests.Storefront_ExcludesExclusiveSoldTracks [FAIL]
[xUnit.net 00:00:02.14]       System.Net.Http.HttpRequestException : Response status code does not indicate success: 401 (Unauthorized).
[xUnit.net 00:00:02.14]       Stack Trace:
[xUnit.net 00:00:02.14]            at System.Net.Http.HttpResponseMessage.EnsureSuccessStatusCode()
[xUnit.net 00:00:02.14]         C:\Users\logan\cambrian-push-temp\tests\Cambrian.Api.Tests\StorefrontTests.cs(174,0): at Cambrian.Api.Tests.StorefrontTests.Storefront_ExcludesExclusiveSoldTracks()
[xUnit.net 00:00:02.14]         --- End of stack trace from previous location ---
info: Microsoft.EntityFrameworkCore.Database.Command[20101]
      Executed DbCommand (0ms) [Parameters=[@__name_0='?' (Size = 18)], CommandType='Text', CommandTimeout='30']
      SELECT "f"."Id", "f"."CreatedAt", "f"."Enabled", "f"."Name", "f"."RolloutPercentage", "f"."UpdatedAt"
      FROM "FeatureFlags" AS "f"
      WHERE "f"."Name" = @__name_0
      LIMIT 1
info: Cambrian.Api.Controllers.AuthController[0]
      EVENT: RegisterStarted
info: Microsoft.EntityFrameworkCore.Database.Command[20101]
      Executed DbCommand (0ms) [Parameters=[@__normalizedUserName_0='?' (Size = 49)], CommandType='Text', CommandTimeout='30']
      SELECT "a"."Id", "a"."AccessFailedCount", "a"."Bio", "a"."ConcurrencyStamp", "a"."CoverImageUrl", "a"."CreatedAt", "a"."CreatorTier", "a"."DisplayName", "a"."Email", "a"."EmailConfirmed", "a"."LockoutEnabled", "a"."LockoutEnd", "a"."NormalizedEmail", "a"."NormalizedUserName", "a"."PasswordHash", "a"."PasswordResetCode", "a"."PasswordResetCodeExpiry", "a"."PhoneNumber", "a"."PhoneNumberConfirmed", "a"."Plan", "a"."ProfileImageUrl", "a"."Role", "a"."SecurityStamp", "a"."Status", "a"."StripeAccountId", "a"."SubscriptionEndDate", "a"."SubscriptionStatus", "a"."Tier", "a"."TwoFactorEnabled", "a"."UploadCount", "a"."UserName", "a"."VerifiedCreator", "a"."WalletBalanceCents"
      FROM "AspNetUsers" AS "a"
      WHERE "a"."NormalizedUserName" = @__normalizedUserName_0
      LIMIT 1
info: Microsoft.EntityFrameworkCore.Database.Command[20101]
      Executed DbCommand (0ms) [Parameters=[@__normalizedEmail_0='?' (Size = 49)], CommandType='Text', CommandTimeout='30']
      SELECT "a"."Id", "a"."AccessFailedCount", "a"."Bio", "a"."ConcurrencyStamp", "a"."CoverImageUrl", "a"."CreatedAt", "a"."CreatorTier", "a"."DisplayName", "a"."Email", "a"."EmailConfirmed", "a"."LockoutEnabled", "a"."LockoutEnd", "a"."NormalizedEmail", "a"."NormalizedUserName", "a"."PasswordHash", "a"."PasswordResetCode", "a"."PasswordResetCodeExpiry", "a"."PhoneNumber", "a"."PhoneNumberConfirmed", "a"."Plan", "a"."ProfileImageUrl", "a"."Role", "a"."SecurityStamp", "a"."Status", "a"."StripeAccountId", "a"."SubscriptionEndDate", "a"."SubscriptionStatus", "a"."Tier", "a"."TwoFactorEnabled", "a"."UploadCount", "a"."UserName", "a"."VerifiedCreator", "a"."WalletBalanceCents"
      FROM "AspNetUsers" AS "a"
      WHERE "a"."NormalizedEmail" = @__normalizedEmail_0
      LIMIT 2
info: Microsoft.EntityFrameworkCore.Database.Command[20101]
      Executed DbCommand (0ms) [Parameters=[@p0='?' (Size = 36), @p1='?' (DbType = Int32), @p2='?', @p3='?' (Size = 36), @p4='?', @p5='?' (DbType = DateTime), @p6='?' (DbType = Int32), @p7='?' (Size = 8), @p8='?' (Size = 49), @p9='?' (DbType = Boolean), @p10='?' (DbType = Boolean), @p11='?' (DbType = DateTimeOffset), @p12='?' (Size = 49), @p13='?' (Size = 49), @p14='?' (Size = 84), @p15='?', @p16='?' (DbType = DateTime), @p17='?', @p18='?' (DbType = Boolean), @p19='?', @p20='?', @p21='?' (Size = 4), @p22='?' (Size = 32), @p23='?' (Size = 6), @p24='?', @p25='?' (DbType = DateTime), @p26='?' (Size = 8), @p27='?' (Size = 4), @p28='?' (DbType = Boolean), @p29='?' (DbType = Int32), @p30='?' (Size = 49), @p31='?' (DbType = Boolean), @p32='?' (DbType = Int64)], CommandType='Text', CommandTimeout='30']
      INSERT INTO "AspNetUsers" ("Id", "AccessFailedCount", "Bio", "ConcurrencyStamp", "CoverImageUrl", "CreatedAt", "CreatorTier", "DisplayName", "Email", "EmailConfirmed", "LockoutEnabled", "LockoutEnd", "NormalizedEmail", "NormalizedUserName", "PasswordHash", "PasswordResetCode", "PasswordResetCodeExpiry", "PhoneNumber", "PhoneNumberConfirmed", "Plan", "ProfileImageUrl", "Role", "SecurityStamp", "Status", "StripeAccountId", "SubscriptionEndDate", "SubscriptionStatus", "Tier", "TwoFactorEnabled", "UploadCount", "UserName", "VerifiedCreator", "WalletBalanceCents")
      VALUES (@p0, @p1, @p2, @p3, @p4, @p5, @p6, @p7, @p8, @p9, @p10, @p11, @p12, @p13, @p14, @p15, @p16, @p17, @p18, @p19, @p20, @p21, @p22, @p23, @p24, @p25, @p26, @p27, @p28, @p29, @p30, @p31, @p32);
info: Cambrian.Api.Controllers.AuthController[0]
      EVENT: RegisterCompleted userId:bcee437e-adec-4b19-a5af-2581e28af6bc tier:free
info: Cambrian.Api.Middleware.RequestLoggingMiddleware[0]
      HTTP POST /auth/register  201 in 41ms [rid:745d3c529a02 uid:anon]
info: Microsoft.EntityFrameworkCore.Database.Command[20101]
      Executed DbCommand (0ms) [Parameters=[@__email_0='?' (Size = 49)], CommandType='Text', CommandTimeout='30']
      SELECT "a"."Id", "a"."AccessFailedCount", "a"."Bio", "a"."ConcurrencyStamp", "a"."CoverImageUrl", "a"."CreatedAt", "a"."CreatorTier", "a"."DisplayName", "a"."Email", "a"."EmailConfirmed", "a"."LockoutEnabled", "a"."LockoutEnd", "a"."NormalizedEmail", "a"."NormalizedUserName", "a"."PasswordHash", "a"."PasswordResetCode", "a"."PasswordResetCodeExpiry", "a"."PhoneNumber", "a"."PhoneNumberConfirmed", "a"."Plan", "a"."ProfileImageUrl", "a"."Role", "a"."SecurityStamp", "a"."Status", "a"."StripeAccountId", "a"."SubscriptionEndDate", "a"."SubscriptionStatus", "a"."Tier", "a"."TwoFactorEnabled", "a"."UploadCount", "a"."UserName", "a"."VerifiedCreator", "a"."WalletBalanceCents"
      FROM "AspNetUsers" AS "a"
      WHERE "a"."Email" = @__email_0
      LIMIT 1
info: Microsoft.EntityFrameworkCore.Database.Command[20101]
      Executed DbCommand (0ms) [Parameters=[@p2='?' (Size = 36), @p3='?' (Size = 36), @p0='?' (Size = 7), @p1='?' (Size = 7)], CommandType='Text', CommandTimeout='30']
      UPDATE "AspNetUsers" SET "Role" = @p0, "Tier" = @p1
      WHERE "Id" = @p2 AND "ConcurrencyStamp" = @p3
      RETURNING 1;
info: Cambrian.Api.Controllers.AuthController[0]
      EVENT: LoginStarted
info: Microsoft.EntityFrameworkCore.Database.Command[20101]
      Executed DbCommand (0ms) [Parameters=[@__normalizedEmail_0='?' (Size = 49)], CommandType='Text', CommandTimeout='30']
      SELECT "a"."Id", "a"."AccessFailedCount", "a"."Bio", "a"."ConcurrencyStamp", "a"."CoverImageUrl", "a"."CreatedAt", "a"."CreatorTier", "a"."DisplayName", "a"."Email", "a"."EmailConfirmed", "a"."LockoutEnabled", "a"."LockoutEnd", "a"."NormalizedEmail", "a"."NormalizedUserName", "a"."PasswordHash", "a"."PasswordResetCode", "a"."PasswordResetCodeExpiry", "a"."PhoneNumber", "a"."PhoneNumberConfirmed", "a"."Plan", "a"."ProfileImageUrl", "a"."Role", "a"."SecurityStamp", "a"."Status", "a"."StripeAccountId", "a"."SubscriptionEndDate", "a"."SubscriptionStatus", "a"."Tier", "a"."TwoFactorEnabled", "a"."UploadCount", "a"."UserName", "a"."VerifiedCreator", "a"."WalletBalanceCents"
      FROM "AspNetUsers" AS "a"
      WHERE "a"."NormalizedEmail" = @__normalizedEmail_0
      LIMIT 2
info: Microsoft.EntityFrameworkCore.Database.Command[20101]
      Executed DbCommand (0ms) [Parameters=[@__normalizedUserName_0='?' (Size = 47)], CommandType='Text', CommandTimeout='30']
      SELECT "a"."Id", "a"."AccessFailedCount", "a"."Bio", "a"."ConcurrencyStamp", "a"."CoverImageUrl", "a"."CreatedAt", "a"."CreatorTier", "a"."DisplayName", "a"."Email", "a"."EmailConfirmed", "a"."LockoutEnabled", "a"."LockoutEnd", "a"."NormalizedEmail", "a"."NormalizedUserName", "a"."PasswordHash", "a"."PasswordResetCode", "a"."PasswordResetCodeExpiry", "a"."PhoneNumber", "a"."PhoneNumberConfirmed", "a"."Plan", "a"."ProfileImageUrl", "a"."Role", "a"."SecurityStamp", "a"."Status", "a"."StripeAccountId", "a"."SubscriptionEndDate", "a"."SubscriptionStatus", "a"."Tier", "a"."TwoFactorEnabled", "a"."UploadCount", "a"."UserName", "a"."VerifiedCreator", "a"."WalletBalanceCents"
      FROM "AspNetUsers" AS "a"
      WHERE "a"."NormalizedUserName" = @__normalizedUserName_0
      LIMIT 1
info: Microsoft.EntityFrameworkCore.Database.Command[20101]
      Executed DbCommand (0ms) [Parameters=[@__normalizedEmail_0='?' (Size = 47)], CommandType='Text', CommandTimeout='30']
      SELECT "a"."Id", "a"."AccessFailedCount", "a"."Bio", "a"."ConcurrencyStamp", "a"."CoverImageUrl", "a"."CreatedAt", "a"."CreatorTier", "a"."DisplayName", "a"."Email", "a"."EmailConfirmed", "a"."LockoutEnabled", "a"."LockoutEnd", "a"."NormalizedEmail", "a"."NormalizedUserName", "a"."PasswordHash", "a"."PasswordResetCode", "a"."PasswordResetCodeExpiry", "a"."PhoneNumber", "a"."PhoneNumberConfirmed", "a"."Plan", "a"."ProfileImageUrl", "a"."Role", "a"."SecurityStamp", "a"."Status", "a"."StripeAccountId", "a"."SubscriptionEndDate", "a"."SubscriptionStatus", "a"."Tier", "a"."TwoFactorEnabled", "a"."UploadCount", "a"."UserName", "a"."VerifiedCreator", "a"."WalletBalanceCents"
      FROM "AspNetUsers" AS "a"
      WHERE "a"."NormalizedEmail" = @__normalizedEmail_0
      LIMIT 2
info: Microsoft.EntityFrameworkCore.Database.Command[20101]
      Executed DbCommand (0ms) [Parameters=[@p0='?' (Size = 36), @p1='?' (DbType = Int32), @p2='?', @p3='?' (Size = 36), @p4='?', @p5='?' (DbType = DateTime), @p6='?' (DbType = Int32), @p7='?' (Size = 8), @p8='?' (Size = 47), @p9='?' (DbType = Boolean), @p10='?' (DbType = Boolean), @p11='?' (DbType = DateTimeOffset), @p12='?' (Size = 47), @p13='?' (Size = 47), @p14='?' (Size = 84), @p15='?', @p16='?' (DbType = DateTime), @p17='?', @p18='?' (DbType = Boolean), @p19='?', @p20='?', @p21='?' (Size = 4), @p22='?' (Size = 32), @p23='?' (Size = 6), @p24='?', @p25='?' (DbType = DateTime), @p26='?' (Size = 8), @p27='?' (Size = 4), @p28='?' (DbType = Boolean), @p29='?' (DbType = Int32), @p30='?' (Size = 47), @p31='?' (DbType = Boolean), @p32='?' (DbType = Int64)], CommandType='Text', CommandTimeout='30']
      INSERT INTO "AspNetUsers" ("Id", "AccessFailedCount", "Bio", "ConcurrencyStamp", "CoverImageUrl", "CreatedAt", "CreatorTier", "DisplayName", "Email", "EmailConfirmed", "LockoutEnabled", "LockoutEnd", "NormalizedEmail", "NormalizedUserName", "PasswordHash", "PasswordResetCode", "PasswordResetCodeExpiry", "PhoneNumber", "PhoneNumberConfirmed", "Plan", "ProfileImageUrl", "Role", "SecurityStamp", "Status", "StripeAccountId", "SubscriptionEndDate", "SubscriptionStatus", "Tier", "TwoFactorEnabled", "UploadCount", "UserName", "VerifiedCreator", "WalletBalanceCents")
      VALUES (@p0, @p1, @p2, @p3, @p4, @p5, @p6, @p7, @p8, @p9, @p10, @p11, @p12, @p13, @p14, @p15, @p16, @p17, @p18, @p19, @p20, @p21, @p22, @p23, @p24, @p25, @p26, @p27, @p28, @p29, @p30, @p31, @p32);
info: Cambrian.Api.Controllers.AuthController[0]
      EVENT: RegisterCompleted userId:382f388b-ca7f-4611-aa88-f6eed9d5fd74 tier:free
info: Cambrian.Api.Middleware.RequestLoggingMiddleware[0]
      HTTP POST /auth/register  201 in 42ms [rid:ddce68c85b88 uid:anon]
info: Microsoft.EntityFrameworkCore.Database.Command[20101]
      Executed DbCommand (0ms) [Parameters=[@__email_0='?' (Size = 47)], CommandType='Text', CommandTimeout='30']
      SELECT "a"."Id", "a"."AccessFailedCount", "a"."Bio", "a"."ConcurrencyStamp", "a"."CoverImageUrl", "a"."CreatedAt", "a"."CreatorTier", "a"."DisplayName", "a"."Email", "a"."EmailConfirmed", "a"."LockoutEnabled", "a"."LockoutEnd", "a"."NormalizedEmail", "a"."NormalizedUserName", "a"."PasswordHash", "a"."PasswordResetCode", "a"."PasswordResetCodeExpiry", "a"."PhoneNumber", "a"."PhoneNumberConfirmed", "a"."Plan", "a"."ProfileImageUrl", "a"."Role", "a"."SecurityStamp", "a"."Status", "a"."StripeAccountId", "a"."SubscriptionEndDate", "a"."SubscriptionStatus", "a"."Tier", "a"."TwoFactorEnabled", "a"."UploadCount", "a"."UserName", "a"."VerifiedCreator", "a"."WalletBalanceCents"
      FROM "AspNetUsers" AS "a"
      WHERE "a"."Email" = @__email_0
      LIMIT 1
info: Microsoft.EntityFrameworkCore.Database.Command[20101]
      Executed DbCommand (0ms) [Parameters=[@p2='?' (Size = 36), @p3='?' (Size = 36), @p0='?' (Size = 7), @p1='?' (Size = 7)], CommandType='Text', CommandTimeout='30']
      UPDATE "AspNetUsers" SET "Role" = @p0, "Tier" = @p1
      WHERE "Id" = @p2 AND "ConcurrencyStamp" = @p3
      RETURNING 1;
info: Cambrian.Api.Controllers.AuthController[0]
      EVENT: LoginStarted
info: Microsoft.EntityFrameworkCore.Database.Command[20101]
      Executed DbCommand (0ms) [Parameters=[@__normalizedEmail_0='?' (Size = 47)], CommandType='Text', CommandTimeout='30']
      SELECT "a"."Id", "a"."AccessFailedCount", "a"."Bio", "a"."ConcurrencyStamp", "a"."CoverImageUrl", "a"."CreatedAt", "a"."CreatorTier", "a"."DisplayName", "a"."Email", "a"."EmailConfirmed", "a"."LockoutEnabled", "a"."LockoutEnd", "a"."NormalizedEmail", "a"."NormalizedUserName", "a"."PasswordHash", "a"."PasswordResetCode", "a"."PasswordResetCodeExpiry", "a"."PhoneNumber", "a"."PhoneNumberConfirmed", "a"."Plan", "a"."ProfileImageUrl", "a"."Role", "a"."SecurityStamp", "a"."Status", "a"."StripeAccountId", "a"."SubscriptionEndDate", "a"."SubscriptionStatus", "a"."Tier", "a"."TwoFactorEnabled", "a"."UploadCount", "a"."UserName", "a"."VerifiedCreator", "a"."WalletBalanceCents"
      FROM "AspNetUsers" AS "a"
      WHERE "a"."NormalizedEmail" = @__normalizedEmail_0
      LIMIT 2
info: Microsoft.EntityFrameworkCore.Database.Command[20101]
      Executed DbCommand (0ms) [Parameters=[@__userId_0='?' (Size = 36)], CommandType='Text', CommandTimeout='30']
      SELECT "s"."Id", "s"."ExpiresAt", "s"."Plan", "s"."StartedAt", "s"."Status", "s"."UserId"
      FROM "Subscriptions" AS "s"
      WHERE "s"."UserId" = @__userId_0 AND "s"."Status" = 'active'
      ORDER BY "s"."StartedAt" DESC
      LIMIT 1
info: Cambrian.Api.Controllers.AuthController[0]
      EVENT: LoginCompleted userId:bcee437e-adec-4b19-a5af-2581e28af6bc tier:free
info: Cambrian.Api.Middleware.RequestLoggingMiddleware[0]
      HTTP POST /auth/login  200 in 43ms [rid:971430e0fc1a uid:anon]
info: Cambrian.Api.Middleware.RequestLoggingMiddleware[0]
      HTTP PUT /api/creator/me  401 in 0ms [rid:79dd4104219f uid:anon]
info: Microsoft.EntityFrameworkCore.Database.Command[20101]
      Executed DbCommand (0ms) [Parameters=[@__userId_0='?' (Size = 36)], CommandType='Text', CommandTimeout='30']
      SELECT "s"."Id", "s"."ExpiresAt", "s"."Plan", "s"."StartedAt", "s"."Status", "s"."UserId"
      FROM "Subscriptions" AS "s"
      WHERE "s"."UserId" = @__userId_0 AND "s"."Status" = 'active'
      ORDER BY "s"."StartedAt" DESC
      LIMIT 1
info: Cambrian.Api.Controllers.AuthController[0]
      EVENT: LoginCompleted userId:382f388b-ca7f-4611-aa88-f6eed9d5fd74 tier:free
[xUnit.net 00:00:02.23]     Cambrian.Api.Tests.CreatorIdentityTests.UpdateMyProfile_CannotSetEmail_FieldIgnored [FAIL]
[xUnit.net 00:00:02.23]       System.Net.Http.HttpRequestException : Response status code does not indicate success: 401 (Unauthorized).
[xUnit.net 00:00:02.23]       Stack Trace:
[xUnit.net 00:00:02.23]            at System.Net.Http.HttpResponseMessage.EnsureSuccessStatusCode()
[xUnit.net 00:00:02.23]         C:\Users\logan\cambrian-push-temp\tests\Cambrian.Api.Tests\CreatorIdentityTests.cs(290,0): at Cambrian.Api.Tests.CreatorIdentityTests.UpdateMyProfile_CannotSetEmail_FieldIgnored()
[xUnit.net 00:00:02.23]         --- End of stack trace from previous location ---
info: Cambrian.Api.Middleware.RequestLoggingMiddleware[0]
      HTTP POST /auth/login  200 in 40ms [rid:5bcef6b1554d uid:anon]
info: Microsoft.EntityFrameworkCore.Database.Command[20101]
      Executed DbCommand (0ms) [Parameters=[@__normalizedEmail_0='?' (Size = 47)], CommandType='Text', CommandTimeout='30']
      SELECT "a"."Id", "a"."AccessFailedCount", "a"."Bio", "a"."ConcurrencyStamp", "a"."CoverImageUrl", "a"."CreatedAt", "a"."CreatorTier", "a"."DisplayName", "a"."Email", "a"."EmailConfirmed", "a"."LockoutEnabled", "a"."LockoutEnd", "a"."NormalizedEmail", "a"."NormalizedUserName", "a"."PasswordHash", "a"."PasswordResetCode", "a"."PasswordResetCodeExpiry", "a"."PhoneNumber", "a"."PhoneNumberConfirmed", "a"."Plan", "a"."ProfileImageUrl", "a"."Role", "a"."SecurityStamp", "a"."Status", "a"."StripeAccountId", "a"."SubscriptionEndDate", "a"."SubscriptionStatus", "a"."Tier", "a"."TwoFactorEnabled", "a"."UploadCount", "a"."UserName", "a"."VerifiedCreator", "a"."WalletBalanceCents"
      FROM "AspNetUsers" AS "a"
      WHERE "a"."NormalizedEmail" = @__normalizedEmail_0
      LIMIT 2
info: Microsoft.EntityFrameworkCore.Database.Command[20101]
      Executed DbCommand (0ms) [Parameters=[@__normalizedUsername_0='?' (Size = 20)], CommandType='Text', CommandTimeout='30']
      SELECT EXISTS (
          SELECT 1
          FROM "Creators" AS "c"
          WHERE "c"."Username" = @__normalizedUsername_0)
info: Cambrian.Api.Middleware.RequestLoggingMiddleware[0]
      HTTP GET /api/creators/username-availability  200 in 0ms [rid:8f62e01ed57c uid:anon]
info: Cambrian.Api.Middleware.RequestLoggingMiddleware[0]
      HTTP PUT /creator-profile/me  401 in 0ms [rid:e8705142cf6a uid:anon]
[xUnit.net 00:00:02.23]     Cambrian.Api.Tests.StorefrontTests.Storefront_ExcludesCopyrightTransferredTracks [FAIL]
[xUnit.net 00:00:02.23]       System.Net.Http.HttpRequestException : Response status code does not indicate success: 401 (Unauthorized).
[xUnit.net 00:00:02.23]       Stack Trace:
[xUnit.net 00:00:02.23]            at System.Net.Http.HttpResponseMessage.EnsureSuccessStatusCode()
[xUnit.net 00:00:02.23]         C:\Users\logan\cambrian-push-temp\tests\Cambrian.Api.Tests\StorefrontTests.cs(147,0): at Cambrian.Api.Tests.StorefrontTests.Storefront_ExcludesCopyrightTransferredTracks()
[xUnit.net 00:00:02.23]         --- End of stack trace from previous location ---
info: Microsoft.EntityFrameworkCore.Database.Command[20101]
      Executed DbCommand (0ms) [Parameters=[@__name_0='?' (Size = 18)], CommandType='Text', CommandTimeout='30']
      SELECT "f"."Id", "f"."CreatedAt", "f"."Enabled", "f"."Name", "f"."RolloutPercentage", "f"."UpdatedAt"
      FROM "FeatureFlags" AS "f"
      WHERE "f"."Name" = @__name_0
      LIMIT 1
info: Cambrian.Api.Controllers.AuthController[0]
      EVENT: RegisterStarted
info: Microsoft.EntityFrameworkCore.Database.Command[20101]
      Executed DbCommand (0ms) [Parameters=[@__normalizedUserName_0='?' (Size = 49)], CommandType='Text', CommandTimeout='30']
      SELECT "a"."Id", "a"."AccessFailedCount", "a"."Bio", "a"."ConcurrencyStamp", "a"."CoverImageUrl", "a"."CreatedAt", "a"."CreatorTier", "a"."DisplayName", "a"."Email", "a"."EmailConfirmed", "a"."LockoutEnabled", "a"."LockoutEnd", "a"."NormalizedEmail", "a"."NormalizedUserName", "a"."PasswordHash", "a"."PasswordResetCode", "a"."PasswordResetCodeExpiry", "a"."PhoneNumber", "a"."PhoneNumberConfirmed", "a"."Plan", "a"."ProfileImageUrl", "a"."Role", "a"."SecurityStamp", "a"."Status", "a"."StripeAccountId", "a"."SubscriptionEndDate", "a"."SubscriptionStatus", "a"."Tier", "a"."TwoFactorEnabled", "a"."UploadCount", "a"."UserName", "a"."VerifiedCreator", "a"."WalletBalanceCents"
      FROM "AspNetUsers" AS "a"
      WHERE "a"."NormalizedUserName" = @__normalizedUserName_0
      LIMIT 1
info: Microsoft.EntityFrameworkCore.Database.Command[20101]
      Executed DbCommand (0ms) [Parameters=[@__normalizedEmail_0='?' (Size = 49)], CommandType='Text', CommandTimeout='30']
      SELECT "a"."Id", "a"."AccessFailedCount", "a"."Bio", "a"."ConcurrencyStamp", "a"."CoverImageUrl", "a"."CreatedAt", "a"."CreatorTier", "a"."DisplayName", "a"."Email", "a"."EmailConfirmed", "a"."LockoutEnabled", "a"."LockoutEnd", "a"."NormalizedEmail", "a"."NormalizedUserName", "a"."PasswordHash", "a"."PasswordResetCode", "a"."PasswordResetCodeExpiry", "a"."PhoneNumber", "a"."PhoneNumberConfirmed", "a"."Plan", "a"."ProfileImageUrl", "a"."Role", "a"."SecurityStamp", "a"."Status", "a"."StripeAccountId", "a"."SubscriptionEndDate", "a"."SubscriptionStatus", "a"."Tier", "a"."TwoFactorEnabled", "a"."UploadCount", "a"."UserName", "a"."VerifiedCreator", "a"."WalletBalanceCents"
      FROM "AspNetUsers" AS "a"
      WHERE "a"."NormalizedEmail" = @__normalizedEmail_0
      LIMIT 2
info: Microsoft.EntityFrameworkCore.Database.Command[20101]
      Executed DbCommand (0ms) [Parameters=[@p0='?' (Size = 36), @p1='?' (DbType = Int32), @p2='?', @p3='?' (Size = 36), @p4='?', @p5='?' (DbType = DateTime), @p6='?' (DbType = Int32), @p7='?' (Size = 8), @p8='?' (Size = 49), @p9='?' (DbType = Boolean), @p10='?' (DbType = Boolean), @p11='?' (DbType = DateTimeOffset), @p12='?' (Size = 49), @p13='?' (Size = 49), @p14='?' (Size = 84), @p15='?', @p16='?' (DbType = DateTime), @p17='?', @p18='?' (DbType = Boolean), @p19='?', @p20='?', @p21='?' (Size = 4), @p22='?' (Size = 32), @p23='?' (Size = 6), @p24='?', @p25='?' (DbType = DateTime), @p26='?' (Size = 8), @p27='?' (Size = 4), @p28='?' (DbType = Boolean), @p29='?' (DbType = Int32), @p30='?' (Size = 49), @p31='?' (DbType = Boolean), @p32='?' (DbType = Int64)], CommandType='Text', CommandTimeout='30']
      INSERT INTO "AspNetUsers" ("Id", "AccessFailedCount", "Bio", "ConcurrencyStamp", "CoverImageUrl", "CreatedAt", "CreatorTier", "DisplayName", "Email", "EmailConfirmed", "LockoutEnabled", "LockoutEnd", "NormalizedEmail", "NormalizedUserName", "PasswordHash", "PasswordResetCode", "PasswordResetCodeExpiry", "PhoneNumber", "PhoneNumberConfirmed", "Plan", "ProfileImageUrl", "Role", "SecurityStamp", "Status", "StripeAccountId", "SubscriptionEndDate", "SubscriptionStatus", "Tier", "TwoFactorEnabled", "UploadCount", "UserName", "VerifiedCreator", "WalletBalanceCents")
      VALUES (@p0, @p1, @p2, @p3, @p4, @p5, @p6, @p7, @p8, @p9, @p10, @p11, @p12, @p13, @p14, @p15, @p16, @p17, @p18, @p19, @p20, @p21, @p22, @p23, @p24, @p25, @p26, @p27, @p28, @p29, @p30, @p31, @p32);
info: Cambrian.Api.Controllers.AuthController[0]
      EVENT: RegisterCompleted userId:4bd27d23-fe8f-49ad-8f5e-f5515c52ba27 tier:free
info: Cambrian.Api.Middleware.RequestLoggingMiddleware[0]
      HTTP POST /auth/register  201 in 49ms [rid:86040dfdfce0 uid:anon]
info: Microsoft.EntityFrameworkCore.Database.Command[20101]
      Executed DbCommand (0ms) [Parameters=[@__email_0='?' (Size = 49)], CommandType='Text', CommandTimeout='30']
      SELECT "a"."Id", "a"."AccessFailedCount", "a"."Bio", "a"."ConcurrencyStamp", "a"."CoverImageUrl", "a"."CreatedAt", "a"."CreatorTier", "a"."DisplayName", "a"."Email", "a"."EmailConfirmed", "a"."LockoutEnabled", "a"."LockoutEnd", "a"."NormalizedEmail", "a"."NormalizedUserName", "a"."PasswordHash", "a"."PasswordResetCode", "a"."PasswordResetCodeExpiry", "a"."PhoneNumber", "a"."PhoneNumberConfirmed", "a"."Plan", "a"."ProfileImageUrl", "a"."Role", "a"."SecurityStamp", "a"."Status", "a"."StripeAccountId", "a"."SubscriptionEndDate", "a"."SubscriptionStatus", "a"."Tier", "a"."TwoFactorEnabled", "a"."UploadCount", "a"."UserName", "a"."VerifiedCreator", "a"."WalletBalanceCents"
      FROM "AspNetUsers" AS "a"
      WHERE "a"."Email" = @__email_0
      LIMIT 1
info: Microsoft.EntityFrameworkCore.Database.Command[20101]
      Executed DbCommand (0ms) [Parameters=[@p2='?' (Size = 36), @p3='?' (Size = 36), @p0='?' (Size = 7), @p1='?' (Size = 7)], CommandType='Text', CommandTimeout='30']
      UPDATE "AspNetUsers" SET "Role" = @p0, "Tier" = @p1
      WHERE "Id" = @p2 AND "ConcurrencyStamp" = @p3
      RETURNING 1;
info: Cambrian.Api.Controllers.AuthController[0]
      EVENT: LoginStarted
info: Microsoft.EntityFrameworkCore.Database.Command[20101]
      Executed DbCommand (0ms) [Parameters=[@__normalizedEmail_0='?' (Size = 49)], CommandType='Text', CommandTimeout='30']
      SELECT "a"."Id", "a"."AccessFailedCount", "a"."Bio", "a"."ConcurrencyStamp", "a"."CoverImageUrl", "a"."CreatedAt", "a"."CreatorTier", "a"."DisplayName", "a"."Email", "a"."EmailConfirmed", "a"."LockoutEnabled", "a"."LockoutEnd", "a"."NormalizedEmail", "a"."NormalizedUserName", "a"."PasswordHash", "a"."PasswordResetCode", "a"."PasswordResetCodeExpiry", "a"."PhoneNumber", "a"."PhoneNumberConfirmed", "a"."Plan", "a"."ProfileImageUrl", "a"."Role", "a"."SecurityStamp", "a"."Status", "a"."StripeAccountId", "a"."SubscriptionEndDate", "a"."SubscriptionStatus", "a"."Tier", "a"."TwoFactorEnabled", "a"."UploadCount", "a"."UserName", "a"."VerifiedCreator", "a"."WalletBalanceCents"
      FROM "AspNetUsers" AS "a"
      WHERE "a"."NormalizedEmail" = @__normalizedEmail_0
      LIMIT 2
info: Microsoft.EntityFrameworkCore.Database.Command[20101]
      Executed DbCommand (0ms) [Parameters=[@__userId_0='?' (Size = 36)], CommandType='Text', CommandTimeout='30']
      SELECT "s"."Id", "s"."ExpiresAt", "s"."Plan", "s"."StartedAt", "s"."Status", "s"."UserId"
      FROM "Subscriptions" AS "s"
      WHERE "s"."UserId" = @__userId_0 AND "s"."Status" = 'active'
      ORDER BY "s"."StartedAt" DESC
      LIMIT 1
info: Cambrian.Api.Controllers.AuthController[0]
      EVENT: LoginCompleted userId:4bd27d23-fe8f-49ad-8f5e-f5515c52ba27 tier:free
info: Cambrian.Api.Middleware.RequestLoggingMiddleware[0]
      HTTP POST /auth/login  200 in 50ms [rid:ad28ef649c38 uid:anon]
info: Cambrian.Api.Middleware.RequestLoggingMiddleware[0]
      HTTP PUT /creator-profile/me/pinned-tracks  401 in 0ms [rid:54027157ad92 uid:anon]
[xUnit.net 00:00:02.34]     Cambrian.Api.Tests.StorefrontTests.PinnedTracks_NoProfile_Returns404 [FAIL]
[xUnit.net 00:00:02.34]       Assert.Equal() Failure: Values differ
[xUnit.net 00:00:02.34]       Expected: NotFound
[xUnit.net 00:00:02.34]       Actual:   Unauthorized
[xUnit.net 00:00:02.34]       Stack Trace:
[xUnit.net 00:00:02.34]         C:\Users\logan\cambrian-push-temp\tests\Cambrian.Api.Tests\StorefrontTests.cs(361,0): at Cambrian.Api.Tests.StorefrontTests.PinnedTracks_NoProfile_Returns404()
[xUnit.net 00:00:02.34]         --- End of stack trace from previous location ---
info: Microsoft.EntityFrameworkCore.Database.Command[20101]
      Executed DbCommand (0ms) [Parameters=[@__name_0='?' (Size = 18)], CommandType='Text', CommandTimeout='30']
      SELECT "f"."Id", "f"."CreatedAt", "f"."Enabled", "f"."Name", "f"."RolloutPercentage", "f"."UpdatedAt"
      FROM "FeatureFlags" AS "f"
      WHERE "f"."Name" = @__name_0
      LIMIT 1
info: Cambrian.Api.Middleware.RequestLoggingMiddleware[0]
      HTTP PUT /creator-profile/me/pinned-tracks  401 in 0ms [rid:b7433c975369 uid:anon]
info: Microsoft.EntityFrameworkCore.Database.Command[20101]
      Executed DbCommand (0ms) [Parameters=[@__name_0='?' (Size = 18)], CommandType='Text', CommandTimeout='30']
      SELECT "f"."Id", "f"."CreatedAt", "f"."Enabled", "f"."Name", "f"."RolloutPercentage", "f"."UpdatedAt"
      FROM "FeatureFlags" AS "f"
      WHERE "f"."Name" = @__name_0
      LIMIT 1
  Passed Cambrian.Api.Tests.LicenseCertificateIntegrationTests.ConfirmSession_Unauthenticated_Returns401 [2 ms]
  Failed Cambrian.Api.Tests.CreatorIdentityTests.UpdateMyProfile_CreatorTier_CreatesProfile [91 ms]
  Error Message:
   System.Net.Http.HttpRequestException : Response status code does not indicate success: 401 (Unauthorized).
  Stack Trace:
     at System.Net.Http.HttpResponseMessage.EnsureSuccessStatusCode()
   at Cambrian.Api.Tests.CreatorIdentityTests.UpdateMyProfile_CreatorTier_CreatesProfile() in C:\Users\logan\cambrian-push-temp\tests\Cambrian.Api.Tests\CreatorIdentityTests.cs:line 245
--- End of stack trace from previous location ---
  Passed Cambrian.Api.Tests.CreatorIdentityTests.GetById_NonExistentCreator_Returns404 [3 ms]
  Failed Cambrian.Api.Tests.StorefrontTests.Storefront_ExcludesExclusiveSoldTracks [91 ms]
  Error Message:
   System.Net.Http.HttpRequestException : Response status code does not indicate success: 401 (Unauthorized).
  Stack Trace:
     at System.Net.Http.HttpResponseMessage.EnsureSuccessStatusCode()
   at Cambrian.Api.Tests.StorefrontTests.Storefront_ExcludesExclusiveSoldTracks() in C:\Users\logan\cambrian-push-temp\tests\Cambrian.Api.Tests\StorefrontTests.cs:line 174
--- End of stack trace from previous location ---
  Failed Cambrian.Api.Tests.CreatorIdentityTests.UpdateMyProfile_CannotSetEmail_FieldIgnored [91 ms]
  Error Message:
   System.Net.Http.HttpRequestException : Response status code does not indicate success: 401 (Unauthorized).
  Stack Trace:
     at System.Net.Http.HttpResponseMessage.EnsureSuccessStatusCode()
   at Cambrian.Api.Tests.CreatorIdentityTests.UpdateMyProfile_CannotSetEmail_FieldIgnored() in C:\Users\logan\cambrian-push-temp\tests\Cambrian.Api.Tests\CreatorIdentityTests.cs:line 290
--- End of stack trace from previous location ---
  Passed Cambrian.Api.Tests.CreatorIdentityTests.UsernameAvailability_AvailableUsername_ReturnsTrue [2 ms]
  Failed Cambrian.Api.Tests.StorefrontTests.Storefront_ExcludesCopyrightTransferredTracks [88 ms]
  Error Message:
   System.Net.Http.HttpRequestException : Response status code does not indicate success: 401 (Unauthorized).
  Stack Trace:
     at System.Net.Http.HttpResponseMessage.EnsureSuccessStatusCode()
   at Cambrian.Api.Tests.StorefrontTests.Storefront_ExcludesCopyrightTransferredTracks() in C:\Users\logan\cambrian-push-temp\tests\Cambrian.Api.Tests\StorefrontTests.cs:line 147
--- End of stack trace from previous location ---
  Failed Cambrian.Api.Tests.StorefrontTests.PinnedTracks_NoProfile_Returns404 [105 ms]
  Error Message:
   Assert.Equal() Failure: Values differ
Expected: NotFound
Actual:   Unauthorized
  Stack Trace:
     at Cambrian.Api.Tests.StorefrontTests.PinnedTracks_NoProfile_Returns404() in C:\Users\logan\cambrian-push-temp\tests\Cambrian.Api.Tests\StorefrontTests.cs:line 361
--- End of stack trace from previous location ---
  Passed Cambrian.Api.Tests.StorefrontTests.PinnedTracks_Unauthenticated_Returns401 [2 ms]
info: Cambrian.Api.Controllers.AuthController[0]
      EVENT: RegisterStarted
info: Microsoft.EntityFrameworkCore.Database.Command[20101]
      Executed DbCommand (0ms) [Parameters=[@__normalizedUserName_0='?' (Size = 48)], CommandType='Text', CommandTimeout='30']
      SELECT "a"."Id", "a"."AccessFailedCount", "a"."Bio", "a"."ConcurrencyStamp", "a"."CoverImageUrl", "a"."CreatedAt", "a"."CreatorTier", "a"."DisplayName", "a"."Email", "a"."EmailConfirmed", "a"."LockoutEnabled", "a"."LockoutEnd", "a"."NormalizedEmail", "a"."NormalizedUserName", "a"."PasswordHash", "a"."PasswordResetCode", "a"."PasswordResetCodeExpiry", "a"."PhoneNumber", "a"."PhoneNumberConfirmed", "a"."Plan", "a"."ProfileImageUrl", "a"."Role", "a"."SecurityStamp", "a"."Status", "a"."StripeAccountId", "a"."SubscriptionEndDate", "a"."SubscriptionStatus", "a"."Tier", "a"."TwoFactorEnabled", "a"."UploadCount", "a"."UserName", "a"."VerifiedCreator", "a"."WalletBalanceCents"
      FROM "AspNetUsers" AS "a"
      WHERE "a"."NormalizedUserName" = @__normalizedUserName_0
      LIMIT 1
info: Microsoft.EntityFrameworkCore.Database.Command[20101]
      Executed DbCommand (0ms) [Parameters=[@__normalizedEmail_0='?' (Size = 48)], CommandType='Text', CommandTimeout='30']
      SELECT "a"."Id", "a"."AccessFailedCount", "a"."Bio", "a"."ConcurrencyStamp", "a"."CoverImageUrl", "a"."CreatedAt", "a"."CreatorTier", "a"."DisplayName", "a"."Email", "a"."EmailConfirmed", "a"."LockoutEnabled", "a"."LockoutEnd", "a"."NormalizedEmail", "a"."NormalizedUserName", "a"."PasswordHash", "a"."PasswordResetCode", "a"."PasswordResetCodeExpiry", "a"."PhoneNumber", "a"."PhoneNumberConfirmed", "a"."Plan", "a"."ProfileImageUrl", "a"."Role", "a"."SecurityStamp", "a"."Status", "a"."StripeAccountId", "a"."SubscriptionEndDate", "a"."SubscriptionStatus", "a"."Tier", "a"."TwoFactorEnabled", "a"."UploadCount", "a"."UserName", "a"."VerifiedCreator", "a"."WalletBalanceCents"
      FROM "AspNetUsers" AS "a"
      WHERE "a"."NormalizedEmail" = @__normalizedEmail_0
      LIMIT 2
info: Microsoft.EntityFrameworkCore.Database.Command[20101]
      Executed DbCommand (0ms) [Parameters=[@p0='?' (Size = 36), @p1='?' (DbType = Int32), @p2='?', @p3='?' (Size = 36), @p4='?', @p5='?' (DbType = DateTime), @p6='?' (DbType = Int32), @p7='?' (Size = 8), @p8='?' (Size = 48), @p9='?' (DbType = Boolean), @p10='?' (DbType = Boolean), @p11='?' (DbType = DateTimeOffset), @p12='?' (Size = 48), @p13='?' (Size = 48), @p14='?' (Size = 84), @p15='?', @p16='?' (DbType = DateTime), @p17='?', @p18='?' (DbType = Boolean), @p19='?', @p20='?', @p21='?' (Size = 4), @p22='?' (Size = 32), @p23='?' (Size = 6), @p24='?', @p25='?' (DbType = DateTime), @p26='?' (Size = 8), @p27='?' (Size = 4), @p28='?' (DbType = Boolean), @p29='?' (DbType = Int32), @p30='?' (Size = 48), @p31='?' (DbType = Boolean), @p32='?' (DbType = Int64)], CommandType='Text', CommandTimeout='30']
      INSERT INTO "AspNetUsers" ("Id", "AccessFailedCount", "Bio", "ConcurrencyStamp", "CoverImageUrl", "CreatedAt", "CreatorTier", "DisplayName", "Email", "EmailConfirmed", "LockoutEnabled", "LockoutEnd", "NormalizedEmail", "NormalizedUserName", "PasswordHash", "PasswordResetCode", "PasswordResetCodeExpiry", "PhoneNumber", "PhoneNumberConfirmed", "Plan", "ProfileImageUrl", "Role", "SecurityStamp", "Status", "StripeAccountId", "SubscriptionEndDate", "SubscriptionStatus", "Tier", "TwoFactorEnabled", "UploadCount", "UserName", "VerifiedCreator", "WalletBalanceCents")
      VALUES (@p0, @p1, @p2, @p3, @p4, @p5, @p6, @p7, @p8, @p9, @p10, @p11, @p12, @p13, @p14, @p15, @p16, @p17, @p18, @p19, @p20, @p21, @p22, @p23, @p24, @p25, @p26, @p27, @p28, @p29, @p30, @p31, @p32);
info: Cambrian.Api.Controllers.AuthController[0]
      EVENT: RegisterCompleted userId:d3fd5ae8-8d33-4a91-acfe-394733c0a0d3 tier:free
info: Cambrian.Api.Middleware.RequestLoggingMiddleware[0]
      HTTP POST /auth/register  201 in 42ms [rid:76a441c964b5 uid:anon]
info: Microsoft.EntityFrameworkCore.Database.Command[20101]
      Executed DbCommand (0ms) [Parameters=[@__email_0='?' (Size = 48)], CommandType='Text', CommandTimeout='30']
      SELECT "a"."Id", "a"."AccessFailedCount", "a"."Bio", "a"."ConcurrencyStamp", "a"."CoverImageUrl", "a"."CreatedAt", "a"."CreatorTier", "a"."DisplayName", "a"."Email", "a"."EmailConfirmed", "a"."LockoutEnabled", "a"."LockoutEnd", "a"."NormalizedEmail", "a"."NormalizedUserName", "a"."PasswordHash", "a"."PasswordResetCode", "a"."PasswordResetCodeExpiry", "a"."PhoneNumber", "a"."PhoneNumberConfirmed", "a"."Plan", "a"."ProfileImageUrl", "a"."Role", "a"."SecurityStamp", "a"."Status", "a"."StripeAccountId", "a"."SubscriptionEndDate", "a"."SubscriptionStatus", "a"."Tier", "a"."TwoFactorEnabled", "a"."UploadCount", "a"."UserName", "a"."VerifiedCreator", "a"."WalletBalanceCents"
      FROM "AspNetUsers" AS "a"
      WHERE "a"."Email" = @__email_0
      LIMIT 1
info: Microsoft.EntityFrameworkCore.Database.Command[20101]
      Executed DbCommand (0ms) [Parameters=[@p2='?' (Size = 36), @p3='?' (Size = 36), @p0='?' (Size = 7), @p1='?' (Size = 7)], CommandType='Text', CommandTimeout='30']
      UPDATE "AspNetUsers" SET "Role" = @p0, "Tier" = @p1
      WHERE "Id" = @p2 AND "ConcurrencyStamp" = @p3
      RETURNING 1;
info: Cambrian.Api.Controllers.AuthController[0]
      EVENT: LoginStarted
info: Microsoft.EntityFrameworkCore.Database.Command[20101]
      Executed DbCommand (0ms) [Parameters=[@__normalizedEmail_0='?' (Size = 48)], CommandType='Text', CommandTimeout='30']
      SELECT "a"."Id", "a"."AccessFailedCount", "a"."Bio", "a"."ConcurrencyStamp", "a"."CoverImageUrl", "a"."CreatedAt", "a"."CreatorTier", "a"."DisplayName", "a"."Email", "a"."EmailConfirmed", "a"."LockoutEnabled", "a"."LockoutEnd", "a"."NormalizedEmail", "a"."NormalizedUserName", "a"."PasswordHash", "a"."PasswordResetCode", "a"."PasswordResetCodeExpiry", "a"."PhoneNumber", "a"."PhoneNumberConfirmed", "a"."Plan", "a"."ProfileImageUrl", "a"."Role", "a"."SecurityStamp", "a"."Status", "a"."StripeAccountId", "a"."SubscriptionEndDate", "a"."SubscriptionStatus", "a"."Tier", "a"."TwoFactorEnabled", "a"."UploadCount", "a"."UserName", "a"."VerifiedCreator", "a"."WalletBalanceCents"
      FROM "AspNetUsers" AS "a"
      WHERE "a"."NormalizedEmail" = @__normalizedEmail_0
      LIMIT 2
info: Microsoft.EntityFrameworkCore.Database.Command[20101]
      Executed DbCommand (0ms) [Parameters=[@__userId_0='?' (Size = 36)], CommandType='Text', CommandTimeout='30']
      SELECT "s"."Id", "s"."ExpiresAt", "s"."Plan", "s"."StartedAt", "s"."Status", "s"."UserId"
      FROM "Subscriptions" AS "s"
      WHERE "s"."UserId" = @__userId_0 AND "s"."Status" = 'active'
      ORDER BY "s"."StartedAt" DESC
      LIMIT 1
info: Cambrian.Api.Controllers.AuthController[0]
      EVENT: LoginCompleted userId:d3fd5ae8-8d33-4a91-acfe-394733c0a0d3 tier:free
info: Cambrian.Api.Middleware.RequestLoggingMiddleware[0]
      HTTP POST /auth/login  200 in 40ms [rid:f58185ebc5a5 uid:anon]
info: Microsoft.EntityFrameworkCore.Database.Command[20101]
      Executed DbCommand (0ms) [Parameters=[@__normalizedEmail_0='?' (Size = 48)], CommandType='Text', CommandTimeout='30']
      SELECT "a"."Id", "a"."AccessFailedCount", "a"."Bio", "a"."ConcurrencyStamp", "a"."CoverImageUrl", "a"."CreatedAt", "a"."CreatorTier", "a"."DisplayName", "a"."Email", "a"."EmailConfirmed", "a"."LockoutEnabled", "a"."LockoutEnd", "a"."NormalizedEmail", "a"."NormalizedUserName", "a"."PasswordHash", "a"."PasswordResetCode", "a"."PasswordResetCodeExpiry", "a"."PhoneNumber", "a"."PhoneNumberConfirmed", "a"."Plan", "a"."ProfileImageUrl", "a"."Role", "a"."SecurityStamp", "a"."Status", "a"."StripeAccountId", "a"."SubscriptionEndDate", "a"."SubscriptionStatus", "a"."Tier", "a"."TwoFactorEnabled", "a"."UploadCount", "a"."UserName", "a"."VerifiedCreator", "a"."WalletBalanceCents"
      FROM "AspNetUsers" AS "a"
      WHERE "a"."NormalizedEmail" = @__normalizedEmail_0
      LIMIT 2
info: Cambrian.Api.Middleware.RequestLoggingMiddleware[0]
      HTTP PUT /creator-profile/me  401 in 0ms [rid:44b07b60953f uid:anon]
[xUnit.net 00:00:02.43]     Cambrian.Api.Tests.StorefrontTests.Storefront_PinnedTracks_FallsBackToMostRecent5 [FAIL]
[xUnit.net 00:00:02.43]       System.Net.Http.HttpRequestException : Response status code does not indicate success: 401 (Unauthorized).
[xUnit.net 00:00:02.43]       Stack Trace:
[xUnit.net 00:00:02.43]            at System.Net.Http.HttpResponseMessage.EnsureSuccessStatusCode()
[xUnit.net 00:00:02.43]         C:\Users\logan\cambrian-push-temp\tests\Cambrian.Api.Tests\StorefrontTests.cs(201,0): at Cambrian.Api.Tests.StorefrontTests.Storefront_PinnedTracks_FallsBackToMostRecent5()
[xUnit.net 00:00:02.43]         --- End of stack trace from previous location ---
info: Microsoft.EntityFrameworkCore.Database.Command[20101]
      Executed DbCommand (0ms) [Parameters=[@__name_0='?' (Size = 18)], CommandType='Text', CommandTimeout='30']
      SELECT "f"."Id", "f"."CreatedAt", "f"."Enabled", "f"."Name", "f"."RolloutPercentage", "f"."UpdatedAt"
      FROM "FeatureFlags" AS "f"
      WHERE "f"."Name" = @__name_0
      LIMIT 1
info: Cambrian.Api.Controllers.AuthController[0]
      EVENT: RegisterStarted
info: Microsoft.EntityFrameworkCore.Database.Command[20101]
      Executed DbCommand (0ms) [Parameters=[@__normalizedUserName_0='?' (Size = 49)], CommandType='Text', CommandTimeout='30']
      SELECT "a"."Id", "a"."AccessFailedCount", "a"."Bio", "a"."ConcurrencyStamp", "a"."CoverImageUrl", "a"."CreatedAt", "a"."CreatorTier", "a"."DisplayName", "a"."Email", "a"."EmailConfirmed", "a"."LockoutEnabled", "a"."LockoutEnd", "a"."NormalizedEmail", "a"."NormalizedUserName", "a"."PasswordHash", "a"."PasswordResetCode", "a"."PasswordResetCodeExpiry", "a"."PhoneNumber", "a"."PhoneNumberConfirmed", "a"."Plan", "a"."ProfileImageUrl", "a"."Role", "a"."SecurityStamp", "a"."Status", "a"."StripeAccountId", "a"."SubscriptionEndDate", "a"."SubscriptionStatus", "a"."Tier", "a"."TwoFactorEnabled", "a"."UploadCount", "a"."UserName", "a"."VerifiedCreator", "a"."WalletBalanceCents"
      FROM "AspNetUsers" AS "a"
      WHERE "a"."NormalizedUserName" = @__normalizedUserName_0
      LIMIT 1
info: Microsoft.EntityFrameworkCore.Database.Command[20101]
      Executed DbCommand (0ms) [Parameters=[@__normalizedEmail_0='?' (Size = 49)], CommandType='Text', CommandTimeout='30']
      SELECT "a"."Id", "a"."AccessFailedCount", "a"."Bio", "a"."ConcurrencyStamp", "a"."CoverImageUrl", "a"."CreatedAt", "a"."CreatorTier", "a"."DisplayName", "a"."Email", "a"."EmailConfirmed", "a"."LockoutEnabled", "a"."LockoutEnd", "a"."NormalizedEmail", "a"."NormalizedUserName", "a"."PasswordHash", "a"."PasswordResetCode", "a"."PasswordResetCodeExpiry", "a"."PhoneNumber", "a"."PhoneNumberConfirmed", "a"."Plan", "a"."ProfileImageUrl", "a"."Role", "a"."SecurityStamp", "a"."Status", "a"."StripeAccountId", "a"."SubscriptionEndDate", "a"."SubscriptionStatus", "a"."Tier", "a"."TwoFactorEnabled", "a"."UploadCount", "a"."UserName", "a"."VerifiedCreator", "a"."WalletBalanceCents"
      FROM "AspNetUsers" AS "a"
      WHERE "a"."NormalizedEmail" = @__normalizedEmail_0
      LIMIT 2
info: Microsoft.EntityFrameworkCore.Database.Command[20101]
      Executed DbCommand (0ms) [Parameters=[@p0='?' (Size = 36), @p1='?' (DbType = Int32), @p2='?', @p3='?' (Size = 36), @p4='?', @p5='?' (DbType = DateTime), @p6='?' (DbType = Int32), @p7='?' (Size = 8), @p8='?' (Size = 49), @p9='?' (DbType = Boolean), @p10='?' (DbType = Boolean), @p11='?' (DbType = DateTimeOffset), @p12='?' (Size = 49), @p13='?' (Size = 49), @p14='?' (Size = 84), @p15='?', @p16='?' (DbType = DateTime), @p17='?', @p18='?' (DbType = Boolean), @p19='?', @p20='?', @p21='?' (Size = 4), @p22='?' (Size = 32), @p23='?' (Size = 6), @p24='?', @p25='?' (DbType = DateTime), @p26='?' (Size = 8), @p27='?' (Size = 4), @p28='?' (DbType = Boolean), @p29='?' (DbType = Int32), @p30='?' (Size = 49), @p31='?' (DbType = Boolean), @p32='?' (DbType = Int64)], CommandType='Text', CommandTimeout='30']
      INSERT INTO "AspNetUsers" ("Id", "AccessFailedCount", "Bio", "ConcurrencyStamp", "CoverImageUrl", "CreatedAt", "CreatorTier", "DisplayName", "Email", "EmailConfirmed", "LockoutEnabled", "LockoutEnd", "NormalizedEmail", "NormalizedUserName", "PasswordHash", "PasswordResetCode", "PasswordResetCodeExpiry", "PhoneNumber", "PhoneNumberConfirmed", "Plan", "ProfileImageUrl", "Role", "SecurityStamp", "Status", "StripeAccountId", "SubscriptionEndDate", "SubscriptionStatus", "Tier", "TwoFactorEnabled", "UploadCount", "UserName", "VerifiedCreator", "WalletBalanceCents")
      VALUES (@p0, @p1, @p2, @p3, @p4, @p5, @p6, @p7, @p8, @p9, @p10, @p11, @p12, @p13, @p14, @p15, @p16, @p17, @p18, @p19, @p20, @p21, @p22, @p23, @p24, @p25, @p26, @p27, @p28, @p29, @p30, @p31, @p32);
info: Cambrian.Api.Controllers.AuthController[0]
      EVENT: RegisterCompleted userId:5efb43e3-0f9a-4d19-9326-754552830d5e tier:free
info: Cambrian.Api.Middleware.RequestLoggingMiddleware[0]
      HTTP POST /auth/register  201 in 43ms [rid:f2e47084f96b uid:anon]
info: Microsoft.EntityFrameworkCore.Database.Command[20101]
      Executed DbCommand (0ms) [Parameters=[@__email_0='?' (Size = 49)], CommandType='Text', CommandTimeout='30']
      SELECT "a"."Id", "a"."AccessFailedCount", "a"."Bio", "a"."ConcurrencyStamp", "a"."CoverImageUrl", "a"."CreatedAt", "a"."CreatorTier", "a"."DisplayName", "a"."Email", "a"."EmailConfirmed", "a"."LockoutEnabled", "a"."LockoutEnd", "a"."NormalizedEmail", "a"."NormalizedUserName", "a"."PasswordHash", "a"."PasswordResetCode", "a"."PasswordResetCodeExpiry", "a"."PhoneNumber", "a"."PhoneNumberConfirmed", "a"."Plan", "a"."ProfileImageUrl", "a"."Role", "a"."SecurityStamp", "a"."Status", "a"."StripeAccountId", "a"."SubscriptionEndDate", "a"."SubscriptionStatus", "a"."Tier", "a"."TwoFactorEnabled", "a"."UploadCount", "a"."UserName", "a"."VerifiedCreator", "a"."WalletBalanceCents"
      FROM "AspNetUsers" AS "a"
      WHERE "a"."Email" = @__email_0
      LIMIT 1
info: Microsoft.EntityFrameworkCore.Database.Command[20101]
      Executed DbCommand (0ms) [Parameters=[@p2='?' (Size = 36), @p3='?' (Size = 36), @p0='?' (Size = 7), @p1='?' (Size = 7)], CommandType='Text', CommandTimeout='30']
      UPDATE "AspNetUsers" SET "Role" = @p0, "Tier" = @p1
      WHERE "Id" = @p2 AND "ConcurrencyStamp" = @p3
      RETURNING 1;
info: Cambrian.Api.Controllers.AuthController[0]
      EVENT: LoginStarted
info: Microsoft.EntityFrameworkCore.Database.Command[20101]
      Executed DbCommand (0ms) [Parameters=[@__normalizedEmail_0='?' (Size = 49)], CommandType='Text', CommandTimeout='30']
      SELECT "a"."Id", "a"."AccessFailedCount", "a"."Bio", "a"."ConcurrencyStamp", "a"."CoverImageUrl", "a"."CreatedAt", "a"."CreatorTier", "a"."DisplayName", "a"."Email", "a"."EmailConfirmed", "a"."LockoutEnabled", "a"."LockoutEnd", "a"."NormalizedEmail", "a"."NormalizedUserName", "a"."PasswordHash", "a"."PasswordResetCode", "a"."PasswordResetCodeExpiry", "a"."PhoneNumber", "a"."PhoneNumberConfirmed", "a"."Plan", "a"."ProfileImageUrl", "a"."Role", "a"."SecurityStamp", "a"."Status", "a"."StripeAccountId", "a"."SubscriptionEndDate", "a"."SubscriptionStatus", "a"."Tier", "a"."TwoFactorEnabled", "a"."UploadCount", "a"."UserName", "a"."VerifiedCreator", "a"."WalletBalanceCents"
      FROM "AspNetUsers" AS "a"
      WHERE "a"."NormalizedEmail" = @__normalizedEmail_0
      LIMIT 2
info: Microsoft.EntityFrameworkCore.Database.Command[20101]
      Executed DbCommand (0ms) [Parameters=[@__userId_0='?' (Size = 36)], CommandType='Text', CommandTimeout='30']
      SELECT "s"."Id", "s"."ExpiresAt", "s"."Plan", "s"."StartedAt", "s"."Status", "s"."UserId"
      FROM "Subscriptions" AS "s"
      WHERE "s"."UserId" = @__userId_0 AND "s"."Status" = 'active'
      ORDER BY "s"."StartedAt" DESC
      LIMIT 1
info: Cambrian.Api.Controllers.AuthController[0]
      EVENT: LoginCompleted userId:5efb43e3-0f9a-4d19-9326-754552830d5e tier:free
info: Cambrian.Api.Middleware.RequestLoggingMiddleware[0]
      HTTP POST /auth/login  200 in 41ms [rid:fd0404225120 uid:anon]
info: Microsoft.EntityFrameworkCore.Database.Command[20101]
      Executed DbCommand (0ms) [Parameters=[@__normalizedEmail_0='?' (Size = 49)], CommandType='Text', CommandTimeout='30']
      SELECT "a"."Id", "a"."AccessFailedCount", "a"."Bio", "a"."ConcurrencyStamp", "a"."CoverImageUrl", "a"."CreatedAt", "a"."CreatorTier", "a"."DisplayName", "a"."Email", "a"."EmailConfirmed", "a"."LockoutEnabled", "a"."LockoutEnd", "a"."NormalizedEmail", "a"."NormalizedUserName", "a"."PasswordHash", "a"."PasswordResetCode", "a"."PasswordResetCodeExpiry", "a"."PhoneNumber", "a"."PhoneNumberConfirmed", "a"."Plan", "a"."ProfileImageUrl", "a"."Role", "a"."SecurityStamp", "a"."Status", "a"."StripeAccountId", "a"."SubscriptionEndDate", "a"."SubscriptionStatus", "a"."Tier", "a"."TwoFactorEnabled", "a"."UploadCount", "a"."UserName", "a"."VerifiedCreator", "a"."WalletBalanceCents"
      FROM "AspNetUsers" AS "a"
      WHERE "a"."NormalizedEmail" = @__normalizedEmail_0
      LIMIT 2
info: Cambrian.Api.Middleware.RequestLoggingMiddleware[0]
      HTTP PUT /creator-profile/me  401 in 0ms [rid:9cef15232832 uid:anon]
[xUnit.net 00:00:02.53]     Cambrian.Api.Tests.StorefrontTests.Storefront_PinnedTracks_RespectsCreatorOrder [FAIL]
[xUnit.net 00:00:02.53]       System.Net.Http.HttpRequestException : Response status code does not indicate success: 401 (Unauthorized).
[xUnit.net 00:00:02.53]       Stack Trace:
[xUnit.net 00:00:02.53]            at System.Net.Http.HttpResponseMessage.EnsureSuccessStatusCode()
[xUnit.net 00:00:02.53]         C:\Users\logan\cambrian-push-temp\tests\Cambrian.Api.Tests\StorefrontTests.cs(228,0): at Cambrian.Api.Tests.StorefrontTests.Storefront_PinnedTracks_RespectsCreatorOrder()
[xUnit.net 00:00:02.53]         --- End of stack trace from previous location ---
info: Microsoft.EntityFrameworkCore.Database.Command[20101]
      Executed DbCommand (0ms) [Parameters=[@__name_0='?' (Size = 18)], CommandType='Text', CommandTimeout='30']
      SELECT "f"."Id", "f"."CreatedAt", "f"."Enabled", "f"."Name", "f"."RolloutPercentage", "f"."UpdatedAt"
      FROM "FeatureFlags" AS "f"
      WHERE "f"."Name" = @__name_0
      LIMIT 1
info: Microsoft.EntityFrameworkCore.Database.Command[20101]
      Executed DbCommand (0ms) [Parameters=[@__name_0='?' (Size = 18)], CommandType='Text', CommandTimeout='30']
      SELECT "f"."Id", "f"."CreatedAt", "f"."Enabled", "f"."Name", "f"."RolloutPercentage", "f"."UpdatedAt"
      FROM "FeatureFlags" AS "f"
      WHERE "f"."Name" = @__name_0
      LIMIT 1
info: Microsoft.EntityFrameworkCore.Database.Command[20101]
      Executed DbCommand (0ms) [Parameters=[@__ToLower_0='?' (Size = 15)], CommandType='Text', CommandTimeout='30']
      SELECT "c"."Id", "c"."BannerImageUrl", "c"."Bio", "c"."CreatedAt", "c"."Niche", "c"."PinnedTrackIds", "c"."ProfileImageUrl", "c"."ShowDownloadStats", "c"."ShowEarnings", "c"."Slug", "c"."SocialLinks", "c"."UpdatedAt", "c"."UserId"
      FROM "CreatorProfiles" AS "c"
      WHERE lower("c"."Slug") = @__ToLower_0
      LIMIT 1
info: Cambrian.Api.Middleware.RequestLoggingMiddleware[0]
      HTTP GET /creator-profile/no-such-creator/storefront  404 in 3ms [rid:7c4897135705 uid:anon]
info: Microsoft.EntityFrameworkCore.Database.Command[20101]
      Executed DbCommand (0ms) [Parameters=[@__name_0='?' (Size = 18)], CommandType='Text', CommandTimeout='30']
      SELECT "f"."Id", "f"."CreatedAt", "f"."Enabled", "f"."Name", "f"."RolloutPercentage", "f"."UpdatedAt"
      FROM "FeatureFlags" AS "f"
      WHERE "f"."Name" = @__name_0
      LIMIT 1
info: Cambrian.Api.Controllers.AuthController[0]
      EVENT: RegisterStarted
info: Microsoft.EntityFrameworkCore.Database.Command[20101]
      Executed DbCommand (0ms) [Parameters=[@__normalizedUserName_0='?' (Size = 50)], CommandType='Text', CommandTimeout='30']
      SELECT "a"."Id", "a"."AccessFailedCount", "a"."Bio", "a"."ConcurrencyStamp", "a"."CoverImageUrl", "a"."CreatedAt", "a"."CreatorTier", "a"."DisplayName", "a"."Email", "a"."EmailConfirmed", "a"."LockoutEnabled", "a"."LockoutEnd", "a"."NormalizedEmail", "a"."NormalizedUserName", "a"."PasswordHash", "a"."PasswordResetCode", "a"."PasswordResetCodeExpiry", "a"."PhoneNumber", "a"."PhoneNumberConfirmed", "a"."Plan", "a"."ProfileImageUrl", "a"."Role", "a"."SecurityStamp", "a"."Status", "a"."StripeAccountId", "a"."SubscriptionEndDate", "a"."SubscriptionStatus", "a"."Tier", "a"."TwoFactorEnabled", "a"."UploadCount", "a"."UserName", "a"."VerifiedCreator", "a"."WalletBalanceCents"
      FROM "AspNetUsers" AS "a"
      WHERE "a"."NormalizedUserName" = @__normalizedUserName_0
      LIMIT 1
info: Microsoft.EntityFrameworkCore.Database.Command[20101]
      Executed DbCommand (0ms) [Parameters=[@__normalizedEmail_0='?' (Size = 50)], CommandType='Text', CommandTimeout='30']
      SELECT "a"."Id", "a"."AccessFailedCount", "a"."Bio", "a"."ConcurrencyStamp", "a"."CoverImageUrl", "a"."CreatedAt", "a"."CreatorTier", "a"."DisplayName", "a"."Email", "a"."EmailConfirmed", "a"."LockoutEnabled", "a"."LockoutEnd", "a"."NormalizedEmail", "a"."NormalizedUserName", "a"."PasswordHash", "a"."PasswordResetCode", "a"."PasswordResetCodeExpiry", "a"."PhoneNumber", "a"."PhoneNumberConfirmed", "a"."Plan", "a"."ProfileImageUrl", "a"."Role", "a"."SecurityStamp", "a"."Status", "a"."StripeAccountId", "a"."SubscriptionEndDate", "a"."SubscriptionStatus", "a"."Tier", "a"."TwoFactorEnabled", "a"."UploadCount", "a"."UserName", "a"."VerifiedCreator", "a"."WalletBalanceCents"
      FROM "AspNetUsers" AS "a"
      WHERE "a"."NormalizedEmail" = @__normalizedEmail_0
      LIMIT 2
info: Microsoft.EntityFrameworkCore.Database.Command[20101]
      Executed DbCommand (0ms) [Parameters=[@p0='?' (Size = 36), @p1='?' (DbType = Int32), @p2='?', @p3='?' (Size = 36), @p4='?', @p5='?' (DbType = DateTime), @p6='?' (DbType = Int32), @p7='?' (Size = 8), @p8='?' (Size = 50), @p9='?' (DbType = Boolean), @p10='?' (DbType = Boolean), @p11='?' (DbType = DateTimeOffset), @p12='?' (Size = 50), @p13='?' (Size = 50), @p14='?' (Size = 84), @p15='?', @p16='?' (DbType = DateTime), @p17='?', @p18='?' (DbType = Boolean), @p19='?', @p20='?', @p21='?' (Size = 4), @p22='?' (Size = 32), @p23='?' (Size = 6), @p24='?', @p25='?' (DbType = DateTime), @p26='?' (Size = 8), @p27='?' (Size = 4), @p28='?' (DbType = Boolean), @p29='?' (DbType = Int32), @p30='?' (Size = 50), @p31='?' (DbType = Boolean), @p32='?' (DbType = Int64)], CommandType='Text', CommandTimeout='30']
      INSERT INTO "AspNetUsers" ("Id", "AccessFailedCount", "Bio", "ConcurrencyStamp", "CoverImageUrl", "CreatedAt", "CreatorTier", "DisplayName", "Email", "EmailConfirmed", "LockoutEnabled", "LockoutEnd", "NormalizedEmail", "NormalizedUserName", "PasswordHash", "PasswordResetCode", "PasswordResetCodeExpiry", "PhoneNumber", "PhoneNumberConfirmed", "Plan", "ProfileImageUrl", "Role", "SecurityStamp", "Status", "StripeAccountId", "SubscriptionEndDate", "SubscriptionStatus", "Tier", "TwoFactorEnabled", "UploadCount", "UserName", "VerifiedCreator", "WalletBalanceCents")
      VALUES (@p0, @p1, @p2, @p3, @p4, @p5, @p6, @p7, @p8, @p9, @p10, @p11, @p12, @p13, @p14, @p15, @p16, @p17, @p18, @p19, @p20, @p21, @p22, @p23, @p24, @p25, @p26, @p27, @p28, @p29, @p30, @p31, @p32);
info: Cambrian.Api.Controllers.AuthController[0]
      EVENT: RegisterCompleted userId:b9d0eed9-49c2-4a2b-ae3e-56ceb203af2c tier:free
info: Cambrian.Api.Middleware.RequestLoggingMiddleware[0]
      HTTP POST /auth/register  201 in 50ms [rid:baecd82484f2 uid:anon]
info: Microsoft.EntityFrameworkCore.Database.Command[20101]
      Executed DbCommand (0ms) [Parameters=[@__email_0='?' (Size = 50)], CommandType='Text', CommandTimeout='30']
      SELECT "a"."Id", "a"."AccessFailedCount", "a"."Bio", "a"."ConcurrencyStamp", "a"."CoverImageUrl", "a"."CreatedAt", "a"."CreatorTier", "a"."DisplayName", "a"."Email", "a"."EmailConfirmed", "a"."LockoutEnabled", "a"."LockoutEnd", "a"."NormalizedEmail", "a"."NormalizedUserName", "a"."PasswordHash", "a"."PasswordResetCode", "a"."PasswordResetCodeExpiry", "a"."PhoneNumber", "a"."PhoneNumberConfirmed", "a"."Plan", "a"."ProfileImageUrl", "a"."Role", "a"."SecurityStamp", "a"."Status", "a"."StripeAccountId", "a"."SubscriptionEndDate", "a"."SubscriptionStatus", "a"."Tier", "a"."TwoFactorEnabled", "a"."UploadCount", "a"."UserName", "a"."VerifiedCreator", "a"."WalletBalanceCents"
      FROM "AspNetUsers" AS "a"
      WHERE "a"."Email" = @__email_0
      LIMIT 1
info: Microsoft.EntityFrameworkCore.Database.Command[20101]
      Executed DbCommand (0ms) [Parameters=[@p2='?' (Size = 36), @p3='?' (Size = 36), @p0='?' (Size = 7), @p1='?' (Size = 7)], CommandType='Text', CommandTimeout='30']
      UPDATE "AspNetUsers" SET "Role" = @p0, "Tier" = @p1
      WHERE "Id" = @p2 AND "ConcurrencyStamp" = @p3
      RETURNING 1;
info: Cambrian.Api.Controllers.AuthController[0]
      EVENT: LoginStarted
info: Microsoft.EntityFrameworkCore.Database.Command[20101]
      Executed DbCommand (0ms) [Parameters=[@__normalizedEmail_0='?' (Size = 50)], CommandType='Text', CommandTimeout='30']
      SELECT "a"."Id", "a"."AccessFailedCount", "a"."Bio", "a"."ConcurrencyStamp", "a"."CoverImageUrl", "a"."CreatedAt", "a"."CreatorTier", "a"."DisplayName", "a"."Email", "a"."EmailConfirmed", "a"."LockoutEnabled", "a"."LockoutEnd", "a"."NormalizedEmail", "a"."NormalizedUserName", "a"."PasswordHash", "a"."PasswordResetCode", "a"."PasswordResetCodeExpiry", "a"."PhoneNumber", "a"."PhoneNumberConfirmed", "a"."Plan", "a"."ProfileImageUrl", "a"."Role", "a"."SecurityStamp", "a"."Status", "a"."StripeAccountId", "a"."SubscriptionEndDate", "a"."SubscriptionStatus", "a"."Tier", "a"."TwoFactorEnabled", "a"."UploadCount", "a"."UserName", "a"."VerifiedCreator", "a"."WalletBalanceCents"
      FROM "AspNetUsers" AS "a"
      WHERE "a"."NormalizedEmail" = @__normalizedEmail_0
      LIMIT 2
info: Microsoft.EntityFrameworkCore.Database.Command[20101]
      Executed DbCommand (0ms) [Parameters=[@__userId_0='?' (Size = 36)], CommandType='Text', CommandTimeout='30']
      SELECT "s"."Id", "s"."ExpiresAt", "s"."Plan", "s"."StartedAt", "s"."Status", "s"."UserId"
      FROM "Subscriptions" AS "s"
      WHERE "s"."UserId" = @__userId_0 AND "s"."Status" = 'active'
      ORDER BY "s"."StartedAt" DESC
      LIMIT 1
info: Cambrian.Api.Controllers.AuthController[0]
      EVENT: LoginCompleted userId:b9d0eed9-49c2-4a2b-ae3e-56ceb203af2c tier:free
info: Cambrian.Api.Middleware.RequestLoggingMiddleware[0]
      HTTP POST /auth/login  200 in 40ms [rid:b89facfd817e uid:anon]
info: Microsoft.EntityFrameworkCore.Database.Command[20101]
      Executed DbCommand (0ms) [Parameters=[@__normalizedEmail_0='?' (Size = 50)], CommandType='Text', CommandTimeout='30']
      SELECT "a"."Id", "a"."AccessFailedCount", "a"."Bio", "a"."ConcurrencyStamp", "a"."CoverImageUrl", "a"."CreatedAt", "a"."CreatorTier", "a"."DisplayName", "a"."Email", "a"."EmailConfirmed", "a"."LockoutEnabled", "a"."LockoutEnd", "a"."NormalizedEmail", "a"."NormalizedUserName", "a"."PasswordHash", "a"."PasswordResetCode", "a"."PasswordResetCodeExpiry", "a"."PhoneNumber", "a"."PhoneNumberConfirmed", "a"."Plan", "a"."ProfileImageUrl", "a"."Role", "a"."SecurityStamp", "a"."Status", "a"."StripeAccountId", "a"."SubscriptionEndDate", "a"."SubscriptionStatus", "a"."Tier", "a"."TwoFactorEnabled", "a"."UploadCount", "a"."UserName", "a"."VerifiedCreator", "a"."WalletBalanceCents"
      FROM "AspNetUsers" AS "a"
      WHERE "a"."NormalizedEmail" = @__normalizedEmail_0
      LIMIT 2
info: Cambrian.Api.Middleware.RequestLoggingMiddleware[0]
      HTTP PUT /creator-profile/me  401 in 0ms [rid:19b4fd929436 uid:anon]
[xUnit.net 00:00:02.64]     Cambrian.Api.Tests.StorefrontTests.Storefront_ReturnsFullShape [FAIL]
[xUnit.net 00:00:02.64]       System.Net.Http.HttpRequestException : Response status code does not indicate success: 401 (Unauthorized).
[xUnit.net 00:00:02.64]       Stack Trace:
[xUnit.net 00:00:02.64]            at System.Net.Http.HttpResponseMessage.EnsureSuccessStatusCode()
[xUnit.net 00:00:02.64]         C:\Users\logan\cambrian-push-temp\tests\Cambrian.Api.Tests\StorefrontTests.cs(66,0): at Cambrian.Api.Tests.StorefrontTests.Storefront_ReturnsFullShape()
[xUnit.net 00:00:02.64]         --- End of stack trace from previous location ---
info: Microsoft.EntityFrameworkCore.Database.Command[20101]
      Executed DbCommand (0ms) [Parameters=[@__name_0='?' (Size = 18)], CommandType='Text', CommandTimeout='30']
      SELECT "f"."Id", "f"."CreatedAt", "f"."Enabled", "f"."Name", "f"."RolloutPercentage", "f"."UpdatedAt"
      FROM "FeatureFlags" AS "f"
      WHERE "f"."Name" = @__name_0
      LIMIT 1
info: Cambrian.Api.Controllers.AuthController[0]
      EVENT: RegisterStarted
info: Microsoft.EntityFrameworkCore.Database.Command[20101]
      Executed DbCommand (0ms) [Parameters=[@__normalizedUserName_0='?' (Size = 49)], CommandType='Text', CommandTimeout='30']
      SELECT "a"."Id", "a"."AccessFailedCount", "a"."Bio", "a"."ConcurrencyStamp", "a"."CoverImageUrl", "a"."CreatedAt", "a"."CreatorTier", "a"."DisplayName", "a"."Email", "a"."EmailConfirmed", "a"."LockoutEnabled", "a"."LockoutEnd", "a"."NormalizedEmail", "a"."NormalizedUserName", "a"."PasswordHash", "a"."PasswordResetCode", "a"."PasswordResetCodeExpiry", "a"."PhoneNumber", "a"."PhoneNumberConfirmed", "a"."Plan", "a"."ProfileImageUrl", "a"."Role", "a"."SecurityStamp", "a"."Status", "a"."StripeAccountId", "a"."SubscriptionEndDate", "a"."SubscriptionStatus", "a"."Tier", "a"."TwoFactorEnabled", "a"."UploadCount", "a"."UserName", "a"."VerifiedCreator", "a"."WalletBalanceCents"
      FROM "AspNetUsers" AS "a"
      WHERE "a"."NormalizedUserName" = @__normalizedUserName_0
      LIMIT 1
info: Microsoft.EntityFrameworkCore.Database.Command[20101]
      Executed DbCommand (0ms) [Parameters=[@__normalizedEmail_0='?' (Size = 49)], CommandType='Text', CommandTimeout='30']
      SELECT "a"."Id", "a"."AccessFailedCount", "a"."Bio", "a"."ConcurrencyStamp", "a"."CoverImageUrl", "a"."CreatedAt", "a"."CreatorTier", "a"."DisplayName", "a"."Email", "a"."EmailConfirmed", "a"."LockoutEnabled", "a"."LockoutEnd", "a"."NormalizedEmail", "a"."NormalizedUserName", "a"."PasswordHash", "a"."PasswordResetCode", "a"."PasswordResetCodeExpiry", "a"."PhoneNumber", "a"."PhoneNumberConfirmed", "a"."Plan", "a"."ProfileImageUrl", "a"."Role", "a"."SecurityStamp", "a"."Status", "a"."StripeAccountId", "a"."SubscriptionEndDate", "a"."SubscriptionStatus", "a"."Tier", "a"."TwoFactorEnabled", "a"."UploadCount", "a"."UserName", "a"."VerifiedCreator", "a"."WalletBalanceCents"
      FROM "AspNetUsers" AS "a"
      WHERE "a"."NormalizedEmail" = @__normalizedEmail_0
      LIMIT 2
info: Microsoft.EntityFrameworkCore.Database.Command[20101]
      Executed DbCommand (0ms) [Parameters=[@p0='?' (Size = 36), @p1='?' (DbType = Int32), @p2='?', @p3='?' (Size = 36), @p4='?', @p5='?' (DbType = DateTime), @p6='?' (DbType = Int32), @p7='?' (Size = 8), @p8='?' (Size = 49), @p9='?' (DbType = Boolean), @p10='?' (DbType = Boolean), @p11='?' (DbType = DateTimeOffset), @p12='?' (Size = 49), @p13='?' (Size = 49), @p14='?' (Size = 84), @p15='?', @p16='?' (DbType = DateTime), @p17='?', @p18='?' (DbType = Boolean), @p19='?', @p20='?', @p21='?' (Size = 4), @p22='?' (Size = 32), @p23='?' (Size = 6), @p24='?', @p25='?' (DbType = DateTime), @p26='?' (Size = 8), @p27='?' (Size = 4), @p28='?' (DbType = Boolean), @p29='?' (DbType = Int32), @p30='?' (Size = 49), @p31='?' (DbType = Boolean), @p32='?' (DbType = Int64)], CommandType='Text', CommandTimeout='30']
      INSERT INTO "AspNetUsers" ("Id", "AccessFailedCount", "Bio", "ConcurrencyStamp", "CoverImageUrl", "CreatedAt", "CreatorTier", "DisplayName", "Email", "EmailConfirmed", "LockoutEnabled", "LockoutEnd", "NormalizedEmail", "NormalizedUserName", "PasswordHash", "PasswordResetCode", "PasswordResetCodeExpiry", "PhoneNumber", "PhoneNumberConfirmed", "Plan", "ProfileImageUrl", "Role", "SecurityStamp", "Status", "StripeAccountId", "SubscriptionEndDate", "SubscriptionStatus", "Tier", "TwoFactorEnabled", "UploadCount", "UserName", "VerifiedCreator", "WalletBalanceCents")
      VALUES (@p0, @p1, @p2, @p3, @p4, @p5, @p6, @p7, @p8, @p9, @p10, @p11, @p12, @p13, @p14, @p15, @p16, @p17, @p18, @p19, @p20, @p21, @p22, @p23, @p24, @p25, @p26, @p27, @p28, @p29, @p30, @p31, @p32);
info: Cambrian.Api.Controllers.AuthController[0]
      EVENT: RegisterCompleted userId:377faf32-67e7-4658-a762-45bc27ad87a7 tier:free
info: Cambrian.Api.Middleware.RequestLoggingMiddleware[0]
      HTTP POST /auth/register  201 in 43ms [rid:1c09112ec84c uid:anon]
info: Microsoft.EntityFrameworkCore.Database.Command[20101]
      Executed DbCommand (0ms) [Parameters=[@__email_0='?' (Size = 49)], CommandType='Text', CommandTimeout='30']
      SELECT "a"."Id", "a"."AccessFailedCount", "a"."Bio", "a"."ConcurrencyStamp", "a"."CoverImageUrl", "a"."CreatedAt", "a"."CreatorTier", "a"."DisplayName", "a"."Email", "a"."EmailConfirmed", "a"."LockoutEnabled", "a"."LockoutEnd", "a"."NormalizedEmail", "a"."NormalizedUserName", "a"."PasswordHash", "a"."PasswordResetCode", "a"."PasswordResetCodeExpiry", "a"."PhoneNumber", "a"."PhoneNumberConfirmed", "a"."Plan", "a"."ProfileImageUrl", "a"."Role", "a"."SecurityStamp", "a"."Status", "a"."StripeAccountId", "a"."SubscriptionEndDate", "a"."SubscriptionStatus", "a"."Tier", "a"."TwoFactorEnabled", "a"."UploadCount", "a"."UserName", "a"."VerifiedCreator", "a"."WalletBalanceCents"
      FROM "AspNetUsers" AS "a"
      WHERE "a"."Email" = @__email_0
      LIMIT 1
info: Microsoft.EntityFrameworkCore.Database.Command[20101]
      Executed DbCommand (0ms) [Parameters=[@p2='?' (Size = 36), @p3='?' (Size = 36), @p0='?' (Size = 7), @p1='?' (Size = 7)], CommandType='Text', CommandTimeout='30']
      UPDATE "AspNetUsers" SET "Role" = @p0, "Tier" = @p1
      WHERE "Id" = @p2 AND "ConcurrencyStamp" = @p3
      RETURNING 1;
info: Cambrian.Api.Controllers.AuthController[0]
      EVENT: LoginStarted
info: Microsoft.EntityFrameworkCore.Database.Command[20101]
      Executed DbCommand (0ms) [Parameters=[@__normalizedEmail_0='?' (Size = 49)], CommandType='Text', CommandTimeout='30']
      SELECT "a"."Id", "a"."AccessFailedCount", "a"."Bio", "a"."ConcurrencyStamp", "a"."CoverImageUrl", "a"."CreatedAt", "a"."CreatorTier", "a"."DisplayName", "a"."Email", "a"."EmailConfirmed", "a"."LockoutEnabled", "a"."LockoutEnd", "a"."NormalizedEmail", "a"."NormalizedUserName", "a"."PasswordHash", "a"."PasswordResetCode", "a"."PasswordResetCodeExpiry", "a"."PhoneNumber", "a"."PhoneNumberConfirmed", "a"."Plan", "a"."ProfileImageUrl", "a"."Role", "a"."SecurityStamp", "a"."Status", "a"."StripeAccountId", "a"."SubscriptionEndDate", "a"."SubscriptionStatus", "a"."Tier", "a"."TwoFactorEnabled", "a"."UploadCount", "a"."UserName", "a"."VerifiedCreator", "a"."WalletBalanceCents"
      FROM "AspNetUsers" AS "a"
      WHERE "a"."NormalizedEmail" = @__normalizedEmail_0
      LIMIT 2
info: Microsoft.EntityFrameworkCore.Database.Command[20101]
      Executed DbCommand (0ms) [Parameters=[@__userId_0='?' (Size = 36)], CommandType='Text', CommandTimeout='30']
      SELECT "s"."Id", "s"."ExpiresAt", "s"."Plan", "s"."StartedAt", "s"."Status", "s"."UserId"
      FROM "Subscriptions" AS "s"
      WHERE "s"."UserId" = @__userId_0 AND "s"."Status" = 'active'
      ORDER BY "s"."StartedAt" DESC
      LIMIT 1
info: Cambrian.Api.Controllers.AuthController[0]
      EVENT: LoginCompleted userId:377faf32-67e7-4658-a762-45bc27ad87a7 tier:free
info: Cambrian.Api.Middleware.RequestLoggingMiddleware[0]
      HTTP POST /auth/login  200 in 40ms [rid:69cd08224aba uid:anon]
info: Cambrian.Api.Middleware.RequestLoggingMiddleware[0]
      HTTP PUT /creator-profile/me  401 in 0ms [rid:2a0ed611f3d0 uid:anon]
[xUnit.net 00:00:02.73]     Cambrian.Api.Tests.StorefrontTests.Storefront_IncludesCollections [FAIL]
[xUnit.net 00:00:02.73]       System.Net.Http.HttpRequestException : Response status code does not indicate success: 401 (Unauthorized).
[xUnit.net 00:00:02.73]       Stack Trace:
[xUnit.net 00:00:02.73]            at System.Net.Http.HttpResponseMessage.EnsureSuccessStatusCode()
[xUnit.net 00:00:02.73]         C:\Users\logan\cambrian-push-temp\tests\Cambrian.Api.Tests\StorefrontTests.cs(318,0): at Cambrian.Api.Tests.StorefrontTests.Storefront_IncludesCollections()
[xUnit.net 00:00:02.73]         --- End of stack trace from previous location ---
[xUnit.net 00:00:02.73]   Finished:    Cambrian.Api.Tests
  Failed Cambrian.Api.Tests.StorefrontTests.Storefront_PinnedTracks_FallsBackToMostRecent5 [90 ms]
  Error Message:
   System.Net.Http.HttpRequestException : Response status code does not indicate success: 401 (Unauthorized).
  Stack Trace:
     at System.Net.Http.HttpResponseMessage.EnsureSuccessStatusCode()
   at Cambrian.Api.Tests.StorefrontTests.Storefront_PinnedTracks_FallsBackToMostRecent5() in C:\Users\logan\cambrian-push-temp\tests\Cambrian.Api.Tests\StorefrontTests.cs:line 201
--- End of stack trace from previous location ---
  Failed Cambrian.Api.Tests.StorefrontTests.Storefront_PinnedTracks_RespectsCreatorOrder [92 ms]
  Error Message:
   System.Net.Http.HttpRequestException : Response status code does not indicate success: 401 (Unauthorized).
  Stack Trace:
     at System.Net.Http.HttpResponseMessage.EnsureSuccessStatusCode()
   at Cambrian.Api.Tests.StorefrontTests.Storefront_PinnedTracks_RespectsCreatorOrder() in C:\Users\logan\cambrian-push-temp\tests\Cambrian.Api.Tests\StorefrontTests.cs:line 228
--- End of stack trace from previous location ---
  Passed Cambrian.Api.Tests.StorefrontTests.Storefront_NonExistentSlug_Returns404 [9 ms]
  Failed Cambrian.Api.Tests.StorefrontTests.Storefront_ReturnsFullShape [97 ms]
  Error Message:
   System.Net.Http.HttpRequestException : Response status code does not indicate success: 401 (Unauthorized).
  Stack Trace:
     at System.Net.Http.HttpResponseMessage.EnsureSuccessStatusCode()
   at Cambrian.Api.Tests.StorefrontTests.Storefront_ReturnsFullShape() in C:\Users\logan\cambrian-push-temp\tests\Cambrian.Api.Tests\StorefrontTests.cs:line 66
--- End of stack trace from previous location ---
  Failed Cambrian.Api.Tests.StorefrontTests.Storefront_IncludesCollections [88 ms]
  Error Message:
   System.Net.Http.HttpRequestException : Response status code does not indicate success: 401 (Unauthorized).
  Stack Trace:
     at System.Net.Http.HttpResponseMessage.EnsureSuccessStatusCode()
   at Cambrian.Api.Tests.StorefrontTests.Storefront_IncludesCollections() in C:\Users\logan\cambrian-push-temp\tests\Cambrian.Api.Tests\StorefrontTests.cs:line 318
--- End of stack trace from previous location ---

Test Run Failed.
Total tests: 301
     Passed: 276
     Failed: 25
 Total time: 3.0582 Seconds
     1>Project "C:\Users\logan\cambrian-push-temp\tests\Cambrian.Api.Tests\Cambrian.Api.Tests.csproj" on node 1 (VSTest target(s)).
     1>_VSTestConsole:
         MSB4181: The "VSTestTask" task returned false but did not log an error.
     1>Done Building Project "C:\Users\logan\cambrian-push-temp\tests\Cambrian.Api.Tests\Cambrian.Api.Tests.csproj" (VSTest target(s)) -- FAILED.

Build FAILED.
    0 Warning(s)
    0 Error(s)

Time Elapsed 00:00:03.48
